03-27 20:23:12.632 11663 11714 I TestRunner: started: loginScreen_hasTaglineText(com.smartfit.app.NavigationUITest)
03-27 20:23:12.635 11691 11691 I ffkm    : (REDACTED) Scoped context discovery schemas: %s.
03-27 20:23:12.678 24402 28414 D KeyguardService: setOccluded(false)
03-27 20:23:12.678 24402 28414 D KeyguardViewMediator: setOccluded(false)
03-27 20:23:12.682   942   942 I Layer   : fillInputInfo layer:com.whatsapp/com.whatsapp.calling.ui.VoipActivityV2#28114, visible=0 (hasInputInfo:1, isHidden:1, alpha:1.000000, parent:f1216e2 com.whatsapp/com.whatsapp.calling.ui.VoipActivityV2#28113,parenthidden:1, parentalpha:1.000000, mBuffer:1, mSidebandStream:0,hasSomethingToDraw:1, hasEffect:0, fillsColor:0, drawShadows:0, hasBlur:0)
03-27 20:23:12.682   942   942 I Layer   : fillInputInfo layer:858bca6 ActivityRecordInputSink com.whatsapp/.calling.ui.VoipActivityV2#28119, visible=0 (hasInputInfo:1, isHidden:1, alpha:1.000000, parent:ActivityRecord{5a716e7 u0 com.whatsapp/.calling.ui.VoipActivityV2#28112,parenthidden:1, parentalpha:1.000000, mBuffer:0, mSidebandStream:0,hasSomethingToDraw:0, hasEffect:0, fillsColor:0, drawShadows:0, hasBlur:0)
03-27 20:23:12.682   942   942 W Layer   : Hide layer Input Consumer recents_animation_input_consumer#15340 because zOrderRelativeOf = ActivityRecord{3768a16 u0 com.google.android.gm/.ConversationListActivityGmail#27062 is hide.
03-27 20:23:12.682   942   942 W Layer   : Hide layer Input Consumer recents_animation_input_consumer#15340 because zOrderRelativeOf = ActivityRecord{3768a16 u0 com.google.android.gm/.ConversationListActivityGmail#27062 is hide.
03-27 20:23:12.683 31984 11596 D audio_hw_primary: adev_create_audio_patch: enter: num sources(1) num_sinks(1) patch handle(30)
03-27 20:23:12.683   911  1023 D mali_gralloc: unregister: id=38e0001178f, handle=0xb4000071bb4b7950, base=0x0, importpid=911, count:0
03-27 20:23:12.683 31984 11596 D audio_hw_primary: adev_create_audio_patch: Playback patch from mix handle(13) to device(0x1)
03-27 20:23:12.683   911  1023 D mali_gralloc: unregister: id=38e0001178d, handle=0xb4000071bb4b6f30, base=0x0, importpid=911, count:0
03-27 20:23:12.683   911  1023 D mali_gralloc: unregister: id=38e0001178e, handle=0xb4000071bb4b61b0, base=0x0, importpid=911, count:0
03-27 20:23:12.683   911  1023 D mali_gralloc: unregister: id=38e00011789, handle=0xb4000071bb4b7dd0, base=0x0, importpid=911, count:0
03-27 20:23:12.684  1331  4265 D InputDispatcher: setInputWindows displayId=0 cf1652a NavigationBar0 5465496 StatusBar f1216e2 com.whatsapp/com.whatsapp.calling.ui.VoipActivityV2 858bca6 ActivityRecordInputSink com.whatsapp/.calling.ui.VoipActivityV2 2dc92c3 com.whatsapp/com.whatsapp.Conversation 3cac54b ActivityRecordInputSink com.whatsapp/.Conversation cfc9a62 ActivityRecordInputSink com.whatsapp/.home.ui.HomeActivity 75522f8 ActivityRecordInputSink com.android.chrome/org.chromium.chrome.browser.ChromeTabbedActivity recents_animation_input_consumer 8e45331 ActivityRecordInputSink com.google.android.gm/.ui.MailActivityGmail Dim layer#11752 Dim layer#11751 19faf04 com.android.launcher3/com.android.searchlauncher.SearchLauncher b6305f1 ActivityRecordInputSink com.android.launcher3/com.android.searchlauncher.SearchLauncher Wallpaper BBQ wrapper#11766 40061be com.android.systemui.wallpapers.ImageWallpaper
03-27 20:23:12.688 31983 32171 I APM_AudioPolicyManager: getNewOutputDevices selected devices AUDIO_DEVICE_NONE
03-27 20:23:12.688 31983 32171 I APM_AudioPolicyManager: setOutputDevices device AUDIO_DEVICE_NONE delayMs 260
03-27 20:23:12.689 31983 32171 I APM_AudioPolicyManager: setOutputDevices changing device to AUDIO_DEVICE_NONE
03-27 20:23:12.690 31983 32171 I AudioPolicyManagerCustomBase: stopOutputSetEnd portId 1464
03-27 20:23:12.690 31983 32171 I AudioPolicyManagerCustomBase: stopOutputSetEnd out portId 1464
03-27 20:23:12.693   942   942 W Layer   : Hide layer Input Consumer recents_animation_input_consumer#15340 because zOrderRelativeOf = ActivityRecord{3768a16 u0 com.google.android.gm/.ConversationListActivityGmail#27062 is hide.
03-27 20:23:12.693   942   942 W Layer   : Hide layer Input Consumer recents_animation_input_consumer#15340 because zOrderRelativeOf = ActivityRecord{3768a16 u0 com.google.android.gm/.ConversationListActivityGmail#27062 is hide.
03-27 20:23:12.694  1331  3454 D InputDispatcher: setInputWindows displayId=0 cf1652a NavigationBar0 5465496 StatusBar f1216e2 com.whatsapp/com.whatsapp.calling.ui.VoipActivityV2 858bca6 ActivityRecordInputSink com.whatsapp/.calling.ui.VoipActivityV2 2dc92c3 com.whatsapp/com.whatsapp.Conversation 3cac54b ActivityRecordInputSink com.whatsapp/.Conversation cfc9a62 ActivityRecordInputSink com.whatsapp/.home.ui.HomeActivity 75522f8 ActivityRecordInputSink com.android.chrome/org.chromium.chrome.browser.ChromeTabbedActivity recents_animation_input_consumer 8e45331 ActivityRecordInputSink com.google.android.gm/.ui.MailActivityGmail Dim layer#11752 Dim layer#11751 19faf04 com.android.launcher3/com.android.searchlauncher.SearchLauncher b6305f1 ActivityRecordInputSink com.android.launcher3/com.android.searchlauncher.SearchLauncher Wallpaper BBQ wrapper#11766 40061be com.android.systemui.wallpapers.ImageWallpaper
03-27 20:23:12.702 24402 24402 D KeyguardViewMediator: handleSetOccluded(false)
03-27 20:23:12.703 31983 31983 W AidlConversionCppNdk: legacy2aidl_audio_channel_mask_t_AudioChannelLayout: no AudioChannelLayout found for legacy output audio_channel_mask_t value 0x10
03-27 20:23:12.708 18492 18771 W AidlConversionCppNdk: aidl2legacy_AudioChannelLayout_audio_channel_mask_t: no legacy output audio_channel_mask_t found for AudioChannelLayout{layoutMask: 16}
03-27 20:23:12.716  1331  4265 D AS.AudioService: Volume controller visible: false
03-27 20:23:12.720 31983  5583 I APM_AudioPolicyManager: getNewOutputDevices selected devices {AUDIO_DEVICE_OUT_EARPIECE, @:}
03-27 20:23:12.720 31983  5583 I APM_AudioPolicyManager: setOutputDevices device {AUDIO_DEVICE_OUT_EARPIECE, @:} delayMs 0
03-27 20:23:12.721 31983  5583 I APM_AudioPolicyManager: setOutputDevices changing device to {AUDIO_DEVICE_OUT_EARPIECE, @:}
03-27 20:23:12.722  1331  1533 D DeviceIdleControllerEx: packageName: com.whatsapp uid: 10214 is in preset white app list
03-27 20:23:12.722  1331  1533 D DeviceIdleControllerEx: packageName: com.whatsapp uid: 10214 is in preset white app list
03-27 20:23:12.734 11691 11691 I btyr    : (REDACTED) Dismissing old window %s
03-27 20:23:12.737   942   942 W Layer   : Hide layer Input Consumer recents_animation_input_consumer#15340 because zOrderRelativeOf = ActivityRecord{3768a16 u0 com.google.android.gm/.ConversationListActivityGmail#27062 is hide.
03-27 20:23:12.737   942   942 W Layer   : Hide layer Input Consumer recents_animation_input_consumer#15340 because zOrderRelativeOf = ActivityRecord{3768a16 u0 com.google.android.gm/.ConversationListActivityGmail#27062 is hide.
03-27 20:23:12.740 11691 11691 I btyz    : (REDACTED) onDestroy: isRecreating: %s
03-27 20:23:12.742  1331  3653 D InputDispatcher: setInputWindows displayId=0 cf1652a NavigationBar0 5465496 StatusBar f1216e2 com.whatsapp/com.whatsapp.calling.ui.VoipActivityV2 858bca6 ActivityRecordInputSink com.whatsapp/.calling.ui.VoipActivityV2 2dc92c3 com.whatsapp/com.whatsapp.Conversation 3cac54b ActivityRecordInputSink com.whatsapp/.Conversation cfc9a62 ActivityRecordInputSink com.whatsapp/.home.ui.HomeActivity 75522f8 ActivityRecordInputSink com.android.chrome/org.chromium.chrome.browser.ChromeTabbedActivity recents_animation_input_consumer 8e45331 ActivityRecordInputSink com.google.android.gm/.ui.MailActivityGmail Dim layer#11752 Dim layer#11751 19faf04 com.android.launcher3/com.android.searchlauncher.SearchLauncher b6305f1 ActivityRecordInputSink com.android.launcher3/com.android.searchlauncher.SearchLauncher Wallpaper BBQ wrapper#11766 40061be com.android.systemui.wallpapers.ImageWallpaper
03-27 20:23:12.742 30322 30322 D SensorManager: unregisterListenerImpl sensor = null, listener = android.view.OrientationEventListener$SensorEventListenerImpl@e550b4e
03-27 20:23:12.744   915   915 D SensorHub: SPRD[780]batch::handle[1], flags[0], period_ns[200000000], timeout[2000000000]
03-27 20:23:12.762   895   895 D Zygote  : Forked child process 11732
03-27 20:23:12.765 31984 31984 D audio_hw_primary: adev_create_audio_patch: enter: num sources(1) num_sinks(1) patch handle(30)
03-27 20:23:12.765 31984 31984 D audio_hw_primary: adev_create_audio_patch: Playback patch from mix handle(13) to device(0x1)
03-27 20:23:12.773 31983  5583 I APM_AudioPolicyManager: getNewOutputDevices selected devices AUDIO_DEVICE_NONE
03-27 20:23:12.773 31983  5583 I APM_AudioPolicyManager: setOutputDevices device AUDIO_DEVICE_NONE delayMs 0
03-27 20:23:12.774 31983  5583 I APM_AudioPolicyManager: setOutputDevices changing device to AUDIO_DEVICE_NONE
03-27 20:23:12.775 31983  5583 I APM_AudioPolicyManager: getNewOutputDevices selected devices AUDIO_DEVICE_NONE
03-27 20:23:12.775 31983  5583 I APM_AudioPolicyManager: setOutputDevices device AUDIO_DEVICE_NONE delayMs 0
03-27 20:23:12.776 31983  5583 I APM_AudioPolicyManager: getNewOutputDevices selected devices AUDIO_DEVICE_NONE
03-27 20:23:12.776 31983  5583 I APM_AudioPolicyManager: setOutputDevices device AUDIO_DEVICE_NONE delayMs 0
03-27 20:23:12.778  1331  1553 V AS.AudioDeviceBroker: requestedCommunicationDevice: null mAudioModeOwner: AudioModeInfo: mMode=MODE_IN_COMMUNICATION, mPid=30322, mUid=10214
03-27 20:23:12.786 31983 32360 W AidlConversionCppNdk: legacy2aidl_audio_channel_mask_t_AudioChannelLayout: no AudioChannelLayout found for legacy output audio_channel_mask_t value 0x10
03-27 20:23:12.787 31983 11803 W AidlConversionCppNdk: legacy2aidl_audio_channel_mask_t_AudioChannelLayout: no AudioChannelLayout found for legacy output audio_channel_mask_t value 0x10
03-27 20:23:12.787 20339 20484 W AidlConversionCppNdk: aidl2legacy_AudioChannelLayout_audio_channel_mask_t: no legacy output audio_channel_mask_t found for AudioChannelLayout{layoutMask: 16}
03-27 20:23:12.788  1331  1554 W AidlConversionCppNdk: aidl2legacy_AudioChannelLayout_audio_channel_mask_t: no legacy output audio_channel_mask_t found for AudioChannelLayout{layoutMask: 16}
03-27 20:23:12.792 30322 30322 W WindowOnBackDispatcher: sendCancelIfRunning: isInProgress=falsecallback=android.view.ViewRootImpl$$ExternalSyntheticLambda17@bd07a3b
03-27 20:23:12.793 11691 11691 I btyr    : (REDACTED) Created new binder managed window %s
03-27 20:23:12.794 11691 11691 I btyr    : (REDACTED) WindowRefsActive: %d, TouchableWindowRefsActive: %b
03-27 20:23:12.794 11691 11691 I btyz    : (REDACTED) MinusoneConfigDbg windowAttached config=%s
03-27 20:23:12.794 11691 11691 I btyz    : (REDACTED) windowAttached start logFlowId=%s, configuration=%s, acetoneState=%s, overlayWindow=%s, fragmentHost=%s, binderManagedWindow=%s, params=%s
03-27 20:23:12.796 11732 11732 I ocess.gservices: Using CollectorTypeCMC GC.
03-27 20:23:12.799 31983 31983 W AidlConversionCppNdk: legacy2aidl_audio_channel_mask_t_AudioChannelLayout: no AudioChannelLayout found for legacy output audio_channel_mask_t value 0x10
03-27 20:23:12.801 18492 18771 W AidlConversionCppNdk: aidl2legacy_AudioChannelLayout_audio_channel_mask_t: no legacy output audio_channel_mask_t found for AudioChannelLayout{layoutMask: 16}
03-27 20:23:12.800 30322 30478 D mali_gralloc: unregister: id=38e00011789, handle=0xb400007e6c0651b0, base=0x0, importpid=30322, count:0
03-27 20:23:12.801 30322 30478 D mali_gralloc: unregister: id=38e0001178e, handle=0xb400007e6bfdcc50, base=0x0, importpid=30322, count:0
03-27 20:23:12.802 30322 30478 D mali_gralloc: unregister: id=38e0001178f, handle=0xb400007e6c0757d0, base=0x0, importpid=30322, count:0
03-27 20:23:12.802   942  1001 D mali_gralloc: unregister: id=38e00011789, handle=0xb400007bafd17e50, base=0x0, importpid=942, count:0
03-27 20:23:12.803 30322 30478 D mali_gralloc: unregister: id=38e0001178d, handle=0xb400007e6c0098f0, base=0x0, importpid=30322, count:0
03-27 20:23:12.805   942  1001 D mali_gralloc: unregister: id=38e0001178e, handle=0xb400007bafd317d0, base=0x0, importpid=942, count:0
03-27 20:23:12.807  1331  3653 W InputManager-JNI: Input channel object 'f1216e2 com.whatsapp/com.whatsapp.calling.ui.VoipActivityV2 (client)' was disposed without first being removed with the input manager!
03-27 20:23:12.809 11691 11691 I btyz    : (REDACTED) onDestroy: isRecreating: %s
03-27 20:23:12.810 11691 11691 I btyz    : (REDACTED) initWindow for %s with token %s
03-27 20:23:12.811 11691 11691 W WindowOnBackDispatcher: OnBackInvokedCallback is not enabled for the application.
03-27 20:23:12.811 11691 11691 W WindowOnBackDispatcher: Set 'android:enableOnBackInvokedCallback="true"' in the application manifest.
03-27 20:23:12.815   942   942 W Layer   : Hide layer Input Consumer recents_animation_input_consumer#15340 because zOrderRelativeOf = ActivityRecord{3768a16 u0 com.google.android.gm/.ConversationListActivityGmail#27062 is hide.
03-27 20:23:12.815   942   942 W Layer   : Hide layer Input Consumer recents_animation_input_consumer#15340 because zOrderRelativeOf = ActivityRecord{3768a16 u0 com.google.android.gm/.ConversationListActivityGmail#27062 is hide.
03-27 20:23:12.819 31983 32064 W AidlConversionCppNdk: legacy2aidl_audio_channel_mask_t_AudioChannelLayout: no AudioChannelLayout found for legacy output audio_channel_mask_t value 0x10
03-27 20:23:12.819 11732 11732 D nativeloader: Load libframework-connectivity-tiramisu-jni.so using APEX ns com_android_tethering for caller /apex/com.android.tethering/javalib/framework-connectivity-t.jar: ok
03-27 20:23:12.820  1331  1855 D InputDispatcher: setInputWindows displayId=0 cf1652a NavigationBar0 5465496 StatusBar 858bca6 ActivityRecordInputSink com.whatsapp/.calling.ui.VoipActivityV2 2dc92c3 com.whatsapp/com.whatsapp.Conversation 3cac54b ActivityRecordInputSink com.whatsapp/.Conversation cfc9a62 ActivityRecordInputSink com.whatsapp/.home.ui.HomeActivity 75522f8 ActivityRecordInputSink com.android.chrome/org.chromium.chrome.browser.ChromeTabbedActivity recents_animation_input_consumer 8e45331 ActivityRecordInputSink com.google.android.gm/.ui.MailActivityGmail Dim layer#11752 Dim layer#11751 19faf04 com.android.launcher3/com.android.searchlauncher.SearchLauncher b6305f1 ActivityRecordInputSink com.android.launcher3/com.android.searchlauncher.SearchLauncher Wallpaper BBQ wrapper#11766 40061be com.android.systemui.wallpapers.ImageWallpaper
03-27 20:23:12.820  1331  1855 D InputDispatcher: Window went away: f1216e2 com.whatsapp/com.whatsapp.calling.ui.VoipActivityV2
03-27 20:23:12.821  1331  1554 W AidlConversionCppNdk: aidl2legacy_AudioChannelLayout_audio_channel_mask_t: no legacy output audio_channel_mask_t found for AudioChannelLayout{layoutMask: 16}
03-27 20:23:12.825 31983 32064 W AidlConversionCppNdk: legacy2aidl_audio_channel_mask_t_AudioChannelLayout: no AudioChannelLayout found for legacy output audio_channel_mask_t value 0x10
03-27 20:23:12.827 18492 18771 W AidlConversionCppNdk: aidl2legacy_AudioChannelLayout_audio_channel_mask_t: no legacy output audio_channel_mask_t found for AudioChannelLayout{layoutMask: 16}
03-27 20:23:12.827   942  1001 D mali_gralloc: unregister: id=38e0001178f, handle=0xb400007bafd2d0f0, base=0x0, importpid=942, count:0
03-27 20:23:12.828   942   942 W Layer   : Hide layer Input Consumer recents_animation_input_consumer#15340 because zOrderRelativeOf = ActivityRecord{3768a16 u0 com.google.android.gm/.ConversationListActivityGmail#27062 is hide.
03-27 20:23:12.828   942   942 W Layer   : Hide layer Input Consumer recents_animation_input_consumer#15340 because zOrderRelativeOf = ActivityRecord{3768a16 u0 com.google.android.gm/.ConversationListActivityGmail#27062 is hide.
03-27 20:23:12.827 30322 30322 D InputEventReceiver: channel 'f1216e2 com.whatsapp/com.whatsapp.calling.ui.VoipActivityV2 (client)' ~ Disposing input event receiver.
03-27 20:23:12.831  1331  1697 D InputDispatcher: setInputWindows displayId=0 cf1652a NavigationBar0 5465496 StatusBar 858bca6 ActivityRecordInputSink com.whatsapp/.calling.ui.VoipActivityV2 2dc92c3 com.whatsapp/com.whatsapp.Conversation 3cac54b ActivityRecordInputSink com.whatsapp/.Conversation cfc9a62 ActivityRecordInputSink com.whatsapp/.home.ui.HomeActivity 75522f8 ActivityRecordInputSink com.android.chrome/org.chromium.chrome.browser.ChromeTabbedActivity recents_animation_input_consumer 8e45331 ActivityRecordInputSink com.google.android.gm/.ui.MailActivityGmail Dim layer#11752 Dim layer#11751 19faf04 com.android.launcher3/com.android.searchlauncher.SearchLauncher b6305f1 ActivityRecordInputSink com.android.launcher3/com.android.searchlauncher.SearchLauncher Wallpaper BBQ wrapper#11766 40061be com.android.systemui.wallpapers.ImageWallpaper
03-27 20:23:12.832 31983 31983 W AidlConversionCppNdk: legacy2aidl_audio_channel_mask_t_AudioChannelLayout: no AudioChannelLayout found for legacy output audio_channel_mask_t value 0x10
03-27 20:23:12.834 11691 11691 D CompatibilityChangeReporter: Compat change id reported: 210923482; UID 10142; state: ENABLED
03-27 20:23:12.836 20339 20484 W AidlConversionCppNdk: aidl2legacy_AudioChannelLayout_audio_channel_mask_t: no legacy output audio_channel_mask_t found for AudioChannelLayout{layoutMask: 16}
03-27 20:23:12.840 24402 25265 D WallpaperService: Wallpaper opaque is false
03-27 20:23:12.849   942   942 W Layer   : Hide layer Input Consumer recents_animation_input_consumer#15340 because zOrderRelativeOf = ActivityRecord{3768a16 u0 com.google.android.gm/.ConversationListActivityGmail#27062 is hide.
03-27 20:23:12.849   942   942 W Layer   : Hide layer Input Consumer recents_animation_input_consumer#15340 because zOrderRelativeOf = ActivityRecord{3768a16 u0 com.google.android.gm/.ConversationListActivityGmail#27062 is hide.
03-27 20:23:12.850  1331  3653 D InputDispatcher: setInputWindows displayId=0 cf1652a NavigationBar0 5465496 StatusBar 858bca6 ActivityRecordInputSink com.whatsapp/.calling.ui.VoipActivityV2 2dc92c3 com.whatsapp/com.whatsapp.Conversation 3cac54b ActivityRecordInputSink com.whatsapp/.Conversation cfc9a62 ActivityRecordInputSink com.whatsapp/.home.ui.HomeActivity 75522f8 ActivityRecordInputSink com.android.chrome/org.chromium.chrome.browser.ChromeTabbedActivity recents_animation_input_consumer 8e45331 ActivityRecordInputSink com.google.android.gm/.ui.MailActivityGmail Dim layer#11752 Dim layer#11751 19faf04 com.android.launcher3/com.android.searchlauncher.SearchLauncher b6305f1 ActivityRecordInputSink com.android.launcher3/com.android.searchlauncher.SearchLauncher Wallpaper BBQ wrapper#11766 40061be com.android.systemui.wallpapers.ImageWallpaper
03-27 20:23:12.853   942  1001 D mali_gralloc: unregister: id=38e0001178d, handle=0xb400007bafd09f90, base=0x0, importpid=942, count:0
03-27 20:23:12.860   942   942 W Layer   : Hide layer Input Consumer recents_animation_input_consumer#15340 because zOrderRelativeOf = ActivityRecord{3768a16 u0 com.google.android.gm/.ConversationListActivityGmail#27062 is hide.
03-27 20:23:12.860   942   942 W Layer   : Hide layer Input Consumer recents_animation_input_consumer#15340 because zOrderRelativeOf = ActivityRecord{3768a16 u0 com.google.android.gm/.ConversationListActivityGmail#27062 is hide.
03-27 20:23:12.862  1331  4265 D InputDispatcher: setInputWindows displayId=0 cf1652a NavigationBar0 5465496 StatusBar 2dc92c3 com.whatsapp/com.whatsapp.Conversation 3cac54b ActivityRecordInputSink com.whatsapp/.Conversation cfc9a62 ActivityRecordInputSink com.whatsapp/.home.ui.HomeActivity 75522f8 ActivityRecordInputSink com.android.chrome/org.chromium.chrome.browser.ChromeTabbedActivity recents_animation_input_consumer 8e45331 ActivityRecordInputSink com.google.android.gm/.ui.MailActivityGmail Dim layer#11752 Dim layer#11751 19faf04 com.android.launcher3/com.android.searchlauncher.SearchLauncher b6305f1 ActivityRecordInputSink com.android.launcher3/com.android.searchlauncher.SearchLauncher Wallpaper BBQ wrapper#11766 40061be com.android.systemui.wallpapers.ImageWallpaper
03-27 20:23:12.862  1331  4265 D InputDispatcher: Window went away: 858bca6 ActivityRecordInputSink com.whatsapp/.calling.ui.VoipActivityV2
03-27 20:23:12.867 11691 11691 D CompatibilityChangeReporter: Compat change id reported: 237531167; UID 10142; state: DISABLED
03-27 20:23:12.871   942   942 W Layer   : Hide layer Input Consumer recents_animation_input_consumer#15340 because zOrderRelativeOf = ActivityRecord{3768a16 u0 com.google.android.gm/.ConversationListActivityGmail#27062 is hide.
03-27 20:23:12.871   942   942 W Layer   : Hide layer Input Consumer recents_animation_input_consumer#15340 because zOrderRelativeOf = ActivityRecord{3768a16 u0 com.google.android.gm/.ConversationListActivityGmail#27062 is hide.
03-27 20:23:12.877  1331  3454 D InputDispatcher: setInputWindows displayId=0 cf1652a NavigationBar0 5465496 StatusBar 2dc92c3 com.whatsapp/com.whatsapp.Conversation 3cac54b ActivityRecordInputSink com.whatsapp/.Conversation cfc9a62 ActivityRecordInputSink com.whatsapp/.home.ui.HomeActivity 75522f8 ActivityRecordInputSink com.android.chrome/org.chromium.chrome.browser.ChromeTabbedActivity recents_animation_input_consumer 8e45331 ActivityRecordInputSink com.google.android.gm/.ui.MailActivityGmail Dim layer#11752 Dim layer#11751 19faf04 com.android.launcher3/com.android.searchlauncher.SearchLauncher b6305f1 ActivityRecordInputSink com.android.launcher3/com.android.searchlauncher.SearchLauncher Wallpaper BBQ wrapper#11766 40061be com.android.systemui.wallpapers.ImageWallpaper
03-27 20:23:12.878 31983 31983 W AidlConversionCppNdk: legacy2aidl_audio_channel_mask_t_AudioChannelLayout: no AudioChannelLayout found for legacy output audio_channel_mask_t value 0x10
03-27 20:23:12.879 11663 11714 W FileTestStorage: Output properties is not supported.
03-27 20:23:12.880  1331  1554 W AidlConversionCppNdk: aidl2legacy_AudioChannelLayout_audio_channel_mask_t: no legacy output audio_channel_mask_t found for AudioChannelLayout{layoutMask: 16}
03-27 20:23:12.880 11663 11714 I Tracing : Tracer added: class androidx.test.platform.tracing.AndroidXTracer
03-27 20:23:12.882 11732 11732 D CompatibilityChangeReporter: Compat change id reported: 171979766; UID 10137; state: ENABLED
03-27 20:23:12.882 11732 11732 D CompatibilityChangeReporter: Compat change id reported: 242716250; UID 10137; state: ENABLED
03-27 20:23:12.882 11691 11691 W OpenGLRenderer: Unknown dataspace 0
03-27 20:23:12.884 31983 32360 W AidlConversionCppNdk: legacy2aidl_audio_channel_mask_t_AudioChannelLayout: no AudioChannelLayout found for legacy output audio_channel_mask_t value 0x10
03-27 20:23:12.887 20339 20484 W AidlConversionCppNdk: aidl2legacy_AudioChannelLayout_audio_channel_mask_t: no legacy output audio_channel_mask_t found for AudioChannelLayout{layoutMask: 16}
03-27 20:23:12.889 11663 11663 D EventInjectionStrategy: Creating injection strategy with input manager.
03-27 20:23:12.891 31983 31983 W AidlConversionCppNdk: legacy2aidl_audio_channel_mask_t_AudioChannelLayout: no AudioChannelLayout found for legacy output audio_channel_mask_t value 0x10
03-27 20:23:12.893 18492 18771 W AidlConversionCppNdk: aidl2legacy_AudioChannelLayout_audio_channel_mask_t: no legacy output audio_channel_mask_t found for AudioChannelLayout{layoutMask: 16}
03-27 20:23:12.893 11663 11663 I om.smartfit.app: hiddenapi: Accessing hidden method Landroid/hardware/input/InputManager;->getInstance()Landroid/hardware/input/InputManager; (runtime_flags=0, domain=platform, api=unsupported) from Landroidx/test/espresso/base/InputManagerEventInjectionStrategy; (domain=app, TargetSdkVersion=35) using reflection: allowed
03-27 20:23:12.894 11691 11746 D vulkan  : searching for layers in '/data/app/~~Uiurvm4iagpO4qB0A6OPVg==/com.google.android.googlequicksearchbox-Ow3owK8AKGCv83uc-b3blQ==/lib/arm64'
03-27 20:23:12.895 11691 11746 D vulkan  : searching for layers in '/data/app/~~Uiurvm4iagpO4qB0A6OPVg==/com.google.android.googlequicksearchbox-Ow3owK8AKGCv83uc-b3blQ==/base.apk!/lib/arm64-v8a'
03-27 20:23:12.898 11663 11663 I om.smartfit.app: hiddenapi: Accessing hidden method Landroid/hardware/input/InputManager;->injectInputEvent(Landroid/view/InputEvent;I)Z (runtime_flags=0, domain=platform, api=unsupported) from Landroidx/test/espresso/base/InputManagerEventInjectionStrategy; (domain=app, TargetSdkVersion=35) using reflection: allowed
03-27 20:23:12.898 11663 11663 I om.smartfit.app: hiddenapi: Accessing hidden field Landroid/hardware/input/InputManager;->INJECT_INPUT_EVENT_MODE_WAIT_FOR_FINISH:I (runtime_flags=0, domain=platform, api=unsupported) from Landroidx/test/espresso/base/InputManagerEventInjectionStrategy; (domain=app, TargetSdkVersion=35) using reflection: allowed
03-27 20:23:12.899 31984 31984 D audio_hw_primary: adev_set_parameters: enter: kvpairs - sprd_voip_start=false
03-27 20:23:12.902 11732 11732 D nativeloader: Configuring clns-shared-4 for other apk /system/framework/org.apache.http.legacy.jar. target_sdk_version=34, uses_libraries=ALL, library_path=/system_ext/priv-app/GoogleServicesFramework/lib/arm64:/system_ext/priv-app/GoogleServicesFramework/GoogleServicesFramework.apk!/lib/arm64-v8a:/system/lib64:/system_ext/lib64, permitted_path=/data:/mnt/expand:/data/user/0/com.google.android.gsf:/system_ext/priv-app/GoogleServicesFramework:/system/lib64:/system_ext/lib64
03-27 20:23:12.904  1331  1553 V AS.AudioDeviceBroker: requestedCommunicationDevice: null mAudioModeOwner: AudioModeInfo: mMode=MODE_IN_COMMUNICATION, mPid=30322, mUid=10214
03-27 20:23:12.904  1331  4256 V AS.AudioService: setMode(0) removing hldr for pid: 30322
03-27 20:23:12.907  1331  1553 V AS.AudioDeviceBroker: onSetCommunicationDeviceForClient: CommunicationDeviceInfo mCb=android.os.BinderProxy@9cb70e9 mPid=30322 mDevice=[AudioDeviceAttributes: role:output type:bt_sco addr: name: profiles:[] descriptors:[]] mOn=false mScoAudioMode=-1 mEventSource=stopBluetoothSco()) from u/pid:10214/30322 mWaitForStatus=false mStatus=false
03-27 20:23:12.908  1331  4256 I MediaFocusControl: abandonAudioFocus() from uid/pid 10214/30322 clientId=android.media.AudioManager@bbc3097X.A0z@1b8e284
03-27 20:23:12.909  1331  1534 D WifiStaIfaceHidlImpl: getCachedScanData is not implemented by HIDL
03-27 20:23:12.910 31983 32360 D APM_AudioPolicyManager: setForceUse() usage 7, config 0, mPhoneState 3
03-27 20:23:12.911  1331  1331 V AS.AudioDeviceBroker: requestedCommunicationDevice: null mAudioModeOwner: AudioModeInfo: mMode=MODE_IN_COMMUNICATION, mPid=30322, mUid=10214
03-27 20:23:12.911  1331  1556 V AS.AudioService: onUpdateAudioMode() new mode: 0, current mode: 3 requested mode: 0
03-27 20:23:12.912 31984 11596 D audio_hw_primary: adev_set_mode: mode(0) last_mode(3)
03-27 20:23:12.913 31983 32360 I AudioFlinger: A2dp setMode:0
03-27 20:23:12.913 24402 25260 D SarManager: isVoiceCallStreamActive is:0
03-27 20:23:12.913 31983 32360 I APM_AudioPolicyManager: setPhoneState() state 0
03-27 20:23:12.914  1331  3454 V AS.AudioDeviceBroker: requestedCommunicationDevice: null mAudioModeOwner: AudioModeInfo: mMode=MODE_IN_COMMUNICATION, mPid=30322, mUid=10214
03-27 20:23:12.915 24402 25260 D SarManager: isSpeakerphoneOn : false
03-27 20:23:12.916 11663 11663 I om.smartfit.app: hiddenapi: Accessing hidden method Landroid/os/MessageQueue;->next()Landroid/os/Message; (runtime_flags=0, domain=platform, api=unsupported) from Landroidx/test/espresso/base/Interrogator; (domain=app, TargetSdkVersion=35) using reflection: allowed
03-27 20:23:12.916 11663 11663 I om.smartfit.app: hiddenapi: Accessing hidden field Landroid/os/MessageQueue;->mMessages:Landroid/os/Message; (runtime_flags=0, domain=platform, api=unsupported) from Landroidx/test/espresso/base/Interrogator; (domain=app, TargetSdkVersion=35) using reflection: allowed
03-27 20:23:12.916 11663 11663 I om.smartfit.app: hiddenapi: Accessing hidden method Landroid/os/Message;->recycleUnchecked()V (runtime_flags=0, domain=platform, api=unsupported) from Landroidx/test/espresso/base/Interrogator; (domain=app, TargetSdkVersion=35) using reflection: allowed
03-27 20:23:12.918 11663 11714 D IdlingRegistry: Registering idling resources: [androidx.compose.ui.test.EspressoLink@fe6b060]
03-27 20:23:12.925 30322 30322 I ImeTracker: com.whatsapp:8526f043: onRequestHide at ORIGIN_CLIENT_HIDE_SOFT_INPUT reason HIDE_SOFT_INPUT
03-27 20:23:12.925 30322 30322 I ImeTracker: com.whatsapp:8526f043: onFailed at PHASE_CLIENT_VIEW_SERVED
03-27 20:23:12.933  1331  1534 I HalDevMgr: bestIfaceCreationProposal is null, requestIface=STA, existingIface=[name=wlan0 type=STA]
03-27 20:23:12.942 31983 32360 I APM_AudioPolicyManager: getNewOutputDevices selected devices AUDIO_DEVICE_NONE
03-27 20:23:12.942 31983 32360 I APM_AudioPolicyManager: setOutputDevices device {AUDIO_DEVICE_OUT_EARPIECE, @:} delayMs 0
03-27 20:23:12.943  1331  1543 D ConnectivityService: NetReassign [no changes] [c 1] [a 0] [i 1]
03-27 20:23:12.944 31983 32360 I APM_AudioPolicyManager: setOutputDevices changing device to {AUDIO_DEVICE_OUT_EARPIECE, @:}
03-27 20:23:12.949 11691 11746 D vulkan  : searching for layers in '/data/app/~~Uiurvm4iagpO4qB0A6OPVg==/com.google.android.googlequicksearchbox-Ow3owK8AKGCv83uc-b3blQ==/split_config.xhdpi.apk!/lib/arm64-v8a'
03-27 20:23:12.950 11691 11746 D vulkan  : searching for layers in '/data/app/~~Uiurvm4iagpO4qB0A6OPVg==/com.google.android.googlequicksearchbox-Ow3owK8AKGCv83uc-b3blQ==/split_lens_ondevice_engine_feature_module.apk!/lib/arm64-v8a'
03-27 20:23:12.956 12785 12899 I BugleRcsEngine: Connected state: [1], networkType: [WIFI] [CONTEXT thread_id=376 ]
03-27 20:23:12.956 12785 12951 I BugleRcsEngine: handleMessage processing message:[NOTIFY_UPTIME_IGNORE_STATE_CHANGED] with [non-null]:RcsEngineImpl reference [CONTEXT log_prefix="RcsEngineImpl[DUAL_REG]:[ca8c0744-3e5d]>Handler" thread_id=380 ]
03-27 20:23:12.957 11663 11714 W Settings: Setting always_finish_activities has moved from android.provider.Settings.System to android.provider.Settings.Global, returning read-only value.
03-27 20:23:12.958 24402 24553 D WifiSignalController: connected : true, level : 2, isDefault : true, inetCondition : 1, statusLabel : null
03-27 20:23:12.961 17156 18052 I NullBinder: NullBinder for android.net.action.RECOMMEND_NETWORKS triggering remote TransactionTooLargeException due to Service without Chimera impl, calling uid: 1000, calling pid: 0
03-27 20:23:12.961 17156 18052 W .gms.persistent: Large reply transaction of 1056768 bytes, interface descriptor , code 1
03-27 20:23:12.962 24402 24402 D StatusBarIconController: ignoring old pipeline callback because the new wifi icon is enabled
03-27 20:23:12.963 24402 24402 D StatusBarIconController: setIconVisibility: slot=wifi,visibility=true,tag=0
03-27 20:23:12.983 30322 30478 D mali_gralloc: unregister: id=38e0001179a, handle=0xb400007e6c010070, base=0x0, importpid=30322, count:0
03-27 20:23:12.983 30322 30478 D mali_gralloc: unregister: id=38e0001179c, handle=0xb400007e6bfcfe70, base=0x0, importpid=30322, count:0
03-27 20:23:12.983 30322 30478 D mali_gralloc: unregister: id=38e0001179d, handle=0xb400007e6c04cb50, base=0x0, importpid=30322, count:0
03-27 20:23:12.984 30322 30478 D mali_gralloc: unregister: id=38e0001179b, handle=0xb400007e6bff8e50, base=0x0, importpid=30322, count:0
03-27 20:23:12.985 31984 11596 D audio_hw_primary: adev_create_audio_patch: enter: num sources(1) num_sinks(1) patch handle(30)
03-27 20:23:12.985 31984 11596 D audio_hw_primary: adev_create_audio_patch: Playback patch from mix handle(13) to device(0x1)
03-27 20:23:12.986   942  1001 D mali_gralloc: unregister: id=38e0001179a, handle=0xb400007bafd331b0, base=0x0, importpid=942, count:0
03-27 20:23:12.988   942  1001 D mali_gralloc: unregister: id=38e0001179c, handle=0xb400007bafd26f10, base=0x0, importpid=942, count:0
03-27 20:23:12.996 11732 11732 D nativeloader: Configuring clns-shared-5 for other apk /system_ext/priv-app/GoogleServicesFramework/GoogleServicesFramework.apk. target_sdk_version=34, uses_libraries=, library_path=/system_ext/priv-app/GoogleServicesFramework/lib/arm64:/system_ext/priv-app/GoogleServicesFramework/GoogleServicesFramework.apk!/lib/arm64-v8a:/system/lib64:/system_ext/lib64, permitted_path=/data:/mnt/expand:/data/user/0/com.google.android.gsf:/system_ext/priv-app/GoogleServicesFramework:/system/lib64:/system_ext/lib64
03-27 20:23:12.997 24402 27969 D BLASTBufferQueue: [VRI[StatusBar]#3](f:0,a:2) PendingRelease=1, PendingBuffersToHold=0, SyncedFrameNumbers=0, lacfnr:82489, lapfnr:82489
03-27 20:23:13.001 31983 32360 I APM_AudioPolicyManager: getNewOutputDevices selected devices AUDIO_DEVICE_NONE
03-27 20:23:13.001 31983 32360 I APM_AudioPolicyManager: setOutputDevices device AUDIO_DEVICE_NONE delayMs 0
03-27 20:23:13.003 31983 32360 I APM_AudioPolicyManager: getNewOutputDevices selected devices AUDIO_DEVICE_NONE
03-27 20:23:13.003 31983 32360 I APM_AudioPolicyManager: setOutputDevices device AUDIO_DEVICE_NONE delayMs 0
03-27 20:23:13.005 31983 32360 I APM_AudioPolicyManager: setOutputDevices changing device to AUDIO_DEVICE_NONE
03-27 20:23:13.007 31983 32360 I APM_AudioPolicyManager: getNewOutputDevices selected devices AUDIO_DEVICE_NONE
03-27 20:23:13.007 31983 32360 I APM_AudioPolicyManager: setOutputDevices device AUDIO_DEVICE_NONE delayMs 0
03-27 20:23:13.008 31983 32360 I APM_AudioPolicyManager: getNewOutputDevices selected devices AUDIO_DEVICE_NONE
03-27 20:23:13.008 31983 32360 I APM_AudioPolicyManager: setOutputDevices device AUDIO_DEVICE_NONE delayMs 0
03-27 20:23:13.009 31983 32269 I AudioFlinger: acquireWakeLock_l() AudioOut_15 status 0
03-27 20:23:13.010 31983 32269 D AudioFlinger: ro.audio.silent is ignored since no output device is set
03-27 20:23:13.010  1331  1556 V AS.AudioService: onUpdateAudioMode: mode successfully set to 0
03-27 20:23:13.018   942  1001 D mali_gralloc: unregister: id=38e0001179d, handle=0xb400007bafd26cd0, base=0x0, importpid=942, count:0
03-27 20:23:13.023 31983 32064 W AidlConversionCppNdk: legacy2aidl_audio_channel_mask_t_AudioChannelLayout: no AudioChannelLayout found for legacy output audio_channel_mask_t value 0x10
03-27 20:23:13.023   928   928 D PowerHAL: enter power::setMode
03-27 20:23:13.023   928   928 D PowerHAL: PowerSessionManager::updateHintMode: mode: LAUNCH, enabled: 1
03-27 20:23:13.023   928   928 D PowerHAL: PowerSessionManager::updateHintMode resValue = 0
03-27 20:23:13.024   928   928 D PowerHAL: ###Enter launch scene bgn###
03-27 20:23:13.024   928   928 D PowerHAL: Enter common_set: enable:1, duration: 0, /sys/devices/system/cpu/cpufreq/policy0/scaling_min_freq: 1820000
03-27 20:23:13.024   928   928 D PowerHAL: Enter set_cluster_freqs_max_min:
03-27 20:23:13.024   928   928 D PowerHAL: Enter common_set: enable:1, duration: 0, /sys/devices/system/cpu/cpufreq/policy0/scaling_max_freq: 1820000
03-27 20:23:13.024   928   928 D PowerHAL: Enter set_cluster_freqs_max_min:
03-27 20:23:13.024   928   928 D PowerHAL: Enter common_set: enable:1, duration: 0, /sys/devices/system/cpu/cpufreq/policy6/scaling_min_freq: 2028000
03-27 20:23:13.024   928   928 D PowerHAL: Enter set_cluster_freqs_max_min:
03-27 20:23:13.024   928   928 D PowerHAL: Enter common_set: enable:1, duration: 0, /sys/devices/system/cpu/cpufreq/policy6/scaling_max_freq: 2028000
03-27 20:23:13.024   928   928 D PowerHAL: Enter set_cluster_freqs_max_min:
03-27 20:23:13.024   928   928 D PowerHAL: Enter devfreq_ddr_set: enable:1, duration: 0, /sys/class/devfreq/scene-frequency/sprd-governor/scene_boost_dfs: max
03-27 20:23:13.025   928   928 D PowerHAL: ###Enter launch scene end###
03-27 20:23:13.026 20339 20484 W AidlConversionCppNdk: aidl2legacy_AudioChannelLayout_audio_channel_mask_t: no legacy output audio_channel_mask_t found for AudioChannelLayout{layoutMask: 16}
03-27 20:23:13.027 31983 31983 W AidlConversionCppNdk: legacy2aidl_audio_channel_mask_t_AudioChannelLayout: no AudioChannelLayout found for legacy output audio_channel_mask_t value 0x10
03-27 20:23:13.028  1331  1554 W AidlConversionCppNdk: aidl2legacy_AudioChannelLayout_audio_channel_mask_t: no legacy output audio_channel_mask_t found for AudioChannelLayout{layoutMask: 16}
03-27 20:23:13.038   942   942 W Layer   : Hide layer Input Consumer recents_animation_input_consumer#15340 because zOrderRelativeOf = ActivityRecord{3768a16 u0 com.google.android.gm/.ConversationListActivityGmail#27062 is hide.
03-27 20:23:13.038   942   942 W Layer   : Hide layer Input Consumer recents_animation_input_consumer#15340 because zOrderRelativeOf = ActivityRecord{3768a16 u0 com.google.android.gm/.ConversationListActivityGmail#27062 is hide.
03-27 20:23:13.038  1331  1556 V AS.AudioService: getActiveStreamType: Forcing DEFAULT_VOL_STREAM_NO_PLAYBACK(3) b/c default
03-27 20:23:13.039  1331  4265 D InputDispatcher: setInputWindows displayId=0 cf1652a NavigationBar0 5465496 StatusBar 2dc92c3 com.whatsapp/com.whatsapp.Conversation 3cac54b ActivityRecordInputSink com.whatsapp/.Conversation cfc9a62 ActivityRecordInputSink com.whatsapp/.home.ui.HomeActivity 75522f8 ActivityRecordInputSink com.android.chrome/org.chromium.chrome.browser.ChromeTabbedActivity recents_animation_input_consumer 8e45331 ActivityRecordInputSink com.google.android.gm/.ui.MailActivityGmail Dim layer#11752 Dim layer#11751 19faf04 com.android.launcher3/com.android.searchlauncher.SearchLauncher b6305f1 ActivityRecordInputSink com.android.launcher3/com.android.searchlauncher.SearchLauncher Wallpaper BBQ wrapper#11766 40061be com.android.systemui.wallpapers.ImageWallpaper
03-27 20:23:13.045  1331  4256 D InputDispatcher: setFocusedApplication displayId=0 ActivityRecord{231a135 u0 com.smartfit.app/.MainActivity t2412 d0}
03-27 20:23:13.045  1331  4256 D InputDispatcher: Resetting ANR timeouts.
03-27 20:23:13.046 31983 21795 W AidlConversionCppNdk: legacy2aidl_audio_channel_mask_t_AudioChannelLayout: no AudioChannelLayout found for legacy output audio_channel_mask_t value 0x10
03-27 20:23:13.048 18492 18771 W AidlConversionCppNdk: aidl2legacy_AudioChannelLayout_audio_channel_mask_t: no legacy output audio_channel_mask_t found for AudioChannelLayout{layoutMask: 16}
03-27 20:23:13.052 11732 11732 D nativeloader: Load libframework-connectivity-jni.so using APEX ns com_android_tethering for caller /apex/com.android.tethering/javalib/framework-connectivity.jar: ok
03-27 20:23:13.055  1331  1556 V AS.AudioService: onUpdateAudioMode: streamType=3, streamAlias=3
03-27 20:23:13.058 24402 24402 D NotificationShadeWindowController: isKeyguardShowingAndNotOccluded= false keyguardFadingAway=false keygaurdTransparent=false
03-27 20:23:13.060   942   942 I BpBinder: onLastStrongRef automatically unlinking death recipients:
03-27 20:23:13.060   942   942 W Layer   : Hide layer Input Consumer recents_animation_input_consumer#15340 because zOrderRelativeOf = ActivityRecord{3768a16 u0 com.google.android.gm/.ConversationListActivityGmail#27062 is hide.
03-27 20:23:13.060   942   942 W Layer   : Hide layer Input Consumer recents_animation_input_consumer#15340 because zOrderRelativeOf = ActivityRecord{3768a16 u0 com.google.android.gm/.ConversationListActivityGmail#27062 is hide.
03-27 20:23:13.062  1331  4256 D InputDispatcher: setInputWindows displayId=0 cf1652a NavigationBar0 5465496 StatusBar 3cac54b ActivityRecordInputSink com.whatsapp/.Conversation cfc9a62 ActivityRecordInputSink com.whatsapp/.home.ui.HomeActivity 75522f8 ActivityRecordInputSink com.android.chrome/org.chromium.chrome.browser.ChromeTabbedActivity recents_animation_input_consumer 8e45331 ActivityRecordInputSink com.google.android.gm/.ui.MailActivityGmail Dim layer#11752 Dim layer#11751 19faf04 com.android.launcher3/com.android.searchlauncher.SearchLauncher b6305f1 ActivityRecordInputSink com.android.launcher3/com.android.searchlauncher.SearchLauncher Wallpaper BBQ wrapper#11766 40061be com.android.systemui.wallpapers.ImageWallpaper
03-27 20:23:13.063  1331  4256 D InputDispatcher: Window went away: 2dc92c3 com.whatsapp/com.whatsapp.Conversation
03-27 20:23:13.063  1331  4256 D InputDispatcher: Window went away: 19faf04 com.android.launcher3/com.android.searchlauncher.SearchLauncher
03-27 20:23:13.064  1331  1465 D InputDispatcher: dispatchEventToCurrentInputTargets
03-27 20:23:13.064  1331  1465 D InputDispatcher: channel '19faf04 com.android.launcher3/com.android.searchlauncher.SearchLauncher (server)' ~ prepareDispatchCycle - flags=DISPATCH_AS_IS, globalScaleFactor=1.000000, pointerIds=00000000000000000000000000000000
03-27 20:23:13.064  1331  1465 D InputDispatcher:         default (ROT_0) (IDENTITY)
03-27 20:23:13.064  1331  1465 D InputDispatcher: channel '19faf04 com.android.launcher3/com.android.searchlauncher.SearchLauncher (server)' ~ startDispatchCycle
03-27 20:23:13.065 32238 32238 D InputEventReceiver: channel '19faf04 com.android.launcher3/com.android.searchlauncher.SearchLauncher (client)' ~ Consuming input events, consumeBatches=false, frameTime=-1
03-27 20:23:13.065 32238 32238 D InputEventReceiver: channel '19faf04 com.android.launcher3/com.android.searchlauncher.SearchLauncher (client)' ~ Received focus event: hasFocus=false.
03-27 20:23:13.065 32238 32238 D InputEventReceiver: channel '19faf04 com.android.launcher3/com.android.searchlauncher.SearchLauncher (client)' ~ Finished input event.
03-27 20:23:13.066  1331  1465 D InputDispatcher: channel '19faf04 com.android.launcher3/com.android.searchlauncher.SearchLauncher (server)' ~ finishDispatchCycle - seq=588080, handled=true
03-27 20:23:13.067  1331  1465 D InputDispatcher: channel '19faf04 com.android.launcher3/com.android.searchlauncher.SearchLauncher (server)' ~ startDispatchCycle
03-27 20:23:13.071   942   942 W Layer   : Hide layer Input Consumer recents_animation_input_consumer#15340 because zOrderRelativeOf = ActivityRecord{3768a16 u0 com.google.android.gm/.ConversationListActivityGmail#27062 is hide.
03-27 20:23:13.071   942   942 W Layer   : Hide layer Input Consumer recents_animation_input_consumer#15340 because zOrderRelativeOf = ActivityRecord{3768a16 u0 com.google.android.gm/.ConversationListActivityGmail#27062 is hide.
03-27 20:23:13.072 11732 11732 V GraphicsEnvironment: Currently set values for:
03-27 20:23:13.072 11732 11732 V GraphicsEnvironment:   angle_gl_driver_selection_pkgs=[]
03-27 20:23:13.072 11732 11732 V GraphicsEnvironment:   angle_gl_driver_selection_values=[]
03-27 20:23:13.073 11732 11732 V GraphicsEnvironment: ANGLE GameManagerService for com.google.android.gsf: false
03-27 20:23:13.073 11732 11732 V GraphicsEnvironment: com.google.android.gsf is not listed in per-application setting
03-27 20:23:13.074 11732 11732 V GraphicsEnvironment: Neither updatable production driver nor prerelease driver is supported.
03-27 20:23:13.074  1331  1697 D InputDispatcher: setInputWindows displayId=0 cf1652a NavigationBar0 5465496 StatusBar 3cac54b ActivityRecordInputSink com.whatsapp/.Conversation cfc9a62 ActivityRecordInputSink com.whatsapp/.home.ui.HomeActivity 75522f8 ActivityRecordInputSink com.android.chrome/org.chromium.chrome.browser.ChromeTabbedActivity recents_animation_input_consumer 8e45331 ActivityRecordInputSink com.google.android.gm/.ui.MailActivityGmail Dim layer#11752 Dim layer#11751 19faf04 com.android.launcher3/com.android.searchlauncher.SearchLauncher b6305f1 ActivityRecordInputSink com.android.launcher3/com.android.searchlauncher.SearchLauncher Wallpaper BBQ wrapper#11766 40061be com.android.systemui.wallpapers.ImageWallpaper
03-27 20:23:13.081  1331  1556 D AS.AudioService: updateVolumeGroupIndex for stream 8, muted=false, device=1, index=150, group dtmf Muted=false, Index=15, forceMuteState=false
03-27 20:23:13.081  1331  1556 D AS.AudioService: updateVolumeGroupIndex for stream 8, muted=false, device=2, index=21, group dtmf Muted=false, Index=2, forceMuteState=false
03-27 20:23:13.085 11663 11765 D vulkan  : searching for layers in '/data/app/~~YoptLuDnUHfONq95BIvAnA==/com.smartfit.app-HWH0fe3lven-Qo_97_2cAA==/lib/arm64'
03-27 20:23:13.087 11663 11765 D vulkan  : searching for layers in '/data/app/~~xaxbZ2jl3cSrWdnnBO6gzA==/com.smartfit.app.test-5EikQ1K04HDcogVQ-hMDSQ==/base.apk!/lib/arm64-v8a'
03-27 20:23:13.087 11663 11765 D vulkan  : searching for layers in '/data/app/~~YoptLuDnUHfONq95BIvAnA==/com.smartfit.app-HWH0fe3lven-Qo_97_2cAA==/base.apk!/lib/arm64-v8a'
03-27 20:23:13.091 24402 24487 D InputEventReceiver: android_view_InputEventReceiver debug log is enabled
03-27 20:23:13.091 24402 24487 D InputEventReceiver: channel '530697a Splash Screen com.smartfit.app (client)' ~ Initializing input event receiver.
03-27 20:23:13.092  1331  1556 D AS.AudioService: updateVolumeGroupIndex for stream 8, muted=false, device=32, index=43, group dtmf Muted=false, Index=4, forceMuteState=false
03-27 20:23:13.096   942  1001 D mali_gralloc: unregister: id=38e0001179b, handle=0xb400007bafd251d0, base=0x0, importpid=942, count:0
03-27 20:23:13.099  1331  1556 D AS.AudioService: updateVolumeGroupIndex for stream 8, muted=false, device=128, index=21, group dtmf Muted=false, Index=2, forceMuteState=false
03-27 20:23:13.104   942   942 W Layer   : Hide layer Input Consumer recents_animation_input_consumer#15340 because zOrderRelativeOf = ActivityRecord{3768a16 u0 com.google.android.gm/.ConversationListActivityGmail#27062 is hide.
03-27 20:23:13.105   942   942 W Layer   : Hide layer Input Consumer recents_animation_input_consumer#15340 because zOrderRelativeOf = ActivityRecord{3768a16 u0 com.google.android.gm/.ConversationListActivityGmail#27062 is hide.
03-27 20:23:13.105  1331  3449 D InputDispatcher: setInputWindows displayId=0 cf1652a NavigationBar0 5465496 StatusBar 3cac54b ActivityRecordInputSink com.whatsapp/.Conversation cfc9a62 ActivityRecordInputSink com.whatsapp/.home.ui.HomeActivity 75522f8 ActivityRecordInputSink com.android.chrome/org.chromium.chrome.browser.ChromeTabbedActivity recents_animation_input_consumer 8e45331 ActivityRecordInputSink com.google.android.gm/.ui.MailActivityGmail Dim layer#11752 Dim layer#11751 19faf04 com.android.launcher3/com.android.searchlauncher.SearchLauncher b6305f1 ActivityRecordInputSink com.android.launcher3/com.android.searchlauncher.SearchLauncher Wallpaper BBQ wrapper#11766 40061be com.android.systemui.wallpapers.ImageWallpaper
03-27 20:23:13.114  1331  1556 D AS.AudioService: updateVolumeGroupIndex for stream 10, muted=false, device=1, index=150, group accessibility Muted=false, Index=15, forceMuteState=false
03-27 20:23:13.116   942   942 W Layer   : Hide layer Input Consumer recents_animation_input_consumer#15340 because zOrderRelativeOf = ActivityRecord{3768a16 u0 com.google.android.gm/.ConversationListActivityGmail#27062 is hide.
03-27 20:23:13.116   942   942 W Layer   : Hide layer Input Consumer recents_animation_input_consumer#15340 because zOrderRelativeOf = ActivityRecord{3768a16 u0 com.google.android.gm/.ConversationListActivityGmail#27062 is hide.
03-27 20:23:13.114  1331  1556 D AS.AudioService: updateVolumeGroupIndex for stream 10, muted=false, device=2, index=122, group accessibility Muted=false, Index=12, forceMuteState=false
03-27 20:23:13.119  1331  1697 D InputDispatcher: setInputWindows displayId=0 cf1652a NavigationBar0 5465496 StatusBar 3cac54b ActivityRecordInputSink com.whatsapp/.Conversation cfc9a62 ActivityRecordInputSink com.whatsapp/.home.ui.HomeActivity 75522f8 ActivityRecordInputSink com.android.chrome/org.chromium.chrome.browser.ChromeTabbedActivity recents_animation_input_consumer 8e45331 ActivityRecordInputSink com.google.android.gm/.ui.MailActivityGmail Dim layer#11752 Dim layer#11751 19faf04 com.android.launcher3/com.android.searchlauncher.SearchLauncher b6305f1 ActivityRecordInputSink com.android.launcher3/com.android.searchlauncher.SearchLauncher Wallpaper BBQ wrapper#11766 40061be com.android.systemui.wallpapers.ImageWallpaper
03-27 20:23:13.124   910  1004 I mali_gralloc: allocate: id=38e0001179e, hal_format=RGBA8888, mali_format=RGBA8888, afbc=SPLIT, usage=GPU_RW|HWC, size=720x1600(4680704), stride=720, name=VRI[app]#1099(BLAST Consumer)1099
03-27 20:23:13.124  1331  1556 D AS.AudioService: updateVolumeGroupIndex for stream 10, muted=false, device=4, index=94, group accessibility Muted=false, Index=9, forceMuteState=false
03-27 20:23:13.125 24402 11779 D mali_gralloc: register: id=38e0001179e, handle=0xb400007e6c05cab0, importpid=-1, gRegisteredHandles=44
03-27 20:23:13.125  1331  1556 D AS.AudioService: updateVolumeGroupIndex for stream 10, muted=false, device=8, index=94, group accessibility Muted=false, Index=9, forceMuteState=false
03-27 20:23:13.125  1331  1556 D AS.AudioService: updateVolumeGroupIndex for stream 10, muted=false, device=32, index=66, group accessibility Muted=false, Index=7, forceMuteState=false
03-27 20:23:13.126  1331  1556 D AS.AudioService: updateVolumeGroupIndex for stream 10, muted=false, device=128, index=150, group accessibility Muted=false, Index=15, forceMuteState=false
03-27 20:23:13.126  1331  1556 D AS.AudioService: updateVolumeGroupIndex for stream 10, muted=false, device=256, index=57, group accessibility Muted=false, Index=6, forceMuteState=false
03-27 20:23:13.127   942   942 W Layer   : Hide layer Input Consumer recents_animation_input_consumer#15340 because zOrderRelativeOf = ActivityRecord{3768a16 u0 com.google.android.gm/.ConversationListActivityGmail#27062 is hide.
03-27 20:23:13.127   942   942 W Layer   : Hide layer Input Consumer recents_animation_input_consumer#15340 because zOrderRelativeOf = ActivityRecord{3768a16 u0 com.google.android.gm/.ConversationListActivityGmail#27062 is hide.
