03-27 20:23:33.756   905 12384 I sns_drv_u: 2584, sensor_ois_init: sensor gc08a3_mipi_raw is focus enable 0
03-27 20:23:33.756   905 12384 I sns_drv_u: 2599, sensor_ois_init: ois_drv_entry not configured:module:0xe1fb78ec,entry:0x0,ois_ops:0x0
03-27 20:23:33.756   905 12384 I sns_drv_u: 1159, sensor_set_mode_msg: mode = 0.
03-27 20:23:33.756   905 12384 I sns_drv_u: 1176, sensor_set_mode_msg: is_async: yes, phyid: 1
03-27 20:23:33.756   905 12384 I sns_drv_u: 2667, sensor_otp_module_init: otp driver is not configured
03-27 20:23:33.756   905 12384 I sns_drv_u: 4569, sensor_drv_open: otp_drv_entry not configured:mod:0xe1fb78ec,otp_drv:0x0
03-27 20:23:33.756   905 12384 I sns_drv_u: 2022, sensor_set_raw_infor: vendor id 0
03-27 20:23:33.756   905 12384 I gc08a3_sharkl2: 403, gc08a3_drv_access_val: sensor gc08a3: param_ptr->type=16
03-27 20:23:33.756   905 12384 I sns_drv_u: 430, sensor_set_export_Info: E
03-27 20:23:33.756   905 12384 I sns_drv_u: 609, sensor_set_export_Info: af_drv_entry not configured:module:0xe1fb78ec,af_dev:0x0
03-27 20:23:33.756   905 12384 I sns_drv_u: 609, sensor_set_export_Info: af_drv_entry not configured:module:0xe1fb78ec,af_dev:0x0
03-27 20:23:33.756   905 12384 I sns_drv_u: 609, sensor_set_export_Info: af_drv_entry not configured:module:0xe1fb78ec,af_dev:0x0
03-27 20:23:33.756   905 12384 I sns_drv_u: 609, sensor_set_export_Info: af_drv_entry not configured:module:0xe1fb78ec,af_dev:0x0
03-27 20:23:33.756   905 12384 I sns_drv_u: 609, sensor_set_export_Info: af_drv_entry not configured:module:0xe1fb78ec,af_dev:0x0
03-27 20:23:33.756   905 12384 I sns_drv_u: 609, sensor_set_export_Info: af_drv_entry not configured:module:0xe1fb78ec,af_dev:0x0
03-27 20:23:33.756   905 12384 I sns_drv_u: 609, sensor_set_export_Info: af_drv_entry not configured:module:0xe1fb78ec,af_dev:0x0
03-27 20:23:33.756   905 12384 I sns_drv_u: 609, sensor_set_export_Info: af_drv_entry not configured:module:0xe1fb78ec,af_dev:0x0
03-27 20:23:33.756   905 12384 I sns_drv_u: 609, sensor_set_export_Info: af_drv_entry not configured:module:0xe1fb78ec,af_dev:0x0
03-27 20:23:33.756   905 12384 I sns_drv_u: 645, sensor_set_export_Info: X
03-27 20:23:33.756   905 12384 I sns_drv_u: 1454, sensor_stream_off: E
03-27 20:23:33.756   905 12384 I sns_drv_u: 1481, sensor_stream_off: X
03-27 20:23:33.756   905 12384 I sns_drv_u: 4581, sensor_drv_open: open success
03-27 20:23:33.756   905 12385 I sns_drv_u: 844, sensor_ctrl_thread_proc: evt 526338
03-27 20:23:33.757   905 12384 I cmr_sensor: 959, cmr_sns_thread_proc: evt 524548
03-27 20:23:33.757   905 12384 I cmr_sensor: 1379, cmr_sns_ioctl: cmd = 45, arg = 0xde43a230.
03-27 20:23:33.757   905 12384 I gc08a3_sharkl2: 403, gc08a3_drv_access_val: sensor gc08a3: param_ptr->type=10
03-27 20:23:33.757   905 12384 I sns_ic_drv: 280, sensor_ic_print_static_info: gc08a3_mipi_raw: f_num: 0
03-27 20:23:33.757   905 12384 I sns_ic_drv: 281, sensor_ic_print_static_info: gc08a3_mipi_raw: max_fps: 30
03-27 20:23:33.757   905 12384 I sns_ic_drv: 282, sensor_ic_print_static_info: gc08a3_mipi_raw: max_adgain: 16
03-27 20:23:33.757   905 12384 I sns_ic_drv: 283, sensor_ic_print_static_info: gc08a3_mipi_raw: ois_supported: 0
03-27 20:23:33.757   905 12384 I sns_ic_drv: 284, sensor_ic_print_static_info: gc08a3_mipi_raw: pdaf_supported: 0
03-27 20:23:33.757   905 12384 I sns_ic_drv: 286, sensor_ic_print_static_info: gc08a3_mipi_raw: exp_valid_frame_num: 1
03-27 20:23:33.757   905 12384 I sns_ic_drv: 287, sensor_ic_print_static_info: gc08a3_mipi_raw: clam_level: 64
03-27 20:23:33.757   905 12384 I sns_ic_drv: 289, sensor_ic_print_static_info: gc08a3_mipi_raw: adgain_valid_frame_num: 1
03-27 20:23:33.757   905 12384 I sns_ic_drv: 290, sensor_ic_print_static_info: gc08a3_mipi_raw: sensor name is: gc08a3_mipi_raw
03-27 20:23:33.757   905 12384 I sns_ic_drv: 292, sensor_ic_print_static_info: gc08a3_mipi_raw: sensor version info is: gc08a3_v1
03-27 20:23:33.757   905 12384 I sns_ic_drv: 293, sensor_ic_print_static_info: gc08a3_mipi_raw: up2hori: 0
03-27 20:23:33.757   905 12385 I sns_drv_u: 1231, sensor_set_mode: mode = 0.
03-27 20:23:33.757   905 12384 I sns_ic_drv: 294, sensor_ic_print_static_info: gc08a3_mipi_raw: hori2down: 0
03-27 20:23:33.757   905 12385 I hw_sensor: 397, hw_sensor_set_mclk: mclk 24, ret 0
03-27 20:23:33.757   905 12385 I hw_sensor: 1033, hw_Sensor_SendRegTabToSensor: E:burst_mode 0, sensor_id 1
03-27 20:23:33.758   905  1312 I cmr_grab: 116, cmr_grab_init: dcam_fd=0xa
03-27 20:23:33.758   905  1312 I cmr_grab: 163, cmr_grab_init: get dcam res w 0 h 0 sn id 1
03-27 20:23:33.760   942   942 W Layer   : Hide layer Input Consumer recents_animation_input_consumer#15340 because zOrderRelativeOf = ActivityRecord{3768a16 u0 com.google.android.gm/.ConversationListActivityGmail#27062 is hide.
03-27 20:23:33.760   942   942 W Layer   : Hide layer Input Consumer recents_animation_input_consumer#15340 because zOrderRelativeOf = ActivityRecord{3768a16 u0 com.google.android.gm/.ConversationListActivityGmail#27062 is hide.
03-27 20:23:33.761  1331  4259 D InputDispatcher: setInputWindows displayId=0 [Gesture Monitor] pip-resize cf1652a NavigationBar0 5465496 StatusBar Embedded{PipMenuView} Background for SurfaceView[com.whatsapp/com.whatsapp.calling.ui.VoipActivityV2]#28542 SurfaceView[com.whatsapp/com.whatsapp.calling.ui.VoipActivityV2](BLAST)#28541 d8c563e com.whatsapp/com.whatsapp.calling.ui.VoipActivityV2 25b3f4 ActivityRecordInputSink com.whatsapp/.calling.ui.VoipActivityV2 7225125 com.smartfit.app/com.smartfit.app.MainActivity 1f5e67e ActivityRecordInputSink com.smartfit.app/.MainActivity 3cac54b ActivityRecordInputSink com.whatsapp/.Conversation cfc9a62 ActivityRecordInputSink com.whatsapp/.home.ui.HomeActivity 75522f8 ActivityRecordInputSink com.android.chrome/org.chromium.chrome.browser.ChromeTabbedActivity recents_animation_input_consumer 8e45331 ActivityRecordInputSink com.google.android.gm/.ui.MailActivityGmail Dim layer#11752 Dim layer#11751 b6305f1 ActivityRecordInputSink com.android.launcher3/com.android.searchlauncher.SearchLauncher Wallpaper BBQ wrapper#11766
03-27 20:23:33.779 24402 24402 I ImeTracker: com.android.systemui:32033701: onRequestHide at ORIGIN_CLIENT_HIDE_SOFT_INPUT reason HIDE_SOFT_INPUT_BY_INSETS_API
03-27 20:23:33.779 24402 24402 I ImeTracker: com.android.systemui:32033701: onCancelled at PHASE_CLIENT_APPLY_ANIMATION
03-27 20:23:33.781   905  1312 I cmr_oem : 9349, camera_res_init: init thread created
03-27 20:23:33.781   905  1312 I cmr_oem : 9357, camera_res_init: async msg sent
03-27 20:23:33.781   905 12384 I cmr_sensor: 959, cmr_sns_thread_proc: evt 524548
03-27 20:23:33.781   905 12384 I cmr_sensor: 1379, cmr_sns_ioctl: cmd = 45, arg = 0xde43a358.
03-27 20:23:33.781   905 12384 I sns_drv_u: 5821, sensor_calic_sns_otp_common: E
03-27 20:23:33.781   905 12384 I sns_drv_u: 5827, sensor_calic_sns_otp_common: is_async: yes, phyid: 1
03-27 20:23:33.781   905  1312 I cmr_oem : 7657, camera_isp_init: multi_mode = 0, isp mode 0
03-27 20:23:33.781   905 12384 I cmr_sensor: 959, cmr_sns_thread_proc: evt 524548
03-27 20:23:33.782   905 12384 I cmr_sensor: 1379, cmr_sns_ioctl: cmd = 45, arg = 0xde43a358.
03-27 20:23:33.782   905 12384 I gc08a3_sharkl2: 403, gc08a3_drv_access_val: sensor gc08a3: param_ptr->type=1f
03-27 20:23:33.782   905  1312 I cmr_oem : 7680, camera_isp_init: multi_mode=0, f_num=200, focal_length=354, max_fps=30, max_adgain=16, ois_supported=0, pdaf_supported=0
03-27 20:23:33.782   905  1312 I cmr_oem : 7685, camera_isp_init: exp_valid_frame_num=1, clamp_level=64, adgain_valid_frame_num=1, prev_skip_num=0, cap_skip_num=0, w=1632, h=1224
03-27 20:23:33.782   942   942 W Layer   : Hide layer Input Consumer recents_animation_input_consumer#15340 because zOrderRelativeOf = ActivityRecord{3768a16 u0 com.google.android.gm/.ConversationListActivityGmail#27062 is hide.
03-27 20:23:33.782   905  1312 I cmr_oem : 7689, camera_isp_init: sensor.image_pattern=0, isp.image_pattern=1, is_4in1_sensor=0, is_faceId_unlock=0, long_expose_supported=0
03-27 20:23:33.782   942   942 W Layer   : Hide layer Input Consumer recents_animation_input_consumer#15340 because zOrderRelativeOf = ActivityRecord{3768a16 u0 com.google.android.gm/.ConversationListActivityGmail#27062 is hide.
03-27 20:23:33.782   905  1312 I cmr_oem : 7767, camera_get_flash_cali_data: read null : /mnt/vendor/productinfo/camera_flash_calibration_id_1
03-27 20:23:33.782   905  1312 I isp_u_dev: 44, isp_dev_open: fd 10 handle 0xead524b0
03-27 20:23:33.782   905  1312 I isp_dev_access: 580, isp_dev_access_init: done 0
03-27 20:23:33.783  1331  1430 D InputDispatcher: setInputWindows displayId=0 [Gesture Monitor] pip-resize cf1652a NavigationBar0 5465496 StatusBar Embedded{PipMenuView} Background for SurfaceView[com.whatsapp/com.whatsapp.calling.ui.VoipActivityV2]#28542 SurfaceView[com.whatsapp/com.whatsapp.calling.ui.VoipActivityV2](BLAST)#28541 d8c563e com.whatsapp/com.whatsapp.calling.ui.VoipActivityV2 25b3f4 ActivityRecordInputSink com.whatsapp/.calling.ui.VoipActivityV2 7225125 com.smartfit.app/com.smartfit.app.MainActivity 1f5e67e ActivityRecordInputSink com.smartfit.app/.MainActivity 3cac54b ActivityRecordInputSink com.whatsapp/.Conversation cfc9a62 ActivityRecordInputSink com.whatsapp/.home.ui.HomeActivity 75522f8 ActivityRecordInputSink com.android.chrome/org.chromium.chrome.browser.ChromeTabbedActivity recents_animation_input_consumer 8e45331 ActivityRecordInputSink com.google.android.gm/.ui.MailActivityGmail Dim layer#11752 Dim layer#11751 b6305f1 ActivityRecordInputSink com.android.launcher3/com.android.searchlauncher.SearchLauncher Wallpaper BBQ wrapper#11766
03-27 20:23:33.784   905  1312 I isp_alg_fw: 9186, isp_alg_fw_init: camera_id = 1, master 0, is_4in1_sensor 0
03-27 20:23:33.784   905 12394 I cmr_prev: 1123, cmr_preview_init: oem_handle: 0xea63bff0, sensor_bits: 2, private_data: 0x0
03-27 20:23:33.784   905  1312 I isp_alg_fw: 9227, isp_alg_fw_init: cam1 done, alg enable 1, init status 0
03-27 20:23:33.784   905  1312 I isp_mw  : 75, isp_init: done 0
03-27 20:23:33.784   905  1312 I isp_u_dev: 115, isp_dev_get_video_size: get video size width=9248, height=6944
03-27 20:23:33.784   905 12394 I cmr_prev: 2721, prev_create_thread: is_inited 0
03-27 20:23:33.785   905  1312 I cmr_oem : 6812, camera_jpeg_init_async: init jpeg async
03-27 20:23:33.785   905  1312 I cmr_oem : 6822, camera_jpeg_init_async: send message to jpeg async init thread
03-27 20:23:33.786   905 12398 I cmr_jpeg: 72, cmr_jpeg_init:  open lib: libjpeg_hw_sprd.so
03-27 20:23:33.786   905 12397 I isp_para_update: 2246, isp_pm_raw_para_update_from_file: there is no param file!
03-27 20:23:33.787   905 12397 W isp_pm  : 2264, isp_pm_mode_list_init: specified pm searching list. 0x0, 0
03-27 20:23:33.788   905  1312 I enhanceHAL: enhance_device_open: open flash device
03-27 20:23:33.788   905 12398 I jpeg_codec: L 1054, jpeg_init: jpeg_init IN
03-27 20:23:33.788   905 12398 D jpeg_codec: L 1062, jpeg_init:  jcontext 0xe01c1990
03-27 20:23:33.788   905  1312 E enhanceHAL: get_panel_name: open /sys/class/display/panel0/name fail:13
03-27 20:23:33.789   905 12398 E jpeg_codec: L 1089, jpeg_init: fw_decode_buf_size 20480 ,fw_decode_buf 0xcfbd7050
03-27 20:23:33.789   905 12398 D JPG     : L 95, jpg_msg_queue_create: queue_handle 0xeadb6370
03-27 20:23:33.784   905   905 W HwBinder:905_1: type=1400 audit(0.0:148268): avc:  denied  { read } for  name="name" dev="sysfs" ino=49297 scontext=u:r:hal_camera_default:s0 tcontext=u:object_r:sysfs_multipanel:s0 tclass=file permissive=0
03-27 20:23:33.789   905 12398 D JPG     : L 250, jpg_msg_post: queue_handle 0xeadb6370, msg type 0xffffff num 0 cnt 40
03-27 20:23:33.789   905 12398 I JPG     : L 283, jpg_msg_post: jpg_msg_post msg_cur 0xea8c4380
03-27 20:23:33.789   905 12403 I JPG     : L 139, jpg_msg_get: jpg_msg_get msg_cur 0xea8c4380
03-27 20:23:33.789   905 12403 D JPG     : L 151, jpg_msg_get: queue_handle 0xeadb6370, msg type 0xffffff num 0 cnt 40
03-27 20:23:33.789   905 12403 I JPG     : L 364, jpg_common_routine: before sem_post msg_cur 0xea8c4380
03-27 20:23:33.789   905 12398 I JPG     : L 288, jpg_msg_post: sem_wait msg_cur 0xea8c4380 msg_cur->sem 0xea8c4398
03-27 20:23:33.789   905 12398 D jpeg_codec: L 1100, jpeg_init:  jpeg handle 0xe01c1990
03-27 20:23:33.790   905  1312 I OEMCam  : 50, camera_init: camera handle 0xea63bff0
03-27 20:23:33.790   905  1312 I OEMCam  : 504, camera_lls_enable: 0
03-27 20:23:33.790   905  1312 I OEMCam  : 552, camera_set_lls_shot_mode: 0
03-27 20:23:33.790   905  1312 I OEMCam  : 528, camera_vendor_hdr_enable: 0
03-27 20:23:33.790   905  1312 I OEMCam  : 455, camera_get_camera_type: done 0 cam_type 1
03-27 20:23:33.790   905 12398 I JPG_CODEC: L 301, JPEGCODEC_Open:JPEGENC jpg0_addr 0xeb4d1000
03-27 20:23:33.790   905 12398 I JPG_CODEC: L 307, JPEGCODEC_Open:jpeg dev fd 14, reg addr 0x0xeb4d1000
03-27 20:23:33.790   905 12398 D JPG     : L 482, jpg_sem_init: jpg_sem_init
03-27 20:23:33.790   905  1312 I cmr_oem : 17137, camera_get_exif_info: apet 2.000000 focus dist 4294967.500000
03-27 20:23:33.790   905  1312 I OEMCam  : 439, camera_get_sensor_exif_info: done 0
03-27 20:23:33.790   905 12398 D JPG_OEM : L 242, sprd_jpeg_init:  jpeg handle 0xe01c1990
03-27 20:23:33.790   905 12398 D JPG_OEM : L 257, sprd_jpeg_init: done 0
03-27 20:23:33.790   905  1312 I OEMCam  : 373, camera_get_sensor_info_for_raw: done 0
03-27 20:23:33.790   905 12398 I cmr_oem : 6783, camera_jpeg_init_async_message_handler: jpeg async init ready
03-27 20:23:33.790   905  1312 I Cam3OEMIf: 8553, openCamera: sprd_3dcalibration_cap_size w=3264, h=2448
03-27 20:23:33.790   905  1312 I Cam3OEMIf: 8563, openCamera: mIommuEnabled=1
03-27 20:23:33.790   905  1312 I Cam3OEMIf: 8845, setCamSecurity: multi camera mode = 0
03-27 20:23:33.790   905  1312 I OEMCam  : 1037, ioctrl_set_cam_security: security mode = 0, work mode = 0
03-27 20:23:33.790   905 12403 I JPG     : L 368, jpg_common_routine: sem_post msg_cur->sem 0xea8c4398
03-27 20:23:33.790   905  1312 I cmr_grab: 314, cmr_grab_set_security: security mode:0, work_mode =0
03-27 20:23:33.790   905 12403 I JPG     : L 371, jpg_common_routine: after sem_post msg_cur 0xea8c4380
03-27 20:23:33.791   905 12394 I cmr_prev: 2788, prev_create_thread: ret 0
03-27 20:23:33.791   905 12394 I cmr_prev: 2841, prev_create_cb_thread: E
03-27 20:23:33.791   905  1312 I Cam3OEMIf: 8608, openCamera: :hal3: X
03-27 20:23:33.791   905  1312 I Cam3HWI : 443, openCamera: :hal3: X
03-27 20:23:33.791   905  1312 I cmr_oem : 10966, camera_set_ultra_wide_mode: is_ultra_wide 0
03-27 20:23:33.791   905  1312 I Cam3HWI : 549, initialize: :hal3: E camId=1
03-27 20:23:33.791   905  1312 I Cam3HWI : 562, initialize: :hal3: X
03-27 20:23:33.793   942   942 W Layer   : Hide layer Input Consumer recents_animation_input_consumer#15340 because zOrderRelativeOf = ActivityRecord{3768a16 u0 com.google.android.gm/.ConversationListActivityGmail#27062 is hide.
03-27 20:23:33.793   942   942 W Layer   : Hide layer Input Consumer recents_animation_input_consumer#15340 because zOrderRelativeOf = ActivityRecord{3768a16 u0 com.google.android.gm/.ConversationListActivityGmail#27062 is hide.
03-27 20:23:33.794  1331  3672 D InputDispatcher: setInputWindows displayId=0 [Gesture Monitor] pip-resize cf1652a NavigationBar0 5465496 StatusBar Embedded{PipMenuView} Background for SurfaceView[com.whatsapp/com.whatsapp.calling.ui.VoipActivityV2]#28542 SurfaceView[com.whatsapp/com.whatsapp.calling.ui.VoipActivityV2](BLAST)#28541 d8c563e com.whatsapp/com.whatsapp.calling.ui.VoipActivityV2 25b3f4 ActivityRecordInputSink com.whatsapp/.calling.ui.VoipActivityV2 7225125 com.smartfit.app/com.smartfit.app.MainActivity 1f5e67e ActivityRecordInputSink com.smartfit.app/.MainActivity 3cac54b ActivityRecordInputSink com.whatsapp/.Conversation cfc9a62 ActivityRecordInputSink com.whatsapp/.home.ui.HomeActivity 75522f8 ActivityRecordInputSink com.android.chrome/org.chromium.chrome.browser.ChromeTabbedActivity recents_animation_input_consumer 8e45331 ActivityRecordInputSink com.google.android.gm/.ui.MailActivityGmail Dim layer#11752 Dim layer#11751 b6305f1 ActivityRecordInputSink com.android.launcher3/com.android.searchlauncher.SearchLauncher Wallpaper BBQ wrapper#11766
03-27 20:23:33.795  1331  1930 I HidlSensorManager: createEventQueue pid: 905, uid: 1047
03-27 20:23:33.797   915   915 D SensorHub: SPRD[780]batch::handle[1], flags[0], period_ns[50000000], timeout[0]
03-27 20:23:33.797   905 12397 I isp_pm  : 2829, isp_pm_init: done
03-27 20:23:33.797   905 12397 I ispbr   : 1090, isp_br_init: camera_id 1, is_master 0, isp_handle 0xdd560d40
03-27 20:23:33.797   905 12397 I ispbr   : 173, user_cnt_inc: init ispbr_context 0xe9bba158
03-27 20:23:33.797   905 12397 I ispbr   : 247, role_add: set 1 as s0
03-27 20:23:33.800   905 12413 E isp_alg_fw: 5899, ispalg_awb_init: fail to get ae monitor info
03-27 20:23:33.802   905 12397 I isp_alg_fw: 6548, ispalg_bypass_init: ae sw bypass123: 0
03-27 20:23:33.802   905 12397 I isp_alg_fw: 6549, ispalg_bypass_init: af sw bypass: 0
03-27 20:23:33.802   905 12397 I isp_alg_fw: 6550, ispalg_bypass_init: awb sw bypass: 0
03-27 20:23:33.802   905 12397 I isp_alg_fw: 6551, ispalg_bypass_init: lsc sw bypass: 0
03-27 20:23:33.802   905 12397 I isp_alg_fw: 6552, ispalg_bypass_init: afl sw bypass: 0
03-27 20:23:33.802   905 12397 I isp_alg_fw: 6553, ispalg_bypass_init: pdaf sw bypass: 0
03-27 20:23:33.802   905 12397 I isp_alg_fw: 6554, ispalg_bypass_init: smart sw bypass: 0
03-27 20:23:33.802   905 12408 W isp_alg_fw: 5743, ispalg_ae_init: cam1, mfnr param is not found. ret 0, num 0, ptr 0xe0346cd0
03-27 20:23:33.803   905 12408 W isp_alg_fw: 5753, ispalg_ae_init: warn: get ae sync param ret 0, num 0
03-27 20:23:33.803   905 12408 I isp_alg_fw: 5863, ispalg_ae_init: camera_id 1, is_master 0, is_multi_mode 0, sensor_role 0, flashIC_name ocp8137, flashIC_size 7
03-27 20:23:33.804   905 12413 I isp_alg_fw: 5924, ispalg_awb_init: awb get ae win 0 0 24 16 64 64
03-27 20:23:33.804   905 12413 I isp_alg_fw: 5958, ispalg_awb_init: AWB VERSION = 30002
03-27 20:23:33.804   905 12408 I ae_ctrl : 704, aectrl_init_adpt: aectrl_init_adpt, major_id:3, minor_id:2
03-27 20:23:33.804   905 12408 I ae_ctrl : 707, aectrl_init_adpt: AE3.X
03-27 20:23:33.804   905 12408 E ae_ctrl : 662, aectrl_init_lib: ae cxt: 0xe9dc1430
03-27 20:23:33.804   942   942 W Layer   : Hide layer Input Consumer recents_animation_input_consumer#15340 because zOrderRelativeOf = ActivityRecord{3768a16 u0 com.google.android.gm/.ConversationListActivityGmail#27062 is hide.
03-27 20:23:33.804   942   942 W Layer   : Hide layer Input Consumer recents_animation_input_consumer#15340 because zOrderRelativeOf = ActivityRecord{3768a16 u0 com.google.android.gm/.ConversationListActivityGmail#27062 is hide.
03-27 20:23:33.804   905 12417 I gtm_ctrl: 179, gtm_ctrl_init: done ret=0
03-27 20:23:33.804   905 12412 I isp_alg_fw: 6226, ispalg_af_init: camera_id 1, is_support 0, is_master 0, is_multi_mode 0, sensor_role 0, pdaf_type 0, otp_data 0x0
03-27 20:23:33.805   905 12415 I afl_ctrl: 511, afl_ctrl_init: afl version: built data: Aug 25 2021.
03-27 20:23:33.805   905 12415 I afl_ctrl: 512, afl_ctrl_init: afl version: built time: 19:03:08.
03-27 20:23:33.805   905 12415 I afl_ctrl: 513, afl_ctrl_init: afl version: built rev: 4.2.4.1.
03-27 20:23:33.805   905 12415 I deflicker: handle = 0xe0480434
03-27 20:23:33.805   905 12415 I deflicker: *handle = 0x0
03-27 20:23:33.805   905 12415 I deflicker: 118,antiflcker_sw_init:flicker_detection_library_version:CAM_ALGO_ISP_ANTIFLICKER_4.2.4.1_20210825-1902
03-27 20:23:33.805   905 12415 I deflicker: 121,antiflcker_sw_init:flicker detection library version:LIBVER[4.2.4.1][Aug 25 2021][19:03:09]
03-27 20:23:33.806  1038 10528 I libcameraservice_ext_hook: ICamera2ClientBase ext 0xb4000073d82f1030
03-27 20:23:33.806  1038 10528 D libcameraservice_ext_hook: ICamera3Device ext 0xb4000073c82ec470
03-27 20:23:33.806  1331  3672 D InputDispatcher: setInputWindows displayId=0 [Gesture Monitor] pip-resize cf1652a NavigationBar0 5465496 StatusBar Embedded{PipMenuView} Background for SurfaceView[com.whatsapp/com.whatsapp.calling.ui.VoipActivityV2]#28542 SurfaceView[com.whatsapp/com.whatsapp.calling.ui.VoipActivityV2](BLAST)#28541 d8c563e com.whatsapp/com.whatsapp.calling.ui.VoipActivityV2 25b3f4 ActivityRecordInputSink com.whatsapp/.calling.ui.VoipActivityV2 7225125 com.smartfit.app/com.smartfit.app.MainActivity 1f5e67e ActivityRecordInputSink com.smartfit.app/.MainActivity 3cac54b ActivityRecordInputSink com.whatsapp/.Conversation cfc9a62 ActivityRecordInputSink com.whatsapp/.home.ui.HomeActivity 75522f8 ActivityRecordInputSink com.android.chrome/org.chromium.chrome.browser.ChromeTabbedActivity recents_animation_input_consumer 8e45331 ActivityRecordInputSink com.google.android.gm/.ui.MailActivityGmail Dim layer#11752 Dim layer#11751 b6305f1 ActivityRecordInputSink com.android.launcher3/com.android.searchlauncher.SearchLauncher Wallpaper BBQ wrapper#11766
03-27 20:23:33.808   905 12416 I isp_alg_fw: 6565, ispalg_tof_init: tof don't support !
03-27 20:23:33.808   905 12415 I deflicker: 209,antiflcker_sw_init:inti 0xeb2a9490
03-27 20:23:33.811   905 12414 I isp_alg_fw: 6264, ispalg_pdaf_init: cam1 no pdaf 0 0x0
03-27 20:23:33.811   905 12423 I ai_sprd_adpt: 85, ai_sprd_adpt_init: 01_aci opt: min_frame_interval: 4.
03-27 20:23:33.811   905 12423 I ai_sprd_adpt: 86, ai_sprd_adpt_init: 01_aci opt: max_frame_interval: 150.
03-27 20:23:33.811   905 12423 I ai_sprd_adpt: 87, ai_sprd_adpt_init: 01_aci opt: thread_num: 1.
03-27 20:23:33.811   905 12423 I ai_sprd_adpt: 88, ai_sprd_adpt_init: 01_aci opt: sync_with_worker: 0.
03-27 20:23:33.811   905 12423 I ai_sprd_adpt: 103, ai_sprd_adpt_init: 02_aci opt: min_frame_interval:2, max_frame_interval:150,	thread_num:1, sync_with_worker:0, cameraId:1
03-27 20:23:33.811   905 12423 I AIC     : [AIC_CreateHandle,154]: enter
03-27 20:23:33.811   905 12423 I AIC     : [AIC_CreateHandle,165]: CAM_ALGO_CV_AIC2_LIBVER[2.0.11.1.1837053][Mar 14 2022][15:03:11]
03-27 20:23:33.812  1331  4259 E CameraService_proxy: Recent tasks don't include camera client package name: com.whatsapp
03-27 20:23:33.814  1038 10528 D cameraserver: FGS Logger Transaction failed
03-27 20:23:33.814  1038 10528 D cameraserver: -129
03-27 20:23:33.815 24402 27969 D BLASTBufferQueue: [VRI[StatusBar]#3](f:0,a:2) PendingRelease=1, PendingBuffersToHold=0, SyncedFrameNumbers=0, lacfnr:82627, lapfnr:82627
03-27 20:23:33.816 31984 11596 D audio_hw_primary: adev_set_parameters: enter: kvpairs - cameraFacing=front
03-27 20:23:33.819   910   910 I mali_gralloc: allocate: id=38e0001181d, hal_format=RGBA8888, mali_format=RGBA8888, afbc=false, usage=GPU_R, size=42x42(8064), stride=48, name=AHardwareBuffer pid [24402]
03-27 20:23:33.820 24402 24553 D mali_gralloc: register: id=38e0001181d, handle=0xb400007e6bfe3610, importpid=-1, gRegisteredHandles=52
03-27 20:23:33.820   905 12408 I flash_lib: 1120, flash_init: flashcorrect_debug 0
03-27 20:23:33.820   905 12408 D flash_lib: 1130, flash_init: FLASH_CORR>flag: 0 debug: 0 flashic:
03-27 20:23:33.820   905 12408 I flash_lib: 1216, flash_init: FLASH VERSION: CAM_ALGO_ISP_3A_FLASH_6.0_H1_20211120_1250
03-27 20:23:33.821   905 12423 I AIC     : [SdCreateHandle,41]: CAM_ALGO_CV_SD_LIBVER[3.0.9.0.1770589][Dec  3 2021][14:18:48]
03-27 20:23:33.821   905 12423 I AIC     : [Detector_create,66]: id = 1, dt = 0xeac8b690
03-27 20:23:33.826   942   942 W Layer   : Hide layer Input Consumer recents_animation_input_consumer#15340 because zOrderRelativeOf = ActivityRecord{3768a16 u0 com.google.android.gm/.ConversationListActivityGmail#27062 is hide.
03-27 20:23:33.826   942   942 W Layer   : Hide layer Input Consumer recents_animation_input_consumer#15340 because zOrderRelativeOf = ActivityRecord{3768a16 u0 com.google.android.gm/.ConversationListActivityGmail#27062 is hide.
03-27 20:23:33.827   905 12423 I AIC     : [Detector_create,76]: id = 1, dt->threadNum = 1
03-27 20:23:33.827   910   910 I mali_gralloc: allocate: id=38e0001181e, hal_format=RGBA8888, mali_format=RGBA8888, afbc=SPLIT, usage=GPU_RW|BACKBUF, size=588x786(1924096), stride=592, name=SurfaceTexture-0-30322-7
03-27 20:23:33.828  1331  4259 D InputDispatcher: setInputWindows displayId=0 [Gesture Monitor] pip-resize cf1652a NavigationBar0 5465496 StatusBar Embedded{PipMenuView} Background for SurfaceView[com.whatsapp/com.whatsapp.calling.ui.VoipActivityV2]#28542 SurfaceView[com.whatsapp/com.whatsapp.calling.ui.VoipActivityV2](BLAST)#28541 d8c563e com.whatsapp/com.whatsapp.calling.ui.VoipActivityV2 25b3f4 ActivityRecordInputSink com.whatsapp/.calling.ui.VoipActivityV2 7225125 com.smartfit.app/com.smartfit.app.MainActivity 1f5e67e ActivityRecordInputSink com.smartfit.app/.MainActivity 3cac54b ActivityRecordInputSink com.whatsapp/.Conversation cfc9a62 ActivityRecordInputSink com.whatsapp/.home.ui.HomeActivity 75522f8 ActivityRecordInputSink com.android.chrome/org.chromium.chrome.browser.ChromeTabbedActivity recents_animation_input_consumer 8e45331 ActivityRecordInputSink com.google.android.gm/.ui.MailActivityGmail Dim layer#11752 Dim layer#11751 b6305f1 ActivityRecordInputSink com.android.launcher3/com.android.searchlauncher.SearchLauncher Wallpaper BBQ wrapper#11766
03-27 20:23:33.828 30322 12380 D mali_gralloc: register: id=38e0001181e, handle=0xb400007e6bf802b0, importpid=-1, gRegisteredHandles=6
03-27 20:23:33.829   905 12415 I afl_ctrl: 483, aflctrl_create_thread: afl_ctrl thread rtn 0
03-27 20:23:33.829   905 12415 I afl_ctrl: 570, afl_ctrl_init: done 0
03-27 20:23:33.829   905 12415 I isp_alg_fw: 6054, ispalg_afl_init: done 0
03-27 20:23:33.830   910   910 I mali_gralloc: allocate: id=38e0001181f, hal_format=RGBA8888, mali_format=RGBA8888, afbc=false, usage=GPU_R, size=42x42(8064), stride=48, name=AHardwareBuffer pid [24402]
03-27 20:23:33.830   905 28962 E CamComm1.0-MD: Mismatched tag type when updating entry eisZoom (-2147483620) of type int32; got type byte data instead
03-27 20:23:33.831 24402 24553 D mali_gralloc: register: id=38e0001181f, handle=0xb400007e6bffb130, importpid=-1, gRegisteredHandles=53
03-27 20:23:33.833   905 12413 I isp_alg_fw: 5997, ispalg_awb_init: is_master 0, sensor_role 0, is_multi_mode 0
03-27 20:23:33.834   905 12413 I awb_ctrl: 311, awbctrl_create_thread: done 0
03-27 20:23:33.834   905 12413 I awb_ctrl: 140, awbctrl_init_adpt: front camera, camera_id = 1
03-27 20:23:33.835   905 12413 I awb_ctrl: 157, awbctrl_init_adpt: no pram file , Get the trunning param from upper layer!
03-27 20:23:33.835   905 12413 I awb_ctrl: 181, awbctrl_init_adpt: lib_param.version_id = 2 (isp3.2)
03-27 20:23:33.835   905 12413 I awb_adpt: 1191, awb_sprd_ctrl_init_v3_2: [awb_3x] start awb_sprd_ctrl_init
03-27 20:23:33.836  1038 10528 W cameraserver: createSurfaceFromGbp: Camera 1 with consumer usage flag: 256: Forcing asynchronous mode forstream
03-27 20:23:33.838   905 12410 I lsc_ctrl: 238, _lscctrl_create_thread: lsc_ctrl thread rtn 0
03-27 20:23:33.839   905 12423 I AIC     : [Detector_create,93]: dt->net = 0xead679b0
03-27 20:23:33.839   905 12423 I AIC     : [Detector_create,94]: dt->net sizeof = 4
03-27 20:23:33.839   905 12423 I AIC     : [Detector_create,95]: dt->net [] = 0xde999ed4
03-27 20:23:33.839   905 12423 I AIC     : [Detector_create,96]: dt->net buffer = 2977352
03-27 20:23:33.841  1038 10528 W cameraserver: createSurfaceFromGbp: Camera 1: Overriding format 0x1 to IMPLEMENTATION_DEFINED
03-27 20:23:33.843   905 12408 I ae_sprd_adpt: 7239, ae_load_fdr_lib: FDR dlsym ok
03-27 20:23:33.843   905 12408 I Libae[Misc]: 105,ae_get_mod:AE3.4 branch: trunk : CAM_ALGO_ISP_3A_AE_3.X_H40_20220430_1512, compile time:16:25:06-May 20 2022
03-27 20:23:33.846   905 12410 E lsc_sprd_adapt: 980, lsc_parser_otp: lsc otp_info_ptr is NULL
03-27 20:23:33.846   905 12410 E lsc_sprd_adapt: 1090, lsc_parser_otp: lsc module_info_ptr = 0x0. Parser fail !
03-27 20:23:33.846   905 12410 I lsc_sprd_adapt: 1229, lsc_load_lib: lib lsc v_count : 6, version id: 1, liblsc path :libalsc3.2.so
03-27 20:23:33.848   905 12413 I awb_adpt: 909, awbsprd_load_lib: awb lib v_count:7, version_id:2, version_name:libawb3.2.so
03-27 20:23:33.848   905 12413 I awb_adpt: 920, awbsprd_load_lib: dlopen awb lib successful
03-27 20:23:33.848   905 12409 E ATM     : atm version: CAM_ALGO_ISP_3A_ATM_3.0_H1_20211130-1904
03-27 20:23:33.848   905 12413 E awb_adpt: 1221, awb_sprd_ctrl_init_v3_2: load awb lib success!
03-27 20:23:33.848   905 12413 I awb_adpt: 1248, awb_sprd_ctrl_init_v3_2: is_multi_mode=0 , color_support=0
03-27 20:23:33.848   905 12409 I smart_ctrl: 1430, smart_ctl_parse_atm_tuning_param_v1: src ptr 0xdcd8a458
03-27 20:23:33.848   905 12413 I awb_adpt: 1267, awb_sprd_ctrl_init_v3_2: start parse the awb_otp_info
03-27 20:23:33.848   905 12413 E awb_adpt: 1078, _awb_parser_otp_info: awb otp info ptr is NULL
03-27 20:23:33.848   905 12413 E awb_adpt: 1150, _awb_parser_otp_info: awb awb_otp_info_ptr = 0x0, module_info_ptr = 0x0. Parser fail !
03-27 20:23:33.848   905 12413 I awb_adpt: 1269, awb_sprd_ctrl_init_v3_2: end parse the awb_otp_info
03-27 20:23:33.848   905 12413 I awb_adpt: 1271, awb_sprd_ctrl_init_v3_2: create the lock thread for awb success!
03-27 20:23:33.848   905 12413 E android.hardware.camera.provider@2.4-service: [AWBLIB][awb_init] [1390]awb version: AWB VERSION: CAM_ALGO_ISP_3A_AWB_3.2_H2_20221110_1730awb log info
03-27 20:23:33.849   905 12408 E Libae[Core]: 4852, aec_frame_sync_tune_param_parser: AE_sync param is NULL, just use the default param
03-27 20:23:33.849   905 12408 E Libae[Core]:
03-27 20:23:33.849   905 12409 I smart_ctrl: 1661, smart_ctl_init: done rtn 0
03-27 20:23:33.849   905 12409 I isp_alg_fw: 6111, ispalg_smart_init: done 0
03-27 20:23:33.849   905 12410 I android.hardware.camera.provider@2.4-service: [ALSC]: L 748, lsc_init_core: ALSC VERSION: CAM_ALGO_ISP_3A_ALSC_3.2_H8_20211129_1330 !
03-27 20:23:33.849   905 12408 I android.hardware.camera.provider@2.4-service: 218, s_q_open: valid num: exp: 2, sensor gain: 2, isp gain: 1
03-27 20:23:33.849   905 12408 I ae_ctrl : 730, aectrl_init_adpt: done 0
03-27 20:23:33.849   942   942 I Layer   : fillInputInfo layer:SurfaceView[com.whatsapp/com.whatsapp.calling.ui.VoipActivityV2](BLAST)#28541, visible=1 (hasInputInfo:1, isHidden:0, alpha:1.000000, parent:SurfaceView[com.whatsapp/com.whatsapp.calling.ui.VoipActivityV2]#28540,parenthidden:0, parentalpha:1.000000, mBuffer:1, mSidebandStream:0,hasSomethingToDraw:1, hasEffect:0, fillsColor:0, drawShadows:0, hasBlur:0)
03-27 20:23:33.849   942   942 W Layer   : Hide layer Input Consumer recents_animation_input_consumer#15340 because zOrderRelativeOf = ActivityRecord{3768a16 u0 com.google.android.gm/.ConversationListActivityGmail#27062 is hide.
03-27 20:23:33.849   942   942 W Layer   : Hide layer Input Consumer recents_animation_input_consumer#15340 because zOrderRelativeOf = ActivityRecord{3768a16 u0 com.google.android.gm/.ConversationListActivityGmail#27062 is hide.
03-27 20:23:33.850   905 12410 D android.hardware.camera.provider@2.4-service: [ALSC]: L 172, alsc_get_eng_cmd: eng_alsc_bypass_otp=0, eng_alsc_bypass=0, eng_alsc_table_index=9
03-27 20:23:33.850   905 12410 D android.hardware.camera.provider@2.4-service: [ALSC]: L 734, otp_init: lsc otp is not used!
03-27 20:23:33.850  1331  4259 D InputDispatcher: setInputWindows displayId=0 [Gesture Monitor] pip-resize cf1652a NavigationBar0 5465496 StatusBar Embedded{PipMenuView} d8c563e com.whatsapp/com.whatsapp.calling.ui.VoipActivityV2 SurfaceView[com.whatsapp/com.whatsapp.calling.ui.VoipActivityV2](BLAST)#28541 Background for SurfaceView[com.whatsapp/com.whatsapp.calling.ui.VoipActivityV2]#28542 25b3f4 ActivityRecordInputSink com.whatsapp/.calling.ui.VoipActivityV2 7225125 com.smartfit.app/com.smartfit.app.MainActivity 1f5e67e ActivityRecordInputSink com.smartfit.app/.MainActivity 3cac54b ActivityRecordInputSink com.whatsapp/.Conversation cfc9a62 ActivityRecordInputSink com.whatsapp/.home.ui.HomeActivity 75522f8 ActivityRecordInputSink com.android.chrome/org.chromium.chrome.browser.ChromeTabbedActivity recents_animation_input_consumer 8e45331 ActivityRecordInputSink com.google.android.gm/.ui.MailActivityGmail Dim layer#11752 Dim layer#11751 b6305f1 ActivityRecordInputSink com.android.launcher3/com.android.searchlauncher.SearchLauncher Wallpaper BBQ wrapper#11766
03-27 20:23:33.851   911  1023 D SPRDHWComposer: HWC Range:1, HWC_Transfer:4
03-27 20:23:33.851   911  1023 D mali_gralloc: register: id=38e0001181a, handle=0xb4000071bb4b7950, importpid=942, gRegisteredHandles=19
03-27 20:23:33.854   905 12410 I lsc_sprd_adapt: 2683, lsc_sprd_init: lsc init success rtn = 0, camera_id = 1
03-27 20:23:33.854   905 12410 I lsc_ctrl: 185, _lscctrl_init_lib: done 0
03-27 20:23:33.854   905 12410 I lsc_ctrl: 222, _lscctrl_init_adpt: done 0
03-27 20:23:33.854   910   910 I mali_gralloc: allocate: id=38e00011820, hal_format=RGBA8888, mali_format=RGBA8888, afbc=SPLIT, usage=GPU_RW|HWC, size=720x1600(4680704), stride=720, name=VRI[VoipActivityV2]#44(BLAST Consumer)44
03-27 20:23:33.857 30322 30478 D mali_gralloc: register: id=38e00011820, handle=0xb400007e6c021530, importpid=-1, gRegisteredHandles=7
03-27 20:23:33.857   910   910 I mali_gralloc: allocate: id=38e00011821, hal_format=RGBA8888, mali_format=RGBA8888, afbc=false, usage=GPU_R, size=42x42(8064), stride=48, name=AHardwareBuffer pid [24402]
03-27 20:23:33.857   905 12413 E awb_adpt: 365, _awb_read_gain: read_gain from:/data/vendor/cameraserver/camera_1_awb.file, camera_id[1]: 1752, 1024, 1393, 6997
03-27 20:23:33.858 24402 24553 D mali_gralloc: register: id=38e00011821, handle=0xb400007e6c05f570, importpid=-1, gRegisteredHandles=54
03-27 20:23:33.858   905 12413 I awb_adpt: 1363, awb_sprd_ctrl_init_v3_2: done
03-27 20:23:33.858   905 12413 I awb_ctrl: 113, awbctrl_init_lib: done 0
03-27 20:23:33.858   905 12413 I awb_ctrl: 200, awbctrl_init_adpt: done 0
03-27 20:23:33.858   905 12413 I isp_alg_fw: 6004, ispalg_awb_init: done 0
03-27 20:23:33.858   905 12397 I isp_alg_fw: 7336, get_prop_ctrl: is_raw_cap 0, tool_eb 0, dbg_hwsim 0, dump_lsc 0, dump_aem 0
03-27 20:23:33.858   905 12397 I isp_alg_fw: 7437, isp_alg_fw_init_async: cam1 done, alg enable 1, init 1
03-27 20:23:33.862   942  2327 D mali_gralloc: register: id=38e00011820, handle=0xb400007bafd25410, importpid=30322, gRegisteredHandles=24
03-27 20:23:33.866 24402 27969 D BLASTBufferQueue: [VRI[StatusBar]#3](f:0,a:4) PendingRelease=1, PendingBuffersToHold=0, SyncedFrameNumbers=0, lacfnr:82630, lapfnr:82630
03-27 20:23:33.869   905 12394 I cmr_oem : 9288, camera_init_thread_proc: cb thread inited
03-27 20:23:33.869  1038 10528 D UnisocCamera3Device: Camera3Device update
03-27 20:23:33.870   905 28962 I Cam3HWI : 1134, configureStreams: :hal3: camId=1, prev: w=640, h=480, video: w=0, h=0, callback: w=0, h=0, yuv2: w=640, h=480, cap: w=0, h=0 yuv3: w=0, h=0,
03-27 20:23:33.871   942   942 W Layer   : Hide layer Input Consumer recents_animation_input_consumer#15340 because zOrderRelativeOf = ActivityRecord{3768a16 u0 com.google.android.gm/.ConversationListActivityGmail#27062 is hide.
03-27 20:23:33.871   942   942 W Layer   : Hide layer Input Consumer recents_animation_input_consumer#15340 because zOrderRelativeOf = ActivityRecord{3768a16 u0 com.google.android.gm/.ConversationListActivityGmail#27062 is hide.
03-27 20:23:33.872  1331  4259 D InputDispatcher: setInputWindows displayId=0 [Gesture Monitor] pip-resize cf1652a NavigationBar0 5465496 StatusBar Embedded{PipMenuView} d8c563e com.whatsapp/com.whatsapp.calling.ui.VoipActivityV2 SurfaceView[com.whatsapp/com.whatsapp.calling.ui.VoipActivityV2](BLAST)#28541 Background for SurfaceView[com.whatsapp/com.whatsapp.calling.ui.VoipActivityV2]#28542 25b3f4 ActivityRecordInputSink com.whatsapp/.calling.ui.VoipActivityV2 7225125 com.smartfit.app/com.smartfit.app.MainActivity 1f5e67e ActivityRecordInputSink com.smartfit.app/.MainActivity 3cac54b ActivityRecordInputSink com.whatsapp/.Conversation cfc9a62 ActivityRecordInputSink com.whatsapp/.home.ui.HomeActivity 75522f8 ActivityRecordInputSink com.android.chrome/org.chromium.chrome.browser.ChromeTabbedActivity recents_animation_input_consumer 8e45331 ActivityRecordInputSink com.google.android.gm/.ui.MailActivityGmail Dim layer#11752 Dim layer#11751 b6305f1 ActivityRecordInputSink com.android.launcher3/com.android.searchlauncher.SearchLauncher Wallpaper BBQ wrapper#11766
03-27 20:23:33.872   911  1023 D mali_gralloc: register: id=38e00011820, handle=0xb4000071bb4b2f10, importpid=942, gRegisteredHandles=20
03-27 20:23:33.878  1038 10528 D Camera3-Device: Set real time priority for request queue thread (tid 12425)
03-27 20:23:33.881  1038 10528 D UnisocCamera3Device: Camera3Device slowmotion get
03-27 20:23:33.881 24402 27969 D BLASTBufferQueue: [VRI[StatusBar]#3](f:0,a:4) PendingRelease=1, PendingBuffersToHold=0, SyncedFrameNumbers=0, lacfnr:82631, lapfnr:82631
03-27 20:23:33.881  1038 10528 I Camera3-Device: mSlowMotion=1, mSlowMotionCnt=0
03-27 20:23:33.881  1038 12425 D UnisocCamera3Device: Camera3Device update
03-27 20:23:33.886   910  1004 I mali_gralloc: allocate: id=38e00011822, hal_format=RGBA8888, mali_format=RGBA8888, afbc=false, usage=GPU_R, size=42x42(8064), stride=48, name=AHardwareBuffer pid [24402]
03-27 20:23:33.887 24402 24553 D mali_gralloc: register: id=38e00011822, handle=0xb400007e6c13df30, importpid=-1, gRegisteredHandles=55
03-27 20:23:33.888   910   910 I mali_gralloc: allocate: id=38e00011823, hal_format=IMPL-DEF, mali_format=NV21, afbc=false, usage=CPU_R|GPU_R|WIDE, size=640x480(460864), stride=640, name=SurfaceTexture-4-30322-8
03-27 20:23:33.889   905 12385 I hw_sensor: 1053, hw_Sensor_SendRegTabToSensor: X:reg_count 263, sensor_id 1
03-27 20:23:33.889   905 12385 I sns_drv_u: 844, sensor_ctrl_thread_proc: evt 526345
03-27 20:23:33.889   905 12385 I sns_drv_u: 5800, sensor_calic_sns_otp: E
03-27 20:23:33.889   905 12385 I gc08a3_sharkl2: 403, gc08a3_drv_access_val: sensor gc08a3: param_ptr->type=4
03-27 20:23:33.889 30322 30382 D mali_gralloc: register: id=38e00011823, handle=0xb400007e6c037310, importpid=-1, gRegisteredHandles=8
03-27 20:23:33.890  1038 12425 D mali_gralloc: register: id=38e00011823, handle=0xb4000074c82ee4b0, importpid=30322, gRegisteredHandles=0
03-27 20:23:33.892   910   910 I mali_gralloc: allocate: id=38e00011824, hal_format=YCbCr420-888, mali_format=NV21, afbc=false, usage=CPU_R, size=640x480(460864), stride=640, name=ImageReader-640x480f23m3-30322-4
03-27 20:23:33.893 30322 30382 D mali_gralloc: register: id=38e00011824, handle=0xb400007e6bf855f0, importpid=-1, gRegisteredHandles=9
03-27 20:23:33.893   942   942 W Layer   : Hide layer Input Consumer recents_animation_input_consumer#15340 because zOrderRelativeOf = ActivityRecord{3768a16 u0 com.google.android.gm/.ConversationListActivityGmail#27062 is hide.
03-27 20:23:33.893   942   942 W Layer   : Hide layer Input Consumer recents_animation_input_consumer#15340 because zOrderRelativeOf = ActivityRecord{3768a16 u0 com.google.android.gm/.ConversationListActivityGmail#27062 is hide.
03-27 20:23:33.893  1038 12425 D mali_gralloc: register: id=38e00011824, handle=0xb4000074c82f1510, importpid=30322, gRegisteredHandles=1
03-27 20:23:33.894  1331  4259 D InputDispatcher: setInputWindows displayId=0 [Gesture Monitor] pip-resize cf1652a NavigationBar0 5465496 StatusBar Embedded{PipMenuView} d8c563e com.whatsapp/com.whatsapp.calling.ui.VoipActivityV2 SurfaceView[com.whatsapp/com.whatsapp.calling.ui.VoipActivityV2](BLAST)#28541 Background for SurfaceView[com.whatsapp/com.whatsapp.calling.ui.VoipActivityV2]#28542 25b3f4 ActivityRecordInputSink com.whatsapp/.calling.ui.VoipActivityV2 7225125 com.smartfit.app/com.smartfit.app.MainActivity 1f5e67e ActivityRecordInputSink com.smartfit.app/.MainActivity 3cac54b ActivityRecordInputSink com.whatsapp/.Conversation cfc9a62 ActivityRecordInputSink com.whatsapp/.home.ui.HomeActivity 75522f8 ActivityRecordInputSink com.android.chrome/org.chromium.chrome.browser.ChromeTabbedActivity recents_animation_input_consumer 8e45331 ActivityRecordInputSink com.google.android.gm/.ui.MailActivityGmail Dim layer#11752 Dim layer#11751 b6305f1 ActivityRecordInputSink com.android.launcher3/com.android.searchlauncher.SearchLauncher Wallpaper BBQ wrapper#11766
03-27 20:23:33.895   905  1312 D mali_gralloc: register: id=38e00011823, handle=0xde500a60, importpid=1038, gRegisteredHandles=0
03-27 20:23:33.895   905  1312 D mali_gralloc: register: id=38e00011824, handle=0xde502590, importpid=1038, gRegisteredHandles=1
03-27 20:23:33.895   905  1312 I OEMCam  : 422, camera_get_preview_rot_angle: done 0
03-27 20:23:33.895   905  1312 I Cam3OEMIf: 9748, SetCameraParaTag: after crop ae region mCameraId 1, x, y, w, h, 0 0 0 0
03-27 20:23:33.896   905  1312 W cmr_focus: 804, af_mode_to_isp: af_mode 3 isp_af_mode 0
03-27 20:23:33.897   905  1312 I Cam3OEMIf: 3709, startPreviewInternal: E camera id 1
03-27 20:23:33.897   905  1312 I cmr_oem : 10919, camera_set_3dnr_video: is_3dnr_video 0
03-27 20:23:33.897   905  1312 I cmr_oem : 10954, camera_get_af_support: af_support 0
03-27 20:23:33.897   905  1312 I Cam3OEMIf: 3825, startPreviewInternal: mTopAppId is 128
03-27 20:23:33.897   905  1312 I Cam3OEMIf: 3853, startPreviewInternal: 3rd party app ,open mfnr
03-27 20:23:33.897   905 12394 I cmr_oem : 9292, camera_init_thread_proc: wait here
03-27 20:23:33.897   905 12384 I cmr_sensor: 959, cmr_sns_thread_proc: evt 524548
03-27 20:23:33.897   905 12384 I cmr_sensor: 1379, cmr_sns_ioctl: cmd = 45, arg = 0xde4363b0.
03-27 20:23:33.897   905 12384 I gc08a3_sharkl2: 403, gc08a3_drv_access_val: sensor gc08a3: param_ptr->type=1f
03-27 20:23:33.897   905  1312 I cmr_oem : 14519, camera_get_preview_param: video_snapshot_type=0
03-27 20:23:33.898   905 12384 I cmr_sensor: 959, cmr_sns_thread_proc: evt 524548
03-27 20:23:33.898   905 12384 I cmr_sensor: 1379, cmr_sns_ioctl: cmd = 45, arg = 0xdcca5058.
03-27 20:23:33.898   905 12384 I gc08a3_sharkl2: 403, gc08a3_drv_access_val: sensor gc08a3: param_ptr->type=11
03-27 20:23:33.898   905 12384 I gc08a3_sharkl2: 386, gc08a3_drv_get_fps_info: mode 1, max_fps: 30
03-27 20:23:33.898   905 12384 I gc08a3_sharkl2: 387, gc08a3_drv_get_fps_info: min_fps: 1
03-27 20:23:33.898   905 12384 I gc08a3_sharkl2: 388, gc08a3_drv_get_fps_info: is_high_fps: 0
03-27 20:23:33.898   905 12384 I gc08a3_sharkl2: 389, gc08a3_drv_get_fps_info: high_fps_skip_num: 0
03-27 20:23:33.898   905 12384 I cmr_sensor: 959, cmr_sns_thread_proc: evt 524548
03-27 20:23:33.898   905 12384 I cmr_sensor: 1379, cmr_sns_ioctl: cmd = 45, arg = 0xdcca5058.
03-27 20:23:33.898   905 12384 I gc08a3_sharkl2: 403, gc08a3_drv_access_val: sensor gc08a3: param_ptr->type=11
03-27 20:23:33.898   905 12384 I gc08a3_sharkl2: 386, gc08a3_drv_get_fps_info: mode 1, max_fps: 30
03-27 20:23:33.898   905 12384 I gc08a3_sharkl2: 387, gc08a3_drv_get_fps_info: min_fps: 1
03-27 20:23:33.898   905 12384 I gc08a3_sharkl2: 388, gc08a3_drv_get_fps_info: is_high_fps: 0
03-27 20:23:33.898   905 12384 I gc08a3_sharkl2: 389, gc08a3_drv_get_fps_info: high_fps_skip_num: 0
03-27 20:23:33.898   905 12402 I cmr_prev: 7567, prev_get_sensor_mode: app_mode = -1
03-27 20:23:33.899   905 12402 I cmr_mm_dvfs: 171, set_dcam_dvfs_policy: set dvfs-> dcam-if done, freq is 192000000
03-27 20:23:33.899   905 12402 I cmr_mm_dvfs: 280, set_isp_dvfs_policy: set dvfs-> isp done, freq is max
03-27 20:23:33.899   905 12402 I cmr_prev: 4618, prev_pre_set: camera_id:1 sensor_mode = 1
03-27 20:23:33.899   905 12402 I cmr_oem : 10614, camera_preview_pre_proc: camera id 1
03-27 20:23:33.899   905 12402 I cmr_oem : 10619, camera_preview_pre_proc: sensor work mode 1
03-27 20:23:33.899   905 12384 I cmr_sensor: 959, cmr_sns_thread_proc: evt 524549
03-27 20:23:33.899   905 12384 I sns_drv_u: 1159, sensor_set_mode_msg: mode = 1.
03-27 20:23:33.899   905 12384 I sns_drv_u: 1176, sensor_set_mode_msg: is_async: yes, phyid: 1
03-27 20:23:33.899   905 12385 I sns_drv_u: 844, sensor_ctrl_thread_proc: evt 526338
03-27 20:23:33.900   905 12402 I cmr_oem : 20322, camera_get_remosaic_type: remosaic_type=0
03-27 20:23:33.900   905 12385 I sns_drv_u: 1231, sensor_set_mode: mode = 1.
03-27 20:23:33.900   905 12385 I hw_sensor: 397, hw_sensor_set_mclk: mclk 24, ret 0
03-27 20:23:33.900   905 12385 I hw_sensor: 1033, hw_Sensor_SendRegTabToSensor: E:burst_mode 0, sensor_id 1
03-27 20:23:33.900   905 12402 I DMABUFHEAPS: Using DMA-BUF heap named: system
03-27 20:23:33.901   905 12384 I cmr_sensor: 959, cmr_sns_thread_proc: evt 524548
03-27 20:23:33.901   905 12384 I cmr_sensor: 1379, cmr_sns_ioctl: cmd = 45, arg = 0xdcca4328.
03-27 20:23:33.901   905 12384 I gc08a3_sharkl2: 403, gc08a3_drv_access_val: sensor gc08a3: param_ptr->type=11
03-27 20:23:33.901   905 12384 I gc08a3_sharkl2: 386, gc08a3_drv_get_fps_info: mode 1, max_fps: 30
03-27 20:23:33.901   905 12384 I gc08a3_sharkl2: 387, gc08a3_drv_get_fps_info: min_fps: 1
03-27 20:23:33.901   905 12384 I gc08a3_sharkl2: 388, gc08a3_drv_get_fps_info: is_high_fps: 0
03-27 20:23:33.901   905 12384 I gc08a3_sharkl2: 389, gc08a3_drv_get_fps_info: high_fps_skip_num: 0
03-27 20:23:33.901   905 12402 I cmr_grab: 488, cmr_grab_if_cfg: not support power opt
03-27 20:23:33.901   905 12402 I cmr_grab: 497, cmr_grab_if_cfg: ret 0, if type 1, mode 3, deci 0, status 0
03-27 20:23:33.901   905 12402 I cmr_grab: 556, cmr_grab_sn_cfg: sn_trim x y w h 0, 0, 1632, 1224
03-27 20:23:33.901   905 12402 I cmr_grab: 570, cmr_grab_sn_cfg: sensor_max_size: w=3264, h=2448
03-27 20:23:33.901   905 12402 I cmr_oem : 20322, camera_get_remosaic_type: remosaic_type=0
03-27 20:23:33.901   905 12402 I cmr_grab: 777, cmr_grab_cap_cfg: frm_num -1, dst width 640, dst height 480,slowmotion 0,is_high_fps:0, high_fps_skip_num:0, src_img_fmt 48,dst_img_fmt 16, 4in1 0, fdr 0, is_sync_num 0.
03-27 20:23:33.901   905 12402 I cmr_grab: 854, cmr_grab_cap_cfg: 0, 0
03-27 20:23:33.901   905 12402 I cmr_grab: 856, cmr_grab_cap_cfg: fdr_preview_captured_num = 0, zoom_conflict_ltm = 0
03-27 20:23:33.901   905 12402 I cmr_grab: 612, cmr_grab_cap_cfg_common: chn_id=1, regu_mode=0, pdaf_ctrl=0 0, deci_factor=0, cfg_isp=0, chn_skip_num=0
03-27 20:23:33.901   905 12402 I cmr_grab: 682, cmr_grab_cap_cfg_common: crop_rect in hex:0,0,660,4c8, crop_rect in dec:0,0,1632,1224, total_rect: 0,0,0,0
03-27 20:23:33.901   905 12402 I cmr_grab: 719, cmr_grab_cap_cfg_common: SPRD_IMG_IO_CHECK_FMT fmt 1 640 480 0x3132564e 1 flip:0
03-27 20:23:33.903   905 12402 I cmr_grab: 2281, cmr_grab_get_data_endian: y uv endian 0 2 0 0
03-27 20:23:33.903   905 12384 I cmr_sensor: 959, cmr_sns_thread_proc: evt 524548
03-27 20:23:33.903   905 12384 I cmr_sensor: 1379, cmr_sns_ioctl: cmd = 45, arg = 0xdcca32d8.
03-27 20:23:33.903   905 12384 I gc08a3_sharkl2: 403, gc08a3_drv_access_val: sensor gc08a3: param_ptr->type=11
03-27 20:23:33.903   905 12384 I gc08a3_sharkl2: 386, gc08a3_drv_get_fps_info: mode 1, max_fps: 30
03-27 20:23:33.903   905 12384 I gc08a3_sharkl2: 387, gc08a3_drv_get_fps_info: min_fps: 1
03-27 20:23:33.903   905 12384 I gc08a3_sharkl2: 388, gc08a3_drv_get_fps_info: is_high_fps: 0
03-27 20:23:33.903   905 12384 I gc08a3_sharkl2: 389, gc08a3_drv_get_fps_info: high_fps_skip_num: 0
03-27 20:23:33.903   905 12402 I cmr_grab: 488, cmr_grab_if_cfg: not support power opt
03-27 20:23:33.903   905 12402 I cmr_grab: 497, cmr_grab_if_cfg: ret 0, if type 1, mode 3, deci 0, status 0
03-27 20:23:33.903   905 12402 I cmr_grab: 556, cmr_grab_sn_cfg: sn_trim x y w h 0, 0, 1632, 1224
03-27 20:23:33.903   905 12402 I cmr_grab: 570, cmr_grab_sn_cfg: sensor_max_size: w=3264, h=2448
03-27 20:23:33.903   905 12402 I cmr_oem : 20322, camera_get_remosaic_type: remosaic_type=0
03-27 20:23:33.903   905 12402 I cmr_grab: 777, cmr_grab_cap_cfg: frm_num -1, dst width 640, dst height 480,slowmotion 0,is_high_fps:0, high_fps_skip_num:0, src_img_fmt 48,dst_img_fmt 16, 4in1 0, fdr 0, is_sync_num 0.
03-27 20:23:33.903   905 12402 I cmr_grab: 854, cmr_grab_cap_cfg: 0, 0
03-27 20:23:33.904   905 12402 I cmr_grab: 856, cmr_grab_cap_cfg: fdr_preview_captured_num = 0, zoom_conflict_ltm = 0
03-27 20:23:33.904   905 12402 I cmr_grab: 612, cmr_grab_cap_cfg_common: chn_id=2, regu_mode=0, pdaf_ctrl=0 0, deci_factor=0, cfg_isp=0, chn_skip_num=0
03-27 20:23:33.904   905 12402 I cmr_grab: 682, cmr_grab_cap_cfg_common: crop_rect in hex:0,0,660,4c8, crop_rect in dec:0,0,1632,1224, total_rect: 0,0,0,0
03-27 20:23:33.904   905 12402 I cmr_grab: 719, cmr_grab_cap_cfg_common: SPRD_IMG_IO_CHECK_FMT fmt 2 640 480 0x3132564e 1 flip:0
03-27 20:23:33.904   905 12402 I cmr_grab: 2281, cmr_grab_get_data_endian: y uv endian 0 2 0 0
03-27 20:23:33.904 24402 27969 D BLASTBufferQueue: [VRI[StatusBar]#3](f:0,a:4) PendingRelease=1, PendingBuffersToHold=0, SyncedFrameNumbers=0, lacfnr:82632, lapfnr:82632
03-27 20:23:33.904   905  1312 I cmr_oem : 14691, camera_set_preview_param: prev mode 1 chn id 1 snp mode 0 snp_chn_id 0
03-27 20:23:33.904   905  1312 I cmr_oem : 14692, camera_set_preview_param: rot angle 0
03-27 20:23:33.906   905 12421 I ae_sprd_adpt: 5430, ae_set_auto_hdr: hdr_menu 0
03-27 20:23:33.907   905 12402 I cmr_oem : 20322, camera_get_remosaic_type: remosaic_type=0
03-27 20:23:33.908   905 12384 I cmr_sensor: 959, cmr_sns_thread_proc: evt 524548
03-27 20:23:33.908   905 12384 I cmr_sensor: 1379, cmr_sns_ioctl: cmd = 45, arg = 0xdcca3298.
03-27 20:23:33.908   905 12384 I gc08a3_sharkl2: 403, gc08a3_drv_access_val: sensor gc08a3: param_ptr->type=11
03-27 20:23:33.908   905 12384 I gc08a3_sharkl2: 386, gc08a3_drv_get_fps_info: mode 1, max_fps: 30
03-27 20:23:33.908   905 12384 I gc08a3_sharkl2: 387, gc08a3_drv_get_fps_info: min_fps: 1
03-27 20:23:33.908   905 12384 I gc08a3_sharkl2: 388, gc08a3_drv_get_fps_info: is_high_fps: 0
03-27 20:23:33.908   905 12384 I gc08a3_sharkl2: 389, gc08a3_drv_get_fps_info: high_fps_skip_num: 0
