03-27 20:23:41.133   905 12441 E Cam3Channel: 1588, getMetadata: AE or AF callback error, give default metadata 0xe0411ff0
03-27 20:23:41.134   942  1386 D mali_gralloc: register: id=38e00011891, handle=0xb400007bafd2d0f0, importpid=32238, gRegisteredHandles=39
03-27 20:23:41.135   910  1004 I mali_gralloc: allocate: id=38e00011893, hal_format=RGBA8888, mali_format=RGBA8888, afbc=SPLIT, usage=GPU_RW|HWC, size=720x1600(4680704), stride=720, name=VRI[SearchLauncher]#203(BLAST Consumer)203
03-27 20:23:41.135   905 12384 I cmr_sensor: 959, cmr_sns_thread_proc: evt 524548
03-27 20:23:41.135   905 12384 I cmr_sensor: 1379, cmr_sns_ioctl: cmd = 45, arg = 0xdbe58530.
03-27 20:23:41.135   905 12384 I gc08a3_sharkl2: 403, gc08a3_drv_access_val: sensor gc08a3: param_ptr->type=22
03-27 20:23:41.135 32238 12526 D mali_gralloc: register: id=38e00011893, handle=0xb400007e6bf9d7d0, importpid=-1, gRegisteredHandles=64
03-27 20:23:41.137 24402 27087 D BLASTBufferQueue: [VRI[NavigationBar0]#1](f:0,a:3) PendingRelease=2, PendingBuffersToHold=1, SyncedFrameNumbers=0, lacfnr:39891, lapfnr:39891
03-27 20:23:41.137 24402 27087 D BLASTBufferQueue: [VRI[NavigationBar0]#1](f:0,a:2) PendingRelease=1, PendingBuffersToHold=1, SyncedFrameNumbers=0, lacfnr:39891, lapfnr:39891
03-27 20:23:41.138   910  1004 I mali_gralloc: allocate: id=38e00011894, hal_format=RGBA8888, mali_format=RGBA8888, afbc=SPLIT, usage=GPU_RW|HWC, size=720x1600(4680704), stride=720, name=VRI[SearchLauncher]#203(BLAST Consumer)203
03-27 20:23:41.139   928   928 D PowerHAL: enter power::setMode
03-27 20:23:41.139   928   928 D PowerHAL: PowerSessionManager::updateHintMode: mode: LAUNCH, enabled: 0
03-27 20:23:41.139   928   928 D PowerHAL: PowerSessionManager::updateHintMode resValue = 0
03-27 20:23:41.139   928   928 D PowerHAL: ###Exit launch scene bgn###
03-27 20:23:41.139   928   928 D PowerHAL: Enter common_set: enable:0, duration: 0, /sys/devices/system/cpu/cpufreq/policy0/scaling_min_freq: 1820000
03-27 20:23:41.139   928   928 D PowerHAL: Enter set_cluster_freqs_max_min:
03-27 20:23:41.139   928   928 D PowerHAL: Enter common_set: enable:0, duration: 0, /sys/devices/system/cpu/cpufreq/policy0/scaling_max_freq: 1820000
03-27 20:23:41.139   928   928 D PowerHAL: Enter set_cluster_freqs_max_min:
03-27 20:23:41.139   928   928 D PowerHAL: Enter common_set: enable:0, duration: 0, /sys/devices/system/cpu/cpufreq/policy6/scaling_min_freq: 2028000
03-27 20:23:41.139   928   928 D PowerHAL: Enter set_cluster_freqs_max_min:
03-27 20:23:41.139   928   928 D PowerHAL: Enter common_set: enable:0, duration: 0, /sys/devices/system/cpu/cpufreq/policy6/scaling_max_freq: 2028000
03-27 20:23:41.139   928   928 D PowerHAL: Enter set_cluster_freqs_max_min:
03-27 20:23:41.139   928   928 D PowerHAL: Enter devfreq_ddr_set: enable:0, duration: 0, /sys/class/devfreq/scene-frequency/sprd-governor/scene_boost_dfs: max
03-27 20:23:41.139 24402 27087 D BLASTBufferQueue: [VRI[StatusBar]#3](f:0,a:4) PendingRelease=2, PendingBuffersToHold=1, SyncedFrameNumbers=0, lacfnr:82718, lapfnr:82718
03-27 20:23:41.139   928   928 D PowerHAL: ###Exit launch scene end###
03-27 20:23:41.139 24402 27087 D BLASTBufferQueue: [VRI[StatusBar]#3](f:0,a:3) PendingRelease=1, PendingBuffersToHold=1, SyncedFrameNumbers=0, lacfnr:82718, lapfnr:82718
03-27 20:23:41.140 32238 12526 D mali_gralloc: register: id=38e00011894, handle=0xb400007e6bfc7e30, importpid=-1, gRegisteredHandles=65
03-27 20:23:41.142   942   942 W Layer   : Hide layer Input Consumer recents_animation_input_consumer#15340 because zOrderRelativeOf = ActivityRecord{3768a16 u0 com.google.android.gm/.ConversationListActivityGmail#27062 is hide.
03-27 20:23:41.142   942   942 W Layer   : Hide layer Input Consumer recents_animation_input_consumer#15340 because zOrderRelativeOf = ActivityRecord{3768a16 u0 com.google.android.gm/.ConversationListActivityGmail#27062 is hide.
03-27 20:23:41.144  1331  4265 D InputDispatcher: setInputWindows displayId=0 913ef03 ScreenDecorOverlay [Gesture Monitor] pip-resize cf1652a NavigationBar0 5465496 StatusBar pip_input_consumer Embedded{PipMenuView} d8c563e com.whatsapp/com.whatsapp.calling.ui.VoipActivityV2 SurfaceView[com.whatsapp/com.whatsapp.calling.ui.VoipActivityV2](BLAST)#28541 Background for SurfaceView[com.whatsapp/com.whatsapp.calling.ui.VoipActivityV2]#28542 25b3f4 ActivityRecordInputSink com.whatsapp/.calling.ui.VoipActivityV2 57da68d Splash Screen com.smartfit.app.test ee762c0 com.smartfit.app.test/androidx.test.core.app.InstrumentationActivityInvoker$EmptyActivity 498adea ActivityRecordInputSink com.smartfit.app.test/androidx.test.core.app.InstrumentationActivityInvoker$EmptyActivity fd50001 com.smartfit.app/com.smartfit.app.MainActivity 62fd091 ActivityRecordInputSink com.smartfit.app/.MainActivity 3cac54b ActivityRecordInputSink com.whatsapp/.Conversation cfc9a62 ActivityRecordInputSink com.whatsapp/.home.ui.HomeActivity 75522f8 ActivityRecordInputSink com.android.chrome/org
03-27 20:23:41.144   905 28962 E Cam3OEMIf: 12560, queueBuffer: mFtEnable 0
03-27 20:23:41.147 32238 32435 D QuickstepModelDelegate: notifyAppTargetEvent action=1 launchLocation=workspace/1/[-1,-1]/[1,1]
03-27 20:23:41.150   905 12421 I sprd_hdr_adapter: L 200, sprd_hdr_adpt_detect: detect current hdr type: 2, detect_in_param: 0xdb33cbe0, detect_out_param: 0xdb33cd40
03-27 20:23:41.150   905 12422 I isp_blk_cmc10: 268, _pm_cmc10_set_param: cmc_result: (2437 14875 95; 16086 1352 16353; 146 15156 2104).
03-27 20:23:41.150   905 12422 E isp_alg_fw: 3931, ispalg_gtm_process: hist_total is 0, gtm no process !!!
03-27 20:23:41.150   905 12437 E awb_adpt: 1469, awb_sprd_ctrl_calculation_v3_2: check handle success
03-27 20:23:41.152   905 12421 E Libae[FAE]: 1926, face_luma_calc: NO FACE
03-27 20:23:41.152   905 12421 W Libae[ABL]: 585,abl_bv_interpolation:tune param num should bigger than 1
03-27 20:23:41.153 24402 27087 D BLASTBufferQueue: [VRI[NavigationBar0]#1](f:0,a:4) PendingRelease=2, PendingBuffersToHold=1, SyncedFrameNumbers=0, lacfnr:39893, lapfnr:39893
03-27 20:23:41.153   905 12421 I cmr_oem : 10954, camera_get_af_support: af_support 0
03-27 20:23:41.153 24402 27087 D BLASTBufferQueue: [VRI[NavigationBar0]#1](f:0,a:3) PendingRelease=1, PendingBuffersToHold=1, SyncedFrameNumbers=0, lacfnr:39893, lapfnr:39893
03-27 20:23:41.153 24402 27087 D BLASTBufferQueue: [VRI[StatusBar]#3](f:0,a:4) PendingRelease=2, PendingBuffersToHold=1, SyncedFrameNumbers=0, lacfnr:82719, lapfnr:82719
03-27 20:23:41.153 24402 27087 D BLASTBufferQueue: [VRI[StatusBar]#3](f:0,a:3) PendingRelease=1, PendingBuffersToHold=1, SyncedFrameNumbers=0, lacfnr:82719, lapfnr:82719
03-27 20:23:41.156   910  1004 I mali_gralloc: allocate: id=38e00011895, hal_format=RGBA8888, mali_format=RGBA8888, afbc=false, usage=CPU_RW|GPU_RW|HWC, size=576x1280(2949120), stride=576, name=screenshot
03-27 20:23:41.156   942  1387 D mali_gralloc: register: id=38e00011895, handle=0xb400007bafd20670, importpid=-1, gRegisteredHandles=40
03-27 20:23:41.159   942   942 W Layer   : Hide layer Input Consumer recents_animation_input_consumer#15340 because zOrderRelativeOf = ActivityRecord{3768a16 u0 com.google.android.gm/.ConversationListActivityGmail#27062 is hide.
03-27 20:23:41.159   942   942 W Layer   : Hide layer Input Consumer recents_animation_input_consumer#15340 because zOrderRelativeOf = ActivityRecord{3768a16 u0 com.google.android.gm/.ConversationListActivityGmail#27062 is hide.
03-27 20:23:41.159   942   942 I Layer   : fillInputInfo layer:Wallpaper BBQ wrapper#11766, visible=1 (hasInputInfo:1, isHidden:0, alpha:1.000000, parent:com.android.systemui.wallpapers.ImageWallpaper#11765,parenthidden:0, parentalpha:1.000000, mBuffer:1, mSidebandStream:0,hasSomethingToDraw:1, hasEffect:0, fillsColor:0, drawShadows:0, hasBlur:0)
03-27 20:23:41.159   942   942 I Layer   : fillInputInfo layer:com.android.systemui.wallpapers.ImageWallpaper#11765, visible=1 (hasInputInfo:1, isHidden:0, alpha:1.000000, parent:40061be com.android.systemui.wallpapers.ImageWallpaper#11764,parenthidden:0, parentalpha:1.000000, mBuffer:0, mSidebandStream:0,hasSomethingToDraw:0, hasEffect:0, fillsColor:0, drawShadows:0, hasBlur:0)
03-27 20:23:41.160  1331  1878 D InputDispatcher: setInputWindows displayId=0 913ef03 ScreenDecorOverlay [Gesture Monitor] pip-resize cf1652a NavigationBar0 5465496 StatusBar pip_input_consumer Embedded{PipMenuView} d8c563e com.whatsapp/com.whatsapp.calling.ui.VoipActivityV2 SurfaceView[com.whatsapp/com.whatsapp.calling.ui.VoipActivityV2](BLAST)#28541 Background for SurfaceView[com.whatsapp/com.whatsapp.calling.ui.VoipActivityV2]#28542 25b3f4 ActivityRecordInputSink com.whatsapp/.calling.ui.VoipActivityV2 57da68d Splash Screen com.smartfit.app.test ee762c0 com.smartfit.app.test/androidx.test.core.app.InstrumentationActivityInvoker$EmptyActivity 498adea ActivityRecordInputSink com.smartfit.app.test/androidx.test.core.app.InstrumentationActivityInvoker$EmptyActivity fd50001 com.smartfit.app/com.smartfit.app.MainActivity 62fd091 ActivityRecordInputSink com.smartfit.app/.MainActivity 3cac54b ActivityRecordInputSink com.whatsapp/.Conversation cfc9a62 ActivityRecordInputSink com.whatsapp/.home.ui.HomeActivity 75522f8 ActivityRecordInputSink com.android.chrome/org
03-27 20:23:41.161  1331  3480 D mali_gralloc: register: id=38e00011895, handle=0xb400007e6bf91d10, importpid=942, gRegisteredHandles=16
03-27 20:23:41.169 24402 27087 D BLASTBufferQueue: [VRI[NavigationBar0]#1](f:0,a:3) PendingRelease=2, PendingBuffersToHold=1, SyncedFrameNumbers=0, lacfnr:39893, lapfnr:39893
03-27 20:23:41.169 24402 27087 D BLASTBufferQueue: [VRI[NavigationBar0]#1](f:0,a:2) PendingRelease=1, PendingBuffersToHold=1, SyncedFrameNumbers=0, lacfnr:39893, lapfnr:39893
03-27 20:23:41.169 24402 27087 D BLASTBufferQueue: [VRI[StatusBar]#3](f:0,a:4) PendingRelease=2, PendingBuffersToHold=1, SyncedFrameNumbers=0, lacfnr:82720, lapfnr:82720
03-27 20:23:41.169 24402 27087 D BLASTBufferQueue: [VRI[StatusBar]#3](f:0,a:3) PendingRelease=1, PendingBuffersToHold=1, SyncedFrameNumbers=0, lacfnr:82720, lapfnr:82720
03-27 20:23:41.170   942   942 D SurfaceFlinger: VRR attempt to change display mode to 1
03-27 20:23:41.170   942   942 I RefreshRateSelector: Display 4619827259835644672 policy changed
03-27 20:23:41.170   942   942 I RefreshRateSelector: Previous: {defaultModeId=0, allowGroupSwitching=false, primaryRanges={physical=[60.00 Hz, 120.00 Hz], render=[60.00 Hz, 60.00 Hz]}, appRequestRanges={physical=[60.00 Hz, 120.00 Hz], render=[60.00 Hz, 120.00 Hz]}}
03-27 20:23:41.170   942   942 I RefreshRateSelector: Current:  DisplayManagerPolicy{defaultModeId=1, allowGroupSwitching=false, primaryRanges={physical=[0.00 Hz, 120.00 Hz], render=[0.00 Hz, 90.00 Hz]}, appRequestRanges={physical=[0.00 Hz, 120.00 Hz], render=[0.00 Hz, 120.00 Hz]}}
03-27 20:23:41.170   942   942 I RefreshRateSelector: 1 mode changes were performed under the previous policy
03-27 20:23:41.172   905 12384 I cmr_sensor: 959, cmr_sns_thread_proc: evt 524548
03-27 20:23:41.172   905 12384 I cmr_sensor: 1379, cmr_sns_ioctl: cmd = 45, arg = 0xdbe58530.
03-27 20:23:41.172   905 12384 I gc08a3_sharkl2: 403, gc08a3_drv_access_val: sensor gc08a3: param_ptr->type=22
03-27 20:23:41.172   905 12441 W Cam3Channel: 934, getStream: channel has no valied stream(type is 7)
03-27 20:23:41.174   905 12450 I FDV3    : [getDetectImage, 298]: isTransform.
03-27 20:23:41.174   905 12441 I Cam3Setting: 6634, translateLocalToFwMetadata: calib_status_value:0
03-27 20:23:41.174   905 12441 E Cam3Channel: 1588, getMetadata: AE or AF callback error, give default metadata 0xe040a490
03-27 20:23:41.178   905 12384 I cmr_sensor: 959, cmr_sns_thread_proc: evt 524548
03-27 20:23:41.178   905 12384 I cmr_sensor: 1379, cmr_sns_ioctl: cmd = 45, arg = 0xdbe58530.
03-27 20:23:41.178   905 12384 I gc08a3_sharkl2: 403, gc08a3_drv_access_val: sensor gc08a3: param_ptr->type=22
03-27 20:23:41.178 11663 11765 D mali_gralloc: unregister: id=38e00011882, handle=0xb400007e6bf9d350, base=0x0, importpid=11663, count:0
03-27 20:23:41.179 11663 11765 D mali_gralloc: unregister: id=38e00011881, handle=0xb400007e6bfa1c70, base=0x0, importpid=11663, count:0
03-27 20:23:41.181 11663 11765 D mali_gralloc: unregister: id=38e00011880, handle=0xb400007e6bfa0dd0, base=0x0, importpid=11663, count:0
03-27 20:23:41.182 24402 27087 D mali_gralloc: register: id=38e00011895, handle=0xb400007e6c0dc370, importpid=1331, gRegisteredHandles=66
03-27 20:23:41.182   911  1023 D SPRDHWComposer: HWCDisplay::get_display_attribute <601>: config = 1
03-27 20:23:41.182   911  1023 D SPRDHWComposer: SprdDrm:: getActiveConfig: 0
03-27 20:23:41.182   911  1023 D SPRDHWComposer: HWCDisplay::get_display_attribute <601>: config = 0
03-27 20:23:41.183 24402 28414 D mali_gralloc: register: id=38e00011895, handle=0xb400007e6c0e3ab0, importpid=1331, gRegisteredHandles=67
03-27 20:23:41.183 24402 28414 D mali_gralloc: unregister: id=38e00011895, handle=0xb400007e6c0e3ab0, base=0x0, importpid=24402, count:1
03-27 20:23:41.183 24402 27087 D mali_gralloc: register: id=38e00011895, handle=0xb400007e6c066710, importpid=1331, gRegisteredHandles=67
03-27 20:23:41.183   942   942 I Layer   : fillInputInfo layer:com.smartfit.app/com.smartfit.app.MainActivity#28617, visible=0 (hasInputInfo:1, isHidden:1, alpha:1.000000, parent:fd50001 com.smartfit.app/com.smartfit.app.MainActivity#28613,parenthidden:1, parentalpha:1.000000, mBuffer:1, mSidebandStream:0,hasSomethingToDraw:1, hasEffect:0, fillsColor:0, drawShadows:0, hasBlur:0)
03-27 20:23:41.183   942   942 I Layer   : fillInputInfo layer:62fd091 ActivityRecordInputSink com.smartfit.app/.MainActivity#28616, visible=0 (hasInputInfo:1, isHidden:1, alpha:1.000000, parent:ActivityRecord{50e2bf6 u0 com.smartfit.app/.MainActivity#28609,parenthidden:1, parentalpha:1.000000, mBuffer:0, mSidebandStream:0,hasSomethingToDraw:0, hasEffect:0, fillsColor:0, drawShadows:0, hasBlur:0)
03-27 20:23:41.183   942   942 W Layer   : Hide layer Input Consumer recents_animation_input_consumer#15340 because zOrderRelativeOf = ActivityRecord{3768a16 u0 com.google.android.gm/.ConversationListActivityGmail#27062 is hide.
03-27 20:23:41.183   942   942 W Layer   : Hide layer Input Consumer recents_animation_input_consumer#15340 because zOrderRelativeOf = ActivityRecord{3768a16 u0 com.google.android.gm/.ConversationListActivityGmail#27062 is hide.
03-27 20:23:41.184 24402 24435 D TaskStackListenerImpl: onTaskSnapshotChanged close hardwarebuffer, snapshot = TaskSnapshot{ mId=1774622321154 mCaptureTime=448975150003851 mTopActivityComponent=com.smartfit.app.test/androidx.test.core.app.InstrumentationActivityInvoker$EmptyActivity mSnapshot=android.hardware.HardwareBuffer@5101132 (576x1280) mColorSpace=sRGB IEC61966-2.1 (id=0, model=RGB) mOrientation=1 mRotation=0 mTaskSize=Point(720, 1600) mContentInsets=[0,52][0,84] mLetterboxInsets=[0,0][0,0] mIsLowResolution=false mIsRealSnapshot=true mWindowingMode=1 mAppearance=24 mIsTranslucent=true mHasImeSurface=false
03-27 20:23:41.184 24402 24435 D mali_gralloc: unregister: id=38e00011895, handle=0xb400007e6c066710, base=0x0, importpid=24402, count:1
03-27 20:23:41.185  1331  1878 D InputDispatcher: setInputWindows displayId=0 913ef03 ScreenDecorOverlay [Gesture Monitor] pip-resize cf1652a NavigationBar0 5465496 StatusBar pip_input_consumer Embedded{PipMenuView} d8c563e com.whatsapp/com.whatsapp.calling.ui.VoipActivityV2 SurfaceView[com.whatsapp/com.whatsapp.calling.ui.VoipActivityV2](BLAST)#28541 Background for SurfaceView[com.whatsapp/com.whatsapp.calling.ui.VoipActivityV2]#28542 25b3f4 ActivityRecordInputSink com.whatsapp/.calling.ui.VoipActivityV2 57da68d Splash Screen com.smartfit.app.test ee762c0 com.smartfit.app.test/androidx.test.core.app.InstrumentationActivityInvoker$EmptyActivity 498adea ActivityRecordInputSink com.smartfit.app.test/androidx.test.core.app.InstrumentationActivityInvoker$EmptyActivity fd50001 com.smartfit.app/com.smartfit.app.MainActivity 62fd091 ActivityRecordInputSink com.smartfit.app/.MainActivity 3cac54b ActivityRecordInputSink com.whatsapp/.Conversation cfc9a62 ActivityRecordInputSink com.whatsapp/.home.ui.HomeActivity 75522f8 ActivityRecordInputSink com.android.chrome/org
03-27 20:23:41.185   911  1023 D mali_gralloc: unregister: id=38e00011883, handle=0xb4000071bb4b6510, base=0x0, importpid=911, count:0
03-27 20:23:41.185   911  1023 D SPRDHWComposer: HWC Range:1, HWC_Transfer:4
03-27 20:23:41.186   911  1023 D mali_gralloc: register: id=38e0000862f, handle=0xb4000071bb4b6510, importpid=942, gRegisteredHandles=33
03-27 20:23:41.186 24402 24402 D mali_gralloc: unregister: id=38e00011895, handle=0xb400007e6c0dc370, base=0x0, importpid=24402, count:0
03-27 20:23:41.186   911  1023 D SPRDHWComposer: SprdDrm:: getActiveConfig: 0
03-27 20:23:41.186   911  1023 D SPRDHWComposer: HWCDisplay::get_display_attribute <601>: config = 1
03-27 20:23:41.186   911  1023 I SPRDHWComposer: SprdDrm:: setActiveConfig: 1, DisplayType:0
03-27 20:23:41.186   911  1023 I SPRDHWComposer: Create blob_id: 97
03-27 20:23:41.187   942  1001 D mali_gralloc: unregister: id=38e00011895, handle=0xb400007bafd20670, base=0x0, importpid=942, count:0
03-27 20:23:41.187   942  1211 W HWComposer: Ignoring duplicate VSYNC event from HWC for display 4619827259835644672 (t=314323287431000)
03-27 20:23:41.186  1331  1878 D InputDispatcher: Window went away: animation-background#28631
03-27 20:23:41.190 32238  2804 D mali_gralloc: register: id=38e00011895, handle=0xb400007e6bfd9650, importpid=1331, gRegisteredHandles=66
03-27 20:23:41.193   905 28962 E Cam3OEMIf: 12560, queueBuffer: mFtEnable 0
03-27 20:23:41.196 24402 28414 D BLASTBufferQueue: [VRI[StatusBar]#3](f:0,a:4) PendingRelease=2, PendingBuffersToHold=1, SyncedFrameNumbers=0, lacfnr:82721, lapfnr:82721
03-27 20:23:41.196 24402 28414 D BLASTBufferQueue: [VRI[StatusBar]#3](f:0,a:3) PendingRelease=1, PendingBuffersToHold=1, SyncedFrameNumbers=0, lacfnr:82721, lapfnr:82721
03-27 20:23:41.198 24402 27087 D FaceUnlock: onTaskStackChangedBackground
03-27 20:23:41.199   905 12421 I sprd_hdr_adapter: L 200, sprd_hdr_adpt_detect: detect current hdr type: 2, detect_in_param: 0xdb33cbe0, detect_out_param: 0xdb33cd40
03-27 20:23:41.200   905 12422 I isp_blk_cmc10: 268, _pm_cmc10_set_param: cmc_result: (2437 14875 95; 16086 1352 16353; 146 15156 2104).
03-27 20:23:41.200   905 12422 E isp_alg_fw: 3931, ispalg_gtm_process: hist_total is 0, gtm no process !!!
03-27 20:23:41.201   905 12437 E awb_adpt: 1469, awb_sprd_ctrl_calculation_v3_2: check handle success
03-27 20:23:41.201   905 12421 E Libae[FAE]: 1926, face_luma_calc: NO FACE
03-27 20:23:41.201   905 12421 W Libae[ABL]: 585,abl_bv_interpolation:tune param num should bigger than 1
03-27 20:23:41.201   905 12450 I FDV3    : [find, 710]: src:640x480 detect:224 face_num=0 29.91 ms
03-27 20:23:41.202   905 12421 I cmr_oem : 10954, camera_get_af_support: af_support 0
03-27 20:23:41.206 24402 27087 D FaceUnlock: PackageName =com.android.launcher3
03-27 20:23:41.206 11663 11663 D mali_gralloc: unregister: id=38e00011883, handle=0xb400007e6bf9b610, base=0x0, importpid=11663, count:0
03-27 20:23:41.208   942   995 D mali_gralloc: register: id=38e00011894, handle=0xb400007bafd14070, importpid=32238, gRegisteredHandles=40
03-27 20:23:41.209 30322 30478 D BLASTBufferQueue: [VRI[VoipActivityV2]#44](f:0,a:2) has set transaction callback, frameNumber = 140
03-27 20:23:41.211 11663 11663 D LifecycleMonitor: Lifecycle status change: com.smartfit.app.MainActivity@bfe00f2 in: STOPPED
03-27 20:23:41.212 11663 11663 V ActivityScenario: Update currentActivityStage to STOPPED, currentActivity=com.smartfit.app.MainActivity@bfe00f2
03-27 20:23:41.213  1331  1356 D SurfaceComposerClient: [com.whatsapp/com.whatsapp.calling.ui.VoipActivityV2#28488] frameNumber = 140 will apply
03-27 20:23:41.221   942   942 W Layer   : Hide layer Input Consumer recents_animation_input_consumer#15340 because zOrderRelativeOf = ActivityRecord{3768a16 u0 com.google.android.gm/.ConversationListActivityGmail#27062 is hide.
03-27 20:23:41.221   942   942 W Layer   : Hide layer Input Consumer recents_animation_input_consumer#15340 because zOrderRelativeOf = ActivityRecord{3768a16 u0 com.google.android.gm/.ConversationListActivityGmail#27062 is hide.
03-27 20:23:41.221   942   942 I Layer   : fillInputInfo layer:com.smartfit.app.test/androidx.test.core.app.InstrumentationActivityInvoker$EmptyActivity#28634, visible=1 (hasInputInfo:1, isHidden:0, alpha:1.000000, parent:ee762c0 com.smartfit.app.test/androidx.test.core.app.InstrumentationActivityInvoker$EmptyActivity#28633,parenthidden:0, parentalpha:1.000000, mBuffer:1, mSidebandStream:0,hasSomethingToDraw:1, hasEffect:0, fillsColor:0, drawShadows:0, hasBlur:0)
03-27 20:23:41.221   942   942 I Layer   : fillInputInfo layer:com.android.launcher3/com.android.searchlauncher.SearchLauncher#28638, visible=1 (hasInputInfo:1, isHidden:0, alpha:1.000000, parent:19faf04 com.android.launcher3/com.android.searchlauncher.SearchLauncher#15343,parenthidden:0, parentalpha:1.000000, mBuffer:1, mSidebandStream:0,hasSomethingToDraw:1, hasEffect:0, fillsColor:0, drawShadows:0, hasBlur:0)
03-27 20:23:41.221   942   942 I Layer   : fillInputInfo layer:b6305f1 ActivityRecordInputSink com.android.launcher3/com.android.searchlauncher.SearchLauncher#181, visible=1 (hasInputInfo:1, isHidden:0, alpha:1.000000, parent:ActivityRecord{e5f25d6 u0 com.android.launcher3/com.android.searchlauncher.SearchLauncher#170,parenthidden:0, parentalpha:1.000000, mBuffer:0, mSidebandStream:0,hasSomethingToDraw:0, hasEffect:0, fillsColor:0, drawShadows:0, hasBlur:0)
03-27 20:23:41.222   905 12384 I cmr_sensor: 959, cmr_sns_thread_proc: evt 524548
03-27 20:23:41.222   905 12384 I cmr_sensor: 1379, cmr_sns_ioctl: cmd = 45, arg = 0xdbe58530.
03-27 20:23:41.222   905 12384 I gc08a3_sharkl2: 403, gc08a3_drv_access_val: sensor gc08a3: param_ptr->type=22
03-27 20:23:41.222   905 12441 W Cam3Channel: 934, getStream: channel has no valied stream(type is 7)
03-27 20:23:41.222  1331  4265 D InputDispatcher: setInputWindows displayId=0 913ef03 ScreenDecorOverlay [Gesture Monitor] pip-resize cf1652a NavigationBar0 5465496 StatusBar pip_input_consumer Embedded{PipMenuView} d8c563e com.whatsapp/com.whatsapp.calling.ui.VoipActivityV2 SurfaceView[com.whatsapp/com.whatsapp.calling.ui.VoipActivityV2](BLAST)#28541 Background for SurfaceView[com.whatsapp/com.whatsapp.calling.ui.VoipActivityV2]#28542 25b3f4 ActivityRecordInputSink com.whatsapp/.calling.ui.VoipActivityV2 fd50001 com.smartfit.app/com.smartfit.app.MainActivity 62fd091 ActivityRecordInputSink com.smartfit.app/.MainActivity 3cac54b ActivityRecordInputSink com.whatsapp/.Conversation cfc9a62 ActivityRecordInputSink com.whatsapp/.home.ui.HomeActivity 75522f8 ActivityRecordInputSink com.android.chrome/org.chromium.chrome.browser.ChromeTabbedActivity recents_animation_input_consumer 8e45331 ActivityRecordInputSink com.google.android.gm/.ui.MailActivityGmail Dim layer#11752 Dim layer#11751 57da68d Splash Screen com.smartfit.app.test ee762c0 com.smartfit.app.test/and
03-27 20:23:41.222   911  1023 D mali_gralloc: unregister: id=38e0000862f, handle=0xb4000071bb4b6510, base=0x0, importpid=911, count:0
03-27 20:23:41.222   905 12450 I FDV3    : [find, 710]: src:640x480 detect:224 face_num=0 1.12 ms
03-27 20:23:41.223   911  1023 D SPRDHWComposer: HWC Range:1, HWC_Transfer:4
03-27 20:23:41.223   911  1023 D mali_gralloc: register: id=38e0001188b, handle=0xb4000071bb4b6510, importpid=942, gRegisteredHandles=33
03-27 20:23:41.223  1331  1465 D InputDispatcher: dispatchEventToCurrentInputTargets
03-27 20:23:41.223  1331  1465 D InputDispatcher: channel '19faf04 com.android.launcher3/com.android.searchlauncher.SearchLauncher (server)' ~ prepareDispatchCycle - flags=DISPATCH_AS_IS, globalScaleFactor=1.000000, pointerIds=00000000000000000000000000000000
03-27 20:23:41.223  1331  1465 D InputDispatcher:         default (ROT_0) (IDENTITY)
03-27 20:23:41.223  1331  1465 D InputDispatcher: channel '19faf04 com.android.launcher3/com.android.searchlauncher.SearchLauncher (server)' ~ startDispatchCycle
03-27 20:23:41.224   905 12441 I Cam3Setting: 6634, translateLocalToFwMetadata: calib_status_value:0
03-27 20:23:41.224   905 12441 E Cam3Channel: 1588, getMetadata: AE or AF callback error, give default metadata 0xe0411ff0
03-27 20:23:41.226 32238 32238 D InputEventReceiver: channel '19faf04 com.android.launcher3/com.android.searchlauncher.SearchLauncher (client)' ~ Consuming input events, consumeBatches=false, frameTime=-1
03-27 20:23:41.227 32238 32238 D InputEventReceiver: channel '19faf04 com.android.launcher3/com.android.searchlauncher.SearchLauncher (client)' ~ Received focus event: hasFocus=true.
03-27 20:23:41.227 32238 32238 D InputEventReceiver: channel '19faf04 com.android.launcher3/com.android.searchlauncher.SearchLauncher (client)' ~ Finished input event.
03-27 20:23:41.227   942   995 D mali_gralloc: register: id=38e00011893, handle=0xb400007bafd17790, importpid=32238, gRegisteredHandles=41
03-27 20:23:41.227   905 12384 I cmr_sensor: 959, cmr_sns_thread_proc: evt 524548
03-27 20:23:41.227   905 12384 I cmr_sensor: 1379, cmr_sns_ioctl: cmd = 45, arg = 0xdbe58530.
03-27 20:23:41.227   905 12384 I gc08a3_sharkl2: 403, gc08a3_drv_access_val: sensor gc08a3: param_ptr->type=22
03-27 20:23:41.229  1331  1465 D InputDispatcher: channel '19faf04 com.android.launcher3/com.android.searchlauncher.SearchLauncher (server)' ~ finishDispatchCycle - seq=588131, handled=true
03-27 20:23:41.229  1331  1465 D InputDispatcher: channel '19faf04 com.android.launcher3/com.android.searchlauncher.SearchLauncher (server)' ~ startDispatchCycle
03-27 20:23:41.233   942   942 D SurfaceFlinger: VRR attempt to change display mode to 0
03-27 20:23:41.233   942   942 I RefreshRateSelector: Display 4619827259835644672 policy changed
03-27 20:23:41.233   942   942 I RefreshRateSelector: Previous: {defaultModeId=1, allowGroupSwitching=false, primaryRanges={physical=[0.00 Hz, 120.00 Hz], render=[0.00 Hz, 90.00 Hz]}, appRequestRanges={physical=[0.00 Hz, 120.00 Hz], render=[0.00 Hz, 120.00 Hz]}}
03-27 20:23:41.233   942   942 I RefreshRateSelector: Current:  DisplayManagerPolicy{defaultModeId=0, allowGroupSwitching=false, primaryRanges={physical=[60.00 Hz, 120.00 Hz], render=[60.00 Hz, 60.00 Hz]}, appRequestRanges={physical=[60.00 Hz, 120.00 Hz], render=[60.00 Hz, 120.00 Hz]}}
03-27 20:23:41.233   942   942 I RefreshRateSelector: 1 mode changes were performed under the previous policy
03-27 20:23:41.233 24402 27087 D BLASTBufferQueue: [VRI[StatusBar]#3](f:0,a:4) PendingRelease=2, PendingBuffersToHold=0, SyncedFrameNumbers=0, lacfnr:82722, lapfnr:82722
03-27 20:23:41.236   905 28962 E Cam3OEMIf: 12560, queueBuffer: mFtEnable 0
03-27 20:23:41.236  1331  3480 I ImeTracker: com.android.launcher3:a9b6532e: onRequestHide at ORIGIN_SERVER_HIDE_INPUT reason HIDE_UNSPECIFIED_WINDOW
03-27 20:23:41.236  1331  3480 I ImeTracker: com.android.launcher3:a9b6532e: onCancelled at PHASE_SERVER_SHOULD_HIDE
03-27 20:23:41.237   911  1023 D SPRDHWComposer: HWCDisplay::get_display_attribute <601>: config = 0
03-27 20:23:41.237   911  1023 D SPRDHWComposer: SprdDrm:: getActiveConfig: 1
03-27 20:23:41.237   911  1023 D SPRDHWComposer: HWCDisplay::get_display_attribute <601>: config = 1
03-27 20:23:41.237   942   942 W Layer   : Hide layer Input Consumer recents_animation_input_consumer#15340 because zOrderRelativeOf = ActivityRecord{3768a16 u0 com.google.android.gm/.ConversationListActivityGmail#27062 is hide.
03-27 20:23:41.237   942   942 W Layer   : Hide layer Input Consumer recents_animation_input_consumer#15340 because zOrderRelativeOf = ActivityRecord{3768a16 u0 com.google.android.gm/.ConversationListActivityGmail#27062 is hide.
03-27 20:23:41.239   911  1023 D SPRDHWComposer: HWC Range:1, HWC_Transfer:4
03-27 20:23:41.239   911  1023 D mali_gralloc: register: id=38e0000862f, handle=0xb4000071bb4b4b30, importpid=942, gRegisteredHandles=34
03-27 20:23:41.239   911  1023 D SPRDHWComposer: HWC Range:1, HWC_Transfer:4
03-27 20:23:41.239   911  1023 D mali_gralloc: register: id=38e00011893, handle=0xb4000071bb4a70f0, importpid=942, gRegisteredHandles=35
03-27 20:23:41.240  1331  3670 D InputDispatcher: setInputWindows displayId=0 913ef03 ScreenDecorOverlay [Gesture Monitor] pip-resize cf1652a NavigationBar0 5465496 StatusBar pip_input_consumer Embedded{PipMenuView} d8c563e com.whatsapp/com.whatsapp.calling.ui.VoipActivityV2 SurfaceView[com.whatsapp/com.whatsapp.calling.ui.VoipActivityV2](BLAST)#28541 Background for SurfaceView[com.whatsapp/com.whatsapp.calling.ui.VoipActivityV2]#28542 25b3f4 ActivityRecordInputSink com.whatsapp/.calling.ui.VoipActivityV2 fd50001 com.smartfit.app/com.smartfit.app.MainActivity 62fd091 ActivityRecordInputSink com.smartfit.app/.MainActivity 3cac54b ActivityRecordInputSink com.whatsapp/.Conversation cfc9a62 ActivityRecordInputSink com.whatsapp/.home.ui.HomeActivity 75522f8 ActivityRecordInputSink com.android.chrome/org.chromium.chrome.browser.ChromeTabbedActivity recents_animation_input_consumer 8e45331 ActivityRecordInputSink com.google.android.gm/.ui.MailActivityGmail Dim layer#11752 Dim layer#11751 57da68d Splash Screen com.smartfit.app.test ee762c0 com.smartfit.app.test/and
03-27 20:23:41.240   911  1023 D SPRDHWComposer: SprdDrm:: getActiveConfig: 1
03-27 20:23:41.240   911  1023 D SPRDHWComposer: HWCDisplay::get_display_attribute <601>: config = 0
03-27 20:23:41.240   911  1023 I SPRDHWComposer: SprdDrm:: setActiveConfig: 0, DisplayType:0
03-27 20:23:41.240   911  1023 I SPRDHWComposer: Create blob_id: 94
03-27 20:23:41.240   942  1211 W HWComposer: Ignoring duplicate VSYNC event from HWC for display 4619827259835644672 (t=314323354076000)
03-27 20:23:41.240   911  1015 E SPRDHWComposer: Failed to request vblank 22
03-27 20:23:41.240   911  1015 I SPRDHWComposer: send vblank request failed -1, try again
03-27 20:23:41.243 24402 27087 D BLASTBufferQueue: [VRI[NavigationBar0]#1](f:0,a:4) PendingRelease=2, PendingBuffersToHold=0, SyncedFrameNumbers=0, lacfnr:39895, lapfnr:39895
03-27 20:23:41.245 13146 13146 I GoogleInputMethodService: GoogleInputMethodService.onFinishInput():2114
03-27 20:23:41.249 11663 11663 D LifecycleMonitor: Lifecycle status change: com.smartfit.app.MainActivity@bfe00f2 in: DESTROYED
03-27 20:23:41.249 13146 13146 I Module  : DeviceLockedStatusModuleProvider$Module.updateDeviceLockedStatus():103 repeatCheckTimes = 0, locked = false
03-27 20:23:41.249 11663 11663 V ActivityScenario: Update currentActivityStage to DESTROYED, currentActivity=null
03-27 20:23:41.249 24402 27087 D BLASTBufferQueue: [VRI[NavigationBar0]#1](f:0,a:3) PendingRelease=1, PendingBuffersToHold=0, SyncedFrameNumbers=0, lacfnr:39896, lapfnr:39896
03-27 20:23:41.249 11663 11663 W WindowOnBackDispatcher: sendCancelIfRunning: isInProgress=falsecallback=android.view.ViewRootImpl$$ExternalSyntheticLambda17@8bc91f7
03-27 20:23:41.249 13146 13146 I GoogleInputMethodService: GoogleInputMethodService.onStartInput():1385 onStartInput(EditorInfo{EditorInfo{packageName=com.android.launcher3, inputType=0, inputTypeString=NULL, enableLearning=false, autoCorrection=false, autoComplete=false, imeOptions=0, privateImeOptions=null, actionName=UNSPECIFIED, actionLabel=null, initialSelStart=-1, initialSelEnd=-1, initialCapsMode=0, label=null, fieldId=0, fieldName=null, extras=null, hintText=null, hintLocales=[]}}, false)
03-27 20:23:41.249 24402 27087 D BLASTBufferQueue: [VRI[StatusBar]#3](f:0,a:3) PendingRelease=1, PendingBuffersToHold=0, SyncedFrameNumbers=0, lacfnr:82723, lapfnr:82723
03-27 20:23:41.250 13146 13146 I AndroidIME: LatinIMEBase.updateInputViewCoverNavigation():314 Update input view padding, extendsTouchBelowSpace=false, bottom inset=84
03-27 20:23:41.251   942   942 W Layer   : Hide layer Input Consumer recents_animation_input_consumer#15340 because zOrderRelativeOf = ActivityRecord{3768a16 u0 com.google.android.gm/.ConversationListActivityGmail#27062 is hide.
03-27 20:23:41.251   942   942 W Layer   : Hide layer Input Consumer recents_animation_input_consumer#15340 because zOrderRelativeOf = ActivityRecord{3768a16 u0 com.google.android.gm/.ConversationListActivityGmail#27062 is hide.
03-27 20:23:41.252   905 12422 I isp_blk_cmc10: 268, _pm_cmc10_set_param: cmc_result: (2437 14875 95; 16086 1352 16353; 146 15156 2104).
03-27 20:23:41.253   905 12421 I sprd_hdr_adapter: L 200, sprd_hdr_adpt_detect: detect current hdr type: 2, detect_in_param: 0xdb33cbe0, detect_out_param: 0xdb33cd40
03-27 20:23:41.252   905 12437 E awb_adpt: 1469, awb_sprd_ctrl_calculation_v3_2: check handle success
03-27 20:23:41.253   905 12422 E isp_alg_fw: 3931, ispalg_gtm_process: hist_total is 0, gtm no process !!!
03-27 20:23:41.253 13146 13146 I Module  : DeviceLockedStatusModuleProvider$Module.updateDeviceLockedStatus():103 repeatCheckTimes = 1, locked = false
03-27 20:23:41.257   905 12421 E Libae[FAE]: 1926, face_luma_calc: NO FACE
03-27 20:23:41.257   942  1386 D mali_gralloc: register: id=38e00011892, handle=0xb400007bafd2a870, importpid=32238, gRegisteredHandles=42
03-27 20:23:41.257  1331  3660 D InputDispatcher: setInputWindows displayId=0 913ef03 ScreenDecorOverlay [Gesture Monitor] pip-resize cf1652a NavigationBar0 5465496 StatusBar pip_input_consumer Embedded{PipMenuView} d8c563e com.whatsapp/com.whatsapp.calling.ui.VoipActivityV2 SurfaceView[com.whatsapp/com.whatsapp.calling.ui.VoipActivityV2](BLAST)#28541 Background for SurfaceView[com.whatsapp/com.whatsapp.calling.ui.VoipActivityV2]#28542 25b3f4 ActivityRecordInputSink com.whatsapp/.calling.ui.VoipActivityV2 fd50001 com.smartfit.app/com.smartfit.app.MainActivity 62fd091 ActivityRecordInputSink com.smartfit.app/.MainActivity 3cac54b ActivityRecordInputSink com.whatsapp/.Conversation cfc9a62 ActivityRecordInputSink com.whatsapp/.home.ui.HomeActivity 75522f8 ActivityRecordInputSink com.android.chrome/org.chromium.chrome.browser.ChromeTabbedActivity recents_animation_input_consumer 8e45331 ActivityRecordInputSink com.google.android.gm/.ui.MailActivityGmail Dim layer#11752 Dim layer#11751 57da68d Splash Screen com.smartfit.app.test ee762c0 com.smartfit.app.test/and
03-27 20:23:41.258   905 12421 W Libae[ABL]: 585,abl_bv_interpolation:tune param num should bigger than 1
03-27 20:23:41.258   905 12421 I cmr_oem : 10954, camera_get_af_support: af_support 0
03-27 20:23:41.259 11663 11714 D IdlingRegistry: Unregistering idling resources: [androidx.compose.ui.test.EspressoLink@a242d89]
03-27 20:23:41.260   942  1386 D mali_gralloc: register: id=38e00011887, handle=0xb400007bafd27270, importpid=24402, gRegisteredHandles=43
03-27 20:23:41.272   942  1387 D mali_gralloc: register: id=38e00011886, handle=0xb400007bafd2fdf0, importpid=24402, gRegisteredHandles=44
03-27 20:23:41.273   905 12450 I FDV3    : [find, 710]: src:640x480 detect:224 face_num=0 1.10 ms
03-27 20:23:41.273   905 12384 I cmr_sensor: 959, cmr_sns_thread_proc: evt 524548
03-27 20:23:41.273   905 12384 I cmr_sensor: 1379, cmr_sns_ioctl: cmd = 45, arg = 0xdbe58530.
03-27 20:23:41.273   905 12384 I gc08a3_sharkl2: 403, gc08a3_drv_access_val: sensor gc08a3: param_ptr->type=22
03-27 20:23:41.273   905 12441 W Cam3Channel: 934, getStream: channel has no valied stream(type is 7)
03-27 20:23:41.275   905 12441 I Cam3Setting: 6634, translateLocalToFwMetadata: calib_status_value:0
03-27 20:23:41.275   905 12441 E Cam3Channel: 1588, getMetadata: AE or AF callback error, give default metadata 0xe040cdb0
03-27 20:23:41.277   905 12384 I cmr_sensor: 959, cmr_sns_thread_proc: evt 524548
03-27 20:23:41.277   905 12384 I cmr_sensor: 1379, cmr_sns_ioctl: cmd = 45, arg = 0xdbe58530.
03-27 20:23:41.277   905 12384 I gc08a3_sharkl2: 403, gc08a3_drv_access_val: sensor gc08a3: param_ptr->type=22
03-27 20:23:41.280   905 28962 E Cam3OEMIf: 12560, queueBuffer: mFtEnable 0
03-27 20:23:41.280 24402 28493 D BLASTBufferQueue: [VRI[NavigationBar0]#1](f:0,a:4) PendingRelease=1, PendingBuffersToHold=1, SyncedFrameNumbers=0, lacfnr:39898, lapfnr:39898
03-27 20:23:41.280 24402 28493 D BLASTBufferQueue: [VRI[NavigationBar0]#1](f:0,a:4) PendingRelease=1, PendingBuffersToHold=1, SyncedFrameNumbers=0, lacfnr:39898, lapfnr:39898
03-27 20:23:41.280 24402 28493 D BLASTBufferQueue: [VRI[StatusBar]#3](f:0,a:4) PendingRelease=1, PendingBuffersToHold=1, SyncedFrameNumbers=0, lacfnr:82725, lapfnr:82725
03-27 20:23:41.280 24402 28493 D BLASTBufferQueue: [VRI[StatusBar]#3](f:0,a:4) PendingRelease=1, PendingBuffersToHold=1, SyncedFrameNumbers=0, lacfnr:82725, lapfnr:82725
03-27 20:23:41.284  1331  3660 W InputManager-JNI: Input channel object 'fd50001 com.smartfit.app/com.smartfit.app.MainActivity (client)' was disposed without first being removed with the input manager!
03-27 20:23:41.288 11663 11663 D InputEventReceiver: channel 'fd50001 com.smartfit.app/com.smartfit.app.MainActivity (client)' ~ Disposing input event receiver.
03-27 20:23:41.291 11663 11714 I TestRunner: finished: splashScreen_displaysAppName(com.smartfit.app.NavigationUITest)
