03-27 20:23:26.222   942   942 W Layer   : Hide layer Input Consumer recents_animation_input_consumer#15340 because zOrderRelativeOf = ActivityRecord{3768a16 u0 com.google.android.gm/.ConversationListActivityGmail#27062 is hide.
03-27 20:23:26.222  1331  4259 D InputDispatcher: setInputWindows displayId=0 cf1652a NavigationBar0 7da7d35 NotificationShade 5465496 StatusBar 1cfd6ed Splash Screen com.smartfit.app eeb822b com.smartfit.app/com.smartfit.app.MainActivity 991143b ActivityRecordInputSink com.smartfit.app/.MainActivity 3cac54b ActivityRecordInputSink com.whatsapp/.Conversation cfc9a62 ActivityRecordInputSink com.whatsapp/.home.ui.HomeActivity 75522f8 ActivityRecordInputSink com.android.chrome/org.chromium.chrome.browser.ChromeTabbedActivity recents_animation_input_consumer 8e45331 ActivityRecordInputSink com.google.android.gm/.ui.MailActivityGmail Dim layer#11752 Dim layer#11751 b6305f1 ActivityRecordInputSink com.android.launcher3/com.android.searchlauncher.SearchLauncher Wallpaper BBQ wrapper#11766 40061be com.android.systemui.wallpapers.ImageWallpaper
03-27 20:23:26.223  1331  4259 D InputDispatcher: Window went away: 1cfd6ed Splash Screen com.smartfit.app
03-27 20:23:26.225 24402 28493 D BLASTBufferQueue: [VRI[NavigationBar0]#1](f:0,a:3) PendingRelease=1, PendingBuffersToHold=0, SyncedFrameNumbers=0, lacfnr:39766, lapfnr:39766
03-27 20:23:26.226 24402 28493 D BLASTBufferQueue: [VRI[NotificationShade]#1102](f:0,a:4) PendingRelease=1, PendingBuffersToHold=0, SyncedFrameNumbers=0, lacfnr:49, lapfnr:49
03-27 20:23:26.233   942   942 W Layer   : Hide layer Input Consumer recents_animation_input_consumer#15340 because zOrderRelativeOf = ActivityRecord{3768a16 u0 com.google.android.gm/.ConversationListActivityGmail#27062 is hide.
03-27 20:23:26.233   942   942 W Layer   : Hide layer Input Consumer recents_animation_input_consumer#15340 because zOrderRelativeOf = ActivityRecord{3768a16 u0 com.google.android.gm/.ConversationListActivityGmail#27062 is hide.
03-27 20:23:26.233  1331  4259 D InputDispatcher: setInputWindows displayId=0 cf1652a NavigationBar0 7da7d35 NotificationShade 5465496 StatusBar 1cfd6ed Splash Screen com.smartfit.app eeb822b com.smartfit.app/com.smartfit.app.MainActivity 991143b ActivityRecordInputSink com.smartfit.app/.MainActivity 3cac54b ActivityRecordInputSink com.whatsapp/.Conversation cfc9a62 ActivityRecordInputSink com.whatsapp/.home.ui.HomeActivity 75522f8 ActivityRecordInputSink com.android.chrome/org.chromium.chrome.browser.ChromeTabbedActivity recents_animation_input_consumer 8e45331 ActivityRecordInputSink com.google.android.gm/.ui.MailActivityGmail Dim layer#11752 Dim layer#11751 b6305f1 ActivityRecordInputSink com.android.launcher3/com.android.searchlauncher.SearchLauncher Wallpaper BBQ wrapper#11766 40061be com.android.systemui.wallpapers.ImageWallpaper
03-27 20:23:26.237 24402 28493 D BLASTBufferQueue: [VRI[NavigationBar0]#1](f:0,a:3) PendingRelease=1, PendingBuffersToHold=0, SyncedFrameNumbers=0, lacfnr:39767, lapfnr:39767
03-27 20:23:26.237 24402 28493 D BLASTBufferQueue: [VRI[NotificationShade]#1102](f:0,a:4) PendingRelease=1, PendingBuffersToHold=0, SyncedFrameNumbers=0, lacfnr:50, lapfnr:50
03-27 20:23:26.244   942   942 W Layer   : Hide layer Input Consumer recents_animation_input_consumer#15340 because zOrderRelativeOf = ActivityRecord{3768a16 u0 com.google.android.gm/.ConversationListActivityGmail#27062 is hide.
03-27 20:23:26.244   942   942 W Layer   : Hide layer Input Consumer recents_animation_input_consumer#15340 because zOrderRelativeOf = ActivityRecord{3768a16 u0 com.google.android.gm/.ConversationListActivityGmail#27062 is hide.
03-27 20:23:26.245  1331  4259 D InputDispatcher: setInputWindows displayId=0 cf1652a NavigationBar0 7da7d35 NotificationShade 5465496 StatusBar 1cfd6ed Splash Screen com.smartfit.app eeb822b com.smartfit.app/com.smartfit.app.MainActivity 991143b ActivityRecordInputSink com.smartfit.app/.MainActivity 3cac54b ActivityRecordInputSink com.whatsapp/.Conversation cfc9a62 ActivityRecordInputSink com.whatsapp/.home.ui.HomeActivity 75522f8 ActivityRecordInputSink com.android.chrome/org.chromium.chrome.browser.ChromeTabbedActivity recents_animation_input_consumer 8e45331 ActivityRecordInputSink com.google.android.gm/.ui.MailActivityGmail Dim layer#11752 Dim layer#11751 b6305f1 ActivityRecordInputSink com.android.launcher3/com.android.searchlauncher.SearchLauncher Wallpaper BBQ wrapper#11766 40061be com.android.systemui.wallpapers.ImageWallpaper
03-27 20:23:26.248 24402 28493 D BLASTBufferQueue: [VRI[NavigationBar0]#1](f:0,a:3) PendingRelease=1, PendingBuffersToHold=0, SyncedFrameNumbers=0, lacfnr:39768, lapfnr:39768
03-27 20:23:26.248 24402 28493 D BLASTBufferQueue: [VRI[NotificationShade]#1102](f:0,a:4) PendingRelease=1, PendingBuffersToHold=0, SyncedFrameNumbers=0, lacfnr:51, lapfnr:51
03-27 20:23:26.255   942   942 W Layer   : Hide layer Input Consumer recents_animation_input_consumer#15340 because zOrderRelativeOf = ActivityRecord{3768a16 u0 com.google.android.gm/.ConversationListActivityGmail#27062 is hide.
03-27 20:23:26.255   942   942 W Layer   : Hide layer Input Consumer recents_animation_input_consumer#15340 because zOrderRelativeOf = ActivityRecord{3768a16 u0 com.google.android.gm/.ConversationListActivityGmail#27062 is hide.
03-27 20:23:26.256  1331  4259 D InputDispatcher: setInputWindows displayId=0 cf1652a NavigationBar0 7da7d35 NotificationShade 5465496 StatusBar 1cfd6ed Splash Screen com.smartfit.app eeb822b com.smartfit.app/com.smartfit.app.MainActivity 991143b ActivityRecordInputSink com.smartfit.app/.MainActivity 3cac54b ActivityRecordInputSink com.whatsapp/.Conversation cfc9a62 ActivityRecordInputSink com.whatsapp/.home.ui.HomeActivity 75522f8 ActivityRecordInputSink com.android.chrome/org.chromium.chrome.browser.ChromeTabbedActivity recents_animation_input_consumer 8e45331 ActivityRecordInputSink com.google.android.gm/.ui.MailActivityGmail Dim layer#11752 Dim layer#11751 b6305f1 ActivityRecordInputSink com.android.launcher3/com.android.searchlauncher.SearchLauncher Wallpaper BBQ wrapper#11766 40061be com.android.systemui.wallpapers.ImageWallpaper
03-27 20:23:26.259 24402 28493 D BLASTBufferQueue: [VRI[NavigationBar0]#1](f:0,a:3) PendingRelease=1, PendingBuffersToHold=0, SyncedFrameNumbers=0, lacfnr:39769, lapfnr:39769
03-27 20:23:26.259 24402 28493 D BLASTBufferQueue: [VRI[NotificationShade]#1102](f:0,a:4) PendingRelease=1, PendingBuffersToHold=0, SyncedFrameNumbers=0, lacfnr:52, lapfnr:52
03-27 20:23:26.266   942   942 W Layer   : Hide layer Input Consumer recents_animation_input_consumer#15340 because zOrderRelativeOf = ActivityRecord{3768a16 u0 com.google.android.gm/.ConversationListActivityGmail#27062 is hide.
03-27 20:23:26.266   942   942 W Layer   : Hide layer Input Consumer recents_animation_input_consumer#15340 because zOrderRelativeOf = ActivityRecord{3768a16 u0 com.google.android.gm/.ConversationListActivityGmail#27062 is hide.
03-27 20:23:26.267  1331  4259 D InputDispatcher: setInputWindows displayId=0 cf1652a NavigationBar0 7da7d35 NotificationShade 5465496 StatusBar 1cfd6ed Splash Screen com.smartfit.app eeb822b com.smartfit.app/com.smartfit.app.MainActivity 991143b ActivityRecordInputSink com.smartfit.app/.MainActivity 3cac54b ActivityRecordInputSink com.whatsapp/.Conversation cfc9a62 ActivityRecordInputSink com.whatsapp/.home.ui.HomeActivity 75522f8 ActivityRecordInputSink com.android.chrome/org.chromium.chrome.browser.ChromeTabbedActivity recents_animation_input_consumer 8e45331 ActivityRecordInputSink com.google.android.gm/.ui.MailActivityGmail Dim layer#11752 Dim layer#11751 b6305f1 ActivityRecordInputSink com.android.launcher3/com.android.searchlauncher.SearchLauncher Wallpaper BBQ wrapper#11766 40061be com.android.systemui.wallpapers.ImageWallpaper
03-27 20:23:26.270 24402 28493 D BLASTBufferQueue: [VRI[NavigationBar0]#1](f:0,a:3) PendingRelease=1, PendingBuffersToHold=0, SyncedFrameNumbers=0, lacfnr:39770, lapfnr:39770
03-27 20:23:26.270 24402 28493 D BLASTBufferQueue: [VRI[NotificationShade]#1102](f:0,a:4) PendingRelease=1, PendingBuffersToHold=0, SyncedFrameNumbers=0, lacfnr:53, lapfnr:53
03-27 20:23:26.277   942   942 W Layer   : Hide layer Input Consumer recents_animation_input_consumer#15340 because zOrderRelativeOf = ActivityRecord{3768a16 u0 com.google.android.gm/.ConversationListActivityGmail#27062 is hide.
03-27 20:23:26.277   942   942 W Layer   : Hide layer Input Consumer recents_animation_input_consumer#15340 because zOrderRelativeOf = ActivityRecord{3768a16 u0 com.google.android.gm/.ConversationListActivityGmail#27062 is hide.
03-27 20:23:26.278  1331  4259 D InputDispatcher: setInputWindows displayId=0 cf1652a NavigationBar0 7da7d35 NotificationShade 5465496 StatusBar 1cfd6ed Splash Screen com.smartfit.app eeb822b com.smartfit.app/com.smartfit.app.MainActivity 991143b ActivityRecordInputSink com.smartfit.app/.MainActivity 3cac54b ActivityRecordInputSink com.whatsapp/.Conversation cfc9a62 ActivityRecordInputSink com.whatsapp/.home.ui.HomeActivity 75522f8 ActivityRecordInputSink com.android.chrome/org.chromium.chrome.browser.ChromeTabbedActivity recents_animation_input_consumer 8e45331 ActivityRecordInputSink com.google.android.gm/.ui.MailActivityGmail Dim layer#11752 Dim layer#11751 b6305f1 ActivityRecordInputSink com.android.launcher3/com.android.searchlauncher.SearchLauncher Wallpaper BBQ wrapper#11766 40061be com.android.systemui.wallpapers.ImageWallpaper
03-27 20:23:26.281 24402 28493 D BLASTBufferQueue: [VRI[NavigationBar0]#1](f:0,a:3) PendingRelease=1, PendingBuffersToHold=0, SyncedFrameNumbers=0, lacfnr:39771, lapfnr:39771
03-27 20:23:26.281 24402 28493 D BLASTBufferQueue: [VRI[NotificationShade]#1102](f:0,a:4) PendingRelease=1, PendingBuffersToHold=0, SyncedFrameNumbers=0, lacfnr:54, lapfnr:54
03-27 20:23:26.288   942   942 W Layer   : Hide layer Input Consumer recents_animation_input_consumer#15340 because zOrderRelativeOf = ActivityRecord{3768a16 u0 com.google.android.gm/.ConversationListActivityGmail#27062 is hide.
03-27 20:23:26.288   942   942 W Layer   : Hide layer Input Consumer recents_animation_input_consumer#15340 because zOrderRelativeOf = ActivityRecord{3768a16 u0 com.google.android.gm/.ConversationListActivityGmail#27062 is hide.
03-27 20:23:26.289  1331  4259 D InputDispatcher: setInputWindows displayId=0 cf1652a NavigationBar0 7da7d35 NotificationShade 5465496 StatusBar 1cfd6ed Splash Screen com.smartfit.app eeb822b com.smartfit.app/com.smartfit.app.MainActivity 991143b ActivityRecordInputSink com.smartfit.app/.MainActivity 3cac54b ActivityRecordInputSink com.whatsapp/.Conversation cfc9a62 ActivityRecordInputSink com.whatsapp/.home.ui.HomeActivity 75522f8 ActivityRecordInputSink com.android.chrome/org.chromium.chrome.browser.ChromeTabbedActivity recents_animation_input_consumer 8e45331 ActivityRecordInputSink com.google.android.gm/.ui.MailActivityGmail Dim layer#11752 Dim layer#11751 b6305f1 ActivityRecordInputSink com.android.launcher3/com.android.searchlauncher.SearchLauncher Wallpaper BBQ wrapper#11766 40061be com.android.systemui.wallpapers.ImageWallpaper
03-27 20:23:26.292 24402 28493 D BLASTBufferQueue: [VRI[NavigationBar0]#1](f:0,a:3) PendingRelease=1, PendingBuffersToHold=0, SyncedFrameNumbers=0, lacfnr:39772, lapfnr:39772
03-27 20:23:26.292 24402 28493 D BLASTBufferQueue: [VRI[NotificationShade]#1102](f:0,a:4) PendingRelease=1, PendingBuffersToHold=0, SyncedFrameNumbers=0, lacfnr:55, lapfnr:55
03-27 20:23:26.299   942   942 W Layer   : Hide layer Input Consumer recents_animation_input_consumer#15340 because zOrderRelativeOf = ActivityRecord{3768a16 u0 com.google.android.gm/.ConversationListActivityGmail#27062 is hide.
03-27 20:23:26.299   942   942 W Layer   : Hide layer Input Consumer recents_animation_input_consumer#15340 because zOrderRelativeOf = ActivityRecord{3768a16 u0 com.google.android.gm/.ConversationListActivityGmail#27062 is hide.
03-27 20:23:26.301  1331  4259 D InputDispatcher: setInputWindows displayId=0 cf1652a NavigationBar0 7da7d35 NotificationShade 5465496 StatusBar 1cfd6ed Splash Screen com.smartfit.app eeb822b com.smartfit.app/com.smartfit.app.MainActivity 991143b ActivityRecordInputSink com.smartfit.app/.MainActivity 3cac54b ActivityRecordInputSink com.whatsapp/.Conversation cfc9a62 ActivityRecordInputSink com.whatsapp/.home.ui.HomeActivity 75522f8 ActivityRecordInputSink com.android.chrome/org.chromium.chrome.browser.ChromeTabbedActivity recents_animation_input_consumer 8e45331 ActivityRecordInputSink com.google.android.gm/.ui.MailActivityGmail Dim layer#11752 Dim layer#11751 b6305f1 ActivityRecordInputSink com.android.launcher3/com.android.searchlauncher.SearchLauncher Wallpaper BBQ wrapper#11766 40061be com.android.systemui.wallpapers.ImageWallpaper
03-27 20:23:26.304 24402 28493 D BLASTBufferQueue: [VRI[NavigationBar0]#1](f:0,a:3) PendingRelease=1, PendingBuffersToHold=0, SyncedFrameNumbers=0, lacfnr:39773, lapfnr:39773
03-27 20:23:26.304 24402 28493 D BLASTBufferQueue: [VRI[NotificationShade]#1102](f:0,a:4) PendingRelease=1, PendingBuffersToHold=0, SyncedFrameNumbers=0, lacfnr:56, lapfnr:56
03-27 20:23:26.310   942   942 W Layer   : Hide layer Input Consumer recents_animation_input_consumer#15340 because zOrderRelativeOf = ActivityRecord{3768a16 u0 com.google.android.gm/.ConversationListActivityGmail#27062 is hide.
03-27 20:23:26.310   942   942 W Layer   : Hide layer Input Consumer recents_animation_input_consumer#15340 because zOrderRelativeOf = ActivityRecord{3768a16 u0 com.google.android.gm/.ConversationListActivityGmail#27062 is hide.
03-27 20:23:26.312  1331  4259 D InputDispatcher: setInputWindows displayId=0 cf1652a NavigationBar0 7da7d35 NotificationShade 5465496 StatusBar 1cfd6ed Splash Screen com.smartfit.app eeb822b com.smartfit.app/com.smartfit.app.MainActivity 991143b ActivityRecordInputSink com.smartfit.app/.MainActivity 3cac54b ActivityRecordInputSink com.whatsapp/.Conversation cfc9a62 ActivityRecordInputSink com.whatsapp/.home.ui.HomeActivity 75522f8 ActivityRecordInputSink com.android.chrome/org.chromium.chrome.browser.ChromeTabbedActivity recents_animation_input_consumer 8e45331 ActivityRecordInputSink com.google.android.gm/.ui.MailActivityGmail Dim layer#11752 Dim layer#11751 b6305f1 ActivityRecordInputSink com.android.launcher3/com.android.searchlauncher.SearchLauncher Wallpaper BBQ wrapper#11766 40061be com.android.systemui.wallpapers.ImageWallpaper
03-27 20:23:26.312  1331  7530 D mali_gralloc: unregister: id=38e000117b6, handle=0xb400007e6c0440f0, base=0x0, importpid=1331, count:0
03-27 20:23:26.313  1331  7530 D mali_gralloc: unregister: id=38e000117bf, handle=0xb400007e6bf91ad0, base=0x0, importpid=1331, count:0
03-27 20:23:26.313  1331  7530 D mali_gralloc: unregister: id=38e00011799, handle=0xb400007e6c071c30, base=0x0, importpid=1331, count:0
03-27 20:23:26.314 24402 28493 D BLASTBufferQueue: [VRI[NavigationBar0]#1](f:0,a:3) PendingRelease=1, PendingBuffersToHold=0, SyncedFrameNumbers=0, lacfnr:39774, lapfnr:39774
03-27 20:23:26.315 24402 28493 D BLASTBufferQueue: [VRI[NotificationShade]#1102](f:0,a:4) PendingRelease=1, PendingBuffersToHold=0, SyncedFrameNumbers=0, lacfnr:57, lapfnr:57
03-27 20:23:26.322   942   942 W Layer   : Hide layer Input Consumer recents_animation_input_consumer#15340 because zOrderRelativeOf = ActivityRecord{3768a16 u0 com.google.android.gm/.ConversationListActivityGmail#27062 is hide.
03-27 20:23:26.322   942   942 W Layer   : Hide layer Input Consumer recents_animation_input_consumer#15340 because zOrderRelativeOf = ActivityRecord{3768a16 u0 com.google.android.gm/.ConversationListActivityGmail#27062 is hide.
03-27 20:23:26.323  1331  4259 D InputDispatcher: setInputWindows displayId=0 cf1652a NavigationBar0 7da7d35 NotificationShade 5465496 StatusBar 1cfd6ed Splash Screen com.smartfit.app eeb822b com.smartfit.app/com.smartfit.app.MainActivity 991143b ActivityRecordInputSink com.smartfit.app/.MainActivity 3cac54b ActivityRecordInputSink com.whatsapp/.Conversation cfc9a62 ActivityRecordInputSink com.whatsapp/.home.ui.HomeActivity 75522f8 ActivityRecordInputSink com.android.chrome/org.chromium.chrome.browser.ChromeTabbedActivity recents_animation_input_consumer 8e45331 ActivityRecordInputSink com.google.android.gm/.ui.MailActivityGmail Dim layer#11752 Dim layer#11751 b6305f1 ActivityRecordInputSink com.android.launcher3/com.android.searchlauncher.SearchLauncher Wallpaper BBQ wrapper#11766 40061be com.android.systemui.wallpapers.ImageWallpaper
03-27 20:23:26.327 24402 28493 D BLASTBufferQueue: [VRI[NavigationBar0]#1](f:0,a:3) PendingRelease=1, PendingBuffersToHold=0, SyncedFrameNumbers=0, lacfnr:39775, lapfnr:39775
03-27 20:23:26.327 24402 28493 D BLASTBufferQueue: [VRI[NotificationShade]#1102](f:0,a:4) PendingRelease=1, PendingBuffersToHold=0, SyncedFrameNumbers=0, lacfnr:58, lapfnr:58
03-27 20:23:26.333   942   942 W Layer   : Hide layer Input Consumer recents_animation_input_consumer#15340 because zOrderRelativeOf = ActivityRecord{3768a16 u0 com.google.android.gm/.ConversationListActivityGmail#27062 is hide.
03-27 20:23:26.333   942   942 W Layer   : Hide layer Input Consumer recents_animation_input_consumer#15340 because zOrderRelativeOf = ActivityRecord{3768a16 u0 com.google.android.gm/.ConversationListActivityGmail#27062 is hide.
03-27 20:23:26.334  1331  4259 D InputDispatcher: setInputWindows displayId=0 cf1652a NavigationBar0 7da7d35 NotificationShade 5465496 StatusBar 1cfd6ed Splash Screen com.smartfit.app eeb822b com.smartfit.app/com.smartfit.app.MainActivity 991143b ActivityRecordInputSink com.smartfit.app/.MainActivity 3cac54b ActivityRecordInputSink com.whatsapp/.Conversation cfc9a62 ActivityRecordInputSink com.whatsapp/.home.ui.HomeActivity 75522f8 ActivityRecordInputSink com.android.chrome/org.chromium.chrome.browser.ChromeTabbedActivity recents_animation_input_consumer 8e45331 ActivityRecordInputSink com.google.android.gm/.ui.MailActivityGmail Dim layer#11752 Dim layer#11751 b6305f1 ActivityRecordInputSink com.android.launcher3/com.android.searchlauncher.SearchLauncher Wallpaper BBQ wrapper#11766 40061be com.android.systemui.wallpapers.ImageWallpaper
03-27 20:23:26.337 24402 28493 D BLASTBufferQueue: [VRI[NavigationBar0]#1](f:0,a:3) PendingRelease=1, PendingBuffersToHold=0, SyncedFrameNumbers=0, lacfnr:39776, lapfnr:39776
03-27 20:23:26.337 24402 28493 D BLASTBufferQueue: [VRI[NotificationShade]#1102](f:0,a:4) PendingRelease=1, PendingBuffersToHold=0, SyncedFrameNumbers=0, lacfnr:59, lapfnr:59
03-27 20:23:26.344   942   942 W Layer   : Hide layer Input Consumer recents_animation_input_consumer#15340 because zOrderRelativeOf = ActivityRecord{3768a16 u0 com.google.android.gm/.ConversationListActivityGmail#27062 is hide.
03-27 20:23:26.344   942   942 W Layer   : Hide layer Input Consumer recents_animation_input_consumer#15340 because zOrderRelativeOf = ActivityRecord{3768a16 u0 com.google.android.gm/.ConversationListActivityGmail#27062 is hide.
03-27 20:23:26.345  1331  4259 D InputDispatcher: setInputWindows displayId=0 cf1652a NavigationBar0 7da7d35 NotificationShade 5465496 StatusBar 1cfd6ed Splash Screen com.smartfit.app eeb822b com.smartfit.app/com.smartfit.app.MainActivity 991143b ActivityRecordInputSink com.smartfit.app/.MainActivity 3cac54b ActivityRecordInputSink com.whatsapp/.Conversation cfc9a62 ActivityRecordInputSink com.whatsapp/.home.ui.HomeActivity 75522f8 ActivityRecordInputSink com.android.chrome/org.chromium.chrome.browser.ChromeTabbedActivity recents_animation_input_consumer 8e45331 ActivityRecordInputSink com.google.android.gm/.ui.MailActivityGmail Dim layer#11752 Dim layer#11751 b6305f1 ActivityRecordInputSink com.android.launcher3/com.android.searchlauncher.SearchLauncher Wallpaper BBQ wrapper#11766 40061be com.android.systemui.wallpapers.ImageWallpaper
03-27 20:23:26.348 24402 28493 D BLASTBufferQueue: [VRI[NavigationBar0]#1](f:0,a:3) PendingRelease=1, PendingBuffersToHold=0, SyncedFrameNumbers=0, lacfnr:39777, lapfnr:39777
03-27 20:23:26.348 24402 28493 D BLASTBufferQueue: [VRI[NotificationShade]#1102](f:0,a:4) PendingRelease=1, PendingBuffersToHold=0, SyncedFrameNumbers=0, lacfnr:60, lapfnr:60
03-27 20:23:26.355   942   942 W Layer   : Hide layer Input Consumer recents_animation_input_consumer#15340 because zOrderRelativeOf = ActivityRecord{3768a16 u0 com.google.android.gm/.ConversationListActivityGmail#27062 is hide.
03-27 20:23:26.355   942   942 W Layer   : Hide layer Input Consumer recents_animation_input_consumer#15340 because zOrderRelativeOf = ActivityRecord{3768a16 u0 com.google.android.gm/.ConversationListActivityGmail#27062 is hide.
03-27 20:23:26.356  1331  4259 D InputDispatcher: setInputWindows displayId=0 cf1652a NavigationBar0 7da7d35 NotificationShade 5465496 StatusBar 1cfd6ed Splash Screen com.smartfit.app eeb822b com.smartfit.app/com.smartfit.app.MainActivity 991143b ActivityRecordInputSink com.smartfit.app/.MainActivity 3cac54b ActivityRecordInputSink com.whatsapp/.Conversation cfc9a62 ActivityRecordInputSink com.whatsapp/.home.ui.HomeActivity 75522f8 ActivityRecordInputSink com.android.chrome/org.chromium.chrome.browser.ChromeTabbedActivity recents_animation_input_consumer 8e45331 ActivityRecordInputSink com.google.android.gm/.ui.MailActivityGmail Dim layer#11752 Dim layer#11751 b6305f1 ActivityRecordInputSink com.android.launcher3/com.android.searchlauncher.SearchLauncher Wallpaper BBQ wrapper#11766 40061be com.android.systemui.wallpapers.ImageWallpaper
03-27 20:23:26.359 24402 24413 D BLASTBufferQueue: [VRI[NavigationBar0]#1](f:0,a:3) PendingRelease=1, PendingBuffersToHold=0, SyncedFrameNumbers=0, lacfnr:39778, lapfnr:39778
03-27 20:23:26.359 24402 24413 D BLASTBufferQueue: [VRI[NotificationShade]#1102](f:0,a:4) PendingRelease=1, PendingBuffersToHold=0, SyncedFrameNumbers=0, lacfnr:61, lapfnr:61
03-27 20:23:26.367   942   942 W Layer   : Hide layer Input Consumer recents_animation_input_consumer#15340 because zOrderRelativeOf = ActivityRecord{3768a16 u0 com.google.android.gm/.ConversationListActivityGmail#27062 is hide.
03-27 20:23:26.367   942   942 W Layer   : Hide layer Input Consumer recents_animation_input_consumer#15340 because zOrderRelativeOf = ActivityRecord{3768a16 u0 com.google.android.gm/.ConversationListActivityGmail#27062 is hide.
03-27 20:23:26.368   911  1023 D mali_gralloc: unregister: id=38e000117dd, handle=0xb4000071bb4b6ab0, base=0x0, importpid=911, count:0
03-27 20:23:26.369  1331  4259 D InputDispatcher: setInputWindows displayId=0 cf1652a NavigationBar0 7da7d35 NotificationShade 5465496 StatusBar eeb822b com.smartfit.app/com.smartfit.app.MainActivity 991143b ActivityRecordInputSink com.smartfit.app/.MainActivity 3cac54b ActivityRecordInputSink com.whatsapp/.Conversation cfc9a62 ActivityRecordInputSink com.whatsapp/.home.ui.HomeActivity 75522f8 ActivityRecordInputSink com.android.chrome/org.chromium.chrome.browser.ChromeTabbedActivity recents_animation_input_consumer 8e45331 ActivityRecordInputSink com.google.android.gm/.ui.MailActivityGmail Dim layer#11752 Dim layer#11751 b6305f1 ActivityRecordInputSink com.android.launcher3/com.android.searchlauncher.SearchLauncher Wallpaper BBQ wrapper#11766 40061be com.android.systemui.wallpapers.ImageWallpaper
03-27 20:23:26.369  1331  4259 D InputDispatcher: Window went away: 1cfd6ed Splash Screen com.smartfit.app
03-27 20:23:26.370   911  1023 D mali_gralloc: unregister: id=38e000117e0, handle=0xb4000071bb4a70f0, base=0x0, importpid=911, count:0
03-27 20:23:26.371   911  1023 D mali_gralloc: unregister: id=38e000117df, handle=0xb4000071bb4b61b0, base=0x0, importpid=911, count:0
03-27 20:23:26.371   911  1023 D mali_gralloc: unregister: id=38e000117de, handle=0xb4000071bb4b2f10, base=0x0, importpid=911, count:0
03-27 20:23:26.375 24402 24413 D BLASTBufferQueue: [VRI[NavigationBar0]#1](f:0,a:3) PendingRelease=1, PendingBuffersToHold=0, SyncedFrameNumbers=0, lacfnr:39779, lapfnr:39779
03-27 20:23:26.375 24402 24413 D BLASTBufferQueue: [VRI[NotificationShade]#1102](f:0,a:4) PendingRelease=1, PendingBuffersToHold=0, SyncedFrameNumbers=0, lacfnr:62, lapfnr:62
03-27 20:23:26.377   942  1001 D mali_gralloc: unregister: id=38e000117df, handle=0xb400007bafd33870, base=0x0, importpid=942, count:0
03-27 20:23:26.378   942   942 W Layer   : Hide layer Input Consumer recents_animation_input_consumer#15340 because zOrderRelativeOf = ActivityRecord{3768a16 u0 com.google.android.gm/.ConversationListActivityGmail#27062 is hide.
03-27 20:23:26.378   942   942 W Layer   : Hide layer Input Consumer recents_animation_input_consumer#15340 because zOrderRelativeOf = ActivityRecord{3768a16 u0 com.google.android.gm/.ConversationListActivityGmail#27062 is hide.
03-27 20:23:26.379  1331  4259 D InputDispatcher: setInputWindows displayId=0 cf1652a NavigationBar0 7da7d35 NotificationShade 5465496 StatusBar eeb822b com.smartfit.app/com.smartfit.app.MainActivity 991143b ActivityRecordInputSink com.smartfit.app/.MainActivity 3cac54b ActivityRecordInputSink com.whatsapp/.Conversation cfc9a62 ActivityRecordInputSink com.whatsapp/.home.ui.HomeActivity 75522f8 ActivityRecordInputSink com.android.chrome/org.chromium.chrome.browser.ChromeTabbedActivity recents_animation_input_consumer 8e45331 ActivityRecordInputSink com.google.android.gm/.ui.MailActivityGmail Dim layer#11752 Dim layer#11751 b6305f1 ActivityRecordInputSink com.android.launcher3/com.android.searchlauncher.SearchLauncher Wallpaper BBQ wrapper#11766 40061be com.android.systemui.wallpapers.ImageWallpaper
03-27 20:23:26.382 24402 24413 D BLASTBufferQueue: [VRI[NavigationBar0]#1](f:0,a:3) PendingRelease=1, PendingBuffersToHold=0, SyncedFrameNumbers=0, lacfnr:39780, lapfnr:39780
03-27 20:23:26.382 24402 24413 D BLASTBufferQueue: [VRI[NotificationShade]#1102](f:0,a:4) PendingRelease=1, PendingBuffersToHold=0, SyncedFrameNumbers=0, lacfnr:63, lapfnr:63
03-27 20:23:26.391 24402 24413 D BLASTBufferQueue: [VRI[NavigationBar0]#1](f:0,a:3) PendingRelease=1, PendingBuffersToHold=0, SyncedFrameNumbers=0, lacfnr:39781, lapfnr:39781
03-27 20:23:26.391 24402 24413 D BLASTBufferQueue: [VRI[NotificationShade]#1102](f:0,a:4) PendingRelease=1, PendingBuffersToHold=0, SyncedFrameNumbers=0, lacfnr:64, lapfnr:64
03-27 20:23:26.402 24402 24413 D BLASTBufferQueue: [VRI[NavigationBar0]#1](f:0,a:3) PendingRelease=1, PendingBuffersToHold=0, SyncedFrameNumbers=0, lacfnr:39782, lapfnr:39782
03-27 20:23:26.402 24402 24413 D BLASTBufferQueue: [VRI[NotificationShade]#1102](f:0,a:4) PendingRelease=1, PendingBuffersToHold=0, SyncedFrameNumbers=0, lacfnr:65, lapfnr:65
03-27 20:23:26.414 24402 24413 D BLASTBufferQueue: [VRI[NavigationBar0]#1](f:0,a:3) PendingRelease=1, PendingBuffersToHold=0, SyncedFrameNumbers=0, lacfnr:39783, lapfnr:39783
03-27 20:23:26.414 24402 24413 D BLASTBufferQueue: [VRI[NotificationShade]#1102](f:0,a:4) PendingRelease=1, PendingBuffersToHold=0, SyncedFrameNumbers=0, lacfnr:66, lapfnr:66
03-27 20:23:26.424 24402 24413 D BLASTBufferQueue: [VRI[NavigationBar0]#1](f:0,a:3) PendingRelease=1, PendingBuffersToHold=0, SyncedFrameNumbers=0, lacfnr:39784, lapfnr:39784
03-27 20:23:26.424 24402 24413 D BLASTBufferQueue: [VRI[NotificationShade]#1102](f:0,a:4) PendingRelease=1, PendingBuffersToHold=0, SyncedFrameNumbers=0, lacfnr:67, lapfnr:67
03-27 20:23:26.436 24402 24413 D BLASTBufferQueue: [VRI[NavigationBar0]#1](f:0,a:3) PendingRelease=1, PendingBuffersToHold=0, SyncedFrameNumbers=0, lacfnr:39785, lapfnr:39785
03-27 20:23:26.436 24402 24413 D BLASTBufferQueue: [VRI[NotificationShade]#1102](f:0,a:4) PendingRelease=1, PendingBuffersToHold=0, SyncedFrameNumbers=0, lacfnr:68, lapfnr:68
03-27 20:23:26.447 24402 24413 D BLASTBufferQueue: [VRI[NavigationBar0]#1](f:0,a:3) PendingRelease=1, PendingBuffersToHold=0, SyncedFrameNumbers=0, lacfnr:39786, lapfnr:39786
03-27 20:23:26.448 24402 24413 D BLASTBufferQueue: [VRI[NotificationShade]#1102](f:0,a:4) PendingRelease=1, PendingBuffersToHold=0, SyncedFrameNumbers=0, lacfnr:69, lapfnr:69
03-27 20:23:26.458 24402 24413 D BLASTBufferQueue: [VRI[NavigationBar0]#1](f:0,a:3) PendingRelease=1, PendingBuffersToHold=0, SyncedFrameNumbers=0, lacfnr:39787, lapfnr:39787
03-27 20:23:26.459 24402 24413 D BLASTBufferQueue: [VRI[NotificationShade]#1102](f:0,a:4) PendingRelease=1, PendingBuffersToHold=0, SyncedFrameNumbers=0, lacfnr:70, lapfnr:70
03-27 20:23:26.469 24402 24413 D BLASTBufferQueue: [VRI[NavigationBar0]#1](f:0,a:3) PendingRelease=1, PendingBuffersToHold=0, SyncedFrameNumbers=0, lacfnr:39788, lapfnr:39788
03-27 20:23:26.470 24402 24413 D BLASTBufferQueue: [VRI[NotificationShade]#1102](f:0,a:4) PendingRelease=1, PendingBuffersToHold=0, SyncedFrameNumbers=0, lacfnr:71, lapfnr:71
03-27 20:23:26.481 24402 24413 D BLASTBufferQueue: [VRI[NavigationBar0]#1](f:0,a:2) PendingRelease=1, PendingBuffersToHold=0, SyncedFrameNumbers=0, lacfnr:39788, lapfnr:39788
03-27 20:23:26.481 24402 24413 D BLASTBufferQueue: [VRI[NotificationShade]#1102](f:0,a:4) PendingRelease=1, PendingBuffersToHold=0, SyncedFrameNumbers=0, lacfnr:72, lapfnr:72
03-27 20:23:26.491 24402 24413 D BLASTBufferQueue: [VRI[NotificationShade]#1102](f:0,a:4) PendingRelease=1, PendingBuffersToHold=0, SyncedFrameNumbers=0, lacfnr:73, lapfnr:73
03-27 20:23:26.503 24402 24413 D BLASTBufferQueue: [VRI[NotificationShade]#1102](f:0,a:4) PendingRelease=1, PendingBuffersToHold=0, SyncedFrameNumbers=0, lacfnr:74, lapfnr:74
03-27 20:23:26.514 24402 24413 D BLASTBufferQueue: [VRI[NotificationShade]#1102](f:0,a:4) PendingRelease=1, PendingBuffersToHold=0, SyncedFrameNumbers=0, lacfnr:75, lapfnr:75
03-27 20:23:26.525 24402 24413 D BLASTBufferQueue: [VRI[NotificationShade]#1102](f:0,a:4) PendingRelease=1, PendingBuffersToHold=0, SyncedFrameNumbers=0, lacfnr:76, lapfnr:76
03-27 20:23:26.536 24402 24413 D BLASTBufferQueue: [VRI[NotificationShade]#1102](f:0,a:4) PendingRelease=1, PendingBuffersToHold=0, SyncedFrameNumbers=0, lacfnr:77, lapfnr:77
03-27 20:23:26.547 24402 24413 D BLASTBufferQueue: [VRI[NotificationShade]#1102](f:0,a:4) PendingRelease=1, PendingBuffersToHold=0, SyncedFrameNumbers=0, lacfnr:78, lapfnr:78
03-27 20:23:26.558 24402 24413 D BLASTBufferQueue: [VRI[NotificationShade]#1102](f:0,a:4) PendingRelease=1, PendingBuffersToHold=0, SyncedFrameNumbers=0, lacfnr:79, lapfnr:79
03-27 20:23:26.571 24402 24413 D BLASTBufferQueue: [VRI[NotificationShade]#1102](f:0,a:4) PendingRelease=1, PendingBuffersToHold=0, SyncedFrameNumbers=0, lacfnr:80, lapfnr:80
03-27 20:23:26.581 24402 24413 D BLASTBufferQueue: [VRI[NotificationShade]#1102](f:0,a:4) PendingRelease=1, PendingBuffersToHold=0, SyncedFrameNumbers=0, lacfnr:81, lapfnr:81
03-27 20:23:26.593 24402 24413 D BLASTBufferQueue: [VRI[NotificationShade]#1102](f:0,a:4) PendingRelease=1, PendingBuffersToHold=0, SyncedFrameNumbers=0, lacfnr:82, lapfnr:82
03-27 20:23:26.604 24402 24413 D BLASTBufferQueue: [VRI[NotificationShade]#1102](f:0,a:4) PendingRelease=1, PendingBuffersToHold=0, SyncedFrameNumbers=0, lacfnr:83, lapfnr:83
03-27 20:23:26.614 24402 24413 D BLASTBufferQueue: [VRI[NotificationShade]#1102](f:0,a:4) PendingRelease=1, PendingBuffersToHold=0, SyncedFrameNumbers=0, lacfnr:84, lapfnr:84
03-27 20:23:26.625 24402 24413 D BLASTBufferQueue: [VRI[NotificationShade]#1102](f:0,a:4) PendingRelease=1, PendingBuffersToHold=0, SyncedFrameNumbers=0, lacfnr:85, lapfnr:85
03-27 20:23:26.630   936   936 D vendor.sprd.hardware.vibrator-service: vibra_off
03-27 20:23:26.631   936 12114 D vendor.sprd.hardware.vibrator-service: Notifying on complete
03-27 20:23:26.637 24402 24413 D BLASTBufferQueue: [VRI[NotificationShade]#1102](f:0,a:4) PendingRelease=1, PendingBuffersToHold=0, SyncedFrameNumbers=0, lacfnr:86, lapfnr:86
03-27 20:23:26.648 24402 24413 D BLASTBufferQueue: [VRI[NotificationShade]#1102](f:0,a:4) PendingRelease=1, PendingBuffersToHold=0, SyncedFrameNumbers=0, lacfnr:87, lapfnr:87
03-27 20:23:26.660 24402 24413 D BLASTBufferQueue: [VRI[NotificationShade]#1102](f:0,a:4) PendingRelease=1, PendingBuffersToHold=0, SyncedFrameNumbers=0, lacfnr:88, lapfnr:88
03-27 20:23:26.670 24402 24413 D BLASTBufferQueue: [VRI[NotificationShade]#1102](f:0,a:4) PendingRelease=1, PendingBuffersToHold=0, SyncedFrameNumbers=0, lacfnr:89, lapfnr:89
03-27 20:23:26.681 24402 24413 D BLASTBufferQueue: [VRI[NotificationShade]#1102](f:0,a:4) PendingRelease=1, PendingBuffersToHold=0, SyncedFrameNumbers=0, lacfnr:90, lapfnr:90
03-27 20:23:26.693 24402 24413 D BLASTBufferQueue: [VRI[NotificationShade]#1102](f:0,a:4) PendingRelease=1, PendingBuffersToHold=0, SyncedFrameNumbers=0, lacfnr:91, lapfnr:91
03-27 20:23:26.703 24402 24413 D BLASTBufferQueue: [VRI[NotificationShade]#1102](f:0,a:4) PendingRelease=1, PendingBuffersToHold=0, SyncedFrameNumbers=0, lacfnr:92, lapfnr:92
03-27 20:23:26.715 24402 24413 D BLASTBufferQueue: [VRI[NotificationShade]#1102](f:0,a:4) PendingRelease=1, PendingBuffersToHold=0, SyncedFrameNumbers=0, lacfnr:93, lapfnr:93
03-27 20:23:26.726 24402 24413 D BLASTBufferQueue: [VRI[NotificationShade]#1102](f:0,a:4) PendingRelease=1, PendingBuffersToHold=0, SyncedFrameNumbers=0, lacfnr:94, lapfnr:94
03-27 20:23:26.738 24402 24413 D BLASTBufferQueue: [VRI[NotificationShade]#1102](f:0,a:4) PendingRelease=1, PendingBuffersToHold=0, SyncedFrameNumbers=0, lacfnr:95, lapfnr:95
03-27 20:23:26.748 24402 24413 D BLASTBufferQueue: [VRI[NotificationShade]#1102](f:0,a:4) PendingRelease=1, PendingBuffersToHold=0, SyncedFrameNumbers=0, lacfnr:96, lapfnr:96
03-27 20:23:26.760 24402 24413 D BLASTBufferQueue: [VRI[NotificationShade]#1102](f:0,a:4) PendingRelease=1, PendingBuffersToHold=0, SyncedFrameNumbers=0, lacfnr:97, lapfnr:97
03-27 20:23:26.770 24402 24413 D BLASTBufferQueue: [VRI[NotificationShade]#1102](f:0,a:4) PendingRelease=1, PendingBuffersToHold=0, SyncedFrameNumbers=0, lacfnr:98, lapfnr:98
03-27 20:23:26.781 24402 24413 D BLASTBufferQueue: [VRI[NotificationShade]#1102](f:0,a:4) PendingRelease=1, PendingBuffersToHold=0, SyncedFrameNumbers=0, lacfnr:99, lapfnr:99
03-27 20:23:26.793 24402 24413 D BLASTBufferQueue: [VRI[NotificationShade]#1102](f:0,a:4) PendingRelease=1, PendingBuffersToHold=0, SyncedFrameNumbers=0, lacfnr:100, lapfnr:100
03-27 20:23:26.804 24402 24413 D BLASTBufferQueue: [VRI[NotificationShade]#1102](f:0,a:4) PendingRelease=1, PendingBuffersToHold=0, SyncedFrameNumbers=0, lacfnr:101, lapfnr:101
03-27 20:23:26.815 24402 24413 D BLASTBufferQueue: [VRI[NotificationShade]#1102](f:0,a:4) PendingRelease=1, PendingBuffersToHold=0, SyncedFrameNumbers=0, lacfnr:102, lapfnr:102
03-27 20:23:26.826 24402 24413 D BLASTBufferQueue: [VRI[NotificationShade]#1102](f:0,a:4) PendingRelease=1, PendingBuffersToHold=0, SyncedFrameNumbers=0, lacfnr:103, lapfnr:103
03-27 20:23:26.837 24402 24413 D BLASTBufferQueue: [VRI[NotificationShade]#1102](f:0,a:4) PendingRelease=1, PendingBuffersToHold=0, SyncedFrameNumbers=0, lacfnr:104, lapfnr:104
03-27 20:23:26.848 24402 24413 D BLASTBufferQueue: [VRI[NotificationShade]#1102](f:0,a:4) PendingRelease=1, PendingBuffersToHold=0, SyncedFrameNumbers=0, lacfnr:105, lapfnr:105
03-27 20:23:26.860 24402 24413 D BLASTBufferQueue: [VRI[NotificationShade]#1102](f:0,a:4) PendingRelease=1, PendingBuffersToHold=0, SyncedFrameNumbers=0, lacfnr:106, lapfnr:106
03-27 20:23:26.870 24402 24413 D BLASTBufferQueue: [VRI[NotificationShade]#1102](f:0,a:4) PendingRelease=1, PendingBuffersToHold=0, SyncedFrameNumbers=0, lacfnr:107, lapfnr:107
03-27 20:23:26.880   936   936 D vendor.sprd.hardware.vibrator-service: vibra_on 750
03-27 20:23:26.880   936   936 D vendor.sprd.hardware.vibrator-service: Vibrator callback is not nullptr
03-27 20:23:26.881   936 12119 D vendor.sprd.hardware.vibrator-service: Starting on on another thread
03-27 20:23:26.882 24402 24413 D BLASTBufferQueue: [VRI[NotificationShade]#1102](f:0,a:4) PendingRelease=1, PendingBuffersToHold=0, SyncedFrameNumbers=0, lacfnr:108, lapfnr:108
03-27 20:23:26.892 24402 24413 D BLASTBufferQueue: [VRI[NotificationShade]#1102](f:0,a:4) PendingRelease=1, PendingBuffersToHold=0, SyncedFrameNumbers=0, lacfnr:109, lapfnr:109
03-27 20:23:26.904 24402 24413 D BLASTBufferQueue: [VRI[NotificationShade]#1102](f:0,a:4) PendingRelease=1, PendingBuffersToHold=0, SyncedFrameNumbers=0, lacfnr:110, lapfnr:110
03-27 20:23:26.915 24402 24413 D BLASTBufferQueue: [VRI[NotificationShade]#1102](f:0,a:4) PendingRelease=1, PendingBuffersToHold=0, SyncedFrameNumbers=0, lacfnr:111, lapfnr:111
03-27 20:23:26.926 24402 24413 D BLASTBufferQueue: [VRI[NotificationShade]#1102](f:0,a:4) PendingRelease=1, PendingBuffersToHold=0, SyncedFrameNumbers=0, lacfnr:112, lapfnr:112
03-27 20:23:26.938 24402 24413 D BLASTBufferQueue: [VRI[NotificationShade]#1102](f:0,a:4) PendingRelease=1, PendingBuffersToHold=0, SyncedFrameNumbers=0, lacfnr:113, lapfnr:113
03-27 20:23:26.949 24402 24413 D BLASTBufferQueue: [VRI[NotificationShade]#1102](f:0,a:4) PendingRelease=1, PendingBuffersToHold=0, SyncedFrameNumbers=0, lacfnr:114, lapfnr:114
03-27 20:23:26.960 24402 24413 D BLASTBufferQueue: [VRI[NotificationShade]#1102](f:0,a:4) PendingRelease=1, PendingBuffersToHold=0, SyncedFrameNumbers=0, lacfnr:115, lapfnr:115
03-27 20:23:26.971 24402 24413 D BLASTBufferQueue: [VRI[NotificationShade]#1102](f:0,a:4) PendingRelease=1, PendingBuffersToHold=0, SyncedFrameNumbers=0, lacfnr:116, lapfnr:116
03-27 20:23:26.982 24402 24413 D BLASTBufferQueue: [VRI[NotificationShade]#1102](f:0,a:4) PendingRelease=1, PendingBuffersToHold=0, SyncedFrameNumbers=0, lacfnr:117, lapfnr:117
03-27 20:23:26.993 24402 24413 D BLASTBufferQueue: [VRI[NotificationShade]#1102](f:0,a:4) PendingRelease=1, PendingBuffersToHold=0, SyncedFrameNumbers=0, lacfnr:118, lapfnr:118
03-27 20:23:26.998 11663 11663 I Choreographer: Skipped 67 frames!  The application may be doing too much work on its main thread.
03-27 20:23:27.005 24402 24413 D BLASTBufferQueue: [VRI[NotificationShade]#1102](f:0,a:4) PendingRelease=1, PendingBuffersToHold=0, SyncedFrameNumbers=0, lacfnr:119, lapfnr:119
03-27 20:23:27.008   942  2327 D mali_gralloc: register: id=38e000117e4, handle=0xb400007bafd19170, importpid=11663, gRegisteredHandles=23
03-27 20:23:27.009   942  1001 D mali_gralloc: unregister: id=38e000117de, handle=0xb400007bafd25bf0, base=0x0, importpid=942, count:0
03-27 20:23:27.015 24402 24413 D BLASTBufferQueue: [VRI[NotificationShade]#1102](f:0,a:4) PendingRelease=1, PendingBuffersToHold=0, SyncedFrameNumbers=0, lacfnr:120, lapfnr:120
03-27 20:23:27.024   911  1023 D mali_gralloc: register: id=38e000117e4, handle=0xb4000071bb4b2f10, importpid=942, gRegisteredHandles=20
03-27 20:23:27.028 24402 24413 D BLASTBufferQueue: [VRI[NotificationShade]#1102](f:0,a:4) PendingRelease=1, PendingBuffersToHold=0, SyncedFrameNumbers=0, lacfnr:121, lapfnr:121
03-27 20:23:27.028 11663 11673 I OpenGLRenderer: Davey! duration=767ms; Flags=0, FrameTimelineVsyncId=36552292, IntendedVsync=314308358088343, Vsync=314309103954185, InputEventId=0, HandleInputStart=314309113827764, AnimationStart=314309113833572, PerformTraversalsStart=314309113836034, DrawStart=314309113976688, FrameDeadline=314308379310565, FrameInterval=314309112629380, FrameStartTime=11132326, SyncQueued=314309117120803, SyncStart=314309117388188, IssueDrawCommandsStart=314309117573264, SwapBuffers=314309121636649, FrameCompleted=314309126026034, DequeueBufferDuration=37577, QueueBufferDuration=596192, GpuCompleted=314309126026034, SwapBuffersCompleted=314309122428880, DisplayPresentTime=0, CommandSubmissionCompleted=314309121636649,
03-27 20:23:27.038 24402 24413 D BLASTBufferQueue: [VRI[NotificationShade]#1102](f:0,a:4) PendingRelease=1, PendingBuffersToHold=0, SyncedFrameNumbers=0, lacfnr:122, lapfnr:122
03-27 20:23:27.049 24402 24413 D BLASTBufferQueue: [VRI[NotificationShade]#1102](f:0,a:4) PendingRelease=1, PendingBuffersToHold=0, SyncedFrameNumbers=0, lacfnr:123, lapfnr:123
03-27 20:23:27.059 24402 24413 D BLASTBufferQueue: [VRI[NotificationShade]#1102](f:0,a:4) PendingRelease=1, PendingBuffersToHold=0, SyncedFrameNumbers=0, lacfnr:124, lapfnr:124
03-27 20:23:27.072 24402 24413 D BLASTBufferQueue: [VRI[NotificationShade]#1102](f:0,a:4) PendingRelease=1, PendingBuffersToHold=0, SyncedFrameNumbers=0, lacfnr:125, lapfnr:125
03-27 20:23:27.083 24402 24413 D BLASTBufferQueue: [VRI[NotificationShade]#1102](f:0,a:4) PendingRelease=1, PendingBuffersToHold=0, SyncedFrameNumbers=0, lacfnr:126, lapfnr:126
03-27 20:23:27.094 24402 24413 D BLASTBufferQueue: [VRI[NotificationShade]#1102](f:0,a:4) PendingRelease=1, PendingBuffersToHold=0, SyncedFrameNumbers=0, lacfnr:127, lapfnr:127
03-27 20:23:27.105 24402 24413 D BLASTBufferQueue: [VRI[NotificationShade]#1102](f:0,a:4) PendingRelease=1, PendingBuffersToHold=0, SyncedFrameNumbers=0, lacfnr:128, lapfnr:128
03-27 20:23:27.116 24402 24413 D BLASTBufferQueue: [VRI[NotificationShade]#1102](f:0,a:4) PendingRelease=1, PendingBuffersToHold=0, SyncedFrameNumbers=0, lacfnr:129, lapfnr:129
03-27 20:23:27.127 24402 24413 D BLASTBufferQueue: [VRI[NotificationShade]#1102](f:0,a:4) PendingRelease=1, PendingBuffersToHold=0, SyncedFrameNumbers=0, lacfnr:130, lapfnr:130
03-27 20:23:27.139 24402 24413 D BLASTBufferQueue: [VRI[NotificationShade]#1102](f:0,a:4) PendingRelease=1, PendingBuffersToHold=0, SyncedFrameNumbers=0, lacfnr:131, lapfnr:131
03-27 20:23:27.150 24402 24413 D BLASTBufferQueue: [VRI[NotificationShade]#1102](f:0,a:4) PendingRelease=1, PendingBuffersToHold=0, SyncedFrameNumbers=0, lacfnr:132, lapfnr:132
03-27 20:23:27.161 24402 24413 D BLASTBufferQueue: [VRI[NotificationShade]#1102](f:0,a:4) PendingRelease=1, PendingBuffersToHold=0, SyncedFrameNumbers=0, lacfnr:133, lapfnr:133
03-27 20:23:27.172 24402 24413 D BLASTBufferQueue: [VRI[NotificationShade]#1102](f:0,a:4) PendingRelease=1, PendingBuffersToHold=0, SyncedFrameNumbers=0, lacfnr:134, lapfnr:134
03-27 20:23:27.184 24402 24413 D BLASTBufferQueue: [VRI[NotificationShade]#1102](f:0,a:4) PendingRelease=1, PendingBuffersToHold=0, SyncedFrameNumbers=0, lacfnr:135, lapfnr:135
03-27 20:23:27.194 24402 24413 D BLASTBufferQueue: [VRI[NotificationShade]#1102](f:0,a:4) PendingRelease=1, PendingBuffersToHold=0, SyncedFrameNumbers=0, lacfnr:136, lapfnr:136
03-27 20:23:27.205 24402 24413 D BLASTBufferQueue: [VRI[NotificationShade]#1102](f:0,a:4) PendingRelease=1, PendingBuffersToHold=0, SyncedFrameNumbers=0, lacfnr:137, lapfnr:137
03-27 20:23:27.216 24402 24413 D BLASTBufferQueue: [VRI[NotificationShade]#1102](f:0,a:4) PendingRelease=1, PendingBuffersToHold=0, SyncedFrameNumbers=0, lacfnr:138, lapfnr:138
03-27 20:23:27.228 24402 24413 D BLASTBufferQueue: [VRI[NotificationShade]#1102](f:0,a:4) PendingRelease=1, PendingBuffersToHold=0, SyncedFrameNumbers=0, lacfnr:139, lapfnr:139
03-27 20:23:27.239 24402 24413 D BLASTBufferQueue: [VRI[NotificationShade]#1102](f:0,a:4) PendingRelease=1, PendingBuffersToHold=0, SyncedFrameNumbers=0, lacfnr:140, lapfnr:140
03-27 20:23:27.250 24402 24413 D BLASTBufferQueue: [VRI[NotificationShade]#1102](f:0,a:4) PendingRelease=1, PendingBuffersToHold=0, SyncedFrameNumbers=0, lacfnr:141, lapfnr:141
03-27 20:23:27.261 24402 24413 D BLASTBufferQueue: [VRI[NotificationShade]#1102](f:0,a:4) PendingRelease=1, PendingBuffersToHold=0, SyncedFrameNumbers=0, lacfnr:142, lapfnr:142
03-27 20:23:27.272 24402 24413 D BLASTBufferQueue: [VRI[NotificationShade]#1102](f:0,a:4) PendingRelease=1, PendingBuffersToHold=0, SyncedFrameNumbers=0, lacfnr:143, lapfnr:143
03-27 20:23:27.283 24402 24413 D BLASTBufferQueue: [VRI[NotificationShade]#1102](f:0,a:4) PendingRelease=1, PendingBuffersToHold=0, SyncedFrameNumbers=0, lacfnr:144, lapfnr:144
03-27 20:23:27.294 24402 24413 D BLASTBufferQueue: [VRI[NotificationShade]#1102](f:0,a:4) PendingRelease=1, PendingBuffersToHold=0, SyncedFrameNumbers=0, lacfnr:145, lapfnr:145
03-27 20:23:27.306 24402 24413 D BLASTBufferQueue: [VRI[NotificationShade]#1102](f:0,a:4) PendingRelease=1, PendingBuffersToHold=0, SyncedFrameNumbers=0, lacfnr:146, lapfnr:146
03-27 20:23:27.317 24402 24413 D BLASTBufferQueue: [VRI[NotificationShade]#1102](f:0,a:4) PendingRelease=1, PendingBuffersToHold=0, SyncedFrameNumbers=0, lacfnr:147, lapfnr:147
03-27 20:23:27.328 24402 24413 D BLASTBufferQueue: [VRI[NotificationShade]#1102](f:0,a:4) PendingRelease=1, PendingBuffersToHold=0, SyncedFrameNumbers=0, lacfnr:148, lapfnr:148
03-27 20:23:27.339 24402 24413 D BLASTBufferQueue: [VRI[NotificationShade]#1102](f:0,a:4) PendingRelease=1, PendingBuffersToHold=0, SyncedFrameNumbers=0, lacfnr:149, lapfnr:149
03-27 20:23:27.350 24402 24413 D BLASTBufferQueue: [VRI[NotificationShade]#1102](f:0,a:4) PendingRelease=1, PendingBuffersToHold=0, SyncedFrameNumbers=0, lacfnr:150, lapfnr:150
03-27 20:23:27.361 24402 24413 D BLASTBufferQueue: [VRI[NotificationShade]#1102](f:0,a:4) PendingRelease=1, PendingBuffersToHold=0, SyncedFrameNumbers=0, lacfnr:151, lapfnr:151
03-27 20:23:27.372 24402 24413 D BLASTBufferQueue: [VRI[NotificationShade]#1102](f:0,a:4) PendingRelease=1, PendingBuffersToHold=0, SyncedFrameNumbers=0, lacfnr:152, lapfnr:152
03-27 20:23:27.383 24402 24413 D BLASTBufferQueue: [VRI[NotificationShade]#1102](f:0,a:4) PendingRelease=1, PendingBuffersToHold=0, SyncedFrameNumbers=0, lacfnr:153, lapfnr:153
03-27 20:23:27.394 24402 24413 D BLASTBufferQueue: [VRI[NotificationShade]#1102](f:0,a:4) PendingRelease=1, PendingBuffersToHold=0, SyncedFrameNumbers=0, lacfnr:154, lapfnr:154
03-27 20:23:27.406 24402 24413 D BLASTBufferQueue: [VRI[NotificationShade]#1102](f:0,a:4) PendingRelease=1, PendingBuffersToHold=0, SyncedFrameNumbers=0, lacfnr:155, lapfnr:155
03-27 20:23:27.417 24402 24413 D BLASTBufferQueue: [VRI[NotificationShade]#1102](f:0,a:4) PendingRelease=1, PendingBuffersToHold=0, SyncedFrameNumbers=0, lacfnr:156, lapfnr:156
03-27 20:23:27.428 24402 24413 D BLASTBufferQueue: [VRI[NotificationShade]#1102](f:0,a:4) PendingRelease=1, PendingBuffersToHold=0, SyncedFrameNumbers=0, lacfnr:157, lapfnr:157
03-27 20:23:27.439 24402 24413 D BLASTBufferQueue: [VRI[NotificationShade]#1102](f:0,a:4) PendingRelease=1, PendingBuffersToHold=0, SyncedFrameNumbers=0, lacfnr:158, lapfnr:158
03-27 20:23:27.450 24402 24413 D BLASTBufferQueue: [VRI[NotificationShade]#1102](f:0,a:4) PendingRelease=1, PendingBuffersToHold=0, SyncedFrameNumbers=0, lacfnr:159, lapfnr:159
03-27 20:23:27.462 24402 24413 D BLASTBufferQueue: [VRI[NotificationShade]#1102](f:0,a:4) PendingRelease=1, PendingBuffersToHold=0, SyncedFrameNumbers=0, lacfnr:160, lapfnr:160
03-27 20:23:27.472 24402 24413 D BLASTBufferQueue: [VRI[NotificationShade]#1102](f:0,a:4) PendingRelease=1, PendingBuffersToHold=0, SyncedFrameNumbers=0, lacfnr:161, lapfnr:161
03-27 20:23:27.484 24402 24413 D BLASTBufferQueue: [VRI[NotificationShade]#1102](f:0,a:4) PendingRelease=1, PendingBuffersToHold=0, SyncedFrameNumbers=0, lacfnr:162, lapfnr:162
03-27 20:23:27.495 24402 24413 D BLASTBufferQueue: [VRI[NotificationShade]#1102](f:0,a:4) PendingRelease=1, PendingBuffersToHold=0, SyncedFrameNumbers=0, lacfnr:163, lapfnr:163
03-27 20:23:27.505 24402 24413 D BLASTBufferQueue: [VRI[NotificationShade]#1102](f:0,a:4) PendingRelease=1, PendingBuffersToHold=0, SyncedFrameNumbers=0, lacfnr:164, lapfnr:164
03-27 20:23:27.516 24402 24413 D BLASTBufferQueue: [VRI[NotificationShade]#1102](f:0,a:4) PendingRelease=1, PendingBuffersToHold=0, SyncedFrameNumbers=0, lacfnr:165, lapfnr:165
03-27 20:23:27.527 24402 24413 D BLASTBufferQueue: [VRI[NotificationShade]#1102](f:0,a:4) PendingRelease=1, PendingBuffersToHold=0, SyncedFrameNumbers=0, lacfnr:166, lapfnr:166
03-27 20:23:27.539 24402 24413 D BLASTBufferQueue: [VRI[NotificationShade]#1102](f:0,a:4) PendingRelease=1, PendingBuffersToHold=0, SyncedFrameNumbers=0, lacfnr:167, lapfnr:167
03-27 20:23:27.550 24402 24413 D BLASTBufferQueue: [VRI[NotificationShade]#1102](f:0,a:4) PendingRelease=1, PendingBuffersToHold=0, SyncedFrameNumbers=0, lacfnr:168, lapfnr:168
03-27 20:23:27.561 24402 24413 D BLASTBufferQueue: [VRI[NotificationShade]#1102](f:0,a:4) PendingRelease=1, PendingBuffersToHold=0, SyncedFrameNumbers=0, lacfnr:169, lapfnr:169
03-27 20:23:27.572 24402 24413 D BLASTBufferQueue: [VRI[NotificationShade]#1102](f:0,a:4) PendingRelease=1, PendingBuffersToHold=0, SyncedFrameNumbers=0, lacfnr:170, lapfnr:170
03-27 20:23:27.583 24402 24413 D BLASTBufferQueue: [VRI[NotificationShade]#1102](f:0,a:4) PendingRelease=1, PendingBuffersToHold=0, SyncedFrameNumbers=0, lacfnr:171, lapfnr:171
03-27 20:23:27.594 24402 24413 D BLASTBufferQueue: [VRI[NotificationShade]#1102](f:0,a:4) PendingRelease=1, PendingBuffersToHold=0, SyncedFrameNumbers=0, lacfnr:172, lapfnr:172
03-27 20:23:27.606 24402 24413 D BLASTBufferQueue: [VRI[NotificationShade]#1102](f:0,a:4) PendingRelease=1, PendingBuffersToHold=0, SyncedFrameNumbers=0, lacfnr:173, lapfnr:173
03-27 20:23:27.618 24402 24413 D BLASTBufferQueue: [VRI[NotificationShade]#1102](f:0,a:4) PendingRelease=1, PendingBuffersToHold=0, SyncedFrameNumbers=0, lacfnr:174, lapfnr:174
03-27 20:23:27.628 24402 24413 D BLASTBufferQueue: [VRI[NotificationShade]#1102](f:0,a:4) PendingRelease=1, PendingBuffersToHold=0, SyncedFrameNumbers=0, lacfnr:175, lapfnr:175
03-27 20:23:27.630   936   936 D vendor.sprd.hardware.vibrator-service: vibra_off
03-27 20:23:27.631   936 12119 D vendor.sprd.hardware.vibrator-service: Notifying on complete
03-27 20:23:27.640 24402 24413 D BLASTBufferQueue: [VRI[NotificationShade]#1102](f:0,a:4) PendingRelease=1, PendingBuffersToHold=0, SyncedFrameNumbers=0, lacfnr:176, lapfnr:176
03-27 20:23:27.651 24402 24413 D BLASTBufferQueue: [VRI[NotificationShade]#1102](f:0,a:4) PendingRelease=1, PendingBuffersToHold=0, SyncedFrameNumbers=0, lacfnr:177, lapfnr:177
03-27 20:23:27.662 24402 24413 D BLASTBufferQueue: [VRI[NotificationShade]#1102](f:0,a:4) PendingRelease=1, PendingBuffersToHold=0, SyncedFrameNumbers=0, lacfnr:178, lapfnr:178
03-27 20:23:27.673 24402 24413 D BLASTBufferQueue: [VRI[NotificationShade]#1102](f:0,a:4) PendingRelease=1, PendingBuffersToHold=0, SyncedFrameNumbers=0, lacfnr:179, lapfnr:179
03-27 20:23:27.684 24402 24413 D BLASTBufferQueue: [VRI[NotificationShade]#1102](f:0,a:4) PendingRelease=1, PendingBuffersToHold=0, SyncedFrameNumbers=0, lacfnr:180, lapfnr:180
