03-27 20:23:52.455  1331  1878 D InputDispatcher: setInputWindows displayId=0 913ef03 ScreenDecorOverlay [Gesture Monitor] pip-resize cf1652a NavigationBar0 5465496 StatusBar pip_input_consumer Embedded{PipMenuView} d8c563e com.whatsapp/com.whatsapp.calling.ui.VoipActivityV2 SurfaceView[com.whatsapp/com.whatsapp.calling.ui.VoipActivityV2](BLAST)#28541 Background for SurfaceView[com.whatsapp/com.whatsapp.calling.ui.VoipActivityV2]#28542 25b3f4 ActivityRecordInputSink com.whatsapp/.calling.ui.VoipActivityV2 31e5b90 com.smartfit.app/com.smartfit.app.MainActivity f9027de ActivityRecordInputSink com.smartfit.app/.MainActivity 3cac54b ActivityRecordInputSink com.whatsapp/.Conversation cfc9a62 ActivityRecordInputSink com.whatsapp/.home.ui.HomeActivity 75522f8 ActivityRecordInputSink com.android.chrome/org.chromium.chrome.browser.ChromeTabbedActivity recents_animation_input_consumer 8e45331 ActivityRecordInputSink com.google.android.gm/.ui.MailActivityGmail Dim layer#11752 Dim layer#11751 b6305f1 ActivityRecordInputSink com.android.launcher3/com.android.searchlaunc
03-27 20:23:52.464   942   942 D SurfaceFlinger: VRR attempt to change display mode to 1
03-27 20:23:52.464   942   942 I RefreshRateSelector: Display 4619827259835644672 policy changed
03-27 20:23:52.464   942   942 I RefreshRateSelector: Previous: {defaultModeId=0, allowGroupSwitching=false, primaryRanges={physical=[60.00 Hz, 120.00 Hz], render=[60.00 Hz, 60.00 Hz]}, appRequestRanges={physical=[60.00 Hz, 120.00 Hz], render=[60.00 Hz, 120.00 Hz]}}
03-27 20:23:52.464   942   942 I RefreshRateSelector: Current:  DisplayManagerPolicy{defaultModeId=1, allowGroupSwitching=false, primaryRanges={physical=[0.00 Hz, 120.00 Hz], render=[0.00 Hz, 90.00 Hz]}, appRequestRanges={physical=[0.00 Hz, 120.00 Hz], render=[0.00 Hz, 120.00 Hz]}}
03-27 20:23:52.464   942   942 I RefreshRateSelector: 1 mode changes were performed under the previous policy
03-27 20:23:52.468   905 12384 I cmr_sensor: 959, cmr_sns_thread_proc: evt 524548
03-27 20:23:52.468   905 12384 I cmr_sensor: 1379, cmr_sns_ioctl: cmd = 45, arg = 0xdbe58530.
03-27 20:23:52.468   905 12384 I gc08a3_sharkl2: 403, gc08a3_drv_access_val: sensor gc08a3: param_ptr->type=22
03-27 20:23:52.468   905 12441 W Cam3Channel: 934, getStream: channel has no valied stream(type is 7)
03-27 20:23:52.470   905 12450 I FDV3    : [getDetectImage, 298]: isTransform.
03-27 20:23:52.470   905 12441 I Cam3Setting: 6634, translateLocalToFwMetadata: calib_status_value:0
03-27 20:23:52.471   905 12441 E Cam3Channel: 1588, getMetadata: AE or AF callback error, give default metadata 0xe04014a0
03-27 20:23:52.471 30322 30478 D BLASTBufferQueue: [VRI[VoipActivityV2]#44](f:0,a:2) has set transaction callback, frameNumber = 371
03-27 20:23:52.472   905 12384 I cmr_sensor: 959, cmr_sns_thread_proc: evt 524548
03-27 20:23:52.472   905 12384 I cmr_sensor: 1379, cmr_sns_ioctl: cmd = 45, arg = 0xdbe58530.
03-27 20:23:52.472   905 12384 I gc08a3_sharkl2: 403, gc08a3_drv_access_val: sensor gc08a3: param_ptr->type=22
03-27 20:23:52.476   905  1312 E Cam3OEMIf: 12560, queueBuffer: mFtEnable 0
03-27 20:23:52.477  1331  1356 D SurfaceComposerClient: [com.whatsapp/com.whatsapp.calling.ui.VoipActivityV2#28488] frameNumber = 371 will apply
03-27 20:23:52.477   911  3225 D SPRDHWComposer: HWCDisplay::get_display_attribute <601>: config = 1
03-27 20:23:52.478   911  3225 D SPRDHWComposer: SprdDrm:: getActiveConfig: 0
03-27 20:23:52.478   911  3225 D SPRDHWComposer: HWCDisplay::get_display_attribute <601>: config = 0
03-27 20:23:52.478   942   942 W Layer   : Hide layer Input Consumer recents_animation_input_consumer#15340 because zOrderRelativeOf = ActivityRecord{3768a16 u0 com.google.android.gm/.ConversationListActivityGmail#27062 is hide.
03-27 20:23:52.478   942   942 W Layer   : Hide layer Input Consumer recents_animation_input_consumer#15340 because zOrderRelativeOf = ActivityRecord{3768a16 u0 com.google.android.gm/.ConversationListActivityGmail#27062 is hide.
03-27 20:23:52.479  1331  1429 D InputDispatcher: setInputWindows displayId=0 913ef03 ScreenDecorOverlay [Gesture Monitor] pip-resize cf1652a NavigationBar0 5465496 StatusBar pip_input_consumer Embedded{PipMenuView} d8c563e com.whatsapp/com.whatsapp.calling.ui.VoipActivityV2 SurfaceView[com.whatsapp/com.whatsapp.calling.ui.VoipActivityV2](BLAST)#28541 Background for SurfaceView[com.whatsapp/com.whatsapp.calling.ui.VoipActivityV2]#28542 25b3f4 ActivityRecordInputSink com.whatsapp/.calling.ui.VoipActivityV2 31e5b90 com.smartfit.app/com.smartfit.app.MainActivity f9027de ActivityRecordInputSink com.smartfit.app/.MainActivity 3cac54b ActivityRecordInputSink com.whatsapp/.Conversation cfc9a62 ActivityRecordInputSink com.whatsapp/.home.ui.HomeActivity 75522f8 ActivityRecordInputSink com.android.chrome/org.chromium.chrome.browser.ChromeTabbedActivity recents_animation_input_consumer 8e45331 ActivityRecordInputSink com.google.android.gm/.ui.MailActivityGmail Dim layer#11752 Dim layer#11751 b6305f1 ActivityRecordInputSink com.android.launcher3/com.android.searchlaunc
03-27 20:23:52.479   911  3225 D SPRDHWComposer: SprdDrm:: getActiveConfig: 0
03-27 20:23:52.480   911  3225 D SPRDHWComposer: HWCDisplay::get_display_attribute <601>: config = 1
03-27 20:23:52.480   911  3225 I SPRDHWComposer: SprdDrm:: setActiveConfig: 1, DisplayType:0
03-27 20:23:52.480   911  3225 I SPRDHWComposer: Create blob_id: 94
03-27 20:23:52.480   942  1211 W HWComposer: Ignoring duplicate VSYNC event from HWC for display 4619827259835644672 (t=314334583498000)
03-27 20:23:52.489   942   942 D SurfaceFlinger: VRR attempt to change display mode to 0
03-27 20:23:52.489   942   942 I RefreshRateSelector: Display 4619827259835644672 policy changed
03-27 20:23:52.489   942   942 I RefreshRateSelector: Previous: {defaultModeId=1, allowGroupSwitching=false, primaryRanges={physical=[0.00 Hz, 120.00 Hz], render=[0.00 Hz, 90.00 Hz]}, appRequestRanges={physical=[0.00 Hz, 120.00 Hz], render=[0.00 Hz, 120.00 Hz]}}
03-27 20:23:52.489   942   942 I RefreshRateSelector: Current:  DisplayManagerPolicy{defaultModeId=0, allowGroupSwitching=false, primaryRanges={physical=[60.00 Hz, 120.00 Hz], render=[60.00 Hz, 60.00 Hz]}, appRequestRanges={physical=[60.00 Hz, 120.00 Hz], render=[60.00 Hz, 120.00 Hz]}}
03-27 20:23:52.489   942   942 I RefreshRateSelector: 1 mode changes were performed under the previous policy
03-27 20:23:52.496   905 12437 E awb_adpt: 1469, awb_sprd_ctrl_calculation_v3_2: check handle success
03-27 20:23:52.496   905 12450 I FDV3    : [find, 710]: src:640x480 detect:224 face_num=0 28.41 ms
03-27 20:23:52.496   905 12422 I isp_blk_cmc10: 268, _pm_cmc10_set_param: cmc_result: (2437 14875 95; 16086 1352 16353; 146 15156 2104).
03-27 20:23:52.496   905 12422 E isp_alg_fw: 3931, ispalg_gtm_process: hist_total is 0, gtm no process !!!
03-27 20:23:52.497   905 12421 I sprd_hdr_adapter: L 200, sprd_hdr_adpt_detect: detect current hdr type: 2, detect_in_param: 0xdb33cbe0, detect_out_param: 0xdb33cd40
03-27 20:23:52.498   905 12421 E Libae[FAE]: 1926, face_luma_calc: NO FACE
03-27 20:23:52.498   905 12421 W Libae[ABL]: 585,abl_bv_interpolation:tune param num should bigger than 1
03-27 20:23:52.498   905 12421 I cmr_oem : 10954, camera_get_af_support: af_support 0
03-27 20:23:52.507   942   994 D mali_gralloc: register: id=38e000118ed, handle=0xb400007bafd224d0, importpid=11663, gRegisteredHandles=35
03-27 20:23:52.516   911  3225 D SPRDHWComposer: HWCDisplay::get_display_attribute <601>: config = 0
03-27 20:23:52.516   911  3225 D SPRDHWComposer: SprdDrm:: getActiveConfig: 1
03-27 20:23:52.516   911  3225 D SPRDHWComposer: HWCDisplay::get_display_attribute <601>: config = 1
03-27 20:23:52.517   942   942 W Layer   : Hide layer Input Consumer recents_animation_input_consumer#15340 because zOrderRelativeOf = ActivityRecord{3768a16 u0 com.google.android.gm/.ConversationListActivityGmail#27062 is hide.
03-27 20:23:52.517   942   942 W Layer   : Hide layer Input Consumer recents_animation_input_consumer#15340 because zOrderRelativeOf = ActivityRecord{3768a16 u0 com.google.android.gm/.ConversationListActivityGmail#27062 is hide.
03-27 20:23:52.518  1331  1429 D InputDispatcher: setInputWindows displayId=0 913ef03 ScreenDecorOverlay [Gesture Monitor] pip-resize cf1652a NavigationBar0 5465496 StatusBar pip_input_consumer Embedded{PipMenuView} d8c563e com.whatsapp/com.whatsapp.calling.ui.VoipActivityV2 SurfaceView[com.whatsapp/com.whatsapp.calling.ui.VoipActivityV2](BLAST)#28541 Background for SurfaceView[com.whatsapp/com.whatsapp.calling.ui.VoipActivityV2]#28542 25b3f4 ActivityRecordInputSink com.whatsapp/.calling.ui.VoipActivityV2 31e5b90 com.smartfit.app/com.smartfit.app.MainActivity f9027de ActivityRecordInputSink com.smartfit.app/.MainActivity 3cac54b ActivityRecordInputSink com.whatsapp/.Conversation cfc9a62 ActivityRecordInputSink com.whatsapp/.home.ui.HomeActivity 75522f8 ActivityRecordInputSink com.android.chrome/org.chromium.chrome.browser.ChromeTabbedActivity recents_animation_input_consumer 8e45331 ActivityRecordInputSink com.google.android.gm/.ui.MailActivityGmail Dim layer#11752 Dim layer#11751 b6305f1 ActivityRecordInputSink com.android.launcher3/com.android.searchlaunc
03-27 20:23:52.518   911  3225 D mali_gralloc: register: id=38e000118ed, handle=0xb4000071bb4b3ff0, importpid=942, gRegisteredHandles=33
03-27 20:23:52.518   905 12384 I cmr_sensor: 959, cmr_sns_thread_proc: evt 524548
03-27 20:23:52.518   905 12384 I cmr_sensor: 1379, cmr_sns_ioctl: cmd = 45, arg = 0xdbe58530.
03-27 20:23:52.518   905 12384 I gc08a3_sharkl2: 403, gc08a3_drv_access_val: sensor gc08a3: param_ptr->type=22
03-27 20:23:52.518   911  3225 D SPRDHWComposer: SprdDrm:: getActiveConfig: 1
03-27 20:23:52.518   911  3225 D SPRDHWComposer: HWCDisplay::get_display_attribute <601>: config = 0
03-27 20:23:52.518   905 12450 I FDV3    : [find, 710]: src:640x480 detect:224 face_num=0 0.66 ms
03-27 20:23:52.518   911  3225 I SPRDHWComposer: SprdDrm:: setActiveConfig: 0, DisplayType:0
03-27 20:23:52.518   911  3225 I SPRDHWComposer: Create blob_id: 95
03-27 20:23:52.518   905 12441 W Cam3Channel: 934, getStream: channel has no valied stream(type is 7)
03-27 20:23:52.519   942  1211 W HWComposer: Ignoring duplicate VSYNC event from HWC for display 4619827259835644672 (t=314334628241000)
03-27 20:23:52.520   905 12441 I Cam3Setting: 6634, translateLocalToFwMetadata: calib_status_value:0
03-27 20:23:52.520   905 12441 E Cam3Channel: 1588, getMetadata: AE or AF callback error, give default metadata 0xe0411ff0
03-27 20:23:52.522   905 12384 I cmr_sensor: 959, cmr_sns_thread_proc: evt 524548
03-27 20:23:52.522   905 12384 I cmr_sensor: 1379, cmr_sns_ioctl: cmd = 45, arg = 0xdbe58530.
03-27 20:23:52.522   905 12384 I gc08a3_sharkl2: 403, gc08a3_drv_access_val: sensor gc08a3: param_ptr->type=22
03-27 20:23:52.527   905  1312 E Cam3OEMIf: 12560, queueBuffer: mFtEnable 0
03-27 20:23:52.546   905 12421 I sprd_hdr_adapter: L 200, sprd_hdr_adpt_detect: detect current hdr type: 2, detect_in_param: 0xdb33cbe0, detect_out_param: 0xdb33cd40
03-27 20:23:52.546   905 12422 I isp_blk_cmc10: 268, _pm_cmc10_set_param: cmc_result: (2437 14875 95; 16086 1352 16353; 146 15156 2104).
03-27 20:23:52.546   905 12422 E isp_alg_fw: 3931, ispalg_gtm_process: hist_total is 0, gtm no process !!!
03-27 20:23:52.547   905 12437 E awb_adpt: 1469, awb_sprd_ctrl_calculation_v3_2: check handle success
03-27 20:23:52.547   905 12421 E Libae[FAE]: 1926, face_luma_calc: NO FACE
03-27 20:23:52.547   905 12421 W Libae[ABL]: 585,abl_bv_interpolation:tune param num should bigger than 1
03-27 20:23:52.548   905 12421 I cmr_oem : 10954, camera_get_af_support: af_support 0
03-27 20:23:52.561   942   942 W Layer   : Hide layer Input Consumer recents_animation_input_consumer#15340 because zOrderRelativeOf = ActivityRecord{3768a16 u0 com.google.android.gm/.ConversationListActivityGmail#27062 is hide.
03-27 20:23:52.561   942   942 W Layer   : Hide layer Input Consumer recents_animation_input_consumer#15340 because zOrderRelativeOf = ActivityRecord{3768a16 u0 com.google.android.gm/.ConversationListActivityGmail#27062 is hide.
03-27 20:23:52.562  1331  3671 D InputDispatcher: setInputWindows displayId=0 913ef03 ScreenDecorOverlay [Gesture Monitor] pip-resize cf1652a NavigationBar0 5465496 StatusBar pip_input_consumer Embedded{PipMenuView} d8c563e com.whatsapp/com.whatsapp.calling.ui.VoipActivityV2 SurfaceView[com.whatsapp/com.whatsapp.calling.ui.VoipActivityV2](BLAST)#28541 Background for SurfaceView[com.whatsapp/com.whatsapp.calling.ui.VoipActivityV2]#28542 25b3f4 ActivityRecordInputSink com.whatsapp/.calling.ui.VoipActivityV2 31e5b90 com.smartfit.app/com.smartfit.app.MainActivity f9027de ActivityRecordInputSink com.smartfit.app/.MainActivity 3cac54b ActivityRecordInputSink com.whatsapp/.Conversation cfc9a62 ActivityRecordInputSink com.whatsapp/.home.ui.HomeActivity 75522f8 ActivityRecordInputSink com.android.chrome/org.chromium.chrome.browser.ChromeTabbedActivity recents_animation_input_consumer 8e45331 ActivityRecordInputSink com.google.android.gm/.ui.MailActivityGmail Dim layer#11752 Dim layer#11751 b6305f1 ActivityRecordInputSink com.android.launcher3/com.android.searchlaunc
03-27 20:23:52.570   905 12384 I cmr_sensor: 959, cmr_sns_thread_proc: evt 524548
03-27 20:23:52.570   905 12384 I cmr_sensor: 1379, cmr_sns_ioctl: cmd = 45, arg = 0xdbe58530.
03-27 20:23:52.570   905 12384 I gc08a3_sharkl2: 403, gc08a3_drv_access_val: sensor gc08a3: param_ptr->type=22
03-27 20:23:52.570   905 12450 I FDV3    : [find, 710]: src:640x480 detect:224 face_num=0 0.88 ms
03-27 20:23:52.571   905 12441 W Cam3Channel: 934, getStream: channel has no valied stream(type is 7)
03-27 20:23:52.573   905 12441 I Cam3Setting: 6634, translateLocalToFwMetadata: calib_status_value:0
03-27 20:23:52.573   905 12441 E Cam3Channel: 1588, getMetadata: AE or AF callback error, give default metadata 0xe0411ff0
03-27 20:23:52.575   905 12384 I cmr_sensor: 959, cmr_sns_thread_proc: evt 524548
03-27 20:23:52.575   905 12384 I cmr_sensor: 1379, cmr_sns_ioctl: cmd = 45, arg = 0xdbe58530.
03-27 20:23:52.575   905 12384 I gc08a3_sharkl2: 403, gc08a3_drv_access_val: sensor gc08a3: param_ptr->type=22
03-27 20:23:52.579   905  1312 E Cam3OEMIf: 12560, queueBuffer: mFtEnable 0
03-27 20:23:52.588   942   942 W Layer   : Hide layer Input Consumer recents_animation_input_consumer#15340 because zOrderRelativeOf = ActivityRecord{3768a16 u0 com.google.android.gm/.ConversationListActivityGmail#27062 is hide.
03-27 20:23:52.588   942   942 W Layer   : Hide layer Input Consumer recents_animation_input_consumer#15340 because zOrderRelativeOf = ActivityRecord{3768a16 u0 com.google.android.gm/.ConversationListActivityGmail#27062 is hide.
03-27 20:23:52.589  1331  3671 D InputDispatcher: setInputWindows displayId=0 913ef03 ScreenDecorOverlay [Gesture Monitor] pip-resize cf1652a NavigationBar0 5465496 StatusBar pip_input_consumer Embedded{PipMenuView} d8c563e com.whatsapp/com.whatsapp.calling.ui.VoipActivityV2 SurfaceView[com.whatsapp/com.whatsapp.calling.ui.VoipActivityV2](BLAST)#28541 Background for SurfaceView[com.whatsapp/com.whatsapp.calling.ui.VoipActivityV2]#28542 25b3f4 ActivityRecordInputSink com.whatsapp/.calling.ui.VoipActivityV2 31e5b90 com.smartfit.app/com.smartfit.app.MainActivity f9027de ActivityRecordInputSink com.smartfit.app/.MainActivity 3cac54b ActivityRecordInputSink com.whatsapp/.Conversation cfc9a62 ActivityRecordInputSink com.whatsapp/.home.ui.HomeActivity 75522f8 ActivityRecordInputSink com.android.chrome/org.chromium.chrome.browser.ChromeTabbedActivity recents_animation_input_consumer 8e45331 ActivityRecordInputSink com.google.android.gm/.ui.MailActivityGmail Dim layer#11752 Dim layer#11751 b6305f1 ActivityRecordInputSink com.android.launcher3/com.android.searchlaunc
03-27 20:23:52.596   905 12437 E awb_adpt: 1469, awb_sprd_ctrl_calculation_v3_2: check handle success
03-27 20:23:52.596   905 12421 I sprd_hdr_adapter: L 200, sprd_hdr_adpt_detect: detect current hdr type: 2, detect_in_param: 0xdb33cbe0, detect_out_param: 0xdb33cd40
03-27 20:23:52.596   905 12422 I isp_blk_cmc10: 268, _pm_cmc10_set_param: cmc_result: (2437 14875 95; 16086 1352 16353; 146 15156 2104).
03-27 20:23:52.597   905 12422 E isp_alg_fw: 3931, ispalg_gtm_process: hist_total is 0, gtm no process !!!
03-27 20:23:52.597   905 12421 E Libae[FAE]: 1926, face_luma_calc: NO FACE
03-27 20:23:52.597   905 12421 W Libae[ABL]: 585,abl_bv_interpolation:tune param num should bigger than 1
03-27 20:23:52.598   905 12421 I cmr_oem : 10954, camera_get_af_support: af_support 0
03-27 20:23:52.605   942   942 W Layer   : Hide layer Input Consumer recents_animation_input_consumer#15340 because zOrderRelativeOf = ActivityRecord{3768a16 u0 com.google.android.gm/.ConversationListActivityGmail#27062 is hide.
03-27 20:23:52.605   942   942 W Layer   : Hide layer Input Consumer recents_animation_input_consumer#15340 because zOrderRelativeOf = ActivityRecord{3768a16 u0 com.google.android.gm/.ConversationListActivityGmail#27062 is hide.
03-27 20:23:52.607  1331  3671 D InputDispatcher: setInputWindows displayId=0 913ef03 ScreenDecorOverlay [Gesture Monitor] pip-resize cf1652a NavigationBar0 5465496 StatusBar pip_input_consumer Embedded{PipMenuView} d8c563e com.whatsapp/com.whatsapp.calling.ui.VoipActivityV2 SurfaceView[com.whatsapp/com.whatsapp.calling.ui.VoipActivityV2](BLAST)#28541 Background for SurfaceView[com.whatsapp/com.whatsapp.calling.ui.VoipActivityV2]#28542 25b3f4 ActivityRecordInputSink com.whatsapp/.calling.ui.VoipActivityV2 31e5b90 com.smartfit.app/com.smartfit.app.MainActivity f9027de ActivityRecordInputSink com.smartfit.app/.MainActivity 3cac54b ActivityRecordInputSink com.whatsapp/.Conversation cfc9a62 ActivityRecordInputSink com.whatsapp/.home.ui.HomeActivity 75522f8 ActivityRecordInputSink com.android.chrome/org.chromium.chrome.browser.ChromeTabbedActivity recents_animation_input_consumer 8e45331 ActivityRecordInputSink com.google.android.gm/.ui.MailActivityGmail Dim layer#11752 Dim layer#11751 b6305f1 ActivityRecordInputSink com.android.launcher3/com.android.searchlaunc
03-27 20:23:52.618   905 12384 I cmr_sensor: 959, cmr_sns_thread_proc: evt 524548
03-27 20:23:52.619   905 12450 I FDV3    : [find, 710]: src:640x480 detect:224 face_num=0 0.68 ms
03-27 20:23:52.619   905 12384 I cmr_sensor: 1379, cmr_sns_ioctl: cmd = 45, arg = 0xdbe58530.
03-27 20:23:52.619   905 12384 I gc08a3_sharkl2: 403, gc08a3_drv_access_val: sensor gc08a3: param_ptr->type=22
03-27 20:23:52.619   905 12441 W Cam3Channel: 934, getStream: channel has no valied stream(type is 7)
03-27 20:23:52.621   905 12441 I Cam3Setting: 6634, translateLocalToFwMetadata: calib_status_value:0
03-27 20:23:52.621   905 12441 E Cam3Channel: 1588, getMetadata: AE or AF callback error, give default metadata 0xe0411ff0
03-27 20:23:52.622   905 12384 I cmr_sensor: 959, cmr_sns_thread_proc: evt 524548
03-27 20:23:52.622   905 12384 I cmr_sensor: 1379, cmr_sns_ioctl: cmd = 45, arg = 0xdbe58530.
03-27 20:23:52.622   905 12384 I gc08a3_sharkl2: 403, gc08a3_drv_access_val: sensor gc08a3: param_ptr->type=22
03-27 20:23:52.625   905  1312 E Cam3OEMIf: 12560, queueBuffer: mFtEnable 0
03-27 20:23:52.646   905 12421 I sprd_hdr_adapter: L 200, sprd_hdr_adpt_detect: detect current hdr type: 2, detect_in_param: 0xdb33cbe0, detect_out_param: 0xdb33cd40
03-27 20:23:52.646   905 12437 E awb_adpt: 1469, awb_sprd_ctrl_calculation_v3_2: check handle success
03-27 20:23:52.647   905 12422 I isp_blk_cmc10: 268, _pm_cmc10_set_param: cmc_result: (2437 14875 95; 16086 1352 16353; 146 15156 2104).
03-27 20:23:52.647   905 12422 E isp_alg_fw: 3931, ispalg_gtm_process: hist_total is 0, gtm no process !!!
03-27 20:23:52.648   905 12421 E Libae[FAE]: 1926, face_luma_calc: NO FACE
03-27 20:23:52.648   905 12421 W Libae[ABL]: 585,abl_bv_interpolation:tune param num should bigger than 1
03-27 20:23:52.648   905 12421 I cmr_oem : 10954, camera_get_af_support: af_support 0
03-27 20:23:52.668   905 12384 I cmr_sensor: 959, cmr_sns_thread_proc: evt 524548
03-27 20:23:52.668   905 12384 I cmr_sensor: 1379, cmr_sns_ioctl: cmd = 45, arg = 0xdbe58530.
03-27 20:23:52.668   905 12384 I gc08a3_sharkl2: 403, gc08a3_drv_access_val: sensor gc08a3: param_ptr->type=22
03-27 20:23:52.668   905 12441 W Cam3Channel: 934, getStream: channel has no valied stream(type is 7)
03-27 20:23:52.668   905 12450 I FDV3    : [find, 710]: src:640x480 detect:224 face_num=0 0.65 ms
03-27 20:23:52.670   905 12441 I Cam3Setting: 6634, translateLocalToFwMetadata: calib_status_value:0
03-27 20:23:52.671   905 12441 E Cam3Channel: 1588, getMetadata: AE or AF callback error, give default metadata 0xe0411ff0
03-27 20:23:52.672   905 12384 I cmr_sensor: 959, cmr_sns_thread_proc: evt 524548
03-27 20:23:52.672   905 12384 I cmr_sensor: 1379, cmr_sns_ioctl: cmd = 45, arg = 0xdbe58530.
03-27 20:23:52.672   905 12384 I gc08a3_sharkl2: 403, gc08a3_drv_access_val: sensor gc08a3: param_ptr->type=22
03-27 20:23:52.676   905 29043 E Cam3OEMIf: 12560, queueBuffer: mFtEnable 0
03-27 20:23:52.696   905 12437 E awb_adpt: 1469, awb_sprd_ctrl_calculation_v3_2: check handle success
03-27 20:23:52.697   905 12422 I isp_blk_cmc10: 268, _pm_cmc10_set_param: cmc_result: (2437 14875 95; 16086 1352 16353; 146 15156 2104).
03-27 20:23:52.697   905 12421 I sprd_hdr_adapter: L 200, sprd_hdr_adpt_detect: detect current hdr type: 2, detect_in_param: 0xdb33cbe0, detect_out_param: 0xdb33cd40
03-27 20:23:52.698   905 12422 E isp_alg_fw: 3931, ispalg_gtm_process: hist_total is 0, gtm no process !!!
03-27 20:23:52.698   905 12421 E Libae[FAE]: 1926, face_luma_calc: NO FACE
03-27 20:23:52.698   905 12421 W Libae[ABL]: 585,abl_bv_interpolation:tune param num should bigger than 1
03-27 20:23:52.699   905 12421 I cmr_oem : 10954, camera_get_af_support: af_support 0
03-27 20:23:52.718   905 12384 I cmr_sensor: 959, cmr_sns_thread_proc: evt 524548
03-27 20:23:52.718   905 12384 I cmr_sensor: 1379, cmr_sns_ioctl: cmd = 45, arg = 0xdbe58530.
03-27 20:23:52.718   905 12384 I gc08a3_sharkl2: 403, gc08a3_drv_access_val: sensor gc08a3: param_ptr->type=22
03-27 20:23:52.718   905 12441 W Cam3Channel: 934, getStream: channel has no valied stream(type is 7)
03-27 20:23:52.719   905 12450 I FDV3    : [find, 710]: src:640x480 detect:224 face_num=0 0.74 ms
03-27 20:23:52.720   905 12441 I Cam3Setting: 6634, translateLocalToFwMetadata: calib_status_value:0
03-27 20:23:52.720   905 12441 E Cam3Channel: 1588, getMetadata: AE or AF callback error, give default metadata 0xe0411ff0
03-27 20:23:52.721   905 12384 I cmr_sensor: 959, cmr_sns_thread_proc: evt 524548
03-27 20:23:52.721   905 12384 I cmr_sensor: 1379, cmr_sns_ioctl: cmd = 45, arg = 0xdbe58530.
03-27 20:23:52.721   905 12384 I gc08a3_sharkl2: 403, gc08a3_drv_access_val: sensor gc08a3: param_ptr->type=22
03-27 20:23:52.724   905 29043 E Cam3OEMIf: 12560, queueBuffer: mFtEnable 0
03-27 20:23:52.747   905 12437 E awb_adpt: 1469, awb_sprd_ctrl_calculation_v3_2: check handle success
03-27 20:23:52.747   905 12421 I sprd_hdr_adapter: L 200, sprd_hdr_adpt_detect: detect current hdr type: 2, detect_in_param: 0xdb33cbe0, detect_out_param: 0xdb33cd40
03-27 20:23:52.747   905 12422 I isp_blk_cmc10: 268, _pm_cmc10_set_param: cmc_result: (2437 14875 95; 16086 1352 16353; 146 15156 2104).
03-27 20:23:52.747   905 12422 E isp_alg_fw: 3931, ispalg_gtm_process: hist_total is 0, gtm no process !!!
03-27 20:23:52.748   905 12421 E Libae[FAE]: 1926, face_luma_calc: NO FACE
03-27 20:23:52.748   905 12421 W Libae[ABL]: 585,abl_bv_interpolation:tune param num should bigger than 1
03-27 20:23:52.749   905 12421 I cmr_oem : 10954, camera_get_af_support: af_support 0
03-27 20:23:52.768   905 12384 I cmr_sensor: 959, cmr_sns_thread_proc: evt 524548
03-27 20:23:52.768   905 12384 I cmr_sensor: 1379, cmr_sns_ioctl: cmd = 45, arg = 0xdbe58530.
03-27 20:23:52.768   905 12384 I gc08a3_sharkl2: 403, gc08a3_drv_access_val: sensor gc08a3: param_ptr->type=22
03-27 20:23:52.768   905 12441 W Cam3Channel: 934, getStream: channel has no valied stream(type is 7)
03-27 20:23:52.769   905 12450 I FDV3    : [find, 710]: src:640x480 detect:224 face_num=0 1.22 ms
03-27 20:23:52.770   905 12441 I Cam3Setting: 6634, translateLocalToFwMetadata: calib_status_value:0
03-27 20:23:52.771   905 12441 E Cam3Channel: 1588, getMetadata: AE or AF callback error, give default metadata 0xe0411ff0
03-27 20:23:52.772   905 12384 I cmr_sensor: 959, cmr_sns_thread_proc: evt 524548
03-27 20:23:52.772   905 12384 I cmr_sensor: 1379, cmr_sns_ioctl: cmd = 45, arg = 0xdbe58530.
03-27 20:23:52.772   905 12384 I gc08a3_sharkl2: 403, gc08a3_drv_access_val: sensor gc08a3: param_ptr->type=22
03-27 20:23:52.775   905  1312 E Cam3OEMIf: 12560, queueBuffer: mFtEnable 0
03-27 20:23:52.797   905 12437 E awb_adpt: 1469, awb_sprd_ctrl_calculation_v3_2: check handle success
03-27 20:23:52.797   905 12421 I sprd_hdr_adapter: L 200, sprd_hdr_adpt_detect: detect current hdr type: 2, detect_in_param: 0xdb33cbe0, detect_out_param: 0xdb33cd40
03-27 20:23:52.797   905 12422 I isp_blk_cmc10: 268, _pm_cmc10_set_param: cmc_result: (2437 14875 95; 16086 1352 16353; 146 15156 2104).
03-27 20:23:52.798   905 12422 E isp_alg_fw: 3931, ispalg_gtm_process: hist_total is 0, gtm no process !!!
03-27 20:23:52.799   905 12421 E Libae[FAE]: 1926, face_luma_calc: NO FACE
03-27 20:23:52.799   905 12421 W Libae[ABL]: 585,abl_bv_interpolation:tune param num should bigger than 1
03-27 20:23:52.799   905 12421 I cmr_oem : 10954, camera_get_af_support: af_support 0
03-27 20:23:52.819   905 12384 I cmr_sensor: 959, cmr_sns_thread_proc: evt 524548
03-27 20:23:52.819   905 12384 I cmr_sensor: 1379, cmr_sns_ioctl: cmd = 45, arg = 0xdbe58530.
03-27 20:23:52.819   905 12384 I gc08a3_sharkl2: 403, gc08a3_drv_access_val: sensor gc08a3: param_ptr->type=22
03-27 20:23:52.819   905 12441 W Cam3Channel: 934, getStream: channel has no valied stream(type is 7)
03-27 20:23:52.820   905 12450 I FDV3    : [find, 710]: src:640x480 detect:224 face_num=0 1.27 ms
03-27 20:23:52.821   905 12441 I Cam3Setting: 6634, translateLocalToFwMetadata: calib_status_value:0
03-27 20:23:52.821   905 12441 E Cam3Channel: 1588, getMetadata: AE or AF callback error, give default metadata 0xe0411ff0
03-27 20:23:52.823   905 12384 I cmr_sensor: 959, cmr_sns_thread_proc: evt 524548
03-27 20:23:52.823   905 12384 I cmr_sensor: 1379, cmr_sns_ioctl: cmd = 45, arg = 0xdbe58530.
03-27 20:23:52.823   905 12384 I gc08a3_sharkl2: 403, gc08a3_drv_access_val: sensor gc08a3: param_ptr->type=22
03-27 20:23:52.825   905  1312 E Cam3OEMIf: 12560, queueBuffer: mFtEnable 0
03-27 20:23:52.847   905 12437 E awb_adpt: 1469, awb_sprd_ctrl_calculation_v3_2: check handle success
03-27 20:23:52.847   905 12421 I sprd_hdr_adapter: L 200, sprd_hdr_adpt_detect: detect current hdr type: 2, detect_in_param: 0xdb33cbe0, detect_out_param: 0xdb33cd40
03-27 20:23:52.848   905 12422 I isp_blk_cmc10: 268, _pm_cmc10_set_param: cmc_result: (2437 14875 95; 16086 1352 16353; 146 15156 2104).
03-27 20:23:52.848   905 12422 E isp_alg_fw: 3931, ispalg_gtm_process: hist_total is 0, gtm no process !!!
03-27 20:23:52.848   905 12421 E Libae[FAE]: 1926, face_luma_calc: NO FACE
03-27 20:23:52.848   905 12421 W Libae[ABL]: 585,abl_bv_interpolation:tune param num should bigger than 1
03-27 20:23:52.849   905 12421 I cmr_oem : 10954, camera_get_af_support: af_support 0
03-27 20:23:52.869   905 12384 I cmr_sensor: 959, cmr_sns_thread_proc: evt 524548
03-27 20:23:52.869   905 12384 I cmr_sensor: 1379, cmr_sns_ioctl: cmd = 45, arg = 0xdbe58530.
03-27 20:23:52.869   905 12384 I gc08a3_sharkl2: 403, gc08a3_drv_access_val: sensor gc08a3: param_ptr->type=22
03-27 20:23:52.869   905 12441 W Cam3Channel: 934, getStream: channel has no valied stream(type is 7)
03-27 20:23:52.870   905 12450 I FDV3    : [find, 710]: src:640x480 detect:224 face_num=0 1.20 ms
03-27 20:23:52.871   905 12441 I Cam3Setting: 6634, translateLocalToFwMetadata: calib_status_value:0
03-27 20:23:52.871   905 12441 E Cam3Channel: 1588, getMetadata: AE or AF callback error, give default metadata 0xe0411ff0
03-27 20:23:52.872   905 12384 I cmr_sensor: 959, cmr_sns_thread_proc: evt 524548
03-27 20:23:52.872   905 12384 I cmr_sensor: 1379, cmr_sns_ioctl: cmd = 45, arg = 0xdbe58530.
03-27 20:23:52.872   905 12384 I gc08a3_sharkl2: 403, gc08a3_drv_access_val: sensor gc08a3: param_ptr->type=22
03-27 20:23:52.875   905  1312 E Cam3OEMIf: 12560, queueBuffer: mFtEnable 0
03-27 20:23:52.885 17156  6753 I NearbySharing: Network state changed: NetworkState(isRestricted=false, isOnline=true, isCongested=false, isMetered=false, isWifiConnected=true)
03-27 20:23:52.897   905 12437 E awb_adpt: 1469, awb_sprd_ctrl_calculation_v3_2: check handle success
03-27 20:23:52.897   905 12421 I sprd_hdr_adapter: L 200, sprd_hdr_adpt_detect: detect current hdr type: 2, detect_in_param: 0xdb33cbe0, detect_out_param: 0xdb33cd40
03-27 20:23:52.897   905 12422 I isp_blk_cmc10: 268, _pm_cmc10_set_param: cmc_result: (2437 14875 95; 16086 1352 16353; 146 15156 2104).
03-27 20:23:52.898   905 12422 E isp_alg_fw: 3931, ispalg_gtm_process: hist_total is 0, gtm no process !!!
03-27 20:23:52.899   905 12421 E Libae[FAE]: 1926, face_luma_calc: NO FACE
03-27 20:23:52.899   905 12421 W Libae[ABL]: 585,abl_bv_interpolation:tune param num should bigger than 1
03-27 20:23:52.899   905 12421 I cmr_oem : 10954, camera_get_af_support: af_support 0
03-27 20:23:52.919   905 12384 I cmr_sensor: 959, cmr_sns_thread_proc: evt 524548
03-27 20:23:52.919   905 12384 I cmr_sensor: 1379, cmr_sns_ioctl: cmd = 45, arg = 0xdbe58530.
03-27 20:23:52.919   905 12384 I gc08a3_sharkl2: 403, gc08a3_drv_access_val: sensor gc08a3: param_ptr->type=22
03-27 20:23:52.919   905 12441 W Cam3Channel: 934, getStream: channel has no valied stream(type is 7)
03-27 20:23:52.921   905 12450 I FDV3    : [getDetectImage, 298]: isTransform.
03-27 20:23:52.921   905 12441 I Cam3Setting: 6634, translateLocalToFwMetadata: calib_status_value:0
03-27 20:23:52.921   905 12441 E Cam3Channel: 1588, getMetadata: AE or AF callback error, give default metadata 0xe0400010
03-27 20:23:52.923   905 12384 I cmr_sensor: 959, cmr_sns_thread_proc: evt 524548
03-27 20:23:52.923   905 12384 I cmr_sensor: 1379, cmr_sns_ioctl: cmd = 45, arg = 0xdbe58530.
03-27 20:23:52.923   905 12384 I gc08a3_sharkl2: 403, gc08a3_drv_access_val: sensor gc08a3: param_ptr->type=22
03-27 20:23:52.927   905 29043 E Cam3OEMIf: 12560, queueBuffer: mFtEnable 0
03-27 20:23:52.947   905 12450 I FDV3    : [find, 710]: src:640x480 detect:224 face_num=0 27.44 ms
03-27 20:23:52.947   905 12437 E awb_adpt: 1469, awb_sprd_ctrl_calculation_v3_2: check handle success
03-27 20:23:52.948   905 12421 I sprd_hdr_adapter: L 200, sprd_hdr_adpt_detect: detect current hdr type: 2, detect_in_param: 0xdb33cbe0, detect_out_param: 0xdb33cd40
03-27 20:23:52.948   905 12422 I isp_blk_cmc10: 268, _pm_cmc10_set_param: cmc_result: (2437 14875 95; 16086 1352 16353; 146 15156 2104).
03-27 20:23:52.948   905 12422 E isp_alg_fw: 3931, ispalg_gtm_process: hist_total is 0, gtm no process !!!
03-27 20:23:52.949   905 12421 E Libae[FAE]: 1926, face_luma_calc: NO FACE
03-27 20:23:52.949   905 12421 W Libae[ABL]: 585,abl_bv_interpolation:tune param num should bigger than 1
03-27 20:23:52.949   905 12421 I cmr_oem : 10954, camera_get_af_support: af_support 0
03-27 20:23:52.969   905 12384 I cmr_sensor: 959, cmr_sns_thread_proc: evt 524548
03-27 20:23:52.970   905 12384 I cmr_sensor: 1379, cmr_sns_ioctl: cmd = 45, arg = 0xdbe58530.
03-27 20:23:52.970   905 12384 I gc08a3_sharkl2: 403, gc08a3_drv_access_val: sensor gc08a3: param_ptr->type=22
03-27 20:23:52.970   905 12441 W Cam3Channel: 934, getStream: channel has no valied stream(type is 7)
03-27 20:23:52.970   905 12450 I FDV3    : [find, 710]: src:640x480 detect:224 face_num=0 0.72 ms
03-27 20:23:52.971   905 12441 I Cam3Setting: 6634, translateLocalToFwMetadata: calib_status_value:0
03-27 20:23:52.972   905 12441 E Cam3Channel: 1588, getMetadata: AE or AF callback error, give default metadata 0xe0411ff0
03-27 20:23:52.973   905 12384 I cmr_sensor: 959, cmr_sns_thread_proc: evt 524548
03-27 20:23:52.973   905 12384 I cmr_sensor: 1379, cmr_sns_ioctl: cmd = 45, arg = 0xdbe58530.
03-27 20:23:52.973   905 12384 I gc08a3_sharkl2: 403, gc08a3_drv_access_val: sensor gc08a3: param_ptr->type=22
03-27 20:23:52.976   905 29043 E Cam3OEMIf: 12560, queueBuffer: mFtEnable 0
03-27 20:23:52.998   905 12437 E awb_adpt: 1469, awb_sprd_ctrl_calculation_v3_2: check handle success
03-27 20:23:52.998   905 12421 I sprd_hdr_adapter: L 200, sprd_hdr_adpt_detect: detect current hdr type: 2, detect_in_param: 0xdb33cbe0, detect_out_param: 0xdb33cd40
03-27 20:23:52.998   905 12422 I isp_blk_cmc10: 268, _pm_cmc10_set_param: cmc_result: (2437 14875 95; 16086 1352 16353; 146 15156 2104).
03-27 20:23:52.998   905 12422 E isp_alg_fw: 3931, ispalg_gtm_process: hist_total is 0, gtm no process !!!
03-27 20:23:52.999   905 12421 E Libae[FAE]: 1926, face_luma_calc: NO FACE
03-27 20:23:52.999   905 12421 W Libae[ABL]: 585,abl_bv_interpolation:tune param num should bigger than 1
03-27 20:23:52.999   905 12421 I cmr_oem : 10954, camera_get_af_support: af_support 0
03-27 20:23:53.020   905 12384 I cmr_sensor: 959, cmr_sns_thread_proc: evt 524548
03-27 20:23:53.020   905 12384 I cmr_sensor: 1379, cmr_sns_ioctl: cmd = 45, arg = 0xdbe58530.
03-27 20:23:53.020   905 12384 I gc08a3_sharkl2: 403, gc08a3_drv_access_val: sensor gc08a3: param_ptr->type=22
03-27 20:23:53.020   905 12441 W Cam3Channel: 934, getStream: channel has no valied stream(type is 7)
03-27 20:23:53.020   905 12450 I FDV3    : [find, 710]: src:640x480 detect:224 face_num=0 0.73 ms
03-27 20:23:53.022   905 12441 I Cam3Setting: 6634, translateLocalToFwMetadata: calib_status_value:0
03-27 20:23:53.022   905 12441 E Cam3Channel: 1588, getMetadata: AE or AF callback error, give default metadata 0xe0411ff0
03-27 20:23:53.023   905 12384 I cmr_sensor: 959, cmr_sns_thread_proc: evt 524548
03-27 20:23:53.023   905 12384 I cmr_sensor: 1379, cmr_sns_ioctl: cmd = 45, arg = 0xdbe58530.
03-27 20:23:53.023   905 12384 I gc08a3_sharkl2: 403, gc08a3_drv_access_val: sensor gc08a3: param_ptr->type=22
03-27 20:23:53.026   905 29043 E Cam3OEMIf: 12560, queueBuffer: mFtEnable 0
03-27 20:23:53.048   905 12422 I isp_blk_cmc10: 268, _pm_cmc10_set_param: cmc_result: (2437 14875 95; 16086 1352 16353; 146 15156 2104).
03-27 20:23:53.048   905 12421 I sprd_hdr_adapter: L 200, sprd_hdr_adpt_detect: detect current hdr type: 2, detect_in_param: 0xdb33cbe0, detect_out_param: 0xdb33cd40
03-27 20:23:53.048   905 12422 E isp_alg_fw: 3931, ispalg_gtm_process: hist_total is 0, gtm no process !!!
03-27 20:23:53.049   905 12437 E awb_adpt: 1469, awb_sprd_ctrl_calculation_v3_2: check handle success
03-27 20:23:53.049   905 12421 E Libae[FAE]: 1926, face_luma_calc: NO FACE
03-27 20:23:53.049   905 12421 W Libae[ABL]: 585,abl_bv_interpolation:tune param num should bigger than 1
03-27 20:23:53.050   905 12421 I cmr_oem : 10954, camera_get_af_support: af_support 0
03-27 20:23:53.070   905 12384 I cmr_sensor: 959, cmr_sns_thread_proc: evt 524548
03-27 20:23:53.070   905 12384 I cmr_sensor: 1379, cmr_sns_ioctl: cmd = 45, arg = 0xdbe58530.
03-27 20:23:53.070   905 12384 I gc08a3_sharkl2: 403, gc08a3_drv_access_val: sensor gc08a3: param_ptr->type=22
03-27 20:23:53.070   905 12441 W Cam3Channel: 934, getStream: channel has no valied stream(type is 7)
03-27 20:23:53.070   905 12450 I FDV3    : [find, 710]: src:640x480 detect:224 face_num=0 0.72 ms
03-27 20:23:53.072   905 12441 I Cam3Setting: 6634, translateLocalToFwMetadata: calib_status_value:0
03-27 20:23:53.072   905 12441 E Cam3Channel: 1588, getMetadata: AE or AF callback error, give default metadata 0xe0411ff0
03-27 20:23:53.073   905 12384 I cmr_sensor: 959, cmr_sns_thread_proc: evt 524548
03-27 20:23:53.073   905 12384 I cmr_sensor: 1379, cmr_sns_ioctl: cmd = 45, arg = 0xdbe58530.
03-27 20:23:53.073   905 12384 I gc08a3_sharkl2: 403, gc08a3_drv_access_val: sensor gc08a3: param_ptr->type=22
03-27 20:23:53.076   905 29043 E Cam3OEMIf: 12560, queueBuffer: mFtEnable 0
03-27 20:23:53.098   905 12421 I sprd_hdr_adapter: L 200, sprd_hdr_adpt_detect: detect current hdr type: 2, detect_in_param: 0xdb33cbe0, detect_out_param: 0xdb33cd40
03-27 20:23:53.098   905 12437 E awb_adpt: 1469, awb_sprd_ctrl_calculation_v3_2: check handle success
03-27 20:23:53.098   905 12422 I isp_blk_cmc10: 268, _pm_cmc10_set_param: cmc_result: (2437 14875 95; 16086 1352 16353; 146 15156 2104).
03-27 20:23:53.098   905 12422 E isp_alg_fw: 3931, ispalg_gtm_process: hist_total is 0, gtm no process !!!
03-27 20:23:53.099   905 12421 E Libae[FAE]: 1926, face_luma_calc: NO FACE
03-27 20:23:53.099   905 12421 W Libae[ABL]: 585,abl_bv_interpolation:tune param num should bigger than 1
03-27 20:23:53.100   905 12421 I cmr_oem : 10954, camera_get_af_support: af_support 0
03-27 20:23:53.120   905 12384 I cmr_sensor: 959, cmr_sns_thread_proc: evt 524548
03-27 20:23:53.120   905 12384 I cmr_sensor: 1379, cmr_sns_ioctl: cmd = 45, arg = 0xdbe58530.
03-27 20:23:53.120   905 12384 I gc08a3_sharkl2: 403, gc08a3_drv_access_val: sensor gc08a3: param_ptr->type=22
03-27 20:23:53.121   905 12441 W Cam3Channel: 934, getStream: channel has no valied stream(type is 7)
03-27 20:23:53.121   905 12450 I FDV3    : [find, 710]: src:640x480 detect:224 face_num=0 0.71 ms
03-27 20:23:53.122   905 12441 I Cam3Setting: 6634, translateLocalToFwMetadata: calib_status_value:0
03-27 20:23:53.122   905 12441 E Cam3Channel: 1588, getMetadata: AE or AF callback error, give default metadata 0xe0411ff0
03-27 20:23:53.124   905 12384 I cmr_sensor: 959, cmr_sns_thread_proc: evt 524548
03-27 20:23:53.124   905 12384 I cmr_sensor: 1379, cmr_sns_ioctl: cmd = 45, arg = 0xdbe58530.
03-27 20:23:53.124   905 12384 I gc08a3_sharkl2: 403, gc08a3_drv_access_val: sensor gc08a3: param_ptr->type=22
03-27 20:23:53.127   905 29043 E Cam3OEMIf: 12560, queueBuffer: mFtEnable 0
03-27 20:23:53.148   905 12437 E awb_adpt: 1469, awb_sprd_ctrl_calculation_v3_2: check handle success
03-27 20:23:53.149   905 12421 I sprd_hdr_adapter: L 200, sprd_hdr_adpt_detect: detect current hdr type: 2, detect_in_param: 0xdb33cbe0, detect_out_param: 0xdb33cd40
03-27 20:23:53.149   905 12422 I isp_blk_cmc10: 268, _pm_cmc10_set_param: cmc_result: (2437 14875 95; 16086 1352 16353; 146 15156 2104).
03-27 20:23:53.149   905 12422 E isp_alg_fw: 3931, ispalg_gtm_process: hist_total is 0, gtm no process !!!
03-27 20:23:53.150   905 12421 E Libae[FAE]: 1926, face_luma_calc: NO FACE
03-27 20:23:53.150   905 12421 W Libae[ABL]: 585,abl_bv_interpolation:tune param num should bigger than 1
03-27 20:23:53.150   905 12421 I cmr_oem : 10954, camera_get_af_support: af_support 0
03-27 20:23:53.170   905 12384 I cmr_sensor: 959, cmr_sns_thread_proc: evt 524548
03-27 20:23:53.170   905 12384 I cmr_sensor: 1379, cmr_sns_ioctl: cmd = 45, arg = 0xdbe58530.
03-27 20:23:53.170   905 12384 I gc08a3_sharkl2: 403, gc08a3_drv_access_val: sensor gc08a3: param_ptr->type=22
03-27 20:23:53.170   905 12441 W Cam3Channel: 934, getStream: channel has no valied stream(type is 7)
03-27 20:23:53.170   905 12450 I FDV3    : [find, 710]: src:640x480 detect:224 face_num=0 0.69 ms
03-27 20:23:53.172   905 12441 I Cam3Setting: 6634, translateLocalToFwMetadata: calib_status_value:0
03-27 20:23:53.172   905 12441 E Cam3Channel: 1588, getMetadata: AE or AF callback error, give default metadata 0xe0411ff0
03-27 20:23:53.173   905 12384 I cmr_sensor: 959, cmr_sns_thread_proc: evt 524548
03-27 20:23:53.173   905 12384 I cmr_sensor: 1379, cmr_sns_ioctl: cmd = 45, arg = 0xdbe58530.
03-27 20:23:53.173   905 12384 I gc08a3_sharkl2: 403, gc08a3_drv_access_val: sensor gc08a3: param_ptr->type=22
03-27 20:23:53.175   905 29043 E Cam3OEMIf: 12560, queueBuffer: mFtEnable 0
03-27 20:23:53.198   905 12437 E awb_adpt: 1469, awb_sprd_ctrl_calculation_v3_2: check handle success
03-27 20:23:53.199   905 12422 I isp_blk_cmc10: 268, _pm_cmc10_set_param: cmc_result: (2437 14875 95; 16086 1352 16353; 146 15156 2104).
03-27 20:23:53.199   905 12421 I sprd_hdr_adapter: L 200, sprd_hdr_adpt_detect: detect current hdr type: 2, detect_in_param: 0xdb33cbe0, detect_out_param: 0xdb33cd40
03-27 20:23:53.199   905 12422 E isp_alg_fw: 3931, ispalg_gtm_process: hist_total is 0, gtm no process !!!
03-27 20:23:53.200   905 12421 E Libae[FAE]: 1926, face_luma_calc: NO FACE
03-27 20:23:53.200   905 12421 W Libae[ABL]: 585,abl_bv_interpolation:tune param num should bigger than 1
03-27 20:23:53.200   905 12421 I cmr_oem : 10954, camera_get_af_support: af_support 0
03-27 20:23:53.221   905 12384 I cmr_sensor: 959, cmr_sns_thread_proc: evt 524548
03-27 20:23:53.221   905 12384 I cmr_sensor: 1379, cmr_sns_ioctl: cmd = 45, arg = 0xdbe58530.
03-27 20:23:53.221   905 12384 I gc08a3_sharkl2: 403, gc08a3_drv_access_val: sensor gc08a3: param_ptr->type=22
03-27 20:23:53.221   905 12441 W Cam3Channel: 934, getStream: channel has no valied stream(type is 7)
03-27 20:23:53.221   905 12450 I FDV3    : [find, 710]: src:640x480 detect:224 face_num=0 0.94 ms
03-27 20:23:53.223   905 12441 I Cam3Setting: 6634, translateLocalToFwMetadata: calib_status_value:0
03-27 20:23:53.223   905 12441 E Cam3Channel: 1588, getMetadata: AE or AF callback error, give default metadata 0xe0411ff0
03-27 20:23:53.224   905 12384 I cmr_sensor: 959, cmr_sns_thread_proc: evt 524548
03-27 20:23:53.224   905 12384 I cmr_sensor: 1379, cmr_sns_ioctl: cmd = 45, arg = 0xdbe58530.
03-27 20:23:53.224   905 12384 I gc08a3_sharkl2: 403, gc08a3_drv_access_val: sensor gc08a3: param_ptr->type=22
03-27 20:23:53.227   905 29043 E Cam3OEMIf: 12560, queueBuffer: mFtEnable 0
03-27 20:23:53.249   905 12437 E awb_adpt: 1469, awb_sprd_ctrl_calculation_v3_2: check handle success
03-27 20:23:53.249   905 12422 I isp_blk_cmc10: 268, _pm_cmc10_set_param: cmc_result: (2437 14875 95; 16086 1352 16353; 146 15156 2104).
03-27 20:23:53.249   905 12421 I sprd_hdr_adapter: L 200, sprd_hdr_adpt_detect: detect current hdr type: 2, detect_in_param: 0xdb33cbe0, detect_out_param: 0xdb33cd40
03-27 20:23:53.249   905 12422 E isp_alg_fw: 3931, ispalg_gtm_process: hist_total is 0, gtm no process !!!
03-27 20:23:53.250   905 12421 E Libae[FAE]: 1926, face_luma_calc: NO FACE
03-27 20:23:53.251   905 12421 W Libae[ABL]: 585,abl_bv_interpolation:tune param num should bigger than 1
03-27 20:23:53.251   905 12421 I cmr_oem : 10954, camera_get_af_support: af_support 0
03-27 20:23:53.271   905 12384 I cmr_sensor: 959, cmr_sns_thread_proc: evt 524548
03-27 20:23:53.271   905 12384 I cmr_sensor: 1379, cmr_sns_ioctl: cmd = 45, arg = 0xdbe58530.
03-27 20:23:53.271   905 12384 I gc08a3_sharkl2: 403, gc08a3_drv_access_val: sensor gc08a3: param_ptr->type=22
03-27 20:23:53.271   905 12441 W Cam3Channel: 934, getStream: channel has no valied stream(type is 7)
03-27 20:23:53.272   905 12450 I FDV3    : [find, 710]: src:640x480 detect:224 face_num=0 0.94 ms
03-27 20:23:53.273   905 12441 I Cam3Setting: 6634, translateLocalToFwMetadata: calib_status_value:0
03-27 20:23:53.273   905 12441 E Cam3Channel: 1588, getMetadata: AE or AF callback error, give default metadata 0xe0411ff0
03-27 20:23:53.274   905 12384 I cmr_sensor: 959, cmr_sns_thread_proc: evt 524548
03-27 20:23:53.274   905 12384 I cmr_sensor: 1379, cmr_sns_ioctl: cmd = 45, arg = 0xdbe58530.
03-27 20:23:53.274   905 12384 I gc08a3_sharkl2: 403, gc08a3_drv_access_val: sensor gc08a3: param_ptr->type=22
03-27 20:23:53.277   905 29043 E Cam3OEMIf: 12560, queueBuffer: mFtEnable 0
03-27 20:23:53.299   905 12437 E awb_adpt: 1469, awb_sprd_ctrl_calculation_v3_2: check handle success
03-27 20:23:53.299   905 12422 I isp_blk_cmc10: 268, _pm_cmc10_set_param: cmc_result: (2437 14875 95; 16086 1352 16353; 146 15156 2104).
03-27 20:23:53.299   905 12421 I sprd_hdr_adapter: L 200, sprd_hdr_adpt_detect: detect current hdr type: 2, detect_in_param: 0xdb33cbe0, detect_out_param: 0xdb33cd40
03-27 20:23:53.299   905 12422 E isp_alg_fw: 3931, ispalg_gtm_process: hist_total is 0, gtm no process !!!
03-27 20:23:53.300   905 12421 E Libae[FAE]: 1926, face_luma_calc: NO FACE
03-27 20:23:53.301   905 12421 W Libae[ABL]: 585,abl_bv_interpolation:tune param num should bigger than 1
03-27 20:23:53.301   905 12421 I cmr_oem : 10954, camera_get_af_support: af_support 0
03-27 20:23:53.321   905 12384 I cmr_sensor: 959, cmr_sns_thread_proc: evt 524548
03-27 20:23:53.321   905 12384 I cmr_sensor: 1379, cmr_sns_ioctl: cmd = 45, arg = 0xdbe58530.
03-27 20:23:53.321   905 12384 I gc08a3_sharkl2: 403, gc08a3_drv_access_val: sensor gc08a3: param_ptr->type=22
03-27 20:23:53.321   905 12441 W Cam3Channel: 934, getStream: channel has no valied stream(type is 7)
03-27 20:23:53.322   905 12450 I FDV3    : [find, 710]: src:640x480 detect:224 face_num=0 1.06 ms
03-27 20:23:53.323   905 12441 I Cam3Setting: 6634, translateLocalToFwMetadata: calib_status_value:0
03-27 20:23:53.323   905 12441 E Cam3Channel: 1588, getMetadata: AE or AF callback error, give default metadata 0xe0411ff0
03-27 20:23:53.324   905 12384 I cmr_sensor: 959, cmr_sns_thread_proc: evt 524548
03-27 20:23:53.324   905 12384 I cmr_sensor: 1379, cmr_sns_ioctl: cmd = 45, arg = 0xdbe58530.
03-27 20:23:53.324   905 12384 I gc08a3_sharkl2: 403, gc08a3_drv_access_val: sensor gc08a3: param_ptr->type=22
03-27 20:23:53.328   905 29043 E Cam3OEMIf: 12560, queueBuffer: mFtEnable 0
03-27 20:23:53.349   905 12421 I sprd_hdr_adapter: L 200, sprd_hdr_adpt_detect: detect current hdr type: 2, detect_in_param: 0xdb33cbe0, detect_out_param: 0xdb33cd40
03-27 20:23:53.349   905 12437 E awb_adpt: 1469, awb_sprd_ctrl_calculation_v3_2: check handle success
03-27 20:23:53.349   905 12422 I isp_blk_cmc10: 268, _pm_cmc10_set_param: cmc_result: (2437 14875 95; 16086 1352 16353; 146 15156 2104).
03-27 20:23:53.350   905 12422 E isp_alg_fw: 3931, ispalg_gtm_process: hist_total is 0, gtm no process !!!
03-27 20:23:53.350   905 12421 E Libae[FAE]: 1926, face_luma_calc: NO FACE
03-27 20:23:53.350   905 12421 W Libae[ABL]: 585,abl_bv_interpolation:tune param num should bigger than 1
03-27 20:23:53.351   905 12421 I cmr_oem : 10954, camera_get_af_support: af_support 0
03-27 20:23:53.371   905 12384 I cmr_sensor: 959, cmr_sns_thread_proc: evt 524548
03-27 20:23:53.371   905 12384 I cmr_sensor: 1379, cmr_sns_ioctl: cmd = 45, arg = 0xdbe58530.
03-27 20:23:53.371   905 12384 I gc08a3_sharkl2: 403, gc08a3_drv_access_val: sensor gc08a3: param_ptr->type=22
03-27 20:23:53.371   905 12441 W Cam3Channel: 934, getStream: channel has no valied stream(type is 7)
03-27 20:23:53.373   905 12450 I FDV3    : [getDetectImage, 298]: isTransform.
03-27 20:23:53.373   905 12441 I Cam3Setting: 6634, translateLocalToFwMetadata: calib_status_value:0
03-27 20:23:53.373   905 12441 E Cam3Channel: 1588, getMetadata: AE or AF callback error, give default metadata 0xe041afe0
03-27 20:23:53.374   905 12384 I cmr_sensor: 959, cmr_sns_thread_proc: evt 524548
03-27 20:23:53.374   905 12384 I cmr_sensor: 1379, cmr_sns_ioctl: cmd = 45, arg = 0xdbe58530.
03-27 20:23:53.374   905 12384 I gc08a3_sharkl2: 403, gc08a3_drv_access_val: sensor gc08a3: param_ptr->type=22
03-27 20:23:53.378   905 29043 E Cam3OEMIf: 12560, queueBuffer: mFtEnable 0
03-27 20:23:53.396   905 12450 I FDV3    : [find, 710]: src:640x480 detect:224 face_num=0 25.46 ms
03-27 20:23:53.400   905 12437 E awb_adpt: 1469, awb_sprd_ctrl_calculation_v3_2: check handle success
03-27 20:23:53.400   905 12421 I sprd_hdr_adapter: L 200, sprd_hdr_adpt_detect: detect current hdr type: 2, detect_in_param: 0xdb33cbe0, detect_out_param: 0xdb33cd40
03-27 20:23:53.400   905 12422 I isp_blk_cmc10: 268, _pm_cmc10_set_param: cmc_result: (2437 14875 95; 16086 1352 16353; 146 15156 2104).
03-27 20:23:53.401   905 12422 E isp_alg_fw: 3931, ispalg_gtm_process: hist_total is 0, gtm no process !!!
03-27 20:23:53.401   905 12421 E Libae[FAE]: 1926, face_luma_calc: NO FACE
03-27 20:23:53.401   905 12421 W Libae[ABL]: 585,abl_bv_interpolation:tune param num should bigger than 1
03-27 20:23:53.402   905 12421 I cmr_oem : 10954, camera_get_af_support: af_support 0
03-27 20:23:53.421   905 12384 I cmr_sensor: 959, cmr_sns_thread_proc: evt 524548
03-27 20:23:53.421   905 12384 I cmr_sensor: 1379, cmr_sns_ioctl: cmd = 45, arg = 0xdbe58530.
03-27 20:23:53.421   905 12384 I gc08a3_sharkl2: 403, gc08a3_drv_access_val: sensor gc08a3: param_ptr->type=22
03-27 20:23:53.421   905 12441 W Cam3Channel: 934, getStream: channel has no valied stream(type is 7)
03-27 20:23:53.422   905 12450 I FDV3    : [find, 710]: src:640x480 detect:224 face_num=0 0.74 ms
03-27 20:23:53.423   905 12441 I Cam3Setting: 6634, translateLocalToFwMetadata: calib_status_value:0
03-27 20:23:53.423   905 12441 E Cam3Channel: 1588, getMetadata: AE or AF callback error, give default metadata 0xe0411ff0
03-27 20:23:53.424   905 12384 I cmr_sensor: 959, cmr_sns_thread_proc: evt 524548
03-27 20:23:53.424   905 12384 I cmr_sensor: 1379, cmr_sns_ioctl: cmd = 45, arg = 0xdbe58530.
03-27 20:23:53.424   905 12384 I gc08a3_sharkl2: 403, gc08a3_drv_access_val: sensor gc08a3: param_ptr->type=22
03-27 20:23:53.427   905 29043 E Cam3OEMIf: 12560, queueBuffer: mFtEnable 0
03-27 20:23:53.450   905 12422 I isp_blk_cmc10: 268, _pm_cmc10_set_param: cmc_result: (2437 14875 95; 16086 1352 16353; 146 15156 2104).
03-27 20:23:53.450   905 12437 E awb_adpt: 1469, awb_sprd_ctrl_calculation_v3_2: check handle success
03-27 20:23:53.450   905 12421 I sprd_hdr_adapter: L 200, sprd_hdr_adpt_detect: detect current hdr type: 2, detect_in_param: 0xdb33cbe0, detect_out_param: 0xdb33cd40
03-27 20:23:53.450   905 12422 E isp_alg_fw: 3931, ispalg_gtm_process: hist_total is 0, gtm no process !!!
03-27 20:23:53.451   905 12421 E Libae[FAE]: 1926, face_luma_calc: NO FACE
03-27 20:23:53.452   905 12421 W Libae[ABL]: 585,abl_bv_interpolation:tune param num should bigger than 1
03-27 20:23:53.452   905 12421 I cmr_oem : 10954, camera_get_af_support: af_support 0
