03-27 20:23:32.487   928   928 D PowerHAL: Enter getSceneIdByName: sceneName:com.whatsapp
03-27 20:23:32.487 31983 32360 I APM_AudioPolicyManager: setStreamVolumeIndex: stream AUDIO_STREAM_ACCESSIBILITY attributes={ Content type: AUDIO_CONTENT_TYPE_UNKNOWN Usage: AUDIO_USAGE_ASSISTANCE_ACCESSIBILITY Source: AUDIO_SOURCE_INVALID Flags: 0x0 Tags:  }
03-27 20:23:32.488   928   928 D PowerHAL: Enter getSceneIdByName: sceneName:PACKAGE
03-27 20:23:32.490 31983 32360 I APM_AudioPolicyManager: setStreamVolumeIndex: stream AUDIO_STREAM_ACCESSIBILITY attributes={ Content type: AUDIO_CONTENT_TYPE_UNKNOWN Usage: AUDIO_USAGE_ASSISTANCE_ACCESSIBILITY Source: AUDIO_SOURCE_INVALID Flags: 0x0 Tags:  }
03-27 20:23:32.492 30322 30322 I ImeTracker: com.whatsapp:28724d53: onRequestHide at ORIGIN_CLIENT_HIDE_SOFT_INPUT reason HIDE_SOFT_INPUT
03-27 20:23:32.492 30322 30322 I ImeTracker: com.whatsapp:28724d53: onFailed at PHASE_CLIENT_VIEW_SERVED
03-27 20:23:32.495 31983 32360 I APM_AudioPolicyManager: setStreamVolumeIndex: stream AUDIO_STREAM_ACCESSIBILITY attributes={ Content type: AUDIO_CONTENT_TYPE_UNKNOWN Usage: AUDIO_USAGE_ASSISTANCE_ACCESSIBILITY Source: AUDIO_SOURCE_INVALID Flags: 0x0 Tags:  }
03-27 20:23:32.497 31983 32360 I APM_AudioPolicyManager: setStreamVolumeIndex: stream AUDIO_STREAM_ACCESSIBILITY attributes={ Content type: AUDIO_CONTENT_TYPE_UNKNOWN Usage: AUDIO_USAGE_ASSISTANCE_ACCESSIBILITY Source: AUDIO_SOURCE_INVALID Flags: 0x0 Tags:  }
03-27 20:23:32.500  1038  1173 D UnisocCamera3Device: Camera3Device slowmotion get
03-27 20:23:32.500 31983 32360 I APM_AudioPolicyManager: setStreamVolumeIndex: stream AUDIO_STREAM_ACCESSIBILITY attributes={ Content type: AUDIO_CONTENT_TYPE_UNKNOWN Usage: AUDIO_USAGE_ASSISTANCE_ACCESSIBILITY Source: AUDIO_SOURCE_INVALID Flags: 0x0 Tags:  }
03-27 20:23:32.500  1038  1173 I Camera3-Device: mSlowMotion=1, mSlowMotionCnt=0
03-27 20:23:32.501  1038 12307 D UnisocCamera3Device: Camera3Device update
03-27 20:23:32.502 31983 21795 I APM_AudioPolicyManager: setStreamVolumeIndex: stream AUDIO_STREAM_ACCESSIBILITY attributes={ Content type: AUDIO_CONTENT_TYPE_UNKNOWN Usage: AUDIO_USAGE_ASSISTANCE_ACCESSIBILITY Source: AUDIO_SOURCE_INVALID Flags: 0x0 Tags:  }
03-27 20:23:32.504   910   910 I mali_gralloc: allocate: id=38e00011804, hal_format=YCbCr420-888, mali_format=NV21, afbc=false, usage=CPU_R, size=640x480(460864), stride=640, name=ImageReader-640x480f23m3-30322-4
03-27 20:23:32.505 31983 21795 I APM_AudioPolicyManager: setStreamVolumeIndex: stream AUDIO_STREAM_ACCESSIBILITY attributes={ Content type: AUDIO_CONTENT_TYPE_UNKNOWN Usage: AUDIO_USAGE_ASSISTANCE_ACCESSIBILITY Source: AUDIO_SOURCE_INVALID Flags: 0x0 Tags:  }
03-27 20:23:32.507 30322 31635 D mali_gralloc: register: id=38e00011804, handle=0xb400007e6bfe1570, importpid=-1, gRegisteredHandles=5
03-27 20:23:32.508 31983 21795 I APM_AudioPolicyManager: setStreamVolumeIndex: stream AUDIO_STREAM_ACCESSIBILITY attributes={ Content type: AUDIO_CONTENT_TYPE_UNKNOWN Usage: AUDIO_USAGE_ASSISTANCE_ACCESSIBILITY Source: AUDIO_SOURCE_INVALID Flags: 0x0 Tags:  }
03-27 20:23:32.509 31983 21795 I APM_AudioPolicyManager: setStreamVolumeIndex: stream AUDIO_STREAM_ACCESSIBILITY attributes={ Content type: AUDIO_CONTENT_TYPE_UNKNOWN Usage: AUDIO_USAGE_ASSISTANCE_ACCESSIBILITY Source: AUDIO_SOURCE_INVALID Flags: 0x0 Tags:  }
03-27 20:23:32.509  1038 12307 D mali_gralloc: register: id=38e00011804, handle=0xb4000074c82f4330, importpid=30322, gRegisteredHandles=0
03-27 20:23:32.512 31983 21795 I APM_AudioPolicyManager: setStreamVolumeIndex: stream AUDIO_STREAM_ACCESSIBILITY attributes={ Content type: AUDIO_CONTENT_TYPE_UNKNOWN Usage: AUDIO_USAGE_ASSISTANCE_ACCESSIBILITY Source: AUDIO_SOURCE_INVALID Flags: 0x0 Tags:  }
03-27 20:23:32.512   910   910 I mali_gralloc: allocate: id=38e00011805, hal_format=IMPL-DEF, mali_format=NV21, afbc=false, usage=CPU_R|GPU_R|WIDE, size=640x480(460864), stride=640, name=SurfaceTexture-4-30322-6
03-27 20:23:32.513 30322 31635 D mali_gralloc: register: id=38e00011805, handle=0xb400007e6c0440f0, importpid=-1, gRegisteredHandles=6
03-27 20:23:32.517  1038 12307 D mali_gralloc: register: id=38e00011805, handle=0xb4000074c82f59b0, importpid=30322, gRegisteredHandles=1
03-27 20:23:32.522   905 28962 D mali_gralloc: register: id=38e00011804, handle=0xde501b40, importpid=1038, gRegisteredHandles=0
03-27 20:23:32.522   905 28962 D mali_gralloc: register: id=38e00011805, handle=0xde501c30, importpid=1038, gRegisteredHandles=1
03-27 20:23:32.528   905 28962 I OEMCam  : 422, camera_get_preview_rot_angle: done 0
03-27 20:23:32.528   905 28962 I Cam3OEMIf: 9748, SetCameraParaTag: after crop ae region mCameraId 1, x, y, w, h, 0 0 0 0
03-27 20:23:32.532   905 28962 W cmr_focus: 804, af_mode_to_isp: af_mode 3 isp_af_mode 0
03-27 20:23:32.532   905 28962 I Cam3OEMIf: 3709, startPreviewInternal: E camera id 1
03-27 20:23:32.532   905 28962 I cmr_oem : 10919, camera_set_3dnr_video: is_3dnr_video 0
03-27 20:23:32.532   905 28962 I cmr_oem : 10954, camera_get_af_support: af_support 0
03-27 20:23:32.532   905 28962 I Cam3OEMIf: 3825, startPreviewInternal: mTopAppId is 128
03-27 20:23:32.532   905 28962 I Cam3OEMIf: 3853, startPreviewInternal: 3rd party app ,open mfnr
03-27 20:23:32.533   905 12269 I cmr_oem : 9292, camera_init_thread_proc: wait here
03-27 20:23:32.533   905 12252 I cmr_sensor: 959, cmr_sns_thread_proc: evt 524548
03-27 20:23:32.533   905 12252 I cmr_sensor: 1379, cmr_sns_ioctl: cmd = 45, arg = 0xd3a9e3b0.
03-27 20:23:32.533   905 12252 I gc08a3_sharkl2: 403, gc08a3_drv_access_val: sensor gc08a3: param_ptr->type=1f
03-27 20:23:32.534   905 28962 I cmr_oem : 14519, camera_get_preview_param: video_snapshot_type=0
03-27 20:23:32.534  1331  1553 I AS.BtHelper: setHearingAidVolume: calling mHearingAid.setVolume idx=70 gain=0
03-27 20:23:32.535 30322 30322 I Choreographer: Skipped 148 frames!  The application may be doing too much work on its main thread.
03-27 20:23:32.535   905 12252 I cmr_sensor: 959, cmr_sns_thread_proc: evt 524548
03-27 20:23:32.535   905 12252 I cmr_sensor: 1379, cmr_sns_ioctl: cmd = 45, arg = 0xdce87058.
03-27 20:23:32.535   905 12252 I gc08a3_sharkl2: 403, gc08a3_drv_access_val: sensor gc08a3: param_ptr->type=11
03-27 20:23:32.535   905 12252 I gc08a3_sharkl2: 386, gc08a3_drv_get_fps_info: mode 1, max_fps: 30
03-27 20:23:32.535   905 12252 I gc08a3_sharkl2: 387, gc08a3_drv_get_fps_info: min_fps: 1
03-27 20:23:32.535   905 12252 I gc08a3_sharkl2: 388, gc08a3_drv_get_fps_info: is_high_fps: 0
03-27 20:23:32.535   905 12252 I gc08a3_sharkl2: 389, gc08a3_drv_get_fps_info: high_fps_skip_num: 0
03-27 20:23:32.535   905 12252 I cmr_sensor: 959, cmr_sns_thread_proc: evt 524548
03-27 20:23:32.535   905 12252 I cmr_sensor: 1379, cmr_sns_ioctl: cmd = 45, arg = 0xdce87058.
03-27 20:23:32.535   905 12252 I gc08a3_sharkl2: 403, gc08a3_drv_access_val: sensor gc08a3: param_ptr->type=11
03-27 20:23:32.535   905 12252 I gc08a3_sharkl2: 386, gc08a3_drv_get_fps_info: mode 1, max_fps: 30
03-27 20:23:32.535   905 12252 I gc08a3_sharkl2: 387, gc08a3_drv_get_fps_info: min_fps: 1
03-27 20:23:32.535   905 12252 I gc08a3_sharkl2: 388, gc08a3_drv_get_fps_info: is_high_fps: 0
03-27 20:23:32.535   905 12252 I gc08a3_sharkl2: 389, gc08a3_drv_get_fps_info: high_fps_skip_num: 0
03-27 20:23:32.535   905 12277 I cmr_prev: 7567, prev_get_sensor_mode: app_mode = -1
03-27 20:23:32.536 30322 12330 I WhatsAppJni: EnsureThreadAttached: attached current thread to JVM
03-27 20:23:32.536   905 12277 I cmr_mm_dvfs: 171, set_dcam_dvfs_policy: set dvfs-> dcam-if done, freq is 192000000
03-27 20:23:32.536   905 12277 I cmr_mm_dvfs: 280, set_isp_dvfs_policy: set dvfs-> isp done, freq is max
03-27 20:23:32.536   905 12277 I cmr_prev: 4618, prev_pre_set: camera_id:1 sensor_mode = 1
03-27 20:23:32.536   905 12277 I cmr_oem : 10614, camera_preview_pre_proc: camera id 1
03-27 20:23:32.536   905 12277 I cmr_oem : 10619, camera_preview_pre_proc: sensor work mode 1
03-27 20:23:32.536   905 12252 I cmr_sensor: 959, cmr_sns_thread_proc: evt 524549
03-27 20:23:32.536   905 12252 I sns_drv_u: 1159, sensor_set_mode_msg: mode = 1.
03-27 20:23:32.536   905 12252 I sns_drv_u: 1176, sensor_set_mode_msg: is_async: yes, phyid: 1
03-27 20:23:32.537   905 12253 I sns_drv_u: 844, sensor_ctrl_thread_proc: evt 526338
03-27 20:23:32.537   905 12277 I cmr_oem : 20322, camera_get_remosaic_type: remosaic_type=0
03-27 20:23:32.537   905 12253 I sns_drv_u: 1231, sensor_set_mode: mode = 1.
03-27 20:23:32.537   905 12253 I hw_sensor: 397, hw_sensor_set_mclk: mclk 24, ret 0
03-27 20:23:32.537   905 12253 I hw_sensor: 1033, hw_Sensor_SendRegTabToSensor: E:burst_mode 0, sensor_id 1
03-27 20:23:32.537   905 12277 I DMABUFHEAPS: Using DMA-BUF heap named: system
03-27 20:23:32.538   905 12252 I cmr_sensor: 959, cmr_sns_thread_proc: evt 524548
03-27 20:23:32.538   905 12252 I cmr_sensor: 1379, cmr_sns_ioctl: cmd = 45, arg = 0xdce86328.
03-27 20:23:32.538   905 12252 I gc08a3_sharkl2: 403, gc08a3_drv_access_val: sensor gc08a3: param_ptr->type=11
03-27 20:23:32.538   905 12252 I gc08a3_sharkl2: 386, gc08a3_drv_get_fps_info: mode 1, max_fps: 30
03-27 20:23:32.538   905 12252 I gc08a3_sharkl2: 387, gc08a3_drv_get_fps_info: min_fps: 1
03-27 20:23:32.538   905 12252 I gc08a3_sharkl2: 388, gc08a3_drv_get_fps_info: is_high_fps: 0
03-27 20:23:32.538   905 12252 I gc08a3_sharkl2: 389, gc08a3_drv_get_fps_info: high_fps_skip_num: 0
03-27 20:23:32.538   905 12277 I cmr_grab: 488, cmr_grab_if_cfg: not support power opt
03-27 20:23:32.538   905 12277 I cmr_grab: 497, cmr_grab_if_cfg: ret 0, if type 1, mode 3, deci 0, status 0
03-27 20:23:32.538   905 12277 I cmr_grab: 556, cmr_grab_sn_cfg: sn_trim x y w h 0, 0, 1632, 1224
03-27 20:23:32.538   905 12277 I cmr_grab: 570, cmr_grab_sn_cfg: sensor_max_size: w=3264, h=2448
03-27 20:23:32.538   905 12277 I cmr_oem : 20322, camera_get_remosaic_type: remosaic_type=0
03-27 20:23:32.538   905 12277 I cmr_grab: 777, cmr_grab_cap_cfg: frm_num -1, dst width 640, dst height 480,slowmotion 0,is_high_fps:0, high_fps_skip_num:0, src_img_fmt 48,dst_img_fmt 16, 4in1 0, fdr 0, is_sync_num 0.
03-27 20:23:32.539   905 12277 I cmr_grab: 854, cmr_grab_cap_cfg: 0, 0
03-27 20:23:32.539   905 12277 I cmr_grab: 856, cmr_grab_cap_cfg: fdr_preview_captured_num = 0, zoom_conflict_ltm = 0
03-27 20:23:32.539   905 12277 I cmr_grab: 612, cmr_grab_cap_cfg_common: chn_id=1, regu_mode=0, pdaf_ctrl=0 0, deci_factor=0, cfg_isp=0, chn_skip_num=0
03-27 20:23:32.539   905 12277 I cmr_grab: 682, cmr_grab_cap_cfg_common: crop_rect in hex:0,0,660,4c8, crop_rect in dec:0,0,1632,1224, total_rect: 0,0,0,0
03-27 20:23:32.539   905 12277 I cmr_grab: 719, cmr_grab_cap_cfg_common: SPRD_IMG_IO_CHECK_FMT fmt 1 640 480 0x3132564e 1 flip:0
03-27 20:23:32.543   905 12277 I cmr_grab: 2281, cmr_grab_get_data_endian: y uv endian 0 2 0 0
03-27 20:23:32.543   905 12252 I cmr_sensor: 959, cmr_sns_thread_proc: evt 524548
03-27 20:23:32.543   905 12252 I cmr_sensor: 1379, cmr_sns_ioctl: cmd = 45, arg = 0xdce852d8.
03-27 20:23:32.543   905 12252 I gc08a3_sharkl2: 403, gc08a3_drv_access_val: sensor gc08a3: param_ptr->type=11
03-27 20:23:32.543   905 12252 I gc08a3_sharkl2: 386, gc08a3_drv_get_fps_info: mode 1, max_fps: 30
03-27 20:23:32.543   905 12252 I gc08a3_sharkl2: 387, gc08a3_drv_get_fps_info: min_fps: 1
03-27 20:23:32.543   905 12252 I gc08a3_sharkl2: 388, gc08a3_drv_get_fps_info: is_high_fps: 0
03-27 20:23:32.543   905 12252 I gc08a3_sharkl2: 389, gc08a3_drv_get_fps_info: high_fps_skip_num: 0
03-27 20:23:32.543   905 12277 I cmr_grab: 488, cmr_grab_if_cfg: not support power opt
03-27 20:23:32.543   905 12277 I cmr_grab: 497, cmr_grab_if_cfg: ret 0, if type 1, mode 3, deci 0, status 0
03-27 20:23:32.543   905 12277 I cmr_grab: 556, cmr_grab_sn_cfg: sn_trim x y w h 0, 0, 1632, 1224
03-27 20:23:32.543   905 12277 I cmr_grab: 570, cmr_grab_sn_cfg: sensor_max_size: w=3264, h=2448
03-27 20:23:32.543   905 12277 I cmr_oem : 20322, camera_get_remosaic_type: remosaic_type=0
03-27 20:23:32.543   905 12277 I cmr_grab: 777, cmr_grab_cap_cfg: frm_num -1, dst width 640, dst height 480,slowmotion 0,is_high_fps:0, high_fps_skip_num:0, src_img_fmt 48,dst_img_fmt 16, 4in1 0, fdr 0, is_sync_num 0.
03-27 20:23:32.543   905 12277 I cmr_grab: 854, cmr_grab_cap_cfg: 0, 0
03-27 20:23:32.543   905 12277 I cmr_grab: 856, cmr_grab_cap_cfg: fdr_preview_captured_num = 0, zoom_conflict_ltm = 0
03-27 20:23:32.543   905 12277 I cmr_grab: 612, cmr_grab_cap_cfg_common: chn_id=2, regu_mode=0, pdaf_ctrl=0 0, deci_factor=0, cfg_isp=0, chn_skip_num=0
03-27 20:23:32.544   905 12277 I cmr_grab: 682, cmr_grab_cap_cfg_common: crop_rect in hex:0,0,660,4c8, crop_rect in dec:0,0,1632,1224, total_rect: 0,0,0,0
03-27 20:23:32.544   905 12277 I cmr_grab: 719, cmr_grab_cap_cfg_common: SPRD_IMG_IO_CHECK_FMT fmt 2 640 480 0x3132564e 1 flip:0
03-27 20:23:32.544   905 12277 I cmr_grab: 2281, cmr_grab_get_data_endian: y uv endian 0 2 0 0
03-27 20:23:32.544   905 28962 I cmr_oem : 14691, camera_set_preview_param: prev mode 1 chn id 1 snp mode 0 snp_chn_id 0
03-27 20:23:32.544   905 28962 I cmr_oem : 14692, camera_set_preview_param: rot angle 0
03-27 20:23:32.547   905 12301 I ae_sprd_adpt: 5430, ae_set_auto_hdr: hdr_menu 0
03-27 20:23:32.547 24402 25260 D SarManager: isVoiceCallStreamActive is:3
03-27 20:23:32.548   905 12277 I cmr_oem : 20322, camera_get_remosaic_type: remosaic_type=0
03-27 20:23:32.549   905 12252 I cmr_sensor: 959, cmr_sns_thread_proc: evt 524548
03-27 20:23:32.549   905 12252 I cmr_sensor: 1379, cmr_sns_ioctl: cmd = 45, arg = 0xdce85298.
03-27 20:23:32.549   905 12252 I gc08a3_sharkl2: 403, gc08a3_drv_access_val: sensor gc08a3: param_ptr->type=11
03-27 20:23:32.549   905 12252 I gc08a3_sharkl2: 386, gc08a3_drv_get_fps_info: mode 1, max_fps: 30
03-27 20:23:32.549   905 12252 I gc08a3_sharkl2: 387, gc08a3_drv_get_fps_info: min_fps: 1
03-27 20:23:32.549   905 12252 I gc08a3_sharkl2: 388, gc08a3_drv_get_fps_info: is_high_fps: 0
03-27 20:23:32.549   905 12252 I gc08a3_sharkl2: 389, gc08a3_drv_get_fps_info: high_fps_skip_num: 0
03-27 20:23:32.549   905 12277 I cmr_oem : 11503, camera_isp_start_video: sn_max_size: (3264 2448), sn_output_size: (1632 1224), crop: (0 0 1632 1224)
03-27 20:23:32.549   905 12277 I cmr_oem : 11507, camera_isp_start_video: sn_mode=1 max_gain=16 is_high_fps=0 high_fps_skip_num=0 max_fps=30 min_fps=1
03-27 20:23:32.549   905 12277 I cmr_oem : 11510, camera_isp_start_video: isp.size:(1632 1224), work_mode=0, dv_mode=0, capture_mode=0, is_snapshot=0
03-27 20:23:32.549   905 12277 I cmr_oem : 20322, camera_get_remosaic_type: remosaic_type=0
03-27 20:23:32.549   905 12277 I isp_alg_fw: 8164, isp_alg_fw_start: cam1 init status 1
03-27 20:23:32.549   905 12277 E isp_pm  : 1447, isp_pm_get_all_blocks_compatible: should not be here. mode 19 is NULL
03-27 20:23:32.549   905 12277 E isp_pm  : 1447, isp_pm_get_all_blocks_compatible: should not be here. mode 19 is NULL
03-27 20:23:32.549   905 12277 E isp_pm  : 1447, isp_pm_get_all_blocks_compatible: should not be here. mode 19 is NULL
03-27 20:23:32.549   905 12277 E isp_pm  : 1447, isp_pm_get_all_blocks_compatible: should not be here. mode 19 is NULL
03-27 20:23:32.549   905 12277 E isp_pm  : 1447, isp_pm_get_all_blocks_compatible: should not be here. mode 19 is NULL
03-27 20:23:32.549   905 12277 E isp_pm  : 1447, isp_pm_get_all_blocks_compatible: should not be here. mode 19 is NULL
03-27 20:23:32.549   905 12277 E isp_pm  : 1447, isp_pm_get_all_blocks_compatible: should not be here. mode 19 is NULL
03-27 20:23:32.549   905 12277 E isp_pm  : 1447, isp_pm_get_all_blocks_compatible: should not be here. mode 19 is NULL
03-27 20:23:32.549   905 12277 E isp_pm  : 1447, isp_pm_get_all_blocks_compatible: should not be here. mode 19 is NULL
03-27 20:23:32.549   905 12277 E isp_pm  : 1447, isp_pm_get_all_blocks_compatible: should not be here. mode 19 is NULL
03-27 20:23:32.549   905 12277 E isp_pm  : 1447, isp_pm_get_all_blocks_compatible: should not be here. mode 19 is NULL
03-27 20:23:32.549   905 12277 E isp_pm  : 1447, isp_pm_get_all_blocks_compatible: should not be here. mode 19 is NULL
03-27 20:23:32.549   905 12277 E isp_pm  : 1447, isp_pm_get_all_blocks_compatible: should not be here. mode 19 is NULL
03-27 20:23:32.549   905 12277 E isp_pm  : 1447, isp_pm_get_all_blocks_compatible: should not be here. mode 19 is NULL
03-27 20:23:32.549   905 12277 E isp_pm  : 1447, isp_pm_get_all_blocks_compatible: should not be here. mode 19 is NULL
03-27 20:23:32.549   905 12277 E isp_pm  : 1447, isp_pm_get_all_blocks_compatible: should not be here. mode 19 is NULL
03-27 20:23:32.549   905 12277 E isp_pm  : 1447, isp_pm_get_all_blocks_compatible: should not be here. mode 19 is NULL
03-27 20:23:32.550   905 12277 E isp_pm  : 1447, isp_pm_get_all_blocks_compatible: should not be here. mode 19 is NULL
03-27 20:23:32.550   905 12277 E isp_pm  : 1447, isp_pm_get_all_blocks_compatible: should not be here. mode 19 is NULL
03-27 20:23:32.550   905 12277 E isp_pm  : 1447, isp_pm_get_all_blocks_compatible: should not be here. mode 19 is NULL
03-27 20:23:32.550   905 12277 E isp_pm  : 1447, isp_pm_get_all_blocks_compatible: should not be here. mode 19 is NULL
03-27 20:23:32.550   905 12277 E isp_pm  : 1447, isp_pm_get_all_blocks_compatible: should not be here. mode 19 is NULL
03-27 20:23:32.550   905 12277 E isp_pm  : 1447, isp_pm_get_all_blocks_compatible: should not be here. mode 19 is NULL
03-27 20:23:32.550   905 12277 E isp_pm  : 1447, isp_pm_get_all_blocks_compatible: should not be here. mode 19 is NULL
03-27 20:23:32.550   905 12277 E isp_pm  : 1447, isp_pm_get_all_blocks_compatible: should not be here. mode 19 is NULL
03-27 20:23:32.550   905 12277 E isp_pm  : 1447, isp_pm_get_all_blocks_compatible: should not be here. mode 19 is NULL
03-27 20:23:32.550   905 12277 E isp_pm  : 1447, isp_pm_get_all_blocks_compatible: should not be here. mode 19 is NULL
03-27 20:23:32.550   905 12277 E isp_pm  : 1447, isp_pm_get_all_blocks_compatible: should not be here. mode 19 is NULL
03-27 20:23:32.550   905 12277 E isp_pm  : 1447, isp_pm_get_all_blocks_compatible: should not be here. mode 19 is NULL
03-27 20:23:32.550   905 12277 E isp_pm  : 1447, isp_pm_get_all_blocks_compatible: should not be here. mode 19 is NULL
03-27 20:23:32.550   905 12277 E isp_pm  : 1447, isp_pm_get_all_blocks_compatible: should not be here. mode 19 is NULL
03-27 20:23:32.550   905 12277 E isp_pm  : 1447, isp_pm_get_all_blocks_compatible: should not be here. mode 19 is NULL
03-27 20:23:32.550   905 12277 E isp_pm  : 1447, isp_pm_get_all_blocks_compatible: should not be here. mode 19 is NULL
03-27 20:23:32.550   905 12277 E isp_pm  : 1447, isp_pm_get_all_blocks_compatible: should not be here. mode 19 is NULL
03-27 20:23:32.550   905 12277 E isp_pm  : 1447, isp_pm_get_all_blocks_compatible: should not be here. mode 19 is NULL
03-27 20:23:32.550   905 12277 E isp_pm  : 1447, isp_pm_get_all_blocks_compatible: should not be here. mode 19 is NULL
03-27 20:23:32.550   905 12277 E isp_pm  : 1447, isp_pm_get_all_blocks_compatible: should not be here. mode 19 is NULL
03-27 20:23:32.550   905 12277 E isp_pm  : 1447, isp_pm_get_all_blocks_compatible: should not be here. mode 19 is NULL
03-27 20:23:32.550   905 12277 E isp_pm  : 1447, isp_pm_get_all_blocks_compatible: should not be here. mode 19 is NULL
03-27 20:23:32.550   905 12277 E isp_pm  : 1447, isp_pm_get_all_blocks_compatible: should not be here. mode 19 is NULL
03-27 20:23:32.550   905 12277 E isp_pm  : 1447, isp_pm_get_all_blocks_compatible: should not be here. mode 19 is NULL
03-27 20:23:32.550   905 12277 E isp_pm  : 1447, isp_pm_get_all_blocks_compatible: should not be here. mode 19 is NULL
03-27 20:23:32.550   905 12277 E isp_pm  : 1447, isp_pm_get_all_blocks_compatible: should not be here. mode 19 is NULL
03-27 20:23:32.550   905 12277 E isp_pm  : 1447, isp_pm_get_all_blocks_compatible: should not be here. mode 19 is NULL
03-27 20:23:32.550   905 12277 E isp_pm  : 1447, isp_pm_get_all_blocks_compatible: should not be here. mode 19 is NULL
03-27 20:23:32.550   905 12277 E isp_pm  : 1447, isp_pm_get_all_blocks_compatible: should not be here. mode 19 is NULL
03-27 20:23:32.550   905 12277 E isp_pm  : 1447, isp_pm_get_all_blocks_compatible: should not be here. mode 19 is NULL
03-27 20:23:32.550   905 12277 E isp_pm  : 1447, isp_pm_get_all_blocks_compatible: should not be here. mode 19 is NULL
03-27 20:23:32.550   905 12277 E isp_pm  : 1447, isp_pm_get_all_blocks_compatible: should not be here. mode 19 is NULL
03-27 20:23:32.550   905 12277 E isp_pm  : 1447, isp_pm_get_all_blocks_compatible: should not be here. mode 19 is NULL
03-27 20:23:32.550   905 12277 E isp_pm  : 1447, isp_pm_get_all_blocks_compatible: should not be here. mode 19 is NULL
03-27 20:23:32.550   905 12277 E isp_pm  : 1447, isp_pm_get_all_blocks_compatible: should not be here. mode 19 is NULL
03-27 20:23:32.550   905 12277 E isp_pm  : 1447, isp_pm_get_all_blocks_compatible: should not be here. mode 19 is NULL
03-27 20:23:32.550   905 12277 E isp_pm  : 1447, isp_pm_get_all_blocks_compatible: should not be here. mode 19 is NULL
03-27 20:23:32.550   905 12277 E isp_pm  : 1447, isp_pm_get_all_blocks_compatible: should not be here. mode 19 is NULL
03-27 20:23:32.550   905 12277 E isp_pm  : 1447, isp_pm_get_all_blocks_compatible: should not be here. mode 19 is NULL
03-27 20:23:32.550   905 12277 E isp_pm  : 1447, isp_pm_get_all_blocks_compatible: should not be here. mode 19 is NULL
03-27 20:23:32.550   905 12277 E isp_pm  : 1447, isp_pm_get_all_blocks_compatible: should not be here. mode 19 is NULL
03-27 20:23:32.550   905 12277 E isp_pm  : 1447, isp_pm_get_all_blocks_compatible: should not be here. mode 19 is NULL
03-27 20:23:32.550   905 12277 E isp_pm  : 1447, isp_pm_get_all_blocks_compatible: should not be here. mode 19 is NULL
03-27 20:23:32.550   905 12277 E isp_pm  : 1447, isp_pm_get_all_blocks_compatible: should not be here. mode 19 is NULL
03-27 20:23:32.550   905 12277 E isp_pm  : 1447, isp_pm_get_all_blocks_compatible: should not be here. mode 19 is NULL
03-27 20:23:32.550   905 12277 E isp_pm  : 1447, isp_pm_get_all_blocks_compatible: should not be here. mode 19 is NULL
03-27 20:23:32.550   905 12277 E isp_pm  : 1447, isp_pm_get_all_blocks_compatible: should not be here. mode 19 is NULL
03-27 20:23:32.550   905 12277 E isp_pm  : 1447, isp_pm_get_all_blocks_compatible: should not be here. mode 19 is NULL
03-27 20:23:32.550   905 12277 E isp_pm  : 1447, isp_pm_get_all_blocks_compatible: should not be here. mode 19 is NULL
03-27 20:23:32.550   905 12277 E isp_pm  : 1447, isp_pm_get_all_blocks_compatible: should not be here. mode 19 is NULL
03-27 20:23:32.550   905 12277 E isp_pm  : 1447, isp_pm_get_all_blocks_compatible: should not be here. mode 19 is NULL
03-27 20:23:32.550   905 12277 E isp_pm  : 1447, isp_pm_get_all_blocks_compatible: should not be here. mode 19 is NULL
03-27 20:23:32.550   905 12277 E awb_adpt: 365, _awb_read_gain: read_gain from:/data/vendor/cameraserver/camera_1_awb.file, camera_id[1]: 1746, 1024, 1404, 6795
03-27 20:23:32.550   905 12277 I smart_ctrl: 1430, smart_ctl_parse_atm_tuning_param_v1: src ptr 0xdcd8a458
03-27 20:23:32.550   905 12277 I smart_ctrl: 2682, smart_ctl_calculation: lock smart frame = 5
03-27 20:23:32.550   905 12277 I isp_blk_cmc10: 268, _pm_cmc10_set_param: cmc_result: (2352 15446 15994; 15958 1356 94; 276 14760 2372).
03-27 20:23:32.550 24402 27969 D BLASTBufferQueue: [VRI[StatusBar]#3](f:0,a:2) PendingRelease=1, PendingBuffersToHold=0, SyncedFrameNumbers=0, lacfnr:82622, lapfnr:82622
03-27 20:23:32.552   905 12277 I isp_alg_fw: 8306, isp_alg_fw_start: pdaf_support = 0, pdaf_enable = 0, is_multi_mode = 0
03-27 20:23:32.552   905 12277 I isp_alg_fw: 7880, ispalg_update_alsc_result: [ALSC] lsc_pm_normalization, new_image_size[1632,1224], full_image_size[3264,2448]
03-27 20:23:32.552   905 12277 I isp_alg_fw: 7883, ispalg_update_alsc_result: [ALSC] lsc_pm_normalization case1, n binning
03-27 20:23:32.553   905 12303 I lsc_ctrl: 370, lsc_set_monitor: in_param win_size[50,38] win_num[32,32]
03-27 20:23:32.556   905 12337 I FaceAlign: [FaCreateAlignHandle,46]: FaceAlign Create.In
03-27 20:23:32.556   905 12337 I FaceAlign: [FaCreateAlignHandle,47]: CAM_ALGO_CV_FA_LIBVER[2.2.0.1.".1557339".1557339][Sep 23 2021][10:05:14]
03-27 20:23:32.556   905 12337 I FaceAlign: [initLogLevel,27]: g_log_level value: 3
03-27 20:23:32.556   905 12337 I FaceAlign: [initLogLevel,30]: g_dump_flag value: 0
03-27 20:23:32.556   905 12337 I FaceAlign: [initLogLevel,47]: Dump path: /data/vendor/cameraserver/
03-27 20:23:32.556   905 12337 I FAPTS7  : [FaPts7CreateAlignHandle,49]: FaPts7 Create.In
03-27 20:23:32.556   905 12337 I FAPTS7  : [FaPts7CreateAlignHandle,50]: CAM_ALGO_CV_FAPTS7_LIBVER[2.0.0.0.1557339][Sep 23 2021][10:05:07]
03-27 20:23:32.556   905 12337 I FAPTS7  : [initLogLevel,26]: g_log_level value: 3
03-27 20:23:32.556   905 12337 I FAPTS7  : [initLogLevel,29]: g_dump_flag value: 0
03-27 20:23:32.556   905 12337 I FAPTS7  : [initLogLevel,46]: Dump path: /data/vendor/cameraserver/
03-27 20:23:32.557 31983 21795 D APM_AudioPolicyManager: setForceUse() usage 7, config 0, mPhoneState 3
03-27 20:23:32.557   905 12303 I lsc_sprd_adapt: 2029, lsc_preprocess_fwstart_info: FW_START parameter normalization, case1 n binning, gridx=48, gridy=48, lsc_id=1
03-27 20:23:32.558   905 12277 I afl_ctrl: 617, aflnew_ctrl_cfg: AFL TUNE PARAM start 2 ed 3 regin_strat 33700 ed 3
03-27 20:23:32.558   905 12277 E afl_ctrl: 672, aflnew_ctrl_cfg: ERROR REG PARAM
03-27 20:23:32.558   905 12277 I afl_ctrl: 690, aflnew_ctrl_cfg: done:stepx: 0x26c000, y: 0x28cccc, x_start 0x20, x_end 0x62e, x_region 28cccc, y 0x28cccc, x_start_region 0x0, x_end 0x660
03-27 20:23:32.558   905 12277 W isp_pm  : 1969, isp_pm_get_param: fail to do isp_pm_get_single_block_param, 0 96
03-27 20:23:32.560   905 12301 I ae_sprd_adpt: 4519, ae_set_video_start: setpriority = 0
03-27 20:23:32.561   905 12301 I ae_sprd_adpt: 1882, ae_cfg_monitor_block: rtn=0 win_num(32x32), win_size(50x38) skip=0 mode=1
03-27 20:23:32.561   905 12337 D UMNN    : LIBVER[0.9.6.0][Feb  5 2021][14:33:39]
03-27 20:23:32.561   905 12337 I FAPTS7  : [CreateCNNHandle,37]: USE UMNN_MNN
03-27 20:23:32.562   905 12301 I sns_drv_u: 2920, sensor_ic_write_exp_common: is_async: yes, phyid:1
03-27 20:23:32.562   905 12301 I sns_drv_u: 2864, sensor_ic_write_gain_common: is_async: yes, phyid: 1
03-27 20:23:32.562   905 12301 I ae_sprd_adpt: 4988, ae_set_video_start: AE_VIDEO_START cam-id 1 BV 577 lt 13000 W 1632 H 1224 , exp: 3846, gain:650 flash: 0 CAP 0, enable: 0, large_pix_num 0
03-27 20:23:32.563 31983 21795 D APM_AudioPolicyManager: setForceUse() usage 7, config 0, mPhoneState 3
03-27 20:23:32.564 31983 32360 D APM_AudioPolicyManager: setForceUse() usage 7, config 0, mPhoneState 3
03-27 20:23:32.564 31983 21795 D APM_AudioPolicyManager: setForceUse() usage 7, config 0, mPhoneState 3
03-27 20:23:32.566   905 12277 I DMABUFHEAPS: Using DMA-BUF heap named: system
03-27 20:23:32.567   905 12277 I DMABUFHEAPS: Using DMA-BUF heap named: system
03-27 20:23:32.567   905 12277 I DMABUFHEAPS: Using DMA-BUF heap named: system
03-27 20:23:32.567   905 12277 I DMABUFHEAPS: Using DMA-BUF heap named: system
03-27 20:23:32.568   905 12277 I DMABUFHEAPS: Using DMA-BUF heap named: system
03-27 20:23:32.568  1331  1553 D BluetoothHearingAid: setVolume(0)
03-27 20:23:32.569   905 12277 I DMABUFHEAPS: Using DMA-BUF heap named: system
03-27 20:23:32.569   905 12277 I DMABUFHEAPS: Using DMA-BUF heap named: system
03-27 20:23:32.569   905 12277 I DMABUFHEAPS: Using DMA-BUF heap named: system
03-27 20:23:32.569   905 12277 I DMABUFHEAPS: Using DMA-BUF heap named: system
03-27 20:23:32.569   905 12277 I DMABUFHEAPS: Using DMA-BUF heap named: system
03-27 20:23:32.571   905 12277 I DMABUFHEAPS: Using DMA-BUF heap named: system
03-27 20:23:32.571   905 12277 I DMABUFHEAPS: Using DMA-BUF heap named: system
03-27 20:23:32.572   905 12277 I DMABUFHEAPS: Using DMA-BUF heap named: system
03-27 20:23:32.572   905 12277 I DMABUFHEAPS: Using DMA-BUF heap named: system
03-27 20:23:32.572   905 12277 I DMABUFHEAPS: Using DMA-BUF heap named: system
03-27 20:23:32.572   905 12277 I DMABUFHEAPS: Using DMA-BUF heap named: system
03-27 20:23:32.572   905 12277 I DMABUFHEAPS: Using DMA-BUF heap named: system
03-27 20:23:32.572   905 12277 I DMABUFHEAPS: Using DMA-BUF heap named: system
03-27 20:23:32.572   905 12277 I DMABUFHEAPS: Using DMA-BUF heap named: system
03-27 20:23:32.572   905 12277 I DMABUFHEAPS: Using DMA-BUF heap named: system
03-27 20:23:32.573   905 12277 I DMABUFHEAPS: Using DMA-BUF heap named: system
03-27 20:23:32.573   905 12277 I DMABUFHEAPS: Using DMA-BUF heap named: system
03-27 20:23:32.573   905 12277 I DMABUFHEAPS: Using DMA-BUF heap named: system
03-27 20:23:32.573   905 12277 I DMABUFHEAPS: Using DMA-BUF heap named: system
03-27 20:23:32.573   905 12277 I DMABUFHEAPS: Using DMA-BUF heap named: system
03-27 20:23:32.573   905 12277 I DMABUFHEAPS: Using DMA-BUF heap named: system
03-27 20:23:32.573   905 12277 I DMABUFHEAPS: Using DMA-BUF heap named: system
03-27 20:23:32.573   905 12277 I DMABUFHEAPS: Using DMA-BUF heap named: system
03-27 20:23:32.574   905 12277 I DMABUFHEAPS: Using DMA-BUF heap named: system
03-27 20:23:32.574   905 12277 I DMABUFHEAPS: Using DMA-BUF heap named: system
03-27 20:23:32.576   905 12277 I cmr_oem : 11999, camera_channel_start: skip num 0 6
03-27 20:23:32.601   905 12252 I cmr_sensor: 959, cmr_sns_thread_proc: evt 524550
03-27 20:23:32.603 30322 12330 I WhatsAppJni: DetachThreadOnExit: detached current thread from JVM
03-27 20:23:32.613 12124 12165 W YouTube : Invalid playback type; streaming data is not playable
03-27 20:23:32.613  1331  1534 D WifiChipHidlImpl: Attempting to reset the SAR scenario
03-27 20:23:32.623  1331  4259 V AS.AudioDeviceBroker: requestedCommunicationDevice: AudioDeviceAttributes: role:output type:speaker addr: name: profiles:[] descriptors:[] mAudioModeOwner: AudioModeInfo: mMode=MODE_IN_COMMUNICATION, mPid=30322, mUid=10214
03-27 20:23:32.626 24402 25260 D SarManager: isSpeakerphoneOn : true
03-27 20:23:32.626 24402 25260 D SarManager: streamType : 1
03-27 20:23:32.626 24402 25260 D SarManager: Switching to earpiece : HEAD ON
03-27 20:23:32.626 24402 25260 D SarManager: Old device = 2
03-27 20:23:32.626 24402 25260 D SarManager: isVoiceCallStreamActive is:3
03-27 20:23:32.629  1331  4256 V AS.AudioDeviceBroker: requestedCommunicationDevice: AudioDeviceAttributes: role:output type:speaker addr: name: profiles:[] descriptors:[] mAudioModeOwner: AudioModeInfo: mMode=MODE_IN_COMMUNICATION, mPid=30322, mUid=10214
03-27 20:23:32.631 24402 25260 D SarManager: isSpeakerphoneOn : true
03-27 20:23:32.631 24402 25260 D SarManager: streamType : 2
03-27 20:23:32.631 24402 25260 D SarManager: Switching to earpiece : HEAD ON
03-27 20:23:32.631 24402 25260 D SarManager: Old device = 2
03-27 20:23:32.636 24402 25260 D SarManager: isVoiceCallStreamActive is:3
03-27 20:23:32.636  1331  4256 V AS.AudioDeviceBroker: requestedCommunicationDevice: AudioDeviceAttributes: role:output type:speaker addr: name: profiles:[] descriptors:[] mAudioModeOwner: AudioModeInfo: mMode=MODE_IN_COMMUNICATION, mPid=30322, mUid=10214
03-27 20:23:32.637 24402 25260 D SarManager: isSpeakerphoneOn : true
03-27 20:23:32.637 24402 25260 D SarManager: streamType : 8
03-27 20:23:32.637 24402 25260 D SarManager: Switching from earpiece : HEAD OFF
03-27 20:23:32.637 24402 25260 D SarManager: New device = 2
03-27 20:23:32.637 24402 25260 D SarManager: updateSarScenarioupdateSarScenario11:false
03-27 20:23:32.638   905 12337 I FAPTS7  : [FaPts7CreateAlignHandle,63]: FaPts7 Create.Out
03-27 20:23:32.638   905 12337 I FaceAlign: [FaCreateAlignHandle,61]: FaceAlign Create.Out
03-27 20:23:32.639 30322 12067 E ExecuTorch: !!DEPRECATED!! This branch is deprecated from ExecuTorch 0.7; re-export this PTE file to ensure support on newer runtimes.
03-27 20:23:32.647 24402 25260 D SarManager: isVoiceCallStreamActive is:3
03-27 20:23:32.648  1331  4256 V AS.AudioDeviceBroker: requestedCommunicationDevice: AudioDeviceAttributes: role:output type:speaker addr: name: profiles:[] descriptors:[] mAudioModeOwner: AudioModeInfo: mMode=MODE_IN_COMMUNICATION, mPid=30322, mUid=10214
03-27 20:23:32.648 24402 25260 D SarManager: isSpeakerphoneOn : true
03-27 20:23:32.648 24402 25260 D SarManager: streamType : 10
03-27 20:23:32.648 24402 25260 D SarManager: Switching from earpiece : HEAD OFF
03-27 20:23:32.648 24402 25260 D SarManager: New device = 2
03-27 20:23:32.649 24402 25260 D SarManager: isVoiceCallStreamActive is:3
03-27 20:23:32.650  1331  3672 V AS.AudioDeviceBroker: requestedCommunicationDevice: AudioDeviceAttributes: role:output type:speaker addr: name: profiles:[] descriptors:[] mAudioModeOwner: AudioModeInfo: mMode=MODE_IN_COMMUNICATION, mPid=30322, mUid=10214
03-27 20:23:32.653 24402 25260 D SarManager: isSpeakerphoneOn : true
03-27 20:23:32.653 24402 25260 D SarManager: streamType : 0
03-27 20:23:32.653 24402 25260 D SarManager: Switching from earpiece : HEAD OFF
03-27 20:23:32.653 24402 25260 D SarManager: New device = 2
03-27 20:23:32.653 24402 25260 D SarManager: isVoiceCallStreamActive is:3
03-27 20:23:32.654  1331  4256 V AS.AudioDeviceBroker: requestedCommunicationDevice: AudioDeviceAttributes: role:output type:speaker addr: name: profiles:[] descriptors:[] mAudioModeOwner: AudioModeInfo: mMode=MODE_IN_COMMUNICATION, mPid=30322, mUid=10214
03-27 20:23:32.655   905 12337 I cmr_fd_sprd: 1188, fd_create_detector: SPRD FD version: "3.0.0.5", platform: 0x0500 camera_type 0 work_mode 2
03-27 20:23:32.655   905 12337 I libfacedetect: [FdCreateDetector,66]: FD Top Create.In
03-27 20:23:32.656 12124 12328 W android.youtube: ClassLoaderContext classpath size mismatch. expected=1, found=0 (DLC[];PCL[base.apk*4112395956]{PCL[/system/framework/org.apache.http.legacy.jar*3284119653]#PCL[/system/framework/com.android.location.provider.jar*3994156537]#PCL[/system/framework/com.android.media.remotedisplay.jar*2114713712]} | DLC[];PCL[])
03-27 20:23:32.656   905   905 W fd_oem  : type=1400 audit(0.0:148265): avc:  denied  { read } for  name="u:object_r:vendor_fdtop_prop:s0" dev="tmpfs" ino=426 scontext=u:r:hal_camera_default:s0 tcontext=u:object_r:vendor_fdtop_prop:s0 tclass=file permissive=0
03-27 20:23:32.657   905 12337 I libfacedetect: [FdCreateDetector,67]: CAM_ALGO_CV_FD_LIBVER[3.0.0.5.1803558][Jan 24 2022][10:21:38]
03-27 20:23:32.657   905 12337 I libfacedetect: [DetectorFactoryCreate,75]: platform: 1280 work_mode: 2 engine: 0
03-27 20:23:32.658   905 12337 W libc    : Access denied finding property "persist.vendor.fdtop.fdv3"
03-27 20:23:32.658   905 12337 I FDV3    : [libFDV3_create, 63]: Create.In
03-27 20:23:32.658   905 12337 I FDV3    : [libFDV3_create, 64]: CAM_ALGO_CV_FDV3_LIBVER[1.0.1.6][Jan 24 2022][10:21:23]
03-27 20:23:32.659 17156 18177 I FontLog : (REDACTED) Received query %s, URI %s
03-27 20:23:32.660   905 12337 I FDV3    : [init, 109]: model[1] vdsp[0]
03-27 20:23:32.660   905 12337 D UMNN    : LIBVER[0.9.6.0][Feb  5 2021][14:33:39]
03-27 20:23:32.660 17156 18177 I FontLog : (REDACTED) Query [%s] resolved to %s
03-27 20:23:32.669 24402 25260 D SarManager: isSpeakerphoneOn : true
03-27 20:23:32.670 24402 25260 D SarManager: streamType : 1
03-27 20:23:32.670 24402 25260 D SarManager: Switching from earpiece : HEAD OFF
03-27 20:23:32.670 24402 25260 D SarManager: New device = 2
03-27 20:23:32.673 24402 25260 D SarManager: isVoiceCallStreamActive is:3
03-27 20:23:32.676  1331  3672 V AS.AudioDeviceBroker: requestedCommunicationDevice: AudioDeviceAttributes: role:output type:speaker addr: name: profiles:[] descriptors:[] mAudioModeOwner: AudioModeInfo: mMode=MODE_IN_COMMUNICATION, mPid=30322, mUid=10214
03-27 20:23:32.676   905 12253 I hw_sensor: 1053, hw_Sensor_SendRegTabToSensor: X:reg_count 173, sensor_id 1
03-27 20:23:32.676   905 12253 I sns_drv_u: 844, sensor_ctrl_thread_proc: evt 526341
03-27 20:23:32.676   905 12253 I gc08a3_sharkl2: 166, gc08a3_drv_calc_exposure: fps = 19.917938
03-27 20:23:32.676   905 12253 I gc08a3_sharkl2: 171, gc08a3_drv_calc_exposure: mode = 1, exposure_line = 3846, dummy_line= 16, frame_interval= 50 ms
03-27 20:23:32.676 24402 25260 D SarManager: isSpeakerphoneOn : true
03-27 20:23:32.676 24402 25260 D SarManager: streamType : 2
03-27 20:23:32.676 24402 25260 D SarManager: Switching from earpiece : HEAD OFF
03-27 20:23:32.676 24402 25260 D SarManager: New device = 2
03-27 20:23:32.679   942  2327 D mali_gralloc: register: id=38e000117eb, handle=0xb400007bafd1c2f0, importpid=30322, gRegisteredHandles=21
03-27 20:23:32.680 17156 18177 I FontLog : (REDACTED) Fetch %s end status %s
03-27 20:23:32.682   905 12253 I sns_drv_u: 844, sensor_ctrl_thread_proc: evt 526342
03-27 20:23:32.682   905 12253 I gc08a3_sharkl2: 201, gc08a3_drv_calc_gain: isp_gain = 0x28a,sensor_gain=0x1450
03-27 20:23:32.682   905 12253 I gc08a3_sharkl2: 66, gc08a3_drv_write_gain: sensor gain = 0x1450 , 0x0204 = 0x14
03-27 20:23:32.683   905 12253 I sns_drv_u: 844, sensor_ctrl_thread_proc: evt 526339
03-27 20:23:32.683   905 12253 I sns_drv_u: 860, sensor_ctrl_thread_proc: All previous async I2C ops finished!!!
03-27 20:23:32.684   905 12252 I cmr_sensor: 1016, cmr_sns_thread_proc: CMR_SENSOR_EVT_I2C_IS_FREE free
03-27 20:23:32.684   905 12277 I cmr_oem : 3435, camera_get_i2c_ops_status: X,ret=0
03-27 20:23:32.685   905 12252 I cmr_sensor: 959, cmr_sns_thread_proc: evt 524552
03-27 20:23:32.685   905 12252 I sns_drv_u: 1359, sensor_stream_ctrl_common: is_async: no, phyid: 1
03-27 20:23:32.686   905 12253 I sns_drv_u: 844, sensor_ctrl_thread_proc: evt 526340
03-27 20:23:32.686   905 12253 I sns_drv_u: 1384, sensor_stream_ctrl: on_off 1
03-27 20:23:32.686   905 12253 I sns_drv_u: 1402, sensor_stream_ctrl: is_cphy 0 0000000000000123
03-27 20:23:32.686   905 12253 I hw_sensor: 424, hw_sensor_mipi_init: Lane num 4, bps 342, is_cphy 0
03-27 20:23:32.686   905 12253 I sns_drv_u: 1407, sensor_stream_ctrl: mipi initial ok
03-27 20:23:32.686   905 12253 I sns_drv_u: 1290, sensor_stream_on: E
03-27 20:23:32.686   905 12253 I gc08a3_sharkl2: 633, gc08a3_drv_stream_on: E
03-27 20:23:32.688 24402 24402 D NotificationListener: onNotificationPosted: StatusBarNotification(pkg=com.whatsapp user=UserHandle{0} id=23 tag=null key=0|com.whatsapp|23|null|10214: Notification(channel=silent_notifications_14 shortcut=null contentView=null vibrate=null sound=null defaults=0x0 flags=0x262 color=0xff21c063 category=call groupKey=call_notification_group actions=2 vis=PRIVATE publicVersion=Notification(channel=null shortcut=null contentView=null vibrate=null sound=null defaults=0x0 flags=0x0 color=0xff21c063 category=call vis=PRIVATE)))
03-27 20:23:32.693 30322 31635 I OpenGLRenderer: Davey! duration=1803ms; Flags=0, FrameTimelineVsyncId=36557097, IntendedVsync=314312990112995, Vsync=314314638063395, InputEventId=0, HandleInputStart=314314650120068, AnimationStart=314314650122299, PerformTraversalsStart=314314650275414, DrawStart=314314724914337, FrameDeadline=314314514653372, FrameInterval=314314649055337, FrameStartTime=11134800, SyncQueued=314314754962222, SyncStart=314314755101068, IssueDrawCommandsStart=314314756397799, SwapBuffers=314314793094376, FrameCompleted=314314793616376, DequeueBufferDuration=25961, QueueBufferDuration=405154, GpuCompleted=314314793094376, SwapBuffersCompleted=314314793616376, DisplayPresentTime=0, CommandSubmissionCompleted=314314793094376,
03-27 20:23:32.708 30322 12067 E ExecuTorch: !!DEPRECATED!! This branch is deprecated from ExecuTorch 0.7; re-export this PTE file to ensure support on newer runtimes.
03-27 20:23:32.710   905 12337 D UMNN    : Tensor pred_class/Sigmoid: cfg->dimType = 2, output_user->dim_type = 1
03-27 20:23:32.710   905 12337 D UMNN    : Tensor name: pred_class/Sigmoid erased
03-27 20:23:32.710   905 12337 D UMNN    : Tensor pred_landmark/BiasAdd: cfg->dimType = 2, output_user->dim_type = 1
03-27 20:23:32.710   905 12337 D UMNN    : Tensor name: pred_landmark/BiasAdd erased
03-27 20:23:32.710   905 12337 D UMNN    : Tensor pred_offset/BiasAdd: cfg->dimType = 2, output_user->dim_type = 1
03-27 20:23:32.710   905 12337 D UMNN    : Tensor name: pred_offset/BiasAdd erased
03-27 20:23:32.710   905 12337 D UMNN    : Tensor pred_scale/BiasAdd: cfg->dimType = 2, output_user->dim_type = 1
03-27 20:23:32.710   905 12337 D UMNN    : Tensor name: pred_scale/BiasAdd erased
03-27 20:23:32.710   905 12337 I FDV3    : [libFDV3_create, 80]: Create.Out
03-27 20:23:32.710   905 12337 I FDV3    : [libFDV3_create, 63]: Create.In
03-27 20:23:32.710   905 12337 I FDV3    : [libFDV3_create, 64]: CAM_ALGO_CV_FDV3_LIBVER[1.0.1.6][Jan 24 2022][10:21:23]
03-27 20:23:32.712   905 12337 I FDV3    : [init, 109]: model[0] vdsp[0]
03-27 20:23:32.712   905 12337 D UMNN    : LIBVER[0.9.6.0][Feb  5 2021][14:33:39]
03-27 20:23:32.714   905 12351 I FaceChecker: [libFaceRect_create, 37]: Create.In
03-27 20:23:32.717   905 12351 I FaceChecker: [libFaceRect_create, 38]: CAM_ALGO_CV_FACERECT_LIBVER[1.0.0.0][Sep  7 2021][15:59:22]
03-27 20:23:32.716 24402 24614 D BLASTBufferQueue: [VRI[StatusBar]#3](f:0,a:2) PendingRelease=1, PendingBuffersToHold=0, SyncedFrameNumbers=0, lacfnr:82623, lapfnr:82623
03-27 20:23:32.720   905 12351 D UMNN    : LIBVER[0.9.6.0][Feb  5 2021][14:33:39]
03-27 20:23:32.720 17156 18177 I FontLog : (REDACTED) Pulling font file for id = %d, cache size = %d
03-27 20:23:32.747   323   323 I lowmemorykiller: Kill 'com.google.android.packageinstaller' (10739), uid 10085, oom_score_adj 965 to free 39928kB rss, 42604kB swap; reason: <swap below high>
03-27 20:23:32.757   905 12351 I FaceChecker: [Open, 63]: model[0] outputs[1]
03-27 20:23:32.757   905 12351 D UMNN    : Tensor cls_fc/Softmax: cfg->dimType = 2, output_user->dim_type = 0
03-27 20:23:32.757   905 12351 I FaceChecker: [Open, 73]: cls_fc/Softmax
03-27 20:23:32.757   905 12351 I FaceChecker: [libFaceRect_create, 45]: Create.Out
03-27 20:23:32.764 17156 18177 I FontLog : (REDACTED) Pulling font file for id = %d, cache size = %d
03-27 20:23:32.771   905 12337 D UMNN    : Tensor Neck/pred_class/Sigmoid: cfg->dimType = 2, output_user->dim_type = 1
03-27 20:23:32.771   905 12337 D UMNN    : Tensor name: Neck/pred_class/Sigmoid erased
03-27 20:23:32.771   905 12337 D UMNN    : Tensor Neck/pred_landmark/BiasAdd: cfg->dimType = 2, output_user->dim_type = 1
03-27 20:23:32.771   905 12337 D UMNN    : Tensor name: Neck/pred_landmark/BiasAdd erased
03-27 20:23:32.771   905 12337 D UMNN    : Tensor Neck/pred_offset/BiasAdd: cfg->dimType = 2, output_user->dim_type = 1
03-27 20:23:32.771   905 12337 D UMNN    : Tensor name: Neck/pred_offset/BiasAdd erased
03-27 20:23:32.771   905 12337 D UMNN    : Tensor Neck/pred_scale/BiasAdd: cfg->dimType = 2, output_user->dim_type = 1
03-27 20:23:32.771   905 12337 D UMNN    : Tensor name: Neck/pred_scale/BiasAdd erased
03-27 20:23:32.771   905 12337 I FDV3    : [libFDV3_create, 80]: Create.Out
03-27 20:23:32.771   905 12337 I libfacedetect: [FdCreateDetector,93]: FD Top Create.Out
03-27 20:23:32.772   323   332 E lowmemorykiller: process_mrelease 10739 failed: No such process
03-27 20:23:32.772   905 12337 D android.hardware.camera.provider@2.4-service: fd adapt FdCreateDetector hDT ! = NULL!!!!!!
03-27 20:23:32.790   942   942 I BpBinder: onLastStrongRef automatically unlinking death recipients:
03-27 20:23:32.791   942   942 W Layer   : Hide layer Input Consumer recents_animation_input_consumer#15340 because zOrderRelativeOf = ActivityRecord{3768a16 u0 com.google.android.gm/.ConversationListActivityGmail#27062 is hide.
03-27 20:23:32.791   942   942 W Layer   : Hide layer Input Consumer recents_animation_input_consumer#15340 because zOrderRelativeOf = ActivityRecord{3768a16 u0 com.google.android.gm/.ConversationListActivityGmail#27062 is hide.
03-27 20:23:32.791  1331  1429 D InputDispatcher: setInputWindows displayId=0 cf1652a NavigationBar0 5465496 StatusBar 7225125 com.smartfit.app/com.smartfit.app.MainActivity 1f5e67e ActivityRecordInputSink com.smartfit.app/.MainActivity d8c563e com.whatsapp/com.whatsapp.calling.ui.VoipActivityV2 SurfaceView[com.whatsapp/com.whatsapp.calling.ui.VoipActivityV2](BLAST)#28506 Background for SurfaceView[com.whatsapp/com.whatsapp.calling.ui.VoipActivityV2]#28507 25b3f4 ActivityRecordInputSink com.whatsapp/.calling.ui.VoipActivityV2 3cac54b ActivityRecordInputSink com.whatsapp/.Conversation cfc9a62 ActivityRecordInputSink com.whatsapp/.home.ui.HomeActivity 75522f8 ActivityRecordInputSink com.android.chrome/org.chromium.chrome.browser.ChromeTabbedActivity recents_animation_input_consumer 8e45331 ActivityRecordInputSink com.google.android.gm/.ui.MailActivityGmail Dim layer#11752 Dim layer#11751 b6305f1 ActivityRecordInputSink com.android.launcher3/com.android.searchlauncher.SearchLauncher Wallpaper BBQ wrapper#11766 40061be com.android.systemui.wallpapers.ImageWallp
03-27 20:23:32.802   942   942 W Layer   : Hide layer Input Consumer recents_animation_input_consumer#15340 because zOrderRelativeOf = ActivityRecord{3768a16 u0 com.google.android.gm/.ConversationListActivityGmail#27062 is hide.
03-27 20:23:32.802   942   942 W Layer   : Hide layer Input Consumer recents_animation_input_consumer#15340 because zOrderRelativeOf = ActivityRecord{3768a16 u0 com.google.android.gm/.ConversationListActivityGmail#27062 is hide.
03-27 20:23:32.803  1331  3662 D InputDispatcher: setInputWindows displayId=0 cf1652a NavigationBar0 5465496 StatusBar 7225125 com.smartfit.app/com.smartfit.app.MainActivity 1f5e67e ActivityRecordInputSink com.smartfit.app/.MainActivity d8c563e com.whatsapp/com.whatsapp.calling.ui.VoipActivityV2 SurfaceView[com.whatsapp/com.whatsapp.calling.ui.VoipActivityV2](BLAST)#28506 Background for SurfaceView[com.whatsapp/com.whatsapp.calling.ui.VoipActivityV2]#28507 25b3f4 ActivityRecordInputSink com.whatsapp/.calling.ui.VoipActivityV2 3cac54b ActivityRecordInputSink com.whatsapp/.Conversation cfc9a62 ActivityRecordInputSink com.whatsapp/.home.ui.HomeActivity 75522f8 ActivityRecordInputSink com.android.chrome/org.chromium.chrome.browser.ChromeTabbedActivity recents_animation_input_consumer 8e45331 ActivityRecordInputSink com.google.android.gm/.ui.MailActivityGmail Dim layer#11752 Dim layer#11751 b6305f1 ActivityRecordInputSink com.android.launcher3/com.android.searchlauncher.SearchLauncher Wallpaper BBQ wrapper#11766 40061be com.android.systemui.wallpapers.ImageWallp
03-27 20:23:32.803  1331  3662 D InputDispatcher: Window went away: d8c563e com.whatsapp/com.whatsapp.calling.ui.VoipActivityV2
03-27 20:23:32.804 12124 12352 I FA      : App measurement initialized, version: 161001
03-27 20:23:32.805 12124 12352 I FA      : To enable debug logging run: adb shell setprop log.tag.FA VERBOSE
03-27 20:23:32.805 12124 12352 I FA      : To enable faster debug mode event logging run:
03-27 20:23:32.805 12124 12352 I FA      :   adb shell setprop debug.firebase.analytics.app com.google.android.youtube
03-27 20:23:32.812   905 12253 I sns_drv_u: 1347, sensor_stream_on: X 0
03-27 20:23:32.813   905 12277 I cmr_oem : 3560, camera_sensor_streamctrl: X,ret=0
03-27 20:23:32.813   905 28962 I cmr_oem : 15935, camera_local_start_preview: camera mode 0
03-27 20:23:32.813   905 28962 W isp_pm  : 1969, isp_pm_get_param: fail to do isp_pm_get_single_block_param, 0 96
03-27 20:23:32.813   905 28962 E isp_alg_fw: 5303, ispctl_get_dre_pro_param: fail to get valid dre_pro param, 6  num 0
03-27 20:23:32.813   942   942 W Layer   : Hide layer Input Consumer recents_animation_input_consumer#15340 because zOrderRelativeOf = ActivityRecord{3768a16 u0 com.google.android.gm/.ConversationListActivityGmail#27062 is hide.
03-27 20:23:32.813   905 28962 E isp_mw  : 161, isp_ioctl: fail to do isp_ioctl
03-27 20:23:32.813   942   942 W Layer   : Hide layer Input Consumer recents_animation_input_consumer#15340 because zOrderRelativeOf = ActivityRecord{3768a16 u0 com.google.android.gm/.ConversationListActivityGmail#27062 is hide.
03-27 20:23:32.813   905 28962 W cmr_oem : 13702, camera_isp_ioctl: failed isp ioctl 6
03-27 20:23:32.813   905 28962 I cmr_oem : 14938, camera_get_snapshot_param: there is no dre parameters for camera id =1
03-27 20:23:32.813   905 12252 I cmr_sensor: 959, cmr_sns_thread_proc: evt 524551
03-27 20:23:32.813   905 12252 I cmr_sensor: 1031, cmr_sns_thread_proc: SENSOR_EVT_AF_INIT
03-27 20:23:32.813   905 12252 I cmr_sensor: 1379, cmr_sns_ioctl: cmd = 36, arg = 0xdddbc0e8.
03-27 20:23:32.813   905 12252 I cmr_sensor: 1442, cmr_sns_af_init: OK to init auto focus
03-27 20:23:32.813   905 12252 I cmr_sensor: 1033, cmr_sns_thread_proc: SENSOR_EVT_AF_INIT, Done
03-27 20:23:32.814   905 28962 E cmr_oem : 14970, camera_get_snapshot_param: failed to get cap mem(fd is NULL) 1
03-27 20:23:32.814   905 28962 I cmr_oem : 15739, show_snap_param: cam 0, req id 0, filter 0 mode 0 hdr 0 fdr 0, 3dnr 0, vid 0 zsl 0 tot_num 1
03-27 20:23:32.814   905 28962 I cmr_oem : 15748, show_snap_param: rot ang 0 an_zsl 0,   rot_cap 0 ch_id 0  sn_mod 0 hdrn 0 3dnr_n 0
03-27 20:23:32.814   905 28962 I cmr_oem : 15758, show_snap_param: 0 0 0 0 yuv_cb 0, sup 0  nr 0 ee 0 dre 0
03-27 20:23:32.814   905 28962 I cmr_oem : 15766, show_snap_param: req size 0 0, mfsr 0, zoom info 1 1065353216.  1.000000 1.000000 1.000000 1.000000
03-27 20:23:32.814   905 28962 I cmr_oem : 15779, show_snap_param: pix 3264 2448,  crop 0 0 0 0, jpegq 0 0, rot 0, angle 0, flip 0, padding 0,  thm size 0 0
03-27 20:23:32.814   905 28962 I cmr_oem : 15785, show_snap_param: setting 0 0, scale 0, de align actual (0 0), cap_org (0 0)
03-27 20:23:32.814   905 28962 I cmr_oem : 15796, show_snap_param: actual(0 0), snp (0 0), max(0 0), thm(320 240), rect (0 0 0 0)
03-27 20:23:32.814   905 28962 I cmr_oem : 15804, show_snap_param: out 0x0, 0x00000000.  cap raw 0x0, 0x00000000, cap yuv 0x0, 0x00000000
