03-27 20:23:53.472   905 12384 I cmr_sensor: 959, cmr_sns_thread_proc: evt 524548
03-27 20:23:53.472   905 12384 I cmr_sensor: 1379, cmr_sns_ioctl: cmd = 45, arg = 0xdbe58530.
03-27 20:23:53.472   905 12384 I gc08a3_sharkl2: 403, gc08a3_drv_access_val: sensor gc08a3: param_ptr->type=22
03-27 20:23:53.472   905 12441 W Cam3Channel: 934, getStream: channel has no valied stream(type is 7)
03-27 20:23:53.472   905 12450 I FDV3    : [find, 710]: src:640x480 detect:224 face_num=0 0.64 ms
03-27 20:23:53.474   905 12441 I Cam3Setting: 6634, translateLocalToFwMetadata: calib_status_value:0
03-27 20:23:53.474   905 12441 E Cam3Channel: 1588, getMetadata: AE or AF callback error, give default metadata 0xe0411ff0
03-27 20:23:53.475   905 12384 I cmr_sensor: 959, cmr_sns_thread_proc: evt 524548
03-27 20:23:53.475   905 12384 I cmr_sensor: 1379, cmr_sns_ioctl: cmd = 45, arg = 0xdbe58530.
03-27 20:23:53.475   905 12384 I gc08a3_sharkl2: 403, gc08a3_drv_access_val: sensor gc08a3: param_ptr->type=22
03-27 20:23:53.478   905 29043 E Cam3OEMIf: 12560, queueBuffer: mFtEnable 0
03-27 20:23:53.500   905 12421 I sprd_hdr_adapter: L 200, sprd_hdr_adpt_detect: detect current hdr type: 2, detect_in_param: 0xdb33cbe0, detect_out_param: 0xdb33cd40
03-27 20:23:53.500   905 12422 I isp_blk_cmc10: 268, _pm_cmc10_set_param: cmc_result: (2437 14875 95; 16086 1352 16353; 146 15156 2104).
03-27 20:23:53.500   905 12422 E isp_alg_fw: 3931, ispalg_gtm_process: hist_total is 0, gtm no process !!!
03-27 20:23:53.500   905 12437 E awb_adpt: 1469, awb_sprd_ctrl_calculation_v3_2: check handle success
03-27 20:23:53.501   905 12421 E Libae[FAE]: 1926, face_luma_calc: NO FACE
03-27 20:23:53.502   905 12421 W Libae[ABL]: 585,abl_bv_interpolation:tune param num should bigger than 1
03-27 20:23:53.502   905 12421 I cmr_oem : 10954, camera_get_af_support: af_support 0
03-27 20:23:53.522   905 12450 I FDV3    : [find, 710]: src:640x480 detect:224 face_num=0 0.70 ms
03-27 20:23:53.522   905 12384 I cmr_sensor: 959, cmr_sns_thread_proc: evt 524548
03-27 20:23:53.522   905 12384 I cmr_sensor: 1379, cmr_sns_ioctl: cmd = 45, arg = 0xdbe58530.
03-27 20:23:53.522   905 12384 I gc08a3_sharkl2: 403, gc08a3_drv_access_val: sensor gc08a3: param_ptr->type=22
03-27 20:23:53.523   905 12441 W Cam3Channel: 934, getStream: channel has no valied stream(type is 7)
03-27 20:23:53.524   905 12441 I Cam3Setting: 6634, translateLocalToFwMetadata: calib_status_value:0
03-27 20:23:53.525   905 12441 E Cam3Channel: 1588, getMetadata: AE or AF callback error, give default metadata 0xe0411ff0
03-27 20:23:53.526   905 12384 I cmr_sensor: 959, cmr_sns_thread_proc: evt 524548
03-27 20:23:53.526   905 12384 I cmr_sensor: 1379, cmr_sns_ioctl: cmd = 45, arg = 0xdbe58530.
03-27 20:23:53.526   905 12384 I gc08a3_sharkl2: 403, gc08a3_drv_access_val: sensor gc08a3: param_ptr->type=22
03-27 20:23:53.529   905 29043 E Cam3OEMIf: 12560, queueBuffer: mFtEnable 0
03-27 20:23:53.550   905 12437 E awb_adpt: 1469, awb_sprd_ctrl_calculation_v3_2: check handle success
03-27 20:23:53.550   905 12421 I sprd_hdr_adapter: L 200, sprd_hdr_adpt_detect: detect current hdr type: 2, detect_in_param: 0xdb33cbe0, detect_out_param: 0xdb33cd40
03-27 20:23:53.550   905 12422 I isp_blk_cmc10: 268, _pm_cmc10_set_param: cmc_result: (2437 14875 95; 16086 1352 16353; 146 15156 2104).
03-27 20:23:53.551   905 12422 E isp_alg_fw: 3931, ispalg_gtm_process: hist_total is 0, gtm no process !!!
03-27 20:23:53.551   905 12421 E Libae[FAE]: 1926, face_luma_calc: NO FACE
03-27 20:23:53.551   905 12421 W Libae[ABL]: 585,abl_bv_interpolation:tune param num should bigger than 1
03-27 20:23:53.552   905 12421 I cmr_oem : 10954, camera_get_af_support: af_support 0
03-27 20:23:53.572   905 12384 I cmr_sensor: 959, cmr_sns_thread_proc: evt 524548
03-27 20:23:53.572   905 12384 I cmr_sensor: 1379, cmr_sns_ioctl: cmd = 45, arg = 0xdbe58530.
03-27 20:23:53.572   905 12384 I gc08a3_sharkl2: 403, gc08a3_drv_access_val: sensor gc08a3: param_ptr->type=22
03-27 20:23:53.572   905 12441 W Cam3Channel: 934, getStream: channel has no valied stream(type is 7)
03-27 20:23:53.573   905 12450 I FDV3    : [find, 710]: src:640x480 detect:224 face_num=0 0.72 ms
03-27 20:23:53.574   905 12441 I Cam3Setting: 6634, translateLocalToFwMetadata: calib_status_value:0
03-27 20:23:53.574   905 12441 E Cam3Channel: 1588, getMetadata: AE or AF callback error, give default metadata 0xe0411ff0
03-27 20:23:53.575   905 12384 I cmr_sensor: 959, cmr_sns_thread_proc: evt 524548
03-27 20:23:53.575   905 12384 I cmr_sensor: 1379, cmr_sns_ioctl: cmd = 45, arg = 0xdbe58530.
03-27 20:23:53.575   905 12384 I gc08a3_sharkl2: 403, gc08a3_drv_access_val: sensor gc08a3: param_ptr->type=22
03-27 20:23:53.578   905 29043 E Cam3OEMIf: 12560, queueBuffer: mFtEnable 0
03-27 20:23:53.600   905 12437 E awb_adpt: 1469, awb_sprd_ctrl_calculation_v3_2: check handle success
03-27 20:23:53.600   905 12422 I isp_blk_cmc10: 268, _pm_cmc10_set_param: cmc_result: (2437 14875 95; 16086 1352 16353; 146 15156 2104).
03-27 20:23:53.601   905 12421 I sprd_hdr_adapter: L 200, sprd_hdr_adpt_detect: detect current hdr type: 2, detect_in_param: 0xdb33cbe0, detect_out_param: 0xdb33cd40
03-27 20:23:53.601   905 12422 E isp_alg_fw: 3931, ispalg_gtm_process: hist_total is 0, gtm no process !!!
03-27 20:23:53.602   905 12421 E Libae[FAE]: 1926, face_luma_calc: NO FACE
03-27 20:23:53.603   905 12421 W Libae[ABL]: 585,abl_bv_interpolation:tune param num should bigger than 1
03-27 20:23:53.603   905 12421 I cmr_oem : 10954, camera_get_af_support: af_support 0
03-27 20:23:53.622   905 12384 I cmr_sensor: 959, cmr_sns_thread_proc: evt 524548
03-27 20:23:53.622   905 12450 I FDV3    : [find, 710]: src:640x480 detect:224 face_num=0 0.67 ms
03-27 20:23:53.623   905 12384 I cmr_sensor: 1379, cmr_sns_ioctl: cmd = 45, arg = 0xdbe58530.
03-27 20:23:53.623   905 12384 I gc08a3_sharkl2: 403, gc08a3_drv_access_val: sensor gc08a3: param_ptr->type=22
03-27 20:23:53.623   905 12441 W Cam3Channel: 934, getStream: channel has no valied stream(type is 7)
03-27 20:23:53.625   905 12441 I Cam3Setting: 6634, translateLocalToFwMetadata: calib_status_value:0
03-27 20:23:53.625   905 12441 E Cam3Channel: 1588, getMetadata: AE or AF callback error, give default metadata 0xe0411ff0
03-27 20:23:53.626   905 12384 I cmr_sensor: 959, cmr_sns_thread_proc: evt 524548
03-27 20:23:53.626   905 12384 I cmr_sensor: 1379, cmr_sns_ioctl: cmd = 45, arg = 0xdbe58530.
03-27 20:23:53.626   905 12384 I gc08a3_sharkl2: 403, gc08a3_drv_access_val: sensor gc08a3: param_ptr->type=22
03-27 20:23:53.630   905 29043 E Cam3OEMIf: 12560, queueBuffer: mFtEnable 0
03-27 20:23:53.650   905 12437 E awb_adpt: 1469, awb_sprd_ctrl_calculation_v3_2: check handle success
03-27 20:23:53.651   905 12421 I sprd_hdr_adapter: L 200, sprd_hdr_adpt_detect: detect current hdr type: 2, detect_in_param: 0xdb33cbe0, detect_out_param: 0xdb33cd40
03-27 20:23:53.652   905 12422 I isp_blk_cmc10: 268, _pm_cmc10_set_param: cmc_result: (2437 14875 95; 16086 1352 16353; 146 15156 2104).
03-27 20:23:53.652   905 12421 E Libae[FAE]: 1926, face_luma_calc: NO FACE
03-27 20:23:53.652   905 12421 W Libae[ABL]: 585,abl_bv_interpolation:tune param num should bigger than 1
03-27 20:23:53.653   905 12422 E isp_alg_fw: 3931, ispalg_gtm_process: hist_total is 0, gtm no process !!!
03-27 20:23:53.653   905 12421 I cmr_oem : 10954, camera_get_af_support: af_support 0
03-27 20:23:53.672   905 12384 I cmr_sensor: 959, cmr_sns_thread_proc: evt 524548
03-27 20:23:53.673   905 12384 I cmr_sensor: 1379, cmr_sns_ioctl: cmd = 45, arg = 0xdbe58530.
03-27 20:23:53.673   905 12384 I gc08a3_sharkl2: 403, gc08a3_drv_access_val: sensor gc08a3: param_ptr->type=22
03-27 20:23:53.673   905 12441 W Cam3Channel: 934, getStream: channel has no valied stream(type is 7)
03-27 20:23:53.673   905 12450 I FDV3    : [find, 710]: src:640x480 detect:224 face_num=0 1.03 ms
03-27 20:23:53.674   905 12441 I Cam3Setting: 6634, translateLocalToFwMetadata: calib_status_value:0
03-27 20:23:53.675   905 12441 E Cam3Channel: 1588, getMetadata: AE or AF callback error, give default metadata 0xe0411ff0
03-27 20:23:53.676   905 12384 I cmr_sensor: 959, cmr_sns_thread_proc: evt 524548
03-27 20:23:53.676   905 12384 I cmr_sensor: 1379, cmr_sns_ioctl: cmd = 45, arg = 0xdbe58530.
03-27 20:23:53.676   905 12384 I gc08a3_sharkl2: 403, gc08a3_drv_access_val: sensor gc08a3: param_ptr->type=22
03-27 20:23:53.680   905 29043 E Cam3OEMIf: 12560, queueBuffer: mFtEnable 0
03-27 20:23:53.701   905 12421 I sprd_hdr_adapter: L 200, sprd_hdr_adpt_detect: detect current hdr type: 2, detect_in_param: 0xdb33cbe0, detect_out_param: 0xdb33cd40
03-27 20:23:53.701   905 12437 E awb_adpt: 1469, awb_sprd_ctrl_calculation_v3_2: check handle success
03-27 20:23:53.702   905 12422 I isp_blk_cmc10: 268, _pm_cmc10_set_param: cmc_result: (2437 14875 95; 16086 1352 16353; 146 15156 2104).
03-27 20:23:53.702   905 12422 E isp_alg_fw: 3931, ispalg_gtm_process: hist_total is 0, gtm no process !!!
03-27 20:23:53.704   905 12421 E Libae[FAE]: 1926, face_luma_calc: NO FACE
03-27 20:23:53.704   905 12421 W Libae[ABL]: 585,abl_bv_interpolation:tune param num should bigger than 1
03-27 20:23:53.704   905 12421 I cmr_oem : 10954, camera_get_af_support: af_support 0
03-27 20:23:53.723   905 12384 I cmr_sensor: 959, cmr_sns_thread_proc: evt 524548
03-27 20:23:53.723   905 12384 I cmr_sensor: 1379, cmr_sns_ioctl: cmd = 45, arg = 0xdbe58530.
03-27 20:23:53.723   905 12384 I gc08a3_sharkl2: 403, gc08a3_drv_access_val: sensor gc08a3: param_ptr->type=22
03-27 20:23:53.723   905 12441 W Cam3Channel: 934, getStream: channel has no valied stream(type is 7)
03-27 20:23:53.724   905 12450 I FDV3    : [find, 710]: src:640x480 detect:224 face_num=0 1.26 ms
03-27 20:23:53.725   905 12441 I Cam3Setting: 6634, translateLocalToFwMetadata: calib_status_value:0
03-27 20:23:53.725   905 12441 E Cam3Channel: 1588, getMetadata: AE or AF callback error, give default metadata 0xe0411ff0
03-27 20:23:53.726   905 12384 I cmr_sensor: 959, cmr_sns_thread_proc: evt 524548
03-27 20:23:53.726   905 12384 I cmr_sensor: 1379, cmr_sns_ioctl: cmd = 45, arg = 0xdbe58530.
03-27 20:23:53.726   905 12384 I gc08a3_sharkl2: 403, gc08a3_drv_access_val: sensor gc08a3: param_ptr->type=22
03-27 20:23:53.730   905 29043 E Cam3OEMIf: 12560, queueBuffer: mFtEnable 0
03-27 20:23:53.751   905 12437 E awb_adpt: 1469, awb_sprd_ctrl_calculation_v3_2: check handle success
03-27 20:23:53.751   905 12421 I sprd_hdr_adapter: L 200, sprd_hdr_adpt_detect: detect current hdr type: 2, detect_in_param: 0xdb33cbe0, detect_out_param: 0xdb33cd40
03-27 20:23:53.752   905 12422 I isp_blk_cmc10: 268, _pm_cmc10_set_param: cmc_result: (2437 14875 95; 16086 1352 16353; 146 15156 2104).
03-27 20:23:53.752   905 12422 E isp_alg_fw: 3931, ispalg_gtm_process: hist_total is 0, gtm no process !!!
03-27 20:23:53.753   905 12421 E Libae[FAE]: 1926, face_luma_calc: NO FACE
03-27 20:23:53.753   905 12421 W Libae[ABL]: 585,abl_bv_interpolation:tune param num should bigger than 1
03-27 20:23:53.753   905 12421 I cmr_oem : 10954, camera_get_af_support: af_support 0
03-27 20:23:53.773   905 12384 I cmr_sensor: 959, cmr_sns_thread_proc: evt 524548
03-27 20:23:53.773   905 12384 I cmr_sensor: 1379, cmr_sns_ioctl: cmd = 45, arg = 0xdbe58530.
03-27 20:23:53.773   905 12384 I gc08a3_sharkl2: 403, gc08a3_drv_access_val: sensor gc08a3: param_ptr->type=22
03-27 20:23:53.773   905 12441 W Cam3Channel: 934, getStream: channel has no valied stream(type is 7)
03-27 20:23:53.774   905 12450 I FDV3    : [find, 710]: src:640x480 detect:224 face_num=0 1.17 ms
03-27 20:23:53.775   905 12441 I Cam3Setting: 6634, translateLocalToFwMetadata: calib_status_value:0
03-27 20:23:53.776   905 12441 E Cam3Channel: 1588, getMetadata: AE or AF callback error, give default metadata 0xe0411ff0
03-27 20:23:53.777   905 12384 I cmr_sensor: 959, cmr_sns_thread_proc: evt 524548
03-27 20:23:53.777   905 12384 I cmr_sensor: 1379, cmr_sns_ioctl: cmd = 45, arg = 0xdbe58530.
03-27 20:23:53.777   905 12384 I gc08a3_sharkl2: 403, gc08a3_drv_access_val: sensor gc08a3: param_ptr->type=22
03-27 20:23:53.780   905 29043 E Cam3OEMIf: 12560, queueBuffer: mFtEnable 0
03-27 20:23:53.801   905 12437 E awb_adpt: 1469, awb_sprd_ctrl_calculation_v3_2: check handle success
03-27 20:23:53.801   905 12421 I sprd_hdr_adapter: L 200, sprd_hdr_adpt_detect: detect current hdr type: 2, detect_in_param: 0xdb33cbe0, detect_out_param: 0xdb33cd40
03-27 20:23:53.801   905 12422 I isp_blk_cmc10: 268, _pm_cmc10_set_param: cmc_result: (2437 14875 95; 16086 1352 16353; 146 15156 2104).
03-27 20:23:53.801   905 12422 E isp_alg_fw: 3931, ispalg_gtm_process: hist_total is 0, gtm no process !!!
03-27 20:23:53.802   905 12421 E Libae[FAE]: 1926, face_luma_calc: NO FACE
03-27 20:23:53.802   905 12421 W Libae[ABL]: 585,abl_bv_interpolation:tune param num should bigger than 1
03-27 20:23:53.803   905 12421 I cmr_oem : 10954, camera_get_af_support: af_support 0
03-27 20:23:53.823   905 12384 I cmr_sensor: 959, cmr_sns_thread_proc: evt 524548
03-27 20:23:53.823   905 12384 I cmr_sensor: 1379, cmr_sns_ioctl: cmd = 45, arg = 0xdbe58530.
03-27 20:23:53.823   905 12384 I gc08a3_sharkl2: 403, gc08a3_drv_access_val: sensor gc08a3: param_ptr->type=22
03-27 20:23:53.823   905 12441 W Cam3Channel: 934, getStream: channel has no valied stream(type is 7)
03-27 20:23:53.825   905 12450 I FDV3    : [getDetectImage, 298]: isTransform.
03-27 20:23:53.825   905 12441 I Cam3Setting: 6634, translateLocalToFwMetadata: calib_status_value:0
03-27 20:23:53.825   905 12441 E Cam3Channel: 1588, getMetadata: AE or AF callback error, give default metadata 0xe040a490
03-27 20:23:53.826   905 12384 I cmr_sensor: 959, cmr_sns_thread_proc: evt 524548
03-27 20:23:53.826   905 12384 I cmr_sensor: 1379, cmr_sns_ioctl: cmd = 45, arg = 0xdbe58530.
03-27 20:23:53.826   905 12384 I gc08a3_sharkl2: 403, gc08a3_drv_access_val: sensor gc08a3: param_ptr->type=22
03-27 20:23:53.830   905 29043 E Cam3OEMIf: 12560, queueBuffer: mFtEnable 0
03-27 20:23:53.848   905 12450 I FDV3    : [find, 710]: src:640x480 detect:224 face_num=0 25.40 ms
03-27 20:23:53.851   905 12422 I isp_blk_cmc10: 268, _pm_cmc10_set_param: cmc_result: (2437 14875 95; 16086 1352 16353; 146 15156 2104).
03-27 20:23:53.852   905 12422 E isp_alg_fw: 3931, ispalg_gtm_process: hist_total is 0, gtm no process !!!
03-27 20:23:53.852   905 12437 E awb_adpt: 1469, awb_sprd_ctrl_calculation_v3_2: check handle success
03-27 20:23:53.852   905 12421 I sprd_hdr_adapter: L 200, sprd_hdr_adpt_detect: detect current hdr type: 2, detect_in_param: 0xdb33cbe0, detect_out_param: 0xdb33cd40
03-27 20:23:53.853   905 12421 E Libae[FAE]: 1926, face_luma_calc: NO FACE
03-27 20:23:53.854   905 12421 W Libae[ABL]: 585,abl_bv_interpolation:tune param num should bigger than 1
03-27 20:23:53.854   905 12421 I cmr_oem : 10954, camera_get_af_support: af_support 0
03-27 20:23:53.874   905 12384 I cmr_sensor: 959, cmr_sns_thread_proc: evt 524548
03-27 20:23:53.874   905 12384 I cmr_sensor: 1379, cmr_sns_ioctl: cmd = 45, arg = 0xdbe58530.
03-27 20:23:53.874   905 12384 I gc08a3_sharkl2: 403, gc08a3_drv_access_val: sensor gc08a3: param_ptr->type=22
03-27 20:23:53.874   905 12441 W Cam3Channel: 934, getStream: channel has no valied stream(type is 7)
03-27 20:23:53.874   905 12450 I FDV3    : [find, 710]: src:640x480 detect:224 face_num=0 0.67 ms
03-27 20:23:53.876   905 12441 I Cam3Setting: 6634, translateLocalToFwMetadata: calib_status_value:0
03-27 20:23:53.876   905 12441 E Cam3Channel: 1588, getMetadata: AE or AF callback error, give default metadata 0xe0411ff0
03-27 20:23:53.877   905 12384 I cmr_sensor: 959, cmr_sns_thread_proc: evt 524548
03-27 20:23:53.877   905 12384 I cmr_sensor: 1379, cmr_sns_ioctl: cmd = 45, arg = 0xdbe58530.
03-27 20:23:53.877   905 12384 I gc08a3_sharkl2: 403, gc08a3_drv_access_val: sensor gc08a3: param_ptr->type=22
03-27 20:23:53.880   905 29043 E Cam3OEMIf: 12560, queueBuffer: mFtEnable 0
03-27 20:23:53.902   905 12437 E awb_adpt: 1469, awb_sprd_ctrl_calculation_v3_2: check handle success
03-27 20:23:53.902   905 12422 I isp_blk_cmc10: 268, _pm_cmc10_set_param: cmc_result: (2437 14875 95; 16086 1352 16353; 146 15156 2104).
03-27 20:23:53.902   905 12421 I sprd_hdr_adapter: L 200, sprd_hdr_adpt_detect: detect current hdr type: 2, detect_in_param: 0xdb33cbe0, detect_out_param: 0xdb33cd40
03-27 20:23:53.902   905 12422 E isp_alg_fw: 3931, ispalg_gtm_process: hist_total is 0, gtm no process !!!
03-27 20:23:53.904   905 12421 E Libae[FAE]: 1926, face_luma_calc: NO FACE
03-27 20:23:53.904   905 12421 W Libae[ABL]: 585,abl_bv_interpolation:tune param num should bigger than 1
03-27 20:23:53.904   905 12421 I cmr_oem : 10954, camera_get_af_support: af_support 0
03-27 20:23:53.907   942   995 D mali_gralloc: register: id=38e000118ec, handle=0xb400007bafd36450, importpid=11663, gRegisteredHandles=36
03-27 20:23:53.924   905 12384 I cmr_sensor: 959, cmr_sns_thread_proc: evt 524548
03-27 20:23:53.924   905 12384 I cmr_sensor: 1379, cmr_sns_ioctl: cmd = 45, arg = 0xdbe58530.
03-27 20:23:53.924   905 12384 I gc08a3_sharkl2: 403, gc08a3_drv_access_val: sensor gc08a3: param_ptr->type=22
03-27 20:23:53.924   905 12441 W Cam3Channel: 934, getStream: channel has no valied stream(type is 7)
03-27 20:23:53.924   905 12450 I FDV3    : [find, 710]: src:640x480 detect:224 face_num=0 0.73 ms
03-27 20:23:53.926   905 12441 I Cam3Setting: 6634, translateLocalToFwMetadata: calib_status_value:0
03-27 20:23:53.926   905 12441 E Cam3Channel: 1588, getMetadata: AE or AF callback error, give default metadata 0xe0411ff0
03-27 20:23:53.927 30322 30540 E msys    : E[N WA]_WAJMNSStreamImplOnMNSFailure(287)=>[LogLevel:I] WAJMNSStream/impl/callback/onMNSFailure/p=0xb400007dbc109250 (error=MNSTCPSocketReceive(): Received EOF)
03-27 20:23:53.927 30322 30540 E msys    : E[N WA]_WAJMNSStreamImplCreateConnectionReport(194)=>[LogLevel:I] WAJMNSStream/impl/report port=443, connectedIPVersion=4, resolvedIPAddressCount=2, dnsResolutionStartTimeMS=314015752, dnsResolutionEndTimeMS=314015752, dnsCacheHit=Yes, connectStartTimeMS=314015752, connectEndTimeMS=314016928, proxyConnectStartTimeMS=0, proxyConnectEndTimeMS=0
03-27 20:23:53.928   905 12384 I cmr_sensor: 959, cmr_sns_thread_proc: evt 524548
03-27 20:23:53.929   905 12384 I cmr_sensor: 1379, cmr_sns_ioctl: cmd = 45, arg = 0xdbe58530.
03-27 20:23:53.929   905 12384 I gc08a3_sharkl2: 403, gc08a3_drv_access_val: sensor gc08a3: param_ptr->type=22
03-27 20:23:53.929 30322 30510 E msys    : E[N WA]WAJMNSStreamImplDisconnectSync(497)=>[LogLevel:W] WAJMNSStream/impl/disconnect/p=0xb400007dbc109250 (bytesSent=11343)(bytesRecv=20250)
03-27 20:23:53.929 30322 30540 E msys    : E[N WA]_WAJMNSStreamImplUpdateStreamState(230)=>[LogLevel:I] WAJMNSStream/impl/state-changed/p=0xb400007dbc109250 (connected=>disconnected)
03-27 20:23:53.930   911  3225 D mali_gralloc: register: id=38e000118ec, handle=0xb4000071bb4b7cb0, importpid=942, gRegisteredHandles=34
03-27 20:23:53.932   905 29043 E Cam3OEMIf: 12560, queueBuffer: mFtEnable 0
03-27 20:23:53.952   905 12437 E awb_adpt: 1469, awb_sprd_ctrl_calculation_v3_2: check handle success
03-27 20:23:53.952   905 12421 I sprd_hdr_adapter: L 200, sprd_hdr_adpt_detect: detect current hdr type: 2, detect_in_param: 0xdb33cbe0, detect_out_param: 0xdb33cd40
03-27 20:23:53.952   905 12422 I isp_blk_cmc10: 268, _pm_cmc10_set_param: cmc_result: (2437 14875 95; 16086 1352 16353; 146 15156 2104).
03-27 20:23:53.952   905 12422 E isp_alg_fw: 3931, ispalg_gtm_process: hist_total is 0, gtm no process !!!
03-27 20:23:53.954   905 12421 E Libae[FAE]: 1926, face_luma_calc: NO FACE
03-27 20:23:53.954   905 12421 W Libae[ABL]: 585,abl_bv_interpolation:tune param num should bigger than 1
03-27 20:23:53.954   905 12421 I cmr_oem : 10954, camera_get_af_support: af_support 0
03-27 20:23:53.964  1331  3671 D AlarmManagerService: set alarm to kernel: 449037.520000000, type=2
03-27 20:23:53.964  1331  3671 D AlarmManagerService: set alarm to kernel: 448993.966000000, type=3
03-27 20:23:53.967  1331  3660 D AlarmManagerService: set alarm to kernel: 449037.520000000, type=2
03-27 20:23:53.967  1331  3660 D AlarmManagerService: set alarm to kernel: 448993.966000000, type=3
03-27 20:23:53.974   905 12384 I cmr_sensor: 959, cmr_sns_thread_proc: evt 524548
03-27 20:23:53.974   905 12384 I cmr_sensor: 1379, cmr_sns_ioctl: cmd = 45, arg = 0xdbe58530.
03-27 20:23:53.974   905 12384 I gc08a3_sharkl2: 403, gc08a3_drv_access_val: sensor gc08a3: param_ptr->type=22
03-27 20:23:53.974   905 12441 W Cam3Channel: 934, getStream: channel has no valied stream(type is 7)
03-27 20:23:53.974   905 12450 I FDV3    : [find, 710]: src:640x480 detect:224 face_num=0 0.72 ms
03-27 20:23:53.975   942   995 D mali_gralloc: register: id=38e000118eb, handle=0xb400007bafd2ae10, importpid=11663, gRegisteredHandles=37
03-27 20:23:53.975 11663 11663 W WindowOnBackDispatcher: OnBackInvokedCallback is not enabled for the application.
03-27 20:23:53.975 11663 11663 W WindowOnBackDispatcher: Set 'android:enableOnBackInvokedCallback="true"' in the application manifest.
03-27 20:23:53.976 30322 30510 E msys    : E[N WA]_WAJMNSStreamImplMNSTCPStreamCreate(352)=>[LogLevel:I] WAJMNSStream/impl/tcpStreamCreate/MNSStreamRaw/p=0xb400007dbc0f2ed0
03-27 20:23:53.976   905 12441 I Cam3Setting: 6634, translateLocalToFwMetadata: calib_status_value:0
03-27 20:23:53.976 30322 30510 E msys    : E[N WA]WAJMNSStreamImplCreate(412)=>[LogLevel:I] WAJMNSStream/impl/create/p=0xb400007dbc0f2ed0 (mnsConn=0xb400007e4c029ee0)
03-27 20:23:53.976   905 12441 E Cam3Channel: 1588, getMetadata: AE or AF callback error, give default metadata 0xe0411ff0
03-27 20:23:53.976 30322 30510 E msys    : E[N WA]_WAJMNSStreamCreateMnsIpsFromIpAddressStrings(87)=>[LogLevel:I] no ip addresses provided, using DNS resolution
03-27 20:23:53.976 30322 30510 E msys    : E[N WA]WAJMNSStreamImplConnect(441)=>[LogLevel:I] WAJMNSStream/impl/connect/p=0xb400007dbc0f2ed0 (endpoint=g.whatsapp.net:5222)(ipAddressCount=0)
03-27 20:23:53.976 30322 30510 E msys    : E[N WA]_WAJMNSStreamImplUpdateStreamState(230)=>[LogLevel:I] WAJMNSStream/impl/state-changed/p=0xb400007dbc0f2ed0 (initial=>connecting)
03-27 20:23:53.977 30322 30540 E msys    : E[N mns]_OnDiskCacheGetData(980)=>Start post callback cache refresh DNS resolution
03-27 20:23:53.977   905 12384 I cmr_sensor: 959, cmr_sns_thread_proc: evt 524548
03-27 20:23:53.977   905 12384 I cmr_sensor: 1379, cmr_sns_ioctl: cmd = 45, arg = 0xdbe58530.
03-27 20:23:53.977   905 12384 I gc08a3_sharkl2: 403, gc08a3_drv_access_val: sensor gc08a3: param_ptr->type=22
03-27 20:23:53.979   911  3225 D mali_gralloc: register: id=38e000118eb, handle=0xb4000071bb4b6750, importpid=942, gRegisteredHandles=35
03-27 20:23:53.982   905 29043 E Cam3OEMIf: 12560, queueBuffer: mFtEnable 0
03-27 20:23:54.002   905 12437 E awb_adpt: 1469, awb_sprd_ctrl_calculation_v3_2: check handle success
03-27 20:23:54.002   905 12421 I sprd_hdr_adapter: L 200, sprd_hdr_adpt_detect: detect current hdr type: 2, detect_in_param: 0xdb33cbe0, detect_out_param: 0xdb33cd40
03-27 20:23:54.002   905 12422 I isp_blk_cmc10: 268, _pm_cmc10_set_param: cmc_result: (2437 14875 95; 16086 1352 16353; 146 15156 2104).
03-27 20:23:54.002   905 12422 E isp_alg_fw: 3931, ispalg_gtm_process: hist_total is 0, gtm no process !!!
03-27 20:23:54.004   905 12421 E Libae[FAE]: 1926, face_luma_calc: NO FACE
03-27 20:23:54.004   905 12421 W Libae[ABL]: 585,abl_bv_interpolation:tune param num should bigger than 1
03-27 20:23:54.004   905 12421 I cmr_oem : 10954, camera_get_af_support: af_support 0
03-27 20:23:54.024   905 12384 I cmr_sensor: 959, cmr_sns_thread_proc: evt 524548
03-27 20:23:54.024   905 12384 I cmr_sensor: 1379, cmr_sns_ioctl: cmd = 45, arg = 0xdbe58530.
03-27 20:23:54.024   905 12384 I gc08a3_sharkl2: 403, gc08a3_drv_access_val: sensor gc08a3: param_ptr->type=22
03-27 20:23:54.024   905 12441 W Cam3Channel: 934, getStream: channel has no valied stream(type is 7)
03-27 20:23:54.025   905 12450 I FDV3    : [find, 710]: src:640x480 detect:224 face_num=0 0.71 ms
03-27 20:23:54.027   905 12441 I Cam3Setting: 6634, translateLocalToFwMetadata: calib_status_value:0
03-27 20:23:54.027   905 12441 E Cam3Channel: 1588, getMetadata: AE or AF callback error, give default metadata 0xe0411ff0
03-27 20:23:54.028   905 12384 I cmr_sensor: 959, cmr_sns_thread_proc: evt 524548
03-27 20:23:54.028   905 12384 I cmr_sensor: 1379, cmr_sns_ioctl: cmd = 45, arg = 0xdbe58530.
03-27 20:23:54.028   905 12384 I gc08a3_sharkl2: 403, gc08a3_drv_access_val: sensor gc08a3: param_ptr->type=22
03-27 20:23:54.031   905 29043 E Cam3OEMIf: 12560, queueBuffer: mFtEnable 0
03-27 20:23:54.052   905 12437 E awb_adpt: 1469, awb_sprd_ctrl_calculation_v3_2: check handle success
03-27 20:23:54.052   905 12422 I isp_blk_cmc10: 268, _pm_cmc10_set_param: cmc_result: (2437 14875 95; 16086 1352 16353; 146 15156 2104).
03-27 20:23:54.052   905 12421 I sprd_hdr_adapter: L 200, sprd_hdr_adpt_detect: detect current hdr type: 2, detect_in_param: 0xdb33cbe0, detect_out_param: 0xdb33cd40
03-27 20:23:54.052   905 12422 E isp_alg_fw: 3931, ispalg_gtm_process: hist_total is 0, gtm no process !!!
03-27 20:23:54.054   905 12421 E Libae[FAE]: 1926, face_luma_calc: NO FACE
03-27 20:23:54.054   905 12421 W Libae[ABL]: 585,abl_bv_interpolation:tune param num should bigger than 1
03-27 20:23:54.054   905 12421 I cmr_oem : 10954, camera_get_af_support: af_support 0
03-27 20:23:54.074   905 12384 I cmr_sensor: 959, cmr_sns_thread_proc: evt 524548
03-27 20:23:54.074   905 12384 I cmr_sensor: 1379, cmr_sns_ioctl: cmd = 45, arg = 0xdbe58530.
03-27 20:23:54.074   905 12384 I gc08a3_sharkl2: 403, gc08a3_drv_access_val: sensor gc08a3: param_ptr->type=22
03-27 20:23:54.074   905 12441 W Cam3Channel: 934, getStream: channel has no valied stream(type is 7)
03-27 20:23:54.074   905 12450 I FDV3    : [find, 710]: src:640x480 detect:224 face_num=0 0.69 ms
03-27 20:23:54.076   905 12441 I Cam3Setting: 6634, translateLocalToFwMetadata: calib_status_value:0
03-27 20:23:54.076   905 12441 E Cam3Channel: 1588, getMetadata: AE or AF callback error, give default metadata 0xe0411ff0
03-27 20:23:54.078   905 12384 I cmr_sensor: 959, cmr_sns_thread_proc: evt 524548
03-27 20:23:54.078   905 12384 I cmr_sensor: 1379, cmr_sns_ioctl: cmd = 45, arg = 0xdbe58530.
03-27 20:23:54.078   905 12384 I gc08a3_sharkl2: 403, gc08a3_drv_access_val: sensor gc08a3: param_ptr->type=22
03-27 20:23:54.082   905 29043 E Cam3OEMIf: 12560, queueBuffer: mFtEnable 0
03-27 20:23:54.102   905 12437 E awb_adpt: 1469, awb_sprd_ctrl_calculation_v3_2: check handle success
03-27 20:23:54.102   905 12422 I isp_blk_cmc10: 268, _pm_cmc10_set_param: cmc_result: (2437 14875 95; 16086 1352 16353; 146 15156 2104).
03-27 20:23:54.103   905 12422 E isp_alg_fw: 3931, ispalg_gtm_process: hist_total is 0, gtm no process !!!
03-27 20:23:54.103   905 12421 I sprd_hdr_adapter: L 200, sprd_hdr_adpt_detect: detect current hdr type: 2, detect_in_param: 0xdb33cbe0, detect_out_param: 0xdb33cd40
03-27 20:23:54.104   905 12421 E Libae[FAE]: 1926, face_luma_calc: NO FACE
03-27 20:23:54.104   905 12421 W Libae[ABL]: 585,abl_bv_interpolation:tune param num should bigger than 1
03-27 20:23:54.104   905 12421 I cmr_oem : 10954, camera_get_af_support: af_support 0
03-27 20:23:54.124   905 12384 I cmr_sensor: 959, cmr_sns_thread_proc: evt 524548
03-27 20:23:54.124   905 12384 I cmr_sensor: 1379, cmr_sns_ioctl: cmd = 45, arg = 0xdbe58530.
03-27 20:23:54.124   905 12384 I gc08a3_sharkl2: 403, gc08a3_drv_access_val: sensor gc08a3: param_ptr->type=22
03-27 20:23:54.124   905 12441 W Cam3Channel: 934, getStream: channel has no valied stream(type is 7)
03-27 20:23:54.124   905 12450 I FDV3    : [find, 710]: src:640x480 detect:224 face_num=0 0.67 ms
03-27 20:23:54.126   905 12441 I Cam3Setting: 6634, translateLocalToFwMetadata: calib_status_value:0
03-27 20:23:54.127   905 12441 E Cam3Channel: 1588, getMetadata: AE or AF callback error, give default metadata 0xe0411ff0
03-27 20:23:54.128   905 12384 I cmr_sensor: 959, cmr_sns_thread_proc: evt 524548
03-27 20:23:54.128   905 12384 I cmr_sensor: 1379, cmr_sns_ioctl: cmd = 45, arg = 0xdbe58530.
03-27 20:23:54.128   905 12384 I gc08a3_sharkl2: 403, gc08a3_drv_access_val: sensor gc08a3: param_ptr->type=22
03-27 20:23:54.134   905 29043 E Cam3OEMIf: 12560, queueBuffer: mFtEnable 0
03-27 20:23:54.153   905 12437 E awb_adpt: 1469, awb_sprd_ctrl_calculation_v3_2: check handle success
03-27 20:23:54.153   905 12421 I sprd_hdr_adapter: L 200, sprd_hdr_adpt_detect: detect current hdr type: 2, detect_in_param: 0xdb33cbe0, detect_out_param: 0xdb33cd40
03-27 20:23:54.153   905 12422 I isp_blk_cmc10: 268, _pm_cmc10_set_param: cmc_result: (2437 14875 95; 16086 1352 16353; 146 15156 2104).
03-27 20:23:54.153   905 12422 E isp_alg_fw: 3931, ispalg_gtm_process: hist_total is 0, gtm no process !!!
03-27 20:23:54.154   905 12421 E Libae[FAE]: 1926, face_luma_calc: NO FACE
03-27 20:23:54.154   905 12421 W Libae[ABL]: 585,abl_bv_interpolation:tune param num should bigger than 1
03-27 20:23:54.154   905 12421 I cmr_oem : 10954, camera_get_af_support: af_support 0
03-27 20:23:54.175   905 12384 I cmr_sensor: 959, cmr_sns_thread_proc: evt 524548
03-27 20:23:54.175   905 12384 I cmr_sensor: 1379, cmr_sns_ioctl: cmd = 45, arg = 0xdbe58530.
03-27 20:23:54.175   905 12384 I gc08a3_sharkl2: 403, gc08a3_drv_access_val: sensor gc08a3: param_ptr->type=22
03-27 20:23:54.175   905 12450 I FDV3    : [find, 710]: src:640x480 detect:224 face_num=0 1.01 ms
03-27 20:23:54.175   905 12441 W Cam3Channel: 934, getStream: channel has no valied stream(type is 7)
03-27 20:23:54.177   905 12441 I Cam3Setting: 6634, translateLocalToFwMetadata: calib_status_value:0
03-27 20:23:54.177   905 12441 E Cam3Channel: 1588, getMetadata: AE or AF callback error, give default metadata 0xe0411ff0
03-27 20:23:54.178   905 12384 I cmr_sensor: 959, cmr_sns_thread_proc: evt 524548
03-27 20:23:54.178   905 12384 I cmr_sensor: 1379, cmr_sns_ioctl: cmd = 45, arg = 0xdbe58530.
03-27 20:23:54.178   905 12384 I gc08a3_sharkl2: 403, gc08a3_drv_access_val: sensor gc08a3: param_ptr->type=22
03-27 20:23:54.182   905  1312 E Cam3OEMIf: 12560, queueBuffer: mFtEnable 0
03-27 20:23:54.203   905 12437 E awb_adpt: 1469, awb_sprd_ctrl_calculation_v3_2: check handle success
03-27 20:23:54.203   905 12421 I sprd_hdr_adapter: L 200, sprd_hdr_adpt_detect: detect current hdr type: 2, detect_in_param: 0xdb33cbe0, detect_out_param: 0xdb33cd40
03-27 20:23:54.203   905 12422 I isp_blk_cmc10: 268, _pm_cmc10_set_param: cmc_result: (2437 14875 95; 16086 1352 16353; 146 15156 2104).
03-27 20:23:54.203   905 12422 E isp_alg_fw: 3931, ispalg_gtm_process: hist_total is 0, gtm no process !!!
03-27 20:23:54.204   905 12421 E Libae[FAE]: 1926, face_luma_calc: NO FACE
03-27 20:23:54.204   905 12421 W Libae[ABL]: 585,abl_bv_interpolation:tune param num should bigger than 1
03-27 20:23:54.204   905 12421 I cmr_oem : 10954, camera_get_af_support: af_support 0
03-27 20:23:54.225   905 12384 I cmr_sensor: 959, cmr_sns_thread_proc: evt 524548
03-27 20:23:54.225   905 12384 I cmr_sensor: 1379, cmr_sns_ioctl: cmd = 45, arg = 0xdbe58530.
03-27 20:23:54.225   905 12384 I gc08a3_sharkl2: 403, gc08a3_drv_access_val: sensor gc08a3: param_ptr->type=22
03-27 20:23:54.225   905 12441 W Cam3Channel: 934, getStream: channel has no valied stream(type is 7)
03-27 20:23:54.226   905 12450 I FDV3    : [find, 710]: src:640x480 detect:224 face_num=0 1.37 ms
03-27 20:23:54.228   905 12441 I Cam3Setting: 6634, translateLocalToFwMetadata: calib_status_value:0
03-27 20:23:54.228   905 12441 E Cam3Channel: 1588, getMetadata: AE or AF callback error, give default metadata 0xe0411ff0
03-27 20:23:54.229   905 12384 I cmr_sensor: 959, cmr_sns_thread_proc: evt 524548
03-27 20:23:54.230   905 12384 I cmr_sensor: 1379, cmr_sns_ioctl: cmd = 45, arg = 0xdbe58530.
03-27 20:23:54.230   905 12384 I gc08a3_sharkl2: 403, gc08a3_drv_access_val: sensor gc08a3: param_ptr->type=22
03-27 20:23:54.234   905 29043 E Cam3OEMIf: 12560, queueBuffer: mFtEnable 0
03-27 20:23:54.253   905 12437 E awb_adpt: 1469, awb_sprd_ctrl_calculation_v3_2: check handle success
03-27 20:23:54.253   905 12421 I sprd_hdr_adapter: L 200, sprd_hdr_adpt_detect: detect current hdr type: 2, detect_in_param: 0xdb33cbe0, detect_out_param: 0xdb33cd40
03-27 20:23:54.253   905 12422 I isp_blk_cmc10: 268, _pm_cmc10_set_param: cmc_result: (2437 14875 95; 16086 1352 16353; 146 15156 2104).
03-27 20:23:54.253   905 12422 E isp_alg_fw: 3931, ispalg_gtm_process: hist_total is 0, gtm no process !!!
03-27 20:23:54.254   905 12421 E Libae[FAE]: 1926, face_luma_calc: NO FACE
03-27 20:23:54.254   905 12421 W Libae[ABL]: 585,abl_bv_interpolation:tune param num should bigger than 1
03-27 20:23:54.255   905 12421 I cmr_oem : 10954, camera_get_af_support: af_support 0
03-27 20:23:54.275   905 12384 I cmr_sensor: 959, cmr_sns_thread_proc: evt 524548
03-27 20:23:54.275   905 12384 I cmr_sensor: 1379, cmr_sns_ioctl: cmd = 45, arg = 0xdbe58530.
03-27 20:23:54.275   905 12384 I gc08a3_sharkl2: 403, gc08a3_drv_access_val: sensor gc08a3: param_ptr->type=22
03-27 20:23:54.275   905 12441 W Cam3Channel: 934, getStream: channel has no valied stream(type is 7)
03-27 20:23:54.277   905 12450 I FDV3    : [getDetectImage, 298]: isTransform.
03-27 20:23:54.277   905 12441 I Cam3Setting: 6634, translateLocalToFwMetadata: calib_status_value:0
03-27 20:23:54.277   905 12441 E Cam3Channel: 1588, getMetadata: AE or AF callback error, give default metadata 0xe04014a0
03-27 20:23:54.280   905 12384 I cmr_sensor: 959, cmr_sns_thread_proc: evt 524548
03-27 20:23:54.280   905 12384 I cmr_sensor: 1379, cmr_sns_ioctl: cmd = 45, arg = 0xdbe58530.
03-27 20:23:54.280   905 12384 I gc08a3_sharkl2: 403, gc08a3_drv_access_val: sensor gc08a3: param_ptr->type=22
03-27 20:23:54.284   905 29043 E Cam3OEMIf: 12560, queueBuffer: mFtEnable 0
03-27 20:23:54.303   905 12437 E awb_adpt: 1469, awb_sprd_ctrl_calculation_v3_2: check handle success
03-27 20:23:54.303   905 12421 I sprd_hdr_adapter: L 200, sprd_hdr_adpt_detect: detect current hdr type: 2, detect_in_param: 0xdb33cbe0, detect_out_param: 0xdb33cd40
03-27 20:23:54.303   905 12422 I isp_blk_cmc10: 268, _pm_cmc10_set_param: cmc_result: (2437 14875 95; 16086 1352 16353; 146 15156 2104).
03-27 20:23:54.304   905 12422 E isp_alg_fw: 3931, ispalg_gtm_process: hist_total is 0, gtm no process !!!
03-27 20:23:54.304   905 12450 I FDV3    : [find, 710]: src:640x480 detect:224 face_num=0 29.80 ms
03-27 20:23:54.305   905 12421 E Libae[FAE]: 1926, face_luma_calc: NO FACE
03-27 20:23:54.305   905 12421 W Libae[ABL]: 585,abl_bv_interpolation:tune param num should bigger than 1
03-27 20:23:54.305   905 12421 I cmr_oem : 10954, camera_get_af_support: af_support 0
03-27 20:23:54.325   905 12384 I cmr_sensor: 959, cmr_sns_thread_proc: evt 524548
03-27 20:23:54.325   905 12384 I cmr_sensor: 1379, cmr_sns_ioctl: cmd = 45, arg = 0xdbe58530.
03-27 20:23:54.325   905 12384 I gc08a3_sharkl2: 403, gc08a3_drv_access_val: sensor gc08a3: param_ptr->type=22
03-27 20:23:54.325   905 12441 W Cam3Channel: 934, getStream: channel has no valied stream(type is 7)
03-27 20:23:54.325   905 12450 I FDV3    : [find, 710]: src:640x480 detect:224 face_num=0 0.69 ms
03-27 20:23:54.327   905 12441 I Cam3Setting: 6634, translateLocalToFwMetadata: calib_status_value:0
03-27 20:23:54.327   905 12441 E Cam3Channel: 1588, getMetadata: AE or AF callback error, give default metadata 0xe0411ff0
03-27 20:23:54.328   905 12384 I cmr_sensor: 959, cmr_sns_thread_proc: evt 524548
03-27 20:23:54.328   905 12384 I cmr_sensor: 1379, cmr_sns_ioctl: cmd = 45, arg = 0xdbe58530.
03-27 20:23:54.328   905 12384 I gc08a3_sharkl2: 403, gc08a3_drv_access_val: sensor gc08a3: param_ptr->type=22
03-27 20:23:54.331   905 29043 E Cam3OEMIf: 12560, queueBuffer: mFtEnable 0
03-27 20:23:54.353   905 12421 I sprd_hdr_adapter: L 200, sprd_hdr_adpt_detect: detect current hdr type: 2, detect_in_param: 0xdb33cbe0, detect_out_param: 0xdb33cd40
03-27 20:23:54.353   905 12422 I isp_blk_cmc10: 268, _pm_cmc10_set_param: cmc_result: (2437 14875 95; 16086 1352 16353; 146 15156 2104).
03-27 20:23:54.353   905 12437 E awb_adpt: 1469, awb_sprd_ctrl_calculation_v3_2: check handle success
03-27 20:23:54.354   905 12422 E isp_alg_fw: 3931, ispalg_gtm_process: hist_total is 0, gtm no process !!!
03-27 20:23:54.355   905 12421 E Libae[FAE]: 1926, face_luma_calc: NO FACE
03-27 20:23:54.355   905 12421 W Libae[ABL]: 585,abl_bv_interpolation:tune param num should bigger than 1
03-27 20:23:54.355   905 12421 I cmr_oem : 10954, camera_get_af_support: af_support 0
03-27 20:23:54.375   905 12384 I cmr_sensor: 959, cmr_sns_thread_proc: evt 524548
03-27 20:23:54.375   905 12384 I cmr_sensor: 1379, cmr_sns_ioctl: cmd = 45, arg = 0xdbe58530.
03-27 20:23:54.375   905 12384 I gc08a3_sharkl2: 403, gc08a3_drv_access_val: sensor gc08a3: param_ptr->type=22
03-27 20:23:54.375   905 12441 W Cam3Channel: 934, getStream: channel has no valied stream(type is 7)
03-27 20:23:54.376   905 12450 I FDV3    : [find, 710]: src:640x480 detect:224 face_num=0 0.81 ms
03-27 20:23:54.377   905 12441 I Cam3Setting: 6634, translateLocalToFwMetadata: calib_status_value:0
03-27 20:23:54.378   905 12441 E Cam3Channel: 1588, getMetadata: AE or AF callback error, give default metadata 0xe0411ff0
03-27 20:23:54.379   905 12384 I cmr_sensor: 959, cmr_sns_thread_proc: evt 524548
03-27 20:23:54.379   905 12384 I cmr_sensor: 1379, cmr_sns_ioctl: cmd = 45, arg = 0xdbe58530.
03-27 20:23:54.379   905 12384 I gc08a3_sharkl2: 403, gc08a3_drv_access_val: sensor gc08a3: param_ptr->type=22
03-27 20:23:54.382   905 29043 E Cam3OEMIf: 12560, queueBuffer: mFtEnable 0
03-27 20:23:54.404   905 12422 I isp_blk_cmc10: 268, _pm_cmc10_set_param: cmc_result: (2437 14875 95; 16086 1352 16353; 146 15156 2104).
03-27 20:23:54.404   905 12437 E awb_adpt: 1469, awb_sprd_ctrl_calculation_v3_2: check handle success
03-27 20:23:54.404   905 12422 E isp_alg_fw: 3931, ispalg_gtm_process: hist_total is 0, gtm no process !!!
03-27 20:23:54.404   905 12421 I sprd_hdr_adapter: L 200, sprd_hdr_adpt_detect: detect current hdr type: 2, detect_in_param: 0xdb33cbe0, detect_out_param: 0xdb33cd40
03-27 20:23:54.406   905 12421 E Libae[FAE]: 1926, face_luma_calc: NO FACE
03-27 20:23:54.406   905 12421 W Libae[ABL]: 585,abl_bv_interpolation:tune param num should bigger than 1
03-27 20:23:54.406   905 12421 I cmr_oem : 10954, camera_get_af_support: af_support 0
03-27 20:23:54.425   905 12384 I cmr_sensor: 959, cmr_sns_thread_proc: evt 524548
03-27 20:23:54.425   905 12384 I cmr_sensor: 1379, cmr_sns_ioctl: cmd = 45, arg = 0xdbe58530.
03-27 20:23:54.425   905 12384 I gc08a3_sharkl2: 403, gc08a3_drv_access_val: sensor gc08a3: param_ptr->type=22
03-27 20:23:54.425   905 12441 W Cam3Channel: 934, getStream: channel has no valied stream(type is 7)
03-27 20:23:54.426   905 12450 I FDV3    : [find, 710]: src:640x480 detect:224 face_num=0 0.83 ms
03-27 20:23:54.427   905 12441 I Cam3Setting: 6634, translateLocalToFwMetadata: calib_status_value:0
03-27 20:23:54.428   905 12441 E Cam3Channel: 1588, getMetadata: AE or AF callback error, give default metadata 0xe0411ff0
03-27 20:23:54.429   905 12384 I cmr_sensor: 959, cmr_sns_thread_proc: evt 524548
03-27 20:23:54.429   905 12384 I cmr_sensor: 1379, cmr_sns_ioctl: cmd = 45, arg = 0xdbe58530.
03-27 20:23:54.429   905 12384 I gc08a3_sharkl2: 403, gc08a3_drv_access_val: sensor gc08a3: param_ptr->type=22
03-27 20:23:54.433   905 29043 E Cam3OEMIf: 12560, queueBuffer: mFtEnable 0
03-27 20:23:54.454   905 12421 I sprd_hdr_adapter: L 200, sprd_hdr_adpt_detect: detect current hdr type: 2, detect_in_param: 0xdb33cbe0, detect_out_param: 0xdb33cd40
03-27 20:23:54.454   905 12422 I isp_blk_cmc10: 268, _pm_cmc10_set_param: cmc_result: (2437 14875 95; 16086 1352 16353; 146 15156 2104).
03-27 20:23:54.454   905 12422 E isp_alg_fw: 3931, ispalg_gtm_process: hist_total is 0, gtm no process !!!
03-27 20:23:54.454   905 12437 E awb_adpt: 1469, awb_sprd_ctrl_calculation_v3_2: check handle success
03-27 20:23:54.455   905 12421 E Libae[FAE]: 1926, face_luma_calc: NO FACE
03-27 20:23:54.455   905 12421 W Libae[ABL]: 585,abl_bv_interpolation:tune param num should bigger than 1
03-27 20:23:54.456   905 12421 I cmr_oem : 10954, camera_get_af_support: af_support 0
03-27 20:23:54.476   905 12384 I cmr_sensor: 959, cmr_sns_thread_proc: evt 524548
03-27 20:23:54.476   905 12384 I cmr_sensor: 1379, cmr_sns_ioctl: cmd = 45, arg = 0xdbe58530.
03-27 20:23:54.476   905 12384 I gc08a3_sharkl2: 403, gc08a3_drv_access_val: sensor gc08a3: param_ptr->type=22
03-27 20:23:54.476   905 12441 W Cam3Channel: 934, getStream: channel has no valied stream(type is 7)
03-27 20:23:54.477   905 12450 I FDV3    : [find, 710]: src:640x480 detect:224 face_num=0 0.93 ms
03-27 20:23:54.478   905 12441 I Cam3Setting: 6634, translateLocalToFwMetadata: calib_status_value:0
03-27 20:23:54.478   905 12441 E Cam3Channel: 1588, getMetadata: AE or AF callback error, give default metadata 0xe0411ff0
03-27 20:23:54.479   905 12384 I cmr_sensor: 959, cmr_sns_thread_proc: evt 524548
03-27 20:23:54.479   905 12384 I cmr_sensor: 1379, cmr_sns_ioctl: cmd = 45, arg = 0xdbe58530.
03-27 20:23:54.479   905 12384 I gc08a3_sharkl2: 403, gc08a3_drv_access_val: sensor gc08a3: param_ptr->type=22
03-27 20:23:54.484   905 29043 E Cam3OEMIf: 12560, queueBuffer: mFtEnable 0
03-27 20:23:54.504   905 12421 I sprd_hdr_adapter: L 200, sprd_hdr_adpt_detect: detect current hdr type: 2, detect_in_param: 0xdb33cbe0, detect_out_param: 0xdb33cd40
03-27 20:23:54.504   905 12422 I isp_blk_cmc10: 268, _pm_cmc10_set_param: cmc_result: (2437 14875 95; 16086 1352 16353; 146 15156 2104).
03-27 20:23:54.504   905 12422 E isp_alg_fw: 3931, ispalg_gtm_process: hist_total is 0, gtm no process !!!
03-27 20:23:54.504   905 12437 E awb_adpt: 1469, awb_sprd_ctrl_calculation_v3_2: check handle success
03-27 20:23:54.505   905 12421 E Libae[FAE]: 1926, face_luma_calc: NO FACE
03-27 20:23:54.505   905 12421 W Libae[ABL]: 585,abl_bv_interpolation:tune param num should bigger than 1
03-27 20:23:54.505   905 12421 I cmr_oem : 10954, camera_get_af_support: af_support 0
03-27 20:23:54.526   905 12384 I cmr_sensor: 959, cmr_sns_thread_proc: evt 524548
03-27 20:23:54.526   905 12384 I cmr_sensor: 1379, cmr_sns_ioctl: cmd = 45, arg = 0xdbe58530.
03-27 20:23:54.526   905 12384 I gc08a3_sharkl2: 403, gc08a3_drv_access_val: sensor gc08a3: param_ptr->type=22
03-27 20:23:54.526   905 12441 W Cam3Channel: 934, getStream: channel has no valied stream(type is 7)
03-27 20:23:54.527   905 12450 I FDV3    : [find, 710]: src:640x480 detect:224 face_num=0 1.37 ms
03-27 20:23:54.528   905 12441 I Cam3Setting: 6634, translateLocalToFwMetadata: calib_status_value:0
03-27 20:23:54.528   905 12441 E Cam3Channel: 1588, getMetadata: AE or AF callback error, give default metadata 0xe0400010
03-27 20:23:54.530   905 12384 I cmr_sensor: 959, cmr_sns_thread_proc: evt 524548
03-27 20:23:54.530   905 12384 I cmr_sensor: 1379, cmr_sns_ioctl: cmd = 45, arg = 0xdbe58530.
03-27 20:23:54.530   905 12384 I gc08a3_sharkl2: 403, gc08a3_drv_access_val: sensor gc08a3: param_ptr->type=22
03-27 20:23:54.534   905 29043 E Cam3OEMIf: 12560, queueBuffer: mFtEnable 0
03-27 20:23:54.554   905 12421 I sprd_hdr_adapter: L 200, sprd_hdr_adpt_detect: detect current hdr type: 2, detect_in_param: 0xdb33cbe0, detect_out_param: 0xdb33cd40
03-27 20:23:54.554   905 12422 I isp_blk_cmc10: 268, _pm_cmc10_set_param: cmc_result: (2437 14875 95; 16086 1352 16353; 146 15156 2104).
03-27 20:23:54.554   905 12422 E isp_alg_fw: 3931, ispalg_gtm_process: hist_total is 0, gtm no process !!!
03-27 20:23:54.555   905 12437 E awb_adpt: 1469, awb_sprd_ctrl_calculation_v3_2: check handle success
03-27 20:23:54.555   905 12421 E Libae[FAE]: 1926, face_luma_calc: NO FACE
03-27 20:23:54.555   905 12421 W Libae[ABL]: 585,abl_bv_interpolation:tune param num should bigger than 1
03-27 20:23:54.556   905 12421 I cmr_oem : 10954, camera_get_af_support: af_support 0
03-27 20:23:54.576   905 12384 I cmr_sensor: 959, cmr_sns_thread_proc: evt 524548
03-27 20:23:54.576   905 12384 I cmr_sensor: 1379, cmr_sns_ioctl: cmd = 45, arg = 0xdbe58530.
03-27 20:23:54.576   905 12384 I gc08a3_sharkl2: 403, gc08a3_drv_access_val: sensor gc08a3: param_ptr->type=22
03-27 20:23:54.577   905 12441 W Cam3Channel: 934, getStream: channel has no valied stream(type is 7)
03-27 20:23:54.577   905 12450 I FDV3    : [find, 710]: src:640x480 detect:224 face_num=0 1.02 ms
03-27 20:23:54.579   905 12441 I Cam3Setting: 6634, translateLocalToFwMetadata: calib_status_value:0
03-27 20:23:54.579   905 12441 E Cam3Channel: 1588, getMetadata: AE or AF callback error, give default metadata 0xe0400010
03-27 20:23:54.580   905 12384 I cmr_sensor: 959, cmr_sns_thread_proc: evt 524548
03-27 20:23:54.580   905 12384 I cmr_sensor: 1379, cmr_sns_ioctl: cmd = 45, arg = 0xdbe58530.
03-27 20:23:54.580   905 12384 I gc08a3_sharkl2: 403, gc08a3_drv_access_val: sensor gc08a3: param_ptr->type=22
03-27 20:23:54.584   905 29043 E Cam3OEMIf: 12560, queueBuffer: mFtEnable 0
03-27 20:23:54.604   905 12437 E awb_adpt: 1469, awb_sprd_ctrl_calculation_v3_2: check handle success
03-27 20:23:54.604   905 12421 I sprd_hdr_adapter: L 200, sprd_hdr_adpt_detect: detect current hdr type: 2, detect_in_param: 0xdb33cbe0, detect_out_param: 0xdb33cd40
03-27 20:23:54.604   905 12422 I isp_blk_cmc10: 268, _pm_cmc10_set_param: cmc_result: (2437 14875 95; 16086 1352 16353; 146 15156 2104).
03-27 20:23:54.605   905 12422 E isp_alg_fw: 3931, ispalg_gtm_process: hist_total is 0, gtm no process !!!
03-27 20:23:54.605   905 12421 E Libae[FAE]: 1926, face_luma_calc: NO FACE
03-27 20:23:54.605   905 12421 W Libae[ABL]: 585,abl_bv_interpolation:tune param num should bigger than 1
03-27 20:23:54.606   905 12421 I cmr_oem : 10954, camera_get_af_support: af_support 0
03-27 20:23:54.626   905 12384 I cmr_sensor: 959, cmr_sns_thread_proc: evt 524548
03-27 20:23:54.626   905 12384 I cmr_sensor: 1379, cmr_sns_ioctl: cmd = 45, arg = 0xdbe58530.
03-27 20:23:54.626   905 12384 I gc08a3_sharkl2: 403, gc08a3_drv_access_val: sensor gc08a3: param_ptr->type=22
03-27 20:23:54.626   905 12441 W Cam3Channel: 934, getStream: channel has no valied stream(type is 7)
03-27 20:23:54.627   905 12450 I FDV3    : [find, 710]: src:640x480 detect:224 face_num=0 1.19 ms
03-27 20:23:54.629   905 12441 I Cam3Setting: 6634, translateLocalToFwMetadata: calib_status_value:0
03-27 20:23:54.630   905 12441 E Cam3Channel: 1588, getMetadata: AE or AF callback error, give default metadata 0xe0400010
03-27 20:23:54.631   905 12384 I cmr_sensor: 959, cmr_sns_thread_proc: evt 524548
03-27 20:23:54.631   905 12384 I cmr_sensor: 1379, cmr_sns_ioctl: cmd = 45, arg = 0xdbe58530.
03-27 20:23:54.631   905 12384 I gc08a3_sharkl2: 403, gc08a3_drv_access_val: sensor gc08a3: param_ptr->type=22
03-27 20:23:54.635   905 29043 E Cam3OEMIf: 12560, queueBuffer: mFtEnable 0
03-27 20:23:54.655   905 12437 E awb_adpt: 1469, awb_sprd_ctrl_calculation_v3_2: check handle success
03-27 20:23:54.655   905 12421 I sprd_hdr_adapter: L 200, sprd_hdr_adpt_detect: detect current hdr type: 2, detect_in_param: 0xdb33cbe0, detect_out_param: 0xdb33cd40
03-27 20:23:54.655   905 12422 I isp_blk_cmc10: 268, _pm_cmc10_set_param: cmc_result: (2437 14875 95; 16086 1352 16353; 146 15156 2104).
03-27 20:23:54.655   905 12422 E isp_alg_fw: 3931, ispalg_gtm_process: hist_total is 0, gtm no process !!!
03-27 20:23:54.656   905 12421 E Libae[FAE]: 1926, face_luma_calc: NO FACE
03-27 20:23:54.656   905 12421 W Libae[ABL]: 585,abl_bv_interpolation:tune param num should bigger than 1
03-27 20:23:54.656   905 12421 I cmr_oem : 10954, camera_get_af_support: af_support 0
03-27 20:23:54.676   905 12384 I cmr_sensor: 959, cmr_sns_thread_proc: evt 524548
03-27 20:23:54.676   905 12384 I cmr_sensor: 1379, cmr_sns_ioctl: cmd = 45, arg = 0xdbe58530.
03-27 20:23:54.676   905 12384 I gc08a3_sharkl2: 403, gc08a3_drv_access_val: sensor gc08a3: param_ptr->type=22
03-27 20:23:54.676   905 12441 W Cam3Channel: 934, getStream: channel has no valied stream(type is 7)
03-27 20:23:54.677   905 12450 I FDV3    : [find, 710]: src:640x480 detect:224 face_num=0 1.10 ms
03-27 20:23:54.678   905 12441 I Cam3Setting: 6634, translateLocalToFwMetadata: calib_status_value:0
03-27 20:23:54.678   905 12441 E Cam3Channel: 1588, getMetadata: AE or AF callback error, give default metadata 0xe04014a0
03-27 20:23:54.679   905 12384 I cmr_sensor: 959, cmr_sns_thread_proc: evt 524548
03-27 20:23:54.679   905 12384 I cmr_sensor: 1379, cmr_sns_ioctl: cmd = 45, arg = 0xdbe58530.
03-27 20:23:54.679   905 12384 I gc08a3_sharkl2: 403, gc08a3_drv_access_val: sensor gc08a3: param_ptr->type=22
03-27 20:23:54.683   905 29043 E Cam3OEMIf: 12560, queueBuffer: mFtEnable 0
03-27 20:23:54.705   905 12421 I sprd_hdr_adapter: L 200, sprd_hdr_adpt_detect: detect current hdr type: 2, detect_in_param: 0xdb33cbe0, detect_out_param: 0xdb33cd40
03-27 20:23:54.705   905 12437 E awb_adpt: 1469, awb_sprd_ctrl_calculation_v3_2: check handle success
03-27 20:23:54.705   905 12422 I isp_blk_cmc10: 268, _pm_cmc10_set_param: cmc_result: (2437 14875 95; 16086 1352 16353; 146 15156 2104).
03-27 20:23:54.706   905 12422 E isp_alg_fw: 3931, ispalg_gtm_process: hist_total is 0, gtm no process !!!
03-27 20:23:54.707   905 12421 E Libae[FAE]: 1926, face_luma_calc: NO FACE
03-27 20:23:54.707   905 12421 W Libae[ABL]: 585,abl_bv_interpolation:tune param num should bigger than 1
03-27 20:23:54.707   905 12421 I cmr_oem : 10954, camera_get_af_support: af_support 0
03-27 20:23:54.727   905 12384 I cmr_sensor: 959, cmr_sns_thread_proc: evt 524548
03-27 20:23:54.727   905 12384 I cmr_sensor: 1379, cmr_sns_ioctl: cmd = 45, arg = 0xdbe58530.
03-27 20:23:54.727   905 12384 I gc08a3_sharkl2: 403, gc08a3_drv_access_val: sensor gc08a3: param_ptr->type=22
