03-27 20:23:32.123   942   942 W Layer   : Hide layer Input Consumer recents_animation_input_consumer#15340 because zOrderRelativeOf = ActivityRecord{3768a16 u0 com.google.android.gm/.ConversationListActivityGmail#27062 is hide.
03-27 20:23:32.123   942   942 W Layer   : Hide layer Input Consumer recents_animation_input_consumer#15340 because zOrderRelativeOf = ActivityRecord{3768a16 u0 com.google.android.gm/.ConversationListActivityGmail#27062 is hide.
03-27 20:23:32.124 24402 24415 D KeyguardViewMediator: setOccluded(false)
03-27 20:23:32.124 24402 24415 D KeyguardService: setOccluded(false)
03-27 20:23:32.124  1331  1429 D InputDispatcher: setInputWindows displayId=0 cf1652a NavigationBar0 5465496 StatusBar 824206e com.smartfit.app.test/androidx.test.core.app.InstrumentationActivityInvoker$EmptyActivity a367e1c ActivityRecordInputSink com.smartfit.app.test/androidx.test.core.app.InstrumentationActivityInvoker$EmptyActivity 7225125 com.smartfit.app/com.smartfit.app.MainActivity 1f5e67e ActivityRecordInputSink com.smartfit.app/.MainActivity Background for SurfaceView[com.whatsapp/com.whatsapp.calling.ui.VoipActivityV2]#28507 d8c563e com.whatsapp/com.whatsapp.calling.ui.VoipActivityV2 25b3f4 ActivityRecordInputSink com.whatsapp/.calling.ui.VoipActivityV2 3cac54b ActivityRecordInputSink com.whatsapp/.Conversation cfc9a62 ActivityRecordInputSink com.whatsapp/.home.ui.HomeActivity 75522f8 ActivityRecordInputSink com.android.chrome/org.chromium.chrome.browser.ChromeTabbedActivity recents_animation_input_consumer 8e45331 ActivityRecordInputSink com.google.android.gm/.ui.MailActivityGmail Dim layer#11752 Dim layer#11751 b6305f1 ActivityRecordInputSink
03-27 20:23:32.124 24402 24415 D KeyguardViewMediator: setOccluded(false)
03-27 20:23:32.125   905  1312 I Cam3OEMIf: 8608, openCamera: :hal3: X
03-27 20:23:32.125 31983 32360 I APM_AudioPolicyManager: setStreamVolumeIndex: stream AUDIO_STREAM_TTS attributes={ Content type: AUDIO_CONTENT_TYPE_UNKNOWN Usage: AUDIO_USAGE_UNKNOWN Source: AUDIO_SOURCE_INVALID Flags: 0x8 Tags:  }
03-27 20:23:32.125   905  1312 I Cam3HWI : 443, openCamera: :hal3: X
03-27 20:23:32.125   905  1312 I cmr_oem : 10966, camera_set_ultra_wide_mode: is_ultra_wide 0
03-27 20:23:32.125 12011 12025 D mali_gralloc: unregister: id=38e000117f6, handle=0xb400007e6bf86c70, base=0x0, importpid=12011, count:0
03-27 20:23:32.127 12011 12025 D mali_gralloc: unregister: id=38e000117f5, handle=0xb400007e6bf87450, base=0x0, importpid=12011, count:0
03-27 20:23:32.129 31983 32360 I APM_AudioPolicyManager: setStreamVolumeIndex: stream AUDIO_STREAM_TTS attributes={ Content type: AUDIO_CONTENT_TYPE_UNKNOWN Usage: AUDIO_USAGE_UNKNOWN Source: AUDIO_SOURCE_INVALID Flags: 0x8 Tags:  }
03-27 20:23:32.129   905  1312 I Cam3HWI : 549, initialize: :hal3: E camId=1
03-27 20:23:32.129   905  1312 I Cam3HWI : 562, initialize: :hal3: X
03-27 20:23:32.130 12011 12025 D mali_gralloc: unregister: id=38e000117f4, handle=0xb400007e6bf88530, base=0x0, importpid=12011, count:0
03-27 20:23:32.130 31983 32360 I APM_AudioPolicyManager: setStreamVolumeIndex: stream AUDIO_STREAM_TTS attributes={ Content type: AUDIO_CONTENT_TYPE_UNKNOWN Usage: AUDIO_USAGE_UNKNOWN Source: AUDIO_SOURCE_INVALID Flags: 0x8 Tags:  }
03-27 20:23:32.131 31983 32360 I APM_AudioPolicyManager: setStreamVolumeIndex: stream AUDIO_STREAM_TTS attributes={ Content type: AUDIO_CONTENT_TYPE_UNKNOWN Usage: AUDIO_USAGE_UNKNOWN Source: AUDIO_SOURCE_INVALID Flags: 0x8 Tags:  }
03-27 20:23:32.134   942   942 W Layer   : Hide layer Input Consumer recents_animation_input_consumer#15340 because zOrderRelativeOf = ActivityRecord{3768a16 u0 com.google.android.gm/.ConversationListActivityGmail#27062 is hide.
03-27 20:23:32.134   942   942 W Layer   : Hide layer Input Consumer recents_animation_input_consumer#15340 because zOrderRelativeOf = ActivityRecord{3768a16 u0 com.google.android.gm/.ConversationListActivityGmail#27062 is hide.
03-27 20:23:32.135 31983 21795 I APM_AudioPolicyManager: setStreamVolumeIndex: stream AUDIO_STREAM_TTS attributes={ Content type: AUDIO_CONTENT_TYPE_UNKNOWN Usage: AUDIO_USAGE_UNKNOWN Source: AUDIO_SOURCE_INVALID Flags: 0x8 Tags:  }
03-27 20:23:32.136  1331  1429 D InputDispatcher: setInputWindows displayId=0 cf1652a NavigationBar0 5465496 StatusBar 824206e com.smartfit.app.test/androidx.test.core.app.InstrumentationActivityInvoker$EmptyActivity a367e1c ActivityRecordInputSink com.smartfit.app.test/androidx.test.core.app.InstrumentationActivityInvoker$EmptyActivity 7225125 com.smartfit.app/com.smartfit.app.MainActivity 1f5e67e ActivityRecordInputSink com.smartfit.app/.MainActivity Background for SurfaceView[com.whatsapp/com.whatsapp.calling.ui.VoipActivityV2]#28507 d8c563e com.whatsapp/com.whatsapp.calling.ui.VoipActivityV2 25b3f4 ActivityRecordInputSink com.whatsapp/.calling.ui.VoipActivityV2 3cac54b ActivityRecordInputSink com.whatsapp/.Conversation cfc9a62 ActivityRecordInputSink com.whatsapp/.home.ui.HomeActivity 75522f8 ActivityRecordInputSink com.android.chrome/org.chromium.chrome.browser.ChromeTabbedActivity recents_animation_input_consumer 8e45331 ActivityRecordInputSink com.google.android.gm/.ui.MailActivityGmail Dim layer#11752 Dim layer#11751 b6305f1 ActivityRecordInputSink
03-27 20:23:32.137 31983 21795 I APM_AudioPolicyManager: setStreamVolumeIndex: stream AUDIO_STREAM_TTS attributes={ Content type: AUDIO_CONTENT_TYPE_UNKNOWN Usage: AUDIO_USAGE_UNKNOWN Source: AUDIO_SOURCE_INVALID Flags: 0x8 Tags:  }
03-27 20:23:32.139 24402 24402 D KeyguardViewMediator: handleSetOccluded(false)
03-27 20:23:32.139 31983 21795 I APM_AudioPolicyManager: setStreamVolumeIndex: stream AUDIO_STREAM_TTS attributes={ Content type: AUDIO_CONTENT_TYPE_UNKNOWN Usage: AUDIO_USAGE_UNKNOWN Source: AUDIO_SOURCE_INVALID Flags: 0x8 Tags:  }
03-27 20:23:32.142 31983 21795 I APM_AudioPolicyManager: setStreamVolumeIndex: stream AUDIO_STREAM_TTS attributes={ Content type: AUDIO_CONTENT_TYPE_UNKNOWN Usage: AUDIO_USAGE_UNKNOWN Source: AUDIO_SOURCE_INVALID Flags: 0x8 Tags:  }
03-27 20:23:32.142  1331  1429 V AS.AudioDeviceBroker: requestedCommunicationDevice: AudioDeviceAttributes: role:output type:speaker addr: name: profiles:[] descriptors:[] mAudioModeOwner: AudioModeInfo: mMode=MODE_IN_COMMUNICATION, mPid=30322, mUid=10214
03-27 20:23:32.143   905 12269 I cmr_oem : 9288, camera_init_thread_proc: cb thread inited
03-27 20:23:32.146   896   896 I Zygote  : Process 10054 exited due to signal 9 (Killed)
03-27 20:23:32.148 31983 21795 I APM_AudioPolicyManager: setStreamVolumeIndex: stream AUDIO_STREAM_TTS attributes={ Content type: AUDIO_CONTENT_TYPE_UNKNOWN Usage: AUDIO_USAGE_UNKNOWN Source: AUDIO_SOURCE_INVALID Flags: 0x8 Tags:  }
03-27 20:23:32.150 12011 12011 D mali_gralloc: unregister: id=38e000117f3, handle=0xb400007e6bf842d0, base=0x0, importpid=12011, count:0
03-27 20:23:32.151  1331  1429 V AS.AudioDeviceBroker: requestedCommunicationDevice: AudioDeviceAttributes: role:output type:speaker addr: name: profiles:[] descriptors:[] mAudioModeOwner: AudioModeInfo: mMode=MODE_IN_COMMUNICATION, mPid=30322, mUid=10214
03-27 20:23:32.162 31983 32360 I APM_AudioPolicyManager: setStreamVolumeIndex: stream AUDIO_STREAM_TTS attributes={ Content type: AUDIO_CONTENT_TYPE_UNKNOWN Usage: AUDIO_USAGE_UNKNOWN Source: AUDIO_SOURCE_INVALID Flags: 0x8 Tags:  }
03-27 20:23:32.163   905 12272 I isp_pm  : 2829, isp_pm_init: done
03-27 20:23:32.164   905 12272 I ispbr   : 1090, isp_br_init: camera_id 1, is_master 0, isp_handle 0xdd560d40
03-27 20:23:32.164   905 12272 I ispbr   : 173, user_cnt_inc: init ispbr_context 0xe9bba158
03-27 20:23:32.164   905 12272 I ispbr   : 247, role_add: set 1 as s0
03-27 20:23:32.165   905 12299 W isp_alg_fw: 5743, ispalg_ae_init: cam1, mfnr param is not found. ret 0, num 0, ptr 0xe034d080
03-27 20:23:32.165   905 12299 W isp_alg_fw: 5753, ispalg_ae_init: warn: get ae sync param ret 0, num 0
03-27 20:23:32.165   905 12299 I isp_alg_fw: 5863, ispalg_ae_init: camera_id 1, is_master 0, is_multi_mode 0, sensor_role 0, flashIC_name ocp8137, flashIC_size 7
03-27 20:23:32.167 31983 32360 I APM_AudioPolicyManager: setStreamVolumeIndex: stream AUDIO_STREAM_TTS attributes={ Content type: AUDIO_CONTENT_TYPE_UNKNOWN Usage: AUDIO_USAGE_UNKNOWN Source: AUDIO_SOURCE_INVALID Flags: 0x8 Tags:  }
03-27 20:23:32.169   905 12299 I ae_ctrl : 704, aectrl_init_adpt: aectrl_init_adpt, major_id:3, minor_id:2
03-27 20:23:32.169   905 12299 I ae_ctrl : 707, aectrl_init_adpt: AE3.X
03-27 20:23:32.169   905 12299 E ae_ctrl : 662, aectrl_init_lib: ae cxt: 0xe9dc4290
03-27 20:23:32.169  1331  1429 V AS.AudioDeviceBroker: requestedCommunicationDevice: AudioDeviceAttributes: role:output type:speaker addr: name: profiles:[] descriptors:[] mAudioModeOwner: AudioModeInfo: mMode=MODE_IN_COMMUNICATION, mPid=30322, mUid=10214
03-27 20:23:32.170  1331  1429 V AS.AudioDeviceBroker: requestedCommunicationDevice: AudioDeviceAttributes: role:output type:speaker addr: name: profiles:[] descriptors:[] mAudioModeOwner: AudioModeInfo: mMode=MODE_IN_COMMUNICATION, mPid=30322, mUid=10214
03-27 20:23:32.172  1038  1038 I libcameraservice_ext_hook: ICamera2ClientBase ext 0xb4000073d82f1030
03-27 20:23:32.172  1038  1038 D libcameraservice_ext_hook: ICamera3Device ext 0xb4000073c82ec470
03-27 20:23:32.172 12011 12017 W artfit.app.test: userfaultfd: MOVE ioctl seems unsupported: Connection timed out
03-27 20:23:32.173 31983 32360 I APM_AudioPolicyManager: setStreamVolumeIndex: stream AUDIO_STREAM_ASSISTANT attributes={ Content type: AUDIO_CONTENT_TYPE_SPEECH Usage: AUDIO_USAGE_ASSISTANT Source: AUDIO_SOURCE_INVALID Flags: 0x0 Tags:  }
03-27 20:23:32.174   905 12304 I isp_alg_fw: 6226, ispalg_af_init: camera_id 1, is_support 0, is_master 0, is_multi_mode 0, sensor_role 0, pdaf_type 0, otp_data 0x0
03-27 20:23:32.177   905 12305 E isp_alg_fw: 5899, ispalg_awb_init: fail to get ae monitor info
03-27 20:23:32.177   905 12305 I isp_alg_fw: 5924, ispalg_awb_init: awb get ae win 0 0 24 16 64 64
03-27 20:23:32.177   905 12305 I isp_alg_fw: 5958, ispalg_awb_init: AWB VERSION = 30002
03-27 20:23:32.177   905 12302 I lsc_ctrl: 238, _lscctrl_create_thread: lsc_ctrl thread rtn 0
03-27 20:23:32.178   905 12309 I isp_alg_fw: 6264, ispalg_pdaf_init: cam1 no pdaf 0 0x0
03-27 20:23:32.179 31983 32360 I APM_AudioPolicyManager: setStreamVolumeIndex: stream AUDIO_STREAM_ASSISTANT attributes={ Content type: AUDIO_CONTENT_TYPE_SPEECH Usage: AUDIO_USAGE_ASSISTANT Source: AUDIO_SOURCE_INVALID Flags: 0x0 Tags:  }
03-27 20:23:32.180   905 12311 I afl_ctrl: 511, afl_ctrl_init: afl version: built data: Aug 25 2021.
03-27 20:23:32.180   905 12311 I afl_ctrl: 512, afl_ctrl_init: afl version: built time: 19:03:08.
03-27 20:23:32.180   905 12311 I afl_ctrl: 513, afl_ctrl_init: afl version: built rev: 4.2.4.1.
03-27 20:23:32.181   905 12311 I deflicker: handle = 0xe0480434
03-27 20:23:32.181   905 12311 I deflicker: *handle = 0x0
03-27 20:23:32.181   905 12311 I deflicker: 118,antiflcker_sw_init:flicker_detection_library_version:CAM_ALGO_ISP_ANTIFLICKER_4.2.4.1_20210825-1902
03-27 20:23:32.181  1331  1429 E CameraService_proxy: Recent tasks don't include camera client package name: com.whatsapp
03-27 20:23:32.181 31983 32360 I APM_AudioPolicyManager: setStreamVolumeIndex: stream AUDIO_STREAM_ASSISTANT attributes={ Content type: AUDIO_CONTENT_TYPE_SPEECH Usage: AUDIO_USAGE_ASSISTANT Source: AUDIO_SOURCE_INVALID Flags: 0x0 Tags:  }
03-27 20:23:32.182   905 12311 I deflicker: 121,antiflcker_sw_init:flicker detection library version:LIBVER[4.2.4.1][Aug 25 2021][19:03:09]
03-27 20:23:32.183   905 12311 I deflicker: 209,antiflcker_sw_init:inti 0xeafe1490
03-27 20:23:32.184 31983 32360 I APM_AudioPolicyManager: setStreamVolumeIndex: stream AUDIO_STREAM_ASSISTANT attributes={ Content type: AUDIO_CONTENT_TYPE_SPEECH Usage: AUDIO_USAGE_ASSISTANT Source: AUDIO_SOURCE_INVALID Flags: 0x0 Tags:  }
03-27 20:23:32.184   905 12311 I afl_ctrl: 483, aflctrl_create_thread: afl_ctrl thread rtn 0
03-27 20:23:32.184   905 12311 I afl_ctrl: 570, afl_ctrl_init: done 0
03-27 20:23:32.184   905 12311 I isp_alg_fw: 6054, ispalg_afl_init: done 0
03-27 20:23:32.185 12011 12011 W WindowOnBackDispatcher: sendCancelIfRunning: isInProgress=falsecallback=android.view.ViewRootImpl$$ExternalSyntheticLambda17@cc196bc
03-27 20:23:32.186 31983 32360 I APM_AudioPolicyManager: setStreamVolumeIndex: stream AUDIO_STREAM_ASSISTANT attributes={ Content type: AUDIO_CONTENT_TYPE_SPEECH Usage: AUDIO_USAGE_ASSISTANT Source: AUDIO_SOURCE_INVALID Flags: 0x0 Tags:  }
03-27 20:23:32.188  1331  4256 W InputManager-JNI: Input channel object '824206e com.smartfit.app.test/androidx.test.core.app.InstrumentationActivityInvoker$EmptyActivity (client)' was disposed without first being removed with the input manager!
03-27 20:23:32.188   905 12272 I isp_alg_fw: 6548, ispalg_bypass_init: ae sw bypass123: 0
03-27 20:23:32.188   905 12272 I isp_alg_fw: 6549, ispalg_bypass_init: af sw bypass: 0
03-27 20:23:32.188   905 12272 I isp_alg_fw: 6550, ispalg_bypass_init: awb sw bypass: 0
03-27 20:23:32.188   905 12272 I isp_alg_fw: 6551, ispalg_bypass_init: lsc sw bypass: 0
03-27 20:23:32.188   905 12272 I isp_alg_fw: 6552, ispalg_bypass_init: afl sw bypass: 0
03-27 20:23:32.188   905 12272 I isp_alg_fw: 6553, ispalg_bypass_init: pdaf sw bypass: 0
03-27 20:23:32.188   905 12272 I isp_alg_fw: 6554, ispalg_bypass_init: smart sw bypass: 0
03-27 20:23:32.190   905 12315 I gtm_ctrl: 179, gtm_ctrl_init: done ret=0
03-27 20:23:32.192   905 12299 I flash_lib: 1120, flash_init: flashcorrect_debug 0
03-27 20:23:32.192 31983 32360 I APM_AudioPolicyManager: setStreamVolumeIndex: stream AUDIO_STREAM_ASSISTANT attributes={ Content type: AUDIO_CONTENT_TYPE_SPEECH Usage: AUDIO_USAGE_ASSISTANT Source: AUDIO_SOURCE_INVALID Flags: 0x0 Tags:  }
03-27 20:23:32.192   905 12299 D flash_lib: 1130, flash_init: FLASH_CORR>flag: 0 debug: 0 flashic:
03-27 20:23:32.192   905 12299 I flash_lib: 1216, flash_init: FLASH VERSION: CAM_ALGO_ISP_3A_FLASH_6.0_H1_20211120_1250
03-27 20:23:32.193   905 12302 E lsc_sprd_adapt: 980, lsc_parser_otp: lsc otp_info_ptr is NULL
03-27 20:23:32.193   905 12302 E lsc_sprd_adapt: 1090, lsc_parser_otp: lsc module_info_ptr = 0x0. Parser fail !
03-27 20:23:32.193   905 12302 I lsc_sprd_adapt: 1229, lsc_load_lib: lib lsc v_count : 6, version id: 1, liblsc path :libalsc3.2.so
03-27 20:23:32.195 12011 12011 D InputEventReceiver: channel '824206e com.smartfit.app.test/androidx.test.core.app.InstrumentationActivityInvoker$EmptyActivity (client)' ~ Disposing input event receiver.
03-27 20:23:32.196 31983 32360 I APM_AudioPolicyManager: setStreamVolumeIndex: stream AUDIO_STREAM_ASSISTANT attributes={ Content type: AUDIO_CONTENT_TYPE_SPEECH Usage: AUDIO_USAGE_ASSISTANT Source: AUDIO_SOURCE_INVALID Flags: 0x0 Tags:  }
03-27 20:23:32.197  1038  1038 D cameraserver: FGS Logger Transaction failed
03-27 20:23:32.197  1038  1038 D cameraserver: -129
03-27 20:23:32.200   905 12312 I isp_alg_fw: 6565, ispalg_tof_init: tof don't support !
03-27 20:23:32.201   942   942 W Layer   : Hide layer Input Consumer recents_animation_input_consumer#15340 because zOrderRelativeOf = ActivityRecord{3768a16 u0 com.google.android.gm/.ConversationListActivityGmail#27062 is hide.
03-27 20:23:32.201   942   942 W Layer   : Hide layer Input Consumer recents_animation_input_consumer#15340 because zOrderRelativeOf = ActivityRecord{3768a16 u0 com.google.android.gm/.ConversationListActivityGmail#27062 is hide.
03-27 20:23:32.202  1331  1878 D InputDispatcher: setInputWindows displayId=0 cf1652a NavigationBar0 5465496 StatusBar a367e1c ActivityRecordInputSink com.smartfit.app.test/androidx.test.core.app.InstrumentationActivityInvoker$EmptyActivity 7225125 com.smartfit.app/com.smartfit.app.MainActivity 1f5e67e ActivityRecordInputSink com.smartfit.app/.MainActivity Background for SurfaceView[com.whatsapp/com.whatsapp.calling.ui.VoipActivityV2]#28507 d8c563e com.whatsapp/com.whatsapp.calling.ui.VoipActivityV2 25b3f4 ActivityRecordInputSink com.whatsapp/.calling.ui.VoipActivityV2 3cac54b ActivityRecordInputSink com.whatsapp/.Conversation cfc9a62 ActivityRecordInputSink com.whatsapp/.home.ui.HomeActivity 75522f8 ActivityRecordInputSink com.android.chrome/org.chromium.chrome.browser.ChromeTabbedActivity recents_animation_input_consumer 8e45331 ActivityRecordInputSink com.google.android.gm/.ui.MailActivityGmail Dim layer#11752 Dim layer#11751 b6305f1 ActivityRecordInputSink com.android.launcher3/com.android.searchlauncher.SearchLauncher Wallpaper BBQ wrapper#11766 40061b
03-27 20:23:32.202 31983 32360 I APM_AudioPolicyManager: setStreamVolumeIndex: stream AUDIO_STREAM_ASSISTANT attributes={ Content type: AUDIO_CONTENT_TYPE_SPEECH Usage: AUDIO_USAGE_ASSISTANT Source: AUDIO_SOURCE_INVALID Flags: 0x0 Tags:  }
03-27 20:23:32.203  1331  1878 D InputDispatcher: Window went away: 824206e com.smartfit.app.test/androidx.test.core.app.InstrumentationActivityInvoker$EmptyActivity
03-27 20:23:32.204  1331  1930 I HidlSensorManager: createEventQueue pid: 905, uid: 1047
03-27 20:23:32.204   942  1001 D mali_gralloc: unregister: id=38e000117fa, handle=0xb400007bafd10cb0, base=0x0, importpid=942, count:0
03-27 20:23:32.209 31983 21795 I APM_AudioPolicyManager: setStreamVolumeIndex: stream AUDIO_STREAM_ASSISTANT attributes={ Content type: AUDIO_CONTENT_TYPE_SPEECH Usage: AUDIO_USAGE_ASSISTANT Source: AUDIO_SOURCE_INVALID Flags: 0x0 Tags:  }
03-27 20:23:32.210 31984 32265 D audio_hw_primary: adev_set_parameters: enter: kvpairs - cameraFacing=front
03-27 20:23:32.212   905 12302 I android.hardware.camera.provider@2.4-service: [ALSC]: L 748, lsc_init_core: ALSC VERSION: CAM_ALGO_ISP_3A_ALSC_3.2_H8_20211129_1330 !
03-27 20:23:32.212   905 12302 D android.hardware.camera.provider@2.4-service: [ALSC]: L 172, alsc_get_eng_cmd: eng_alsc_bypass_otp=0, eng_alsc_bypass=0, eng_alsc_table_index=9
03-27 20:23:32.212   942   942 W Layer   : Hide layer Input Consumer recents_animation_input_consumer#15340 because zOrderRelativeOf = ActivityRecord{3768a16 u0 com.google.android.gm/.ConversationListActivityGmail#27062 is hide.
03-27 20:23:32.212   942   942 W Layer   : Hide layer Input Consumer recents_animation_input_consumer#15340 because zOrderRelativeOf = ActivityRecord{3768a16 u0 com.google.android.gm/.ConversationListActivityGmail#27062 is hide.
03-27 20:23:32.212   905 12302 D android.hardware.camera.provider@2.4-service: [ALSC]: L 734, otp_init: lsc otp is not used!
03-27 20:23:32.213   905 12302 I lsc_sprd_adapt: 2683, lsc_sprd_init: lsc init success rtn = 0, camera_id = 1
03-27 20:23:32.213   905 12302 I lsc_ctrl: 185, _lscctrl_init_lib: done 0
03-27 20:23:32.213   905 12302 I lsc_ctrl: 222, _lscctrl_init_adpt: done 0
03-27 20:23:32.216  1331  1878 D InputDispatcher: setInputWindows displayId=0 cf1652a NavigationBar0 5465496 StatusBar 7225125 com.smartfit.app/com.smartfit.app.MainActivity 1f5e67e ActivityRecordInputSink com.smartfit.app/.MainActivity Background for SurfaceView[com.whatsapp/com.whatsapp.calling.ui.VoipActivityV2]#28507 d8c563e com.whatsapp/com.whatsapp.calling.ui.VoipActivityV2 25b3f4 ActivityRecordInputSink com.whatsapp/.calling.ui.VoipActivityV2 3cac54b ActivityRecordInputSink com.whatsapp/.Conversation cfc9a62 ActivityRecordInputSink com.whatsapp/.home.ui.HomeActivity 75522f8 ActivityRecordInputSink com.android.chrome/org.chromium.chrome.browser.ChromeTabbedActivity recents_animation_input_consumer 8e45331 ActivityRecordInputSink com.google.android.gm/.ui.MailActivityGmail Dim layer#11752 Dim layer#11751 b6305f1 ActivityRecordInputSink com.android.launcher3/com.android.searchlauncher.SearchLauncher Wallpaper BBQ wrapper#11766 40061be com.android.systemui.wallpapers.ImageWallpaper
03-27 20:23:32.216  1331  1878 D InputDispatcher: Window went away: a367e1c ActivityRecordInputSink com.smartfit.app.test/androidx.test.core.app.InstrumentationActivityInvoker$EmptyActivity
03-27 20:23:32.217   905 12300 E ATM     : atm version: CAM_ALGO_ISP_3A_ATM_3.0_H1_20211130-1904
03-27 20:23:32.218   905 12300 I smart_ctrl: 1430, smart_ctl_parse_atm_tuning_param_v1: src ptr 0xdcd8a458
03-27 20:23:32.218   915   915 D SensorHub: SPRD[780]batch::handle[1], flags[0], period_ns[50000000], timeout[0]
03-27 20:23:32.218 31983 32360 I APM_AudioPolicyManager: setStreamVolumeIndex: stream AUDIO_STREAM_ASSISTANT attributes={ Content type: AUDIO_CONTENT_TYPE_SPEECH Usage: AUDIO_USAGE_ASSISTANT Source: AUDIO_SOURCE_INVALID Flags: 0x0 Tags:  }
03-27 20:23:32.221 31983 21795 I APM_AudioPolicyManager: setStreamVolumeIndex: stream AUDIO_STREAM_ASSISTANT attributes={ Content type: AUDIO_CONTENT_TYPE_SPEECH Usage: AUDIO_USAGE_ASSISTANT Source: AUDIO_SOURCE_INVALID Flags: 0x0 Tags:  }
03-27 20:23:32.222   905 12300 I smart_ctrl: 1661, smart_ctl_init: done rtn 0
03-27 20:23:32.222   905 12300 I isp_alg_fw: 6111, ispalg_smart_init: done 0
03-27 20:23:32.223   942   942 W Layer   : Hide layer Input Consumer recents_animation_input_consumer#15340 because zOrderRelativeOf = ActivityRecord{3768a16 u0 com.google.android.gm/.ConversationListActivityGmail#27062 is hide.
03-27 20:23:32.223   942   942 W Layer   : Hide layer Input Consumer recents_animation_input_consumer#15340 because zOrderRelativeOf = ActivityRecord{3768a16 u0 com.google.android.gm/.ConversationListActivityGmail#27062 is hide.
03-27 20:23:32.224   905 12299 I ae_sprd_adpt: 7239, ae_load_fdr_lib: FDR dlsym ok
03-27 20:23:32.224   905 12299 I Libae[Misc]: 105,ae_get_mod:AE3.4 branch: trunk : CAM_ALGO_ISP_3A_AE_3.X_H40_20220430_1512, compile time:16:25:06-May 20 2022
03-27 20:23:32.226  1331  1878 D InputDispatcher: setInputWindows displayId=0 cf1652a NavigationBar0 5465496 StatusBar 7225125 com.smartfit.app/com.smartfit.app.MainActivity 1f5e67e ActivityRecordInputSink com.smartfit.app/.MainActivity Background for SurfaceView[com.whatsapp/com.whatsapp.calling.ui.VoipActivityV2]#28507 d8c563e com.whatsapp/com.whatsapp.calling.ui.VoipActivityV2 25b3f4 ActivityRecordInputSink com.whatsapp/.calling.ui.VoipActivityV2 3cac54b ActivityRecordInputSink com.whatsapp/.Conversation cfc9a62 ActivityRecordInputSink com.whatsapp/.home.ui.HomeActivity 75522f8 ActivityRecordInputSink com.android.chrome/org.chromium.chrome.browser.ChromeTabbedActivity recents_animation_input_consumer 8e45331 ActivityRecordInputSink com.google.android.gm/.ui.MailActivityGmail Dim layer#11752 Dim layer#11751 b6305f1 ActivityRecordInputSink com.android.launcher3/com.android.searchlauncher.SearchLauncher Wallpaper BBQ wrapper#11766 40061be com.android.systemui.wallpapers.ImageWallpaper
03-27 20:23:32.230 31983 32360 I APM_AudioPolicyManager: setStreamVolumeIndex: stream AUDIO_STREAM_MUSIC attributes={ Content type: AUDIO_CONTENT_TYPE_UNKNOWN Usage: AUDIO_USAGE_MEDIA Source: AUDIO_SOURCE_INVALID Flags: 0x0 Tags:  }
03-27 20:23:32.234   905  1312 E CamComm1.0-MD: Mismatched tag type when updating entry eisZoom (-2147483620) of type int32; got type byte data instead
03-27 20:23:32.234 24402 25260 D SarManager: isVoiceCallStreamActive is:3
03-27 20:23:32.234 31983 32360 I APM_AudioPolicyManager: setStreamVolumeIndex: stream AUDIO_STREAM_MUSIC attributes={ Content type: AUDIO_CONTENT_TYPE_UNKNOWN Usage: AUDIO_USAGE_MEDIA Source: AUDIO_SOURCE_INVALID Flags: 0x0 Tags:  }
03-27 20:23:32.235  1331  1878 V AS.AudioDeviceBroker: requestedCommunicationDevice: AudioDeviceAttributes: role:output type:speaker addr: name: profiles:[] descriptors:[] mAudioModeOwner: AudioModeInfo: mMode=MODE_IN_COMMUNICATION, mPid=30322, mUid=10214
03-27 20:23:32.237 24402 25260 D SarManager: isSpeakerphoneOn : true
03-27 20:23:32.237 24402 25260 D SarManager: streamType : 8
03-27 20:23:32.237 24402 25260 D SarManager: Switching to earpiece : HEAD ON
03-27 20:23:32.240   905 12299 E Libae[Core]: 4852, aec_frame_sync_tune_param_parser: AE_sync param is NULL, just use the default param
03-27 20:23:32.240   905 12299 E Libae[Core]:
03-27 20:23:32.241   905 12305 I isp_alg_fw: 5997, ispalg_awb_init: is_master 0, sensor_role 0, is_multi_mode 0
03-27 20:23:32.242   910   910 I mali_gralloc: allocate: id=38e00011803, hal_format=RGBA8888, mali_format=RGBA8888, afbc=SPLIT, usage=GPU_RW|HWC|BACKBUF, size=720x1516(4446208), stride=720, name=SurfaceView[com.whatsapp/com.whatsapp.calling.ui.VoipActivityV2]#43(BLAST Consumer)43
03-27 20:23:32.242 31983 32360 I APM_AudioPolicyManager: setStreamVolumeIndex: stream AUDIO_STREAM_MUSIC attributes={ Content type: AUDIO_CONTENT_TYPE_UNKNOWN Usage: AUDIO_USAGE_MEDIA Source: AUDIO_SOURCE_INVALID Flags: 0x0 Tags:  }
03-27 20:23:32.243 30322 12146 D mali_gralloc: register: id=38e00011803, handle=0xb400007e6c00f530, importpid=-1, gRegisteredHandles=4
03-27 20:23:32.244 24402 25260 D SarManager: Old device = 2
03-27 20:23:32.244 24402 25260 D SarManager: updateSarScenarioupdateSarScenario11:true
03-27 20:23:32.246   905 12305 I awb_ctrl: 311, awbctrl_create_thread: done 0
03-27 20:23:32.246   905 12299 I android.hardware.camera.provider@2.4-service: 218, s_q_open: valid num: exp: 2, sensor gain: 2, isp gain: 1
03-27 20:23:32.246   905 12299 I ae_ctrl : 730, aectrl_init_adpt: done 0
03-27 20:23:32.246   905 12320 I ai_sprd_adpt: 85, ai_sprd_adpt_init: 01_aci opt: min_frame_interval: 4.
03-27 20:23:32.246   905 12320 I ai_sprd_adpt: 86, ai_sprd_adpt_init: 01_aci opt: max_frame_interval: 150.
03-27 20:23:32.246   905 12320 I ai_sprd_adpt: 87, ai_sprd_adpt_init: 01_aci opt: thread_num: 1.
03-27 20:23:32.247   905 12305 I awb_ctrl: 140, awbctrl_init_adpt: front camera, camera_id = 1
03-27 20:23:32.246   905 12320 I ai_sprd_adpt: 88, ai_sprd_adpt_init: 01_aci opt: sync_with_worker: 0.
03-27 20:23:32.247   905 12320 I ai_sprd_adpt: 103, ai_sprd_adpt_init: 02_aci opt: min_frame_interval:2, max_frame_interval:150,	thread_num:1, sync_with_worker:0, cameraId:1
03-27 20:23:32.247   905 12320 I AIC     : [AIC_CreateHandle,154]: enter
03-27 20:23:32.247   905 12320 I AIC     : [AIC_CreateHandle,165]: CAM_ALGO_CV_AIC2_LIBVER[2.0.11.1.1837053][Mar 14 2022][15:03:11]
03-27 20:23:32.250   905 12305 I awb_ctrl: 157, awbctrl_init_adpt: no pram file , Get the trunning param from upper layer!
03-27 20:23:32.250 31983 32360 I APM_AudioPolicyManager: setStreamVolumeIndex: stream AUDIO_STREAM_MUSIC attributes={ Content type: AUDIO_CONTENT_TYPE_UNKNOWN Usage: AUDIO_USAGE_MEDIA Source: AUDIO_SOURCE_INVALID Flags: 0x0 Tags:  }
03-27 20:23:32.250   905 12305 I awb_ctrl: 181, awbctrl_init_adpt: lib_param.version_id = 2 (isp3.2)
03-27 20:23:32.254   942  2327 D mali_gralloc: register: id=38e00011803, handle=0xb400007bafd25bf0, importpid=30322, gRegisteredHandles=20
03-27 20:23:32.254   942  1001 D mali_gralloc: unregister: id=38e000117f3, handle=0xb400007bafd15db0, base=0x0, importpid=942, count:0
03-27 20:23:32.256   942   942 W Layer   : Hide layer Input Consumer recents_animation_input_consumer#15340 because zOrderRelativeOf = ActivityRecord{3768a16 u0 com.google.android.gm/.ConversationListActivityGmail#27062 is hide.
03-27 20:23:32.256   942   942 W Layer   : Hide layer Input Consumer recents_animation_input_consumer#15340 because zOrderRelativeOf = ActivityRecord{3768a16 u0 com.google.android.gm/.ConversationListActivityGmail#27062 is hide.
03-27 20:23:32.258  1038  1038 W cameraserver: createSurfaceFromGbp: Camera 1 with consumer usage flag: 256: Forcing asynchronous mode forstream
03-27 20:23:32.259  1331  4259 D InputDispatcher: setInputWindows displayId=0 cf1652a NavigationBar0 5465496 StatusBar 7225125 com.smartfit.app/com.smartfit.app.MainActivity 1f5e67e ActivityRecordInputSink com.smartfit.app/.MainActivity Background for SurfaceView[com.whatsapp/com.whatsapp.calling.ui.VoipActivityV2]#28507 SurfaceView[com.whatsapp/com.whatsapp.calling.ui.VoipActivityV2](BLAST)#28506 d8c563e com.whatsapp/com.whatsapp.calling.ui.VoipActivityV2 25b3f4 ActivityRecordInputSink com.whatsapp/.calling.ui.VoipActivityV2 3cac54b ActivityRecordInputSink com.whatsapp/.Conversation cfc9a62 ActivityRecordInputSink com.whatsapp/.home.ui.HomeActivity 75522f8 ActivityRecordInputSink com.android.chrome/org.chromium.chrome.browser.ChromeTabbedActivity recents_animation_input_consumer 8e45331 ActivityRecordInputSink com.google.android.gm/.ui.MailActivityGmail Dim layer#11752 Dim layer#11751 b6305f1 ActivityRecordInputSink com.android.launcher3/com.android.searchlauncher.SearchLauncher Wallpaper BBQ wrapper#11766 40061be com.android.systemui.wallpapers.ImageWallp
03-27 20:23:32.261   905 12320 I AIC     : [SdCreateHandle,41]: CAM_ALGO_CV_SD_LIBVER[3.0.9.0.1770589][Dec  3 2021][14:18:48]
03-27 20:23:32.261   905 12320 I AIC     : [Detector_create,66]: id = 1, dt = 0xeac959d0
03-27 20:23:32.262 31983 32360 I APM_AudioPolicyManager: setStreamVolumeIndex: stream AUDIO_STREAM_MUSIC attributes={ Content type: AUDIO_CONTENT_TYPE_UNKNOWN Usage: AUDIO_USAGE_MEDIA Source: AUDIO_SOURCE_INVALID Flags: 0x0 Tags:  }
03-27 20:23:32.263  1038  1038 W cameraserver: createSurfaceFromGbp: Camera 1: Overriding format 0x1 to IMPLEMENTATION_DEFINED
03-27 20:23:32.266   905 12305 I awb_adpt: 1191, awb_sprd_ctrl_init_v3_2: [awb_3x] start awb_sprd_ctrl_init
03-27 20:23:32.267   905 12320 I AIC     : [Detector_create,76]: id = 1, dt->threadNum = 1
03-27 20:23:32.268 31983 32360 I APM_AudioPolicyManager: setStreamVolumeIndex: stream AUDIO_STREAM_MUSIC attributes={ Content type: AUDIO_CONTENT_TYPE_UNKNOWN Usage: AUDIO_USAGE_MEDIA Source: AUDIO_SOURCE_INVALID Flags: 0x0 Tags:  }
03-27 20:23:32.269   905 12305 I awb_adpt: 909, awbsprd_load_lib: awb lib v_count:7, version_id:2, version_name:libawb3.2.so
03-27 20:23:32.269   905 12305 I awb_adpt: 920, awbsprd_load_lib: dlopen awb lib successful
03-27 20:23:32.270 31983 32360 I APM_AudioPolicyManager: setStreamVolumeIndex: stream AUDIO_STREAM_MUSIC attributes={ Content type: AUDIO_CONTENT_TYPE_UNKNOWN Usage: AUDIO_USAGE_MEDIA Source: AUDIO_SOURCE_INVALID Flags: 0x0 Tags:  }
03-27 20:23:32.272 31983 32360 I APM_AudioPolicyManager: setStreamVolumeIndex: stream AUDIO_STREAM_MUSIC attributes={ Content type: AUDIO_CONTENT_TYPE_UNKNOWN Usage: AUDIO_USAGE_MEDIA Source: AUDIO_SOURCE_INVALID Flags: 0x0 Tags:  }
03-27 20:23:32.272   905 12305 E awb_adpt: 1221, awb_sprd_ctrl_init_v3_2: load awb lib success!
03-27 20:23:32.272   905 12305 I awb_adpt: 1248, awb_sprd_ctrl_init_v3_2: is_multi_mode=0 , color_support=0
03-27 20:23:32.272   905 12305 I awb_adpt: 1267, awb_sprd_ctrl_init_v3_2: start parse the awb_otp_info
03-27 20:23:32.272   905 12305 E awb_adpt: 1078, _awb_parser_otp_info: awb otp info ptr is NULL
03-27 20:23:32.272   905 12305 E awb_adpt: 1150, _awb_parser_otp_info: awb awb_otp_info_ptr = 0x0, module_info_ptr = 0x0. Parser fail !
03-27 20:23:32.272   905 12305 I awb_adpt: 1269, awb_sprd_ctrl_init_v3_2: end parse the awb_otp_info
03-27 20:23:32.272   905 12305 I awb_adpt: 1271, awb_sprd_ctrl_init_v3_2: create the lock thread for awb success!
03-27 20:23:32.274   905 12305 E android.hardware.camera.provider@2.4-service: [AWBLIB][awb_init] [1390]awb version: AWB VERSION: CAM_ALGO_ISP_3A_AWB_3.2_H2_20221110_1730awb log info
03-27 20:23:32.278   905 12305 E awb_adpt: 365, _awb_read_gain: read_gain from:/data/vendor/cameraserver/camera_1_awb.file, camera_id[1]: 1746, 1024, 1404, 6795
03-27 20:23:32.278   905 12305 I awb_adpt: 1363, awb_sprd_ctrl_init_v3_2: done
03-27 20:23:32.278   905 12305 I awb_ctrl: 113, awbctrl_init_lib: done 0
03-27 20:23:32.278   905 12305 I awb_ctrl: 200, awbctrl_init_adpt: done 0
03-27 20:23:32.278   905 12305 I isp_alg_fw: 6004, ispalg_awb_init: done 0
03-27 20:23:32.280   905 12272 I isp_alg_fw: 7336, get_prop_ctrl: is_raw_cap 0, tool_eb 0, dbg_hwsim 0, dump_lsc 0, dump_aem 0
03-27 20:23:32.280   905 12272 I isp_alg_fw: 7437, isp_alg_fw_init_async: cam1 done, alg enable 1, init 1
03-27 20:23:32.281 31983 32360 I APM_AudioPolicyManager: setStreamVolumeIndex: stream AUDIO_STREAM_MUSIC attributes={ Content type: AUDIO_CONTENT_TYPE_UNKNOWN Usage: AUDIO_USAGE_MEDIA Source: AUDIO_SOURCE_INVALID Flags: 0x0 Tags:  }
03-27 20:23:32.285 31983 32360 I APM_AudioPolicyManager: setStreamVolumeIndex: stream AUDIO_STREAM_MUSIC attributes={ Content type: AUDIO_CONTENT_TYPE_UNKNOWN Usage: AUDIO_USAGE_MEDIA Source: AUDIO_SOURCE_INVALID Flags: 0x0 Tags:  }
03-27 20:23:32.287 31983 32360 I APM_AudioPolicyManager: setStreamVolumeIndex: stream AUDIO_STREAM_MUSIC attributes={ Content type: AUDIO_CONTENT_TYPE_UNKNOWN Usage: AUDIO_USAGE_MEDIA Source: AUDIO_SOURCE_INVALID Flags: 0x0 Tags:  }
03-27 20:23:32.290 31983 32360 I APM_AudioPolicyManager: setStreamVolumeIndex: stream AUDIO_STREAM_TTS attributes={ Content type: AUDIO_CONTENT_TYPE_UNKNOWN Usage: AUDIO_USAGE_UNKNOWN Source: AUDIO_SOURCE_INVALID Flags: 0x8 Tags:  }
03-27 20:23:32.292 31983 21795 I APM_AudioPolicyManager: setStreamVolumeIndex: stream AUDIO_STREAM_TTS attributes={ Content type: AUDIO_CONTENT_TYPE_UNKNOWN Usage: AUDIO_USAGE_UNKNOWN Source: AUDIO_SOURCE_INVALID Flags: 0x8 Tags:  }
03-27 20:23:32.295 31983 32360 I APM_AudioPolicyManager: setStreamVolumeIndex: stream AUDIO_STREAM_TTS attributes={ Content type: AUDIO_CONTENT_TYPE_UNKNOWN Usage: AUDIO_USAGE_UNKNOWN Source: AUDIO_SOURCE_INVALID Flags: 0x8 Tags:  }
03-27 20:23:32.298 31983 32360 I APM_AudioPolicyManager: setStreamVolumeIndex: stream AUDIO_STREAM_TTS attributes={ Content type: AUDIO_CONTENT_TYPE_UNKNOWN Usage: AUDIO_USAGE_UNKNOWN Source: AUDIO_SOURCE_INVALID Flags: 0x8 Tags:  }
03-27 20:23:32.303 30322 30322 D InputEventReceiver: channel 'd8c563e com.whatsapp/com.whatsapp.calling.ui.VoipActivityV2 (client)' ~ Consuming input events, consumeBatches=false, frameTime=-1
03-27 20:23:32.303 30322 30322 D InputEventReceiver: channel 'd8c563e com.whatsapp/com.whatsapp.calling.ui.VoipActivityV2 (client)' ~ Received focus event: hasFocus=true.
03-27 20:23:32.303 30322 30322 D InputEventReceiver: channel 'd8c563e com.whatsapp/com.whatsapp.calling.ui.VoipActivityV2 (client)' ~ Finished input event.
03-27 20:23:32.304  1331  1465 D InputDispatcher: channel 'd8c563e com.whatsapp/com.whatsapp.calling.ui.VoipActivityV2 (server)' ~ finishDispatchCycle - seq=588119, handled=true
03-27 20:23:32.304  1331  1465 D InputDispatcher: channel 'd8c563e com.whatsapp/com.whatsapp.calling.ui.VoipActivityV2 (server)' ~ startDispatchCycle
03-27 20:23:32.304 30322 30322 D InputEventReceiver: channel 'd8c563e com.whatsapp/com.whatsapp.calling.ui.VoipActivityV2 (client)' ~ Received focus event: hasFocus=false.
03-27 20:23:32.304 30322 30322 D InputEventReceiver: channel 'd8c563e com.whatsapp/com.whatsapp.calling.ui.VoipActivityV2 (client)' ~ Finished input event.
03-27 20:23:32.304  1331  1465 D InputDispatcher: channel 'd8c563e com.whatsapp/com.whatsapp.calling.ui.VoipActivityV2 (server)' ~ finishDispatchCycle - seq=588120, handled=true
03-27 20:23:32.305  1331  1465 D InputDispatcher: channel 'd8c563e com.whatsapp/com.whatsapp.calling.ui.VoipActivityV2 (server)' ~ startDispatchCycle
03-27 20:23:32.314 31983 32360 I APM_AudioPolicyManager: setStreamVolumeIndex: stream AUDIO_STREAM_TTS attributes={ Content type: AUDIO_CONTENT_TYPE_UNKNOWN Usage: AUDIO_USAGE_UNKNOWN Source: AUDIO_SOURCE_INVALID Flags: 0x8 Tags:  }
03-27 20:23:32.315 31983 32360 I APM_AudioPolicyManager: setStreamVolumeIndex: stream AUDIO_STREAM_TTS attributes={ Content type: AUDIO_CONTENT_TYPE_UNKNOWN Usage: AUDIO_USAGE_UNKNOWN Source: AUDIO_SOURCE_INVALID Flags: 0x8 Tags:  }
03-27 20:23:32.316 31983 32360 I APM_AudioPolicyManager: setStreamVolumeIndex: stream AUDIO_STREAM_TTS attributes={ Content type: AUDIO_CONTENT_TYPE_UNKNOWN Usage: AUDIO_USAGE_UNKNOWN Source: AUDIO_SOURCE_INVALID Flags: 0x8 Tags:  }
03-27 20:23:32.319 31983 32360 I APM_AudioPolicyManager: setStreamVolumeIndex: stream AUDIO_STREAM_TTS attributes={ Content type: AUDIO_CONTENT_TYPE_UNKNOWN Usage: AUDIO_USAGE_UNKNOWN Source: AUDIO_SOURCE_INVALID Flags: 0x8 Tags:  }
03-27 20:23:32.321 31983 32360 I APM_AudioPolicyManager: setStreamVolumeIndex: stream AUDIO_STREAM_TTS attributes={ Content type: AUDIO_CONTENT_TYPE_UNKNOWN Usage: AUDIO_USAGE_UNKNOWN Source: AUDIO_SOURCE_INVALID Flags: 0x8 Tags:  }
03-27 20:23:32.323   942   942 W Layer   : Hide layer Input Consumer recents_animation_input_consumer#15340 because zOrderRelativeOf = ActivityRecord{3768a16 u0 com.google.android.gm/.ConversationListActivityGmail#27062 is hide.
03-27 20:23:32.323   942   942 W Layer   : Hide layer Input Consumer recents_animation_input_consumer#15340 because zOrderRelativeOf = ActivityRecord{3768a16 u0 com.google.android.gm/.ConversationListActivityGmail#27062 is hide.
03-27 20:23:32.324 31983 32360 I APM_AudioPolicyManager: setStreamVolumeIndex: stream AUDIO_STREAM_TTS attributes={ Content type: AUDIO_CONTENT_TYPE_UNKNOWN Usage: AUDIO_USAGE_UNKNOWN Source: AUDIO_SOURCE_INVALID Flags: 0x8 Tags:  }
03-27 20:23:32.330  1331  1878 D InputDispatcher: setInputWindows displayId=0 cf1652a NavigationBar0 5465496 StatusBar 7225125 com.smartfit.app/com.smartfit.app.MainActivity 1f5e67e ActivityRecordInputSink com.smartfit.app/.MainActivity Background for SurfaceView[com.whatsapp/com.whatsapp.calling.ui.VoipActivityV2]#28507 SurfaceView[com.whatsapp/com.whatsapp.calling.ui.VoipActivityV2](BLAST)#28506 d8c563e com.whatsapp/com.whatsapp.calling.ui.VoipActivityV2 25b3f4 ActivityRecordInputSink com.whatsapp/.calling.ui.VoipActivityV2 3cac54b ActivityRecordInputSink com.whatsapp/.Conversation cfc9a62 ActivityRecordInputSink com.whatsapp/.home.ui.HomeActivity 75522f8 ActivityRecordInputSink com.android.chrome/org.chromium.chrome.browser.ChromeTabbedActivity recents_animation_input_consumer 8e45331 ActivityRecordInputSink com.google.android.gm/.ui.MailActivityGmail Dim layer#11752 Dim layer#11751 b6305f1 ActivityRecordInputSink com.android.launcher3/com.android.searchlauncher.SearchLauncher Wallpaper BBQ wrapper#11766 40061be com.android.systemui.wallpapers.ImageWallp
03-27 20:23:32.330 31983 32360 I APM_AudioPolicyManager: setStreamVolumeIndex: stream AUDIO_STREAM_TTS attributes={ Content type: AUDIO_CONTENT_TYPE_UNKNOWN Usage: AUDIO_USAGE_UNKNOWN Source: AUDIO_SOURCE_INVALID Flags: 0x8 Tags:  }
03-27 20:23:32.332   905 12320 I AIC     : [Detector_create,93]: dt->net = 0xead689d0
03-27 20:23:32.332   905 12320 I AIC     : [Detector_create,94]: dt->net sizeof = 4
03-27 20:23:32.332   905 12320 I AIC     : [Detector_create,95]: dt->net [] = 0xde999ed4
03-27 20:23:32.332   905 12320 I AIC     : [Detector_create,96]: dt->net buffer = 2977352
03-27 20:23:32.341 31983 32360 I APM_AudioPolicyManager: setStreamVolumeIndex: stream AUDIO_STREAM_ASSISTANT attributes={ Content type: AUDIO_CONTENT_TYPE_SPEECH Usage: AUDIO_USAGE_ASSISTANT Source: AUDIO_SOURCE_INVALID Flags: 0x0 Tags:  }
03-27 20:23:32.349  1038  1038 D UnisocCamera3Device: Camera3Device update
03-27 20:23:32.356 31983 32360 I APM_AudioPolicyManager: setStreamVolumeIndex: stream AUDIO_STREAM_ASSISTANT attributes={ Content type: AUDIO_CONTENT_TYPE_SPEECH Usage: AUDIO_USAGE_ASSISTANT Source: AUDIO_SOURCE_INVALID Flags: 0x0 Tags:  }
03-27 20:23:32.358   905  1312 I Cam3HWI : 1134, configureStreams: :hal3: camId=1, prev: w=640, h=480, video: w=0, h=0, callback: w=0, h=0, yuv2: w=640, h=480, cap: w=0, h=0 yuv3: w=0, h=0,
03-27 20:23:32.358 31983 32360 I APM_AudioPolicyManager: setStreamVolumeIndex: stream AUDIO_STREAM_ASSISTANT attributes={ Content type: AUDIO_CONTENT_TYPE_SPEECH Usage: AUDIO_USAGE_ASSISTANT Source: AUDIO_SOURCE_INVALID Flags: 0x0 Tags:  }
03-27 20:23:32.361 31983 21795 I APM_AudioPolicyManager: setStreamVolumeIndex: stream AUDIO_STREAM_ASSISTANT attributes={ Content type: AUDIO_CONTENT_TYPE_SPEECH Usage: AUDIO_USAGE_ASSISTANT Source: AUDIO_SOURCE_INVALID Flags: 0x0 Tags:  }
03-27 20:23:32.371   942   994 D mali_gralloc: register: id=38e000117ec, handle=0xb400007bafd20550, importpid=30322, gRegisteredHandles=20
03-27 20:23:32.371 31983 21795 I APM_AudioPolicyManager: setStreamVolumeIndex: stream AUDIO_STREAM_ASSISTANT attributes={ Content type: AUDIO_CONTENT_TYPE_SPEECH Usage: AUDIO_USAGE_ASSISTANT Source: AUDIO_SOURCE_INVALID Flags: 0x0 Tags:  }
03-27 20:23:32.379   942   942 W Layer   : Hide layer Input Consumer recents_animation_input_consumer#15340 because zOrderRelativeOf = ActivityRecord{3768a16 u0 com.google.android.gm/.ConversationListActivityGmail#27062 is hide.
03-27 20:23:32.379   942   942 W Layer   : Hide layer Input Consumer recents_animation_input_consumer#15340 because zOrderRelativeOf = ActivityRecord{3768a16 u0 com.google.android.gm/.ConversationListActivityGmail#27062 is hide.
03-27 20:23:32.379 31983 21795 I APM_AudioPolicyManager: setStreamVolumeIndex: stream AUDIO_STREAM_ASSISTANT attributes={ Content type: AUDIO_CONTENT_TYPE_SPEECH Usage: AUDIO_USAGE_ASSISTANT Source: AUDIO_SOURCE_INVALID Flags: 0x0 Tags:  }
03-27 20:23:32.380  1331  4259 D InputDispatcher: setInputWindows displayId=0 cf1652a NavigationBar0 5465496 StatusBar 7225125 com.smartfit.app/com.smartfit.app.MainActivity 1f5e67e ActivityRecordInputSink com.smartfit.app/.MainActivity d8c563e com.whatsapp/com.whatsapp.calling.ui.VoipActivityV2 SurfaceView[com.whatsapp/com.whatsapp.calling.ui.VoipActivityV2](BLAST)#28506 Background for SurfaceView[com.whatsapp/com.whatsapp.calling.ui.VoipActivityV2]#28507 25b3f4 ActivityRecordInputSink com.whatsapp/.calling.ui.VoipActivityV2 3cac54b ActivityRecordInputSink com.whatsapp/.Conversation cfc9a62 ActivityRecordInputSink com.whatsapp/.home.ui.HomeActivity 75522f8 ActivityRecordInputSink com.android.chrome/org.chromium.chrome.browser.ChromeTabbedActivity recents_animation_input_consumer 8e45331 ActivityRecordInputSink com.google.android.gm/.ui.MailActivityGmail Dim layer#11752 Dim layer#11751 b6305f1 ActivityRecordInputSink com.android.launcher3/com.android.searchlauncher.SearchLauncher Wallpaper BBQ wrapper#11766 40061be com.android.systemui.wallpapers.ImageWallp
03-27 20:23:32.384 30322 31635 I OpenGLRenderer: Davey! duration=1961ms; Flags=0, FrameTimelineVsyncId=36556427, IntendedVsync=314312522486059, Vsync=314312934491530, InputEventId=0, HandleInputStart=314312946008877, AnimationStart=314312946011031, PerformTraversalsStart=314312946032300, DrawStart=314314353423415, FrameDeadline=314312621323090, FrameInterval=314312945018069, FrameStartTime=11135283, SyncQueued=314314374487107, SyncStart=314314375288645, IssueDrawCommandsStart=314314416686184, SwapBuffers=314314483567068, FrameCompleted=314314485052068, DequeueBufferDuration=23769, QueueBufferDuration=1267577, GpuCompleted=314314483878414, SwapBuffersCompleted=314314485052068, DisplayPresentTime=0, CommandSubmissionCompleted=314314483567068,
03-27 20:23:32.387 31983 21795 I APM_AudioPolicyManager: setStreamVolumeIndex: stream AUDIO_STREAM_ASSISTANT attributes={ Content type: AUDIO_CONTENT_TYPE_SPEECH Usage: AUDIO_USAGE_ASSISTANT Source: AUDIO_SOURCE_INVALID Flags: 0x0 Tags:  }
03-27 20:23:32.388 31983 21795 I APM_AudioPolicyManager: setStreamVolumeIndex: stream AUDIO_STREAM_ASSISTANT attributes={ Content type: AUDIO_CONTENT_TYPE_SPEECH Usage: AUDIO_USAGE_ASSISTANT Source: AUDIO_SOURCE_INVALID Flags: 0x0 Tags:  }
03-27 20:23:32.394 31983 32360 I APM_AudioPolicyManager: setStreamVolumeIndex: stream AUDIO_STREAM_ASSISTANT attributes={ Content type: AUDIO_CONTENT_TYPE_SPEECH Usage: AUDIO_USAGE_ASSISTANT Source: AUDIO_SOURCE_INVALID Flags: 0x0 Tags:  }
03-27 20:23:32.396 31983 32360 I APM_AudioPolicyManager: setStreamVolumeIndex: stream AUDIO_STREAM_ASSISTANT attributes={ Content type: AUDIO_CONTENT_TYPE_SPEECH Usage: AUDIO_USAGE_ASSISTANT Source: AUDIO_SOURCE_INVALID Flags: 0x0 Tags:  }
03-27 20:23:32.403 31983 32360 I APM_AudioPolicyManager: setStreamVolumeIndex: stream AUDIO_STREAM_ASSISTANT attributes={ Content type: AUDIO_CONTENT_TYPE_SPEECH Usage: AUDIO_USAGE_ASSISTANT Source: AUDIO_SOURCE_INVALID Flags: 0x0 Tags:  }
03-27 20:23:32.414 24402 25260 D SarManager: isVoiceCallStreamActive is:3
03-27 20:23:32.415 31983 32360 D APM_AudioPolicyManager: setForceUse() usage 7, config 0, mPhoneState 3
03-27 20:23:32.415 31983 32360 I APM_AudioPolicyManager: setStreamVolumeIndex: stream AUDIO_STREAM_DTMF attributes={ Content type: AUDIO_CONTENT_TYPE_UNKNOWN Usage: AUDIO_USAGE_VOICE_COMMUNICATION_SIGNALLING Source: AUDIO_SOURCE_INVALID Flags: 0x0 Tags:  }
03-27 20:23:32.417 31983 32360 I APM_AudioPolicyManager: setStreamVolumeIndex: stream AUDIO_STREAM_DTMF attributes={ Content type: AUDIO_CONTENT_TYPE_UNKNOWN Usage: AUDIO_USAGE_VOICE_COMMUNICATION_SIGNALLING Source: AUDIO_SOURCE_INVALID Flags: 0x0 Tags:  }
03-27 20:23:32.418  1331  4259 V AS.AudioDeviceBroker: requestedCommunicationDevice: AudioDeviceAttributes: role:output type:speaker addr: name: profiles:[] descriptors:[] mAudioModeOwner: AudioModeInfo: mMode=MODE_IN_COMMUNICATION, mPid=30322, mUid=10214
03-27 20:23:32.418 24402 25260 D SarManager: isSpeakerphoneOn : true
03-27 20:23:32.418 24402 25260 D SarManager: streamType : 10
03-27 20:23:32.419 24402 25260 D SarManager: Switching to earpiece : HEAD ON
03-27 20:23:32.419 24402 25260 D SarManager: Old device = 2
03-27 20:23:32.427 31983 32360 I APM_AudioPolicyManager: setStreamVolumeIndex: stream AUDIO_STREAM_DTMF attributes={ Content type: AUDIO_CONTENT_TYPE_UNKNOWN Usage: AUDIO_USAGE_VOICE_COMMUNICATION_SIGNALLING Source: AUDIO_SOURCE_INVALID Flags: 0x0 Tags:  }
03-27 20:23:32.431 31983 32360 I APM_AudioPolicyManager: setStreamVolumeIndex: stream AUDIO_STREAM_DTMF attributes={ Content type: AUDIO_CONTENT_TYPE_UNKNOWN Usage: AUDIO_USAGE_VOICE_COMMUNICATION_SIGNALLING Source: AUDIO_SOURCE_INVALID Flags: 0x0 Tags:  }
03-27 20:23:32.433 31983 32360 I APM_AudioPolicyManager: setStreamVolumeIndex: stream AUDIO_STREAM_DTMF attributes={ Content type: AUDIO_CONTENT_TYPE_UNKNOWN Usage: AUDIO_USAGE_VOICE_COMMUNICATION_SIGNALLING Source: AUDIO_SOURCE_INVALID Flags: 0x0 Tags:  }
03-27 20:23:32.440 31983 32360 I APM_AudioPolicyManager: setStreamVolumeIndex: stream AUDIO_STREAM_DTMF attributes={ Content type: AUDIO_CONTENT_TYPE_UNKNOWN Usage: AUDIO_USAGE_VOICE_COMMUNICATION_SIGNALLING Source: AUDIO_SOURCE_INVALID Flags: 0x0 Tags:  }
03-27 20:23:32.442  1038  1038 D Camera3-Device: Set real time priority for request queue thread (tid 12307)
03-27 20:23:32.444 31983 32360 I APM_AudioPolicyManager: setStreamVolumeIndex: stream AUDIO_STREAM_DTMF attributes={ Content type: AUDIO_CONTENT_TYPE_UNKNOWN Usage: AUDIO_USAGE_VOICE_COMMUNICATION_SIGNALLING Source: AUDIO_SOURCE_INVALID Flags: 0x0 Tags:  }
03-27 20:23:32.457 31983 32360 I APM_AudioPolicyManager: setStreamVolumeIndex: stream AUDIO_STREAM_DTMF attributes={ Content type: AUDIO_CONTENT_TYPE_UNKNOWN Usage: AUDIO_USAGE_VOICE_COMMUNICATION_SIGNALLING Source: AUDIO_SOURCE_INVALID Flags: 0x0 Tags:  }
03-27 20:23:32.461   905 12320 I AIC     : [Detector_create,102]: dt->session = 0xeac44810
03-27 20:23:32.461   905 12320 I AIC     : [Detector_create,107]: dt->net resizeTensor = 0xead689d0
03-27 20:23:32.461   905 12320 I AIC     : [Detector_create,109]: dt->net resizeSession = 0xead689d0
03-27 20:23:32.463 31983 32360 I APM_AudioPolicyManager: setStreamVolumeIndex: stream AUDIO_STREAM_DTMF attributes={ Content type: AUDIO_CONTENT_TYPE_UNKNOWN Usage: AUDIO_USAGE_VOICE_COMMUNICATION_SIGNALLING Source: AUDIO_SOURCE_INVALID Flags: 0x0 Tags:  }
03-27 20:23:32.464   905 12320 I AIC     : [aicCreate,213]: id = 1, ctx = 0xeb065340
03-27 20:23:32.464   905 12320 I AIC     : [AIC_CreateHandle,198]: exit
03-27 20:23:32.464   905 12320 I ai_sprd_adpt: 114, ai_sprd_adpt_init: aci version: built data: Mar 14 2022.
03-27 20:23:32.464   905 12320 I ai_sprd_adpt: 115, ai_sprd_adpt_init: aci version: built time: 15:03:11.
03-27 20:23:32.464   905 12320 I ai_sprd_adpt: 116, ai_sprd_adpt_init: aci version: built rev: 2.0.11.1.1837053.
03-27 20:23:32.464   905 12320 I ai_sprd_adpt: 127, ai_sprd_adpt_init: done.
03-27 20:23:32.464   905 12320 I ai_ctrl : 295, ai_ctrl_init: done 0
03-27 20:23:32.465   905 12320 I isp_alg_fw: 6498, ispalg_ai_init: done 0
03-27 20:23:32.466 31983 32360 I APM_AudioPolicyManager: setStreamVolumeIndex: stream AUDIO_STREAM_DTMF attributes={ Content type: AUDIO_CONTENT_TYPE_UNKNOWN Usage: AUDIO_USAGE_VOICE_COMMUNICATION_SIGNALLING Source: AUDIO_SOURCE_INVALID Flags: 0x0 Tags:  }
03-27 20:23:32.470 31983 32360 I APM_AudioPolicyManager: setStreamVolumeIndex: stream AUDIO_STREAM_DTMF attributes={ Content type: AUDIO_CONTENT_TYPE_UNKNOWN Usage: AUDIO_USAGE_VOICE_COMMUNICATION_SIGNALLING Source: AUDIO_SOURCE_INVALID Flags: 0x0 Tags:  }
03-27 20:23:32.473 31983 32360 I APM_AudioPolicyManager: setStreamVolumeIndex: stream AUDIO_STREAM_DTMF attributes={ Content type: AUDIO_CONTENT_TYPE_UNKNOWN Usage: AUDIO_USAGE_VOICE_COMMUNICATION_SIGNALLING Source: AUDIO_SOURCE_INVALID Flags: 0x0 Tags:  }
03-27 20:23:32.475 31983 32360 I APM_AudioPolicyManager: setStreamVolumeIndex: stream AUDIO_STREAM_DTMF attributes={ Content type: AUDIO_CONTENT_TYPE_UNKNOWN Usage: AUDIO_USAGE_VOICE_COMMUNICATION_SIGNALLING Source: AUDIO_SOURCE_INVALID Flags: 0x0 Tags:  }
03-27 20:23:32.477 31983 32360 I APM_AudioPolicyManager: setStreamVolumeIndex: stream AUDIO_STREAM_DTMF attributes={ Content type: AUDIO_CONTENT_TYPE_UNKNOWN Usage: AUDIO_USAGE_VOICE_COMMUNICATION_SIGNALLING Source: AUDIO_SOURCE_INVALID Flags: 0x0 Tags:  }
03-27 20:23:32.479 31983 32360 I APM_AudioPolicyManager: setStreamVolumeIndex: stream AUDIO_STREAM_DTMF attributes={ Content type: AUDIO_CONTENT_TYPE_UNKNOWN Usage: AUDIO_USAGE_VOICE_COMMUNICATION_SIGNALLING Source: AUDIO_SOURCE_INVALID Flags: 0x0 Tags:  }
03-27 20:23:32.481 31983 32360 I APM_AudioPolicyManager: setStreamVolumeIndex: stream AUDIO_STREAM_DTMF attributes={ Content type: AUDIO_CONTENT_TYPE_UNKNOWN Usage: AUDIO_USAGE_VOICE_COMMUNICATION_SIGNALLING Source: AUDIO_SOURCE_INVALID Flags: 0x0 Tags:  }
03-27 20:23:32.484 31983 32360 I APM_AudioPolicyManager: setStreamVolumeIndex: stream AUDIO_STREAM_ACCESSIBILITY attributes={ Content type: AUDIO_CONTENT_TYPE_UNKNOWN Usage: AUDIO_USAGE_ASSISTANCE_ACCESSIBILITY Source: AUDIO_SOURCE_INVALID Flags: 0x0 Tags:  }
03-27 20:23:32.486 12124 12169 D CompatibilityChangeReporter: Compat change id reported: 183155436; UID 10165; state: ENABLED
