03-27 20:23:27.695 24402 24413 D BLASTBufferQueue: [VRI[NotificationShade]#1102](f:0,a:4) PendingRelease=1, PendingBuffersToHold=0, SyncedFrameNumbers=0, lacfnr:181, lapfnr:181
03-27 20:23:27.707 24402 24413 D BLASTBufferQueue: [VRI[NotificationShade]#1102](f:0,a:4) PendingRelease=1, PendingBuffersToHold=0, SyncedFrameNumbers=0, lacfnr:182, lapfnr:182
03-27 20:23:27.718 24402 24413 D BLASTBufferQueue: [VRI[NotificationShade]#1102](f:0,a:4) PendingRelease=1, PendingBuffersToHold=0, SyncedFrameNumbers=0, lacfnr:183, lapfnr:183
03-27 20:23:27.729 24402 24413 D BLASTBufferQueue: [VRI[NotificationShade]#1102](f:0,a:4) PendingRelease=1, PendingBuffersToHold=0, SyncedFrameNumbers=0, lacfnr:184, lapfnr:184
03-27 20:23:27.740 24402 24413 D BLASTBufferQueue: [VRI[NotificationShade]#1102](f:0,a:4) PendingRelease=1, PendingBuffersToHold=0, SyncedFrameNumbers=0, lacfnr:185, lapfnr:185
03-27 20:23:27.751 24402 24413 D BLASTBufferQueue: [VRI[NotificationShade]#1102](f:0,a:4) PendingRelease=1, PendingBuffersToHold=0, SyncedFrameNumbers=0, lacfnr:186, lapfnr:186
03-27 20:23:27.762 24402 24413 D BLASTBufferQueue: [VRI[NotificationShade]#1102](f:0,a:4) PendingRelease=1, PendingBuffersToHold=0, SyncedFrameNumbers=0, lacfnr:187, lapfnr:187
03-27 20:23:27.773 24402 24413 D BLASTBufferQueue: [VRI[NotificationShade]#1102](f:0,a:4) PendingRelease=1, PendingBuffersToHold=0, SyncedFrameNumbers=0, lacfnr:188, lapfnr:188
03-27 20:23:27.784 24402 24413 D BLASTBufferQueue: [VRI[NotificationShade]#1102](f:0,a:4) PendingRelease=1, PendingBuffersToHold=0, SyncedFrameNumbers=0, lacfnr:189, lapfnr:189
03-27 20:23:27.795 24402 24413 D BLASTBufferQueue: [VRI[NotificationShade]#1102](f:0,a:4) PendingRelease=1, PendingBuffersToHold=0, SyncedFrameNumbers=0, lacfnr:190, lapfnr:190
03-27 20:23:27.807 24402 24413 D BLASTBufferQueue: [VRI[NotificationShade]#1102](f:0,a:4) PendingRelease=1, PendingBuffersToHold=0, SyncedFrameNumbers=0, lacfnr:191, lapfnr:191
03-27 20:23:27.818 24402 24413 D BLASTBufferQueue: [VRI[NotificationShade]#1102](f:0,a:4) PendingRelease=1, PendingBuffersToHold=0, SyncedFrameNumbers=0, lacfnr:192, lapfnr:192
03-27 20:23:27.828 24402 24413 D BLASTBufferQueue: [VRI[NotificationShade]#1102](f:0,a:4) PendingRelease=1, PendingBuffersToHold=0, SyncedFrameNumbers=0, lacfnr:193, lapfnr:193
03-27 20:23:27.840 24402 24413 D BLASTBufferQueue: [VRI[NotificationShade]#1102](f:0,a:4) PendingRelease=1, PendingBuffersToHold=0, SyncedFrameNumbers=0, lacfnr:194, lapfnr:194
03-27 20:23:27.851 24402 24413 D BLASTBufferQueue: [VRI[NotificationShade]#1102](f:0,a:4) PendingRelease=1, PendingBuffersToHold=0, SyncedFrameNumbers=0, lacfnr:195, lapfnr:195
03-27 20:23:27.863 24402 24413 D BLASTBufferQueue: [VRI[NotificationShade]#1102](f:0,a:4) PendingRelease=1, PendingBuffersToHold=0, SyncedFrameNumbers=0, lacfnr:196, lapfnr:196
03-27 20:23:27.873 24402 24413 D BLASTBufferQueue: [VRI[NotificationShade]#1102](f:0,a:4) PendingRelease=1, PendingBuffersToHold=0, SyncedFrameNumbers=0, lacfnr:197, lapfnr:197
03-27 20:23:27.880   936   936 D vendor.sprd.hardware.vibrator-service: vibra_on 750
03-27 20:23:27.880   936   936 D vendor.sprd.hardware.vibrator-service: Vibrator callback is not nullptr
03-27 20:23:27.880  1331  1466 D EventHub: EventHub, epoll_wait start
03-27 20:23:27.880  1331  1466 D EventHub: EventHub, read start
03-27 20:23:27.880  1331  1466 D EventHub: EventHub, start read. now is 314309994.457302
03-27 20:23:27.880  1331  1466 D EventHub: EventHub, end read, now is 314309994.457302, code is 0
03-27 20:23:27.880  1331  1466 I InputReader: processEventsLocked: type=21 Count=9 code=0 value=0 deviceId=5 when=228473395000
03-27 20:23:27.880  1331  1466 D InputReader: BatchSize: 9 Count: 9
03-27 20:23:27.880  1331  1466 D InputReader: Input event: eventHubDevice=5 type=EV_FF code=0 value=0 when=228473395000
03-27 20:23:27.880  1331  1466 D InputReader: Input event: eventHubDevice=5 type=EV_FF code=0 value=1 when=228473395000
03-27 20:23:27.880  1331  1466 D InputReader: Input event: eventHubDevice=5 type=EV_FF code=0 value=0 when=228473395000
03-27 20:23:27.880  1331  1466 D InputReader: Input event: eventHubDevice=5 type=EV_FF code=0 value=1 when=228473395000
03-27 20:23:27.880  1331  1466 D InputReader: Input event: eventHubDevice=5 type=EV_FF code=0 value=0 when=228473395000
03-27 20:23:27.880  1331  1466 D InputReader: Input event: eventHubDevice=5 type=EV_FF code=0 value=1 when=228473395000
03-27 20:23:27.880  1331  1466 D InputReader: Input event: eventHubDevice=5 type=EV_FF code=0 value=0 when=228473395000
03-27 20:23:27.880  1331  1466 D InputReader: Input event: eventHubDevice=5 type=EV_FF code=0 value=1 when=228473395000
03-27 20:23:27.880  1331  1466 D InputReader: Input event: eventHubDevice=5 type=EV_SYN code=SYN_REPORT value=1 when=228473395000
03-27 20:23:27.881   936 12120 D vendor.sprd.hardware.vibrator-service: Starting on on another thread
03-27 20:23:27.885 24402 24413 D BLASTBufferQueue: [VRI[NotificationShade]#1102](f:0,a:4) PendingRelease=1, PendingBuffersToHold=0, SyncedFrameNumbers=0, lacfnr:198, lapfnr:198
03-27 20:23:27.896 24402 24413 D BLASTBufferQueue: [VRI[NotificationShade]#1102](f:0,a:4) PendingRelease=1, PendingBuffersToHold=0, SyncedFrameNumbers=0, lacfnr:199, lapfnr:199
03-27 20:23:27.907 24402 24413 D BLASTBufferQueue: [VRI[NotificationShade]#1102](f:0,a:4) PendingRelease=1, PendingBuffersToHold=0, SyncedFrameNumbers=0, lacfnr:200, lapfnr:200
03-27 20:23:27.918 24402 24413 D BLASTBufferQueue: [VRI[NotificationShade]#1102](f:0,a:4) PendingRelease=1, PendingBuffersToHold=0, SyncedFrameNumbers=0, lacfnr:201, lapfnr:201
03-27 20:23:27.929 24402 24413 D BLASTBufferQueue: [VRI[NotificationShade]#1102](f:0,a:4) PendingRelease=1, PendingBuffersToHold=0, SyncedFrameNumbers=0, lacfnr:202, lapfnr:202
03-27 20:23:27.940 24402 24413 D BLASTBufferQueue: [VRI[NotificationShade]#1102](f:0,a:4) PendingRelease=1, PendingBuffersToHold=0, SyncedFrameNumbers=0, lacfnr:203, lapfnr:203
03-27 20:23:27.951 24402 24413 D BLASTBufferQueue: [VRI[NotificationShade]#1102](f:0,a:4) PendingRelease=1, PendingBuffersToHold=0, SyncedFrameNumbers=0, lacfnr:204, lapfnr:204
03-27 20:23:27.963 24402 24413 D BLASTBufferQueue: [VRI[NotificationShade]#1102](f:0,a:4) PendingRelease=1, PendingBuffersToHold=0, SyncedFrameNumbers=0, lacfnr:205, lapfnr:205
03-27 20:23:27.973 24402 24413 D BLASTBufferQueue: [VRI[NotificationShade]#1102](f:0,a:4) PendingRelease=1, PendingBuffersToHold=0, SyncedFrameNumbers=0, lacfnr:206, lapfnr:206
03-27 20:23:27.985 24402 24413 D BLASTBufferQueue: [VRI[NotificationShade]#1102](f:0,a:4) PendingRelease=1, PendingBuffersToHold=0, SyncedFrameNumbers=0, lacfnr:207, lapfnr:207
03-27 20:23:27.995 24402 24413 D BLASTBufferQueue: [VRI[NotificationShade]#1102](f:0,a:4) PendingRelease=1, PendingBuffersToHold=0, SyncedFrameNumbers=0, lacfnr:208, lapfnr:208
03-27 20:23:28.007 24402 24413 D BLASTBufferQueue: [VRI[NotificationShade]#1102](f:0,a:4) PendingRelease=1, PendingBuffersToHold=0, SyncedFrameNumbers=0, lacfnr:209, lapfnr:209
03-27 20:23:28.019 24402 24413 D BLASTBufferQueue: [VRI[NotificationShade]#1102](f:0,a:4) PendingRelease=1, PendingBuffersToHold=0, SyncedFrameNumbers=0, lacfnr:210, lapfnr:210
03-27 20:23:28.030 24402 24413 D BLASTBufferQueue: [VRI[NotificationShade]#1102](f:0,a:4) PendingRelease=1, PendingBuffersToHold=0, SyncedFrameNumbers=0, lacfnr:211, lapfnr:211
03-27 20:23:28.040 24402 24413 D BLASTBufferQueue: [VRI[NotificationShade]#1102](f:0,a:4) PendingRelease=1, PendingBuffersToHold=0, SyncedFrameNumbers=0, lacfnr:212, lapfnr:212
03-27 20:23:28.052 24402 24413 D BLASTBufferQueue: [VRI[NotificationShade]#1102](f:0,a:4) PendingRelease=1, PendingBuffersToHold=0, SyncedFrameNumbers=0, lacfnr:213, lapfnr:213
03-27 20:23:28.063 24402 24413 D BLASTBufferQueue: [VRI[NotificationShade]#1102](f:0,a:4) PendingRelease=1, PendingBuffersToHold=0, SyncedFrameNumbers=0, lacfnr:214, lapfnr:214
03-27 20:23:28.070  1331  1534 D WifiStaIfaceHidlImpl: getCachedScanData is not implemented by HIDL
03-27 20:23:28.074 24402 24413 D BLASTBufferQueue: [VRI[NotificationShade]#1102](f:0,a:4) PendingRelease=1, PendingBuffersToHold=0, SyncedFrameNumbers=0, lacfnr:215, lapfnr:215
03-27 20:23:28.080 30322 30322 W JobService: onNetworkChanged() not implemented in androidx.work.impl.background.systemjob.SystemJobService. Must override in a subclass.
03-27 20:23:28.085  1331  1534 I HalDevMgr: bestIfaceCreationProposal is null, requestIface=STA, existingIface=[name=wlan0 type=STA]
03-27 20:23:28.086 12785 12951 I BugleRcsEngine: handleMessage processing message:[NOTIFY_UPTIME_IGNORE_STATE_CHANGED] with [non-null]:RcsEngineImpl reference [CONTEXT log_prefix="RcsEngineImpl[DUAL_REG]:[ca8c0744-3e5d]>Handler" thread_id=380 ]
03-27 20:23:28.086 12785 12899 I BugleRcsEngine: Connected state: [1], networkType: [WIFI] [CONTEXT thread_id=376 ]
03-27 20:23:28.088 24402 28493 D BLASTBufferQueue: [VRI[NotificationShade]#1102](f:0,a:4) PendingRelease=1, PendingBuffersToHold=0, SyncedFrameNumbers=0, lacfnr:216, lapfnr:216
03-27 20:23:28.091 30322 30578 D WM-NetworkStateTracker: Network capabilities changed: [ Transports: WIFI Capabilities: NOT_METERED&INTERNET&NOT_RESTRICTED&TRUSTED&NOT_VPN&VALIDATED&NOT_ROAMING&FOREGROUND&NOT_CONGESTED&NOT_SUSPENDED&NOT_VCN_MANAGED LinkUpBandwidth>=1228Kbps LinkDnBandwidth>=12874Kbps TransportInfo: <SSID: <unknown ssid>, BSSID: 02:00:00:00:00:00, MAC: 02:00:00:00:00:00, IP: /192.168.18.176, Security type: 2, Supplicant state: COMPLETED, Wi-Fi standard: 11n, RSSI: -76, Link speed: 52Mbps, Tx Link speed: 52Mbps, Max Supported Tx Link speed: 72Mbps, Rx Link speed: 26Mbps, Max Supported Rx Link speed: 72Mbps, Frequency: 2447MHz, Net ID: -1, Metered hint: false, score: 27, isUsable: false, CarrierMerged: false, SubscriptionId: -1, IsPrimary: -1, Trusted: true, Restricted: false, Ephemeral: false, OEM paid: false, OEM private: false, OSU AP: false, FQDN: <none>, Provider friendly name: <none>, Requesting package name: <none><none>MLO Information: , Is TID-To-Link negotiation supported by the AP: false, AP MLD Address: <none>, AP MLO Link Id: <none>, AP MLO Affiliated links: <none>, Vendor Data: <none>> SignalStrength: -76 UnderlyingNetworks: Null]
03-27 20:23:28.092  1331  1543 D ConnectivityService: NetReassign [no changes] [c 0] [a 0] [i 2]
03-27 20:23:28.092 24402 24553 D WifiSignalController: connected : true, level : 2, isDefault : true, inetCondition : 1, statusLabel : null
03-27 20:23:28.095 24402 24402 D StatusBarIconController: ignoring old pipeline callback because the new wifi icon is enabled
03-27 20:23:28.095 24402 24402 D StatusBarIconController: setIconVisibility: slot=wifi,visibility=true,tag=0
03-27 20:23:28.096 24402 28493 D BLASTBufferQueue: [VRI[NotificationShade]#1102](f:0,a:4) PendingRelease=1, PendingBuffersToHold=0, SyncedFrameNumbers=0, lacfnr:217, lapfnr:217
03-27 20:23:28.098 17156 23698 I NullBinder: NullBinder for android.net.action.RECOMMEND_NETWORKS triggering remote TransactionTooLargeException due to Service without Chimera impl, calling uid: 1000, calling pid: 0
03-27 20:23:28.098 17156 23698 W .gms.persistent: Large reply transaction of 1056768 bytes, interface descriptor , code 1
03-27 20:23:28.106 24402 28493 D BLASTBufferQueue: [VRI[NotificationShade]#1102](f:0,a:4) PendingRelease=1, PendingBuffersToHold=0, SyncedFrameNumbers=0, lacfnr:218, lapfnr:218
03-27 20:23:28.117 24402 28493 D BLASTBufferQueue: [VRI[NotificationShade]#1102](f:0,a:4) PendingRelease=1, PendingBuffersToHold=0, SyncedFrameNumbers=0, lacfnr:219, lapfnr:219
03-27 20:23:28.128 24402 28493 D BLASTBufferQueue: [VRI[NotificationShade]#1102](f:0,a:4) PendingRelease=1, PendingBuffersToHold=0, SyncedFrameNumbers=0, lacfnr:220, lapfnr:220
03-27 20:23:28.140 24402 28493 D BLASTBufferQueue: [VRI[NotificationShade]#1102](f:0,a:4) PendingRelease=1, PendingBuffersToHold=0, SyncedFrameNumbers=0, lacfnr:221, lapfnr:221
03-27 20:23:28.151 24402 28493 D BLASTBufferQueue: [VRI[NotificationShade]#1102](f:0,a:4) PendingRelease=1, PendingBuffersToHold=0, SyncedFrameNumbers=0, lacfnr:222, lapfnr:222
03-27 20:23:28.163 24402 28493 D BLASTBufferQueue: [VRI[NotificationShade]#1102](f:0,a:4) PendingRelease=1, PendingBuffersToHold=0, SyncedFrameNumbers=0, lacfnr:223, lapfnr:223
03-27 20:23:28.173 24402 28493 D BLASTBufferQueue: [VRI[NotificationShade]#1102](f:0,a:4) PendingRelease=1, PendingBuffersToHold=0, SyncedFrameNumbers=0, lacfnr:224, lapfnr:224
03-27 20:23:28.184 24402 28493 D BLASTBufferQueue: [VRI[NotificationShade]#1102](f:0,a:4) PendingRelease=1, PendingBuffersToHold=0, SyncedFrameNumbers=0, lacfnr:225, lapfnr:225
03-27 20:23:28.196 24402 28493 D BLASTBufferQueue: [VRI[NotificationShade]#1102](f:0,a:4) PendingRelease=1, PendingBuffersToHold=0, SyncedFrameNumbers=0, lacfnr:226, lapfnr:226
03-27 20:23:28.206 24402 28493 D BLASTBufferQueue: [VRI[NotificationShade]#1102](f:0,a:4) PendingRelease=1, PendingBuffersToHold=0, SyncedFrameNumbers=0, lacfnr:227, lapfnr:227
03-27 20:23:28.217 24402 28493 D BLASTBufferQueue: [VRI[NotificationShade]#1102](f:0,a:4) PendingRelease=1, PendingBuffersToHold=0, SyncedFrameNumbers=0, lacfnr:228, lapfnr:228
03-27 20:23:28.228 24402 28493 D BLASTBufferQueue: [VRI[NotificationShade]#1102](f:0,a:4) PendingRelease=1, PendingBuffersToHold=0, SyncedFrameNumbers=0, lacfnr:229, lapfnr:229
03-27 20:23:28.240 24402 28493 D BLASTBufferQueue: [VRI[NotificationShade]#1102](f:0,a:4) PendingRelease=1, PendingBuffersToHold=0, SyncedFrameNumbers=0, lacfnr:230, lapfnr:230
03-27 20:23:28.251 24402 28493 D BLASTBufferQueue: [VRI[NotificationShade]#1102](f:0,a:4) PendingRelease=1, PendingBuffersToHold=0, SyncedFrameNumbers=0, lacfnr:231, lapfnr:231
03-27 20:23:28.262 12785 12790 I s.messaging:rcs: Background concurrent mark compact GC freed 3877KB AllocSpace bytes, 0(0B) LOS objects, 49% free, 3863KB/7727KB, paused 486us,6.760ms total 160.955ms
03-27 20:23:28.262 24402 28493 D BLASTBufferQueue: [VRI[NotificationShade]#1102](f:0,a:4) PendingRelease=1, PendingBuffersToHold=0, SyncedFrameNumbers=0, lacfnr:232, lapfnr:232
03-27 20:23:28.274 24402 28493 D BLASTBufferQueue: [VRI[NotificationShade]#1102](f:0,a:4) PendingRelease=1, PendingBuffersToHold=0, SyncedFrameNumbers=0, lacfnr:233, lapfnr:233
03-27 20:23:28.285 24402 28493 D BLASTBufferQueue: [VRI[NotificationShade]#1102](f:0,a:4) PendingRelease=1, PendingBuffersToHold=0, SyncedFrameNumbers=0, lacfnr:234, lapfnr:234
03-27 20:23:28.296 24402 28493 D BLASTBufferQueue: [VRI[NotificationShade]#1102](f:0,a:4) PendingRelease=1, PendingBuffersToHold=0, SyncedFrameNumbers=0, lacfnr:235, lapfnr:235
03-27 20:23:28.308 24402 28493 D BLASTBufferQueue: [VRI[NotificationShade]#1102](f:0,a:4) PendingRelease=1, PendingBuffersToHold=0, SyncedFrameNumbers=0, lacfnr:236, lapfnr:236
03-27 20:23:28.313  1126  1767 D BufferPoolAccessor2.0: evictor expired: 2, evicted: 0
03-27 20:23:28.318 24402 28493 D BLASTBufferQueue: [VRI[NotificationShade]#1102](f:0,a:4) PendingRelease=1, PendingBuffersToHold=0, SyncedFrameNumbers=0, lacfnr:237, lapfnr:237
03-27 20:23:28.330 24402 28493 D BLASTBufferQueue: [VRI[NotificationShade]#1102](f:0,a:4) PendingRelease=1, PendingBuffersToHold=0, SyncedFrameNumbers=0, lacfnr:238, lapfnr:238
03-27 20:23:28.341 24402 28493 D BLASTBufferQueue: [VRI[NotificationShade]#1102](f:0,a:4) PendingRelease=1, PendingBuffersToHold=0, SyncedFrameNumbers=0, lacfnr:239, lapfnr:239
03-27 20:23:28.352 24402 28493 D BLASTBufferQueue: [VRI[NotificationShade]#1102](f:0,a:4) PendingRelease=1, PendingBuffersToHold=0, SyncedFrameNumbers=0, lacfnr:240, lapfnr:240
03-27 20:23:28.358 30322  3984 D BufferPoolAccessor2.0: bufferpool2 0xb400007d6c0d1198 : 0(0 size) total buffers - 0(0 size) used buffers - 2/7 (recycle/alloc) - 13/98 (fetch/transfer)
03-27 20:23:28.358 30322  3984 D BufferPoolAccessor2.0: evictor expired: 1, evicted: 1
03-27 20:23:28.363 24402 28493 D BLASTBufferQueue: [VRI[NotificationShade]#1102](f:0,a:4) PendingRelease=1, PendingBuffersToHold=0, SyncedFrameNumbers=0, lacfnr:241, lapfnr:241
03-27 20:23:28.374 24402 28493 D BLASTBufferQueue: [VRI[NotificationShade]#1102](f:0,a:4) PendingRelease=1, PendingBuffersToHold=0, SyncedFrameNumbers=0, lacfnr:242, lapfnr:242
03-27 20:23:28.385 24402 28493 D BLASTBufferQueue: [VRI[NotificationShade]#1102](f:0,a:4) PendingRelease=1, PendingBuffersToHold=0, SyncedFrameNumbers=0, lacfnr:243, lapfnr:243
03-27 20:23:28.397 24402 28493 D BLASTBufferQueue: [VRI[NotificationShade]#1102](f:0,a:4) PendingRelease=1, PendingBuffersToHold=0, SyncedFrameNumbers=0, lacfnr:244, lapfnr:244
03-27 20:23:28.407 24402 28493 D BLASTBufferQueue: [VRI[NotificationShade]#1102](f:0,a:4) PendingRelease=1, PendingBuffersToHold=0, SyncedFrameNumbers=0, lacfnr:245, lapfnr:245
03-27 20:23:28.419 24402 28493 D BLASTBufferQueue: [VRI[NotificationShade]#1102](f:0,a:4) PendingRelease=1, PendingBuffersToHold=0, SyncedFrameNumbers=0, lacfnr:246, lapfnr:246
03-27 20:23:28.430 24402 28493 D BLASTBufferQueue: [VRI[NotificationShade]#1102](f:0,a:4) PendingRelease=1, PendingBuffersToHold=0, SyncedFrameNumbers=0, lacfnr:247, lapfnr:247
03-27 20:23:28.441 24402 28493 D BLASTBufferQueue: [VRI[NotificationShade]#1102](f:0,a:4) PendingRelease=1, PendingBuffersToHold=0, SyncedFrameNumbers=0, lacfnr:248, lapfnr:248
03-27 20:23:28.452 24402 28493 D BLASTBufferQueue: [VRI[NotificationShade]#1102](f:0,a:4) PendingRelease=1, PendingBuffersToHold=0, SyncedFrameNumbers=0, lacfnr:249, lapfnr:249
03-27 20:23:28.463 24402 28493 D BLASTBufferQueue: [VRI[NotificationShade]#1102](f:0,a:4) PendingRelease=1, PendingBuffersToHold=0, SyncedFrameNumbers=0, lacfnr:250, lapfnr:250
03-27 20:23:28.475 24402 28493 D BLASTBufferQueue: [VRI[NotificationShade]#1102](f:0,a:4) PendingRelease=1, PendingBuffersToHold=0, SyncedFrameNumbers=0, lacfnr:251, lapfnr:251
03-27 20:23:28.486 24402 28493 D BLASTBufferQueue: [VRI[NotificationShade]#1102](f:0,a:4) PendingRelease=1, PendingBuffersToHold=0, SyncedFrameNumbers=0, lacfnr:252, lapfnr:252
03-27 20:23:28.497 24402 28493 D BLASTBufferQueue: [VRI[NotificationShade]#1102](f:0,a:4) PendingRelease=1, PendingBuffersToHold=0, SyncedFrameNumbers=0, lacfnr:253, lapfnr:253
03-27 20:23:28.508 24402 28493 D BLASTBufferQueue: [VRI[NotificationShade]#1102](f:0,a:4) PendingRelease=1, PendingBuffersToHold=0, SyncedFrameNumbers=0, lacfnr:254, lapfnr:254
03-27 20:23:28.519 24402 28493 D BLASTBufferQueue: [VRI[NotificationShade]#1102](f:0,a:4) PendingRelease=1, PendingBuffersToHold=0, SyncedFrameNumbers=0, lacfnr:255, lapfnr:255
03-27 20:23:28.530 24402 28493 D BLASTBufferQueue: [VRI[NotificationShade]#1102](f:0,a:4) PendingRelease=1, PendingBuffersToHold=0, SyncedFrameNumbers=0, lacfnr:256, lapfnr:256
03-27 20:23:28.541 24402 28493 D BLASTBufferQueue: [VRI[NotificationShade]#1102](f:0,a:4) PendingRelease=1, PendingBuffersToHold=0, SyncedFrameNumbers=0, lacfnr:257, lapfnr:257
03-27 20:23:28.552 24402 28493 D BLASTBufferQueue: [VRI[NotificationShade]#1102](f:0,a:4) PendingRelease=1, PendingBuffersToHold=0, SyncedFrameNumbers=0, lacfnr:258, lapfnr:258
03-27 20:23:28.564 24402 28493 D BLASTBufferQueue: [VRI[NotificationShade]#1102](f:0,a:4) PendingRelease=1, PendingBuffersToHold=0, SyncedFrameNumbers=0, lacfnr:259, lapfnr:259
03-27 20:23:28.575 24402 28493 D BLASTBufferQueue: [VRI[NotificationShade]#1102](f:0,a:4) PendingRelease=1, PendingBuffersToHold=0, SyncedFrameNumbers=0, lacfnr:260, lapfnr:260
03-27 20:23:28.585 24402 28493 D BLASTBufferQueue: [VRI[NotificationShade]#1102](f:0,a:4) PendingRelease=1, PendingBuffersToHold=0, SyncedFrameNumbers=0, lacfnr:261, lapfnr:261
03-27 20:23:28.597 24402 28493 D BLASTBufferQueue: [VRI[NotificationShade]#1102](f:0,a:4) PendingRelease=1, PendingBuffersToHold=0, SyncedFrameNumbers=0, lacfnr:262, lapfnr:262
03-27 20:23:28.601 17156  7958 I NearbySharing: Network state changed: NetworkState(isRestricted=false, isOnline=true, isCongested=false, isMetered=false, isWifiConnected=true)
03-27 20:23:28.608 24402 28493 D BLASTBufferQueue: [VRI[NotificationShade]#1102](f:0,a:4) PendingRelease=1, PendingBuffersToHold=0, SyncedFrameNumbers=0, lacfnr:263, lapfnr:263
03-27 20:23:28.619 24402 28493 D BLASTBufferQueue: [VRI[NotificationShade]#1102](f:0,a:4) PendingRelease=1, PendingBuffersToHold=0, SyncedFrameNumbers=0, lacfnr:264, lapfnr:264
03-27 20:23:28.629   936   936 D vendor.sprd.hardware.vibrator-service: vibra_off
03-27 20:23:28.630 24402 28493 D BLASTBufferQueue: [VRI[NotificationShade]#1102](f:0,a:4) PendingRelease=1, PendingBuffersToHold=0, SyncedFrameNumbers=0, lacfnr:265, lapfnr:265
03-27 20:23:28.631   936 12120 D vendor.sprd.hardware.vibrator-service: Notifying on complete
03-27 20:23:28.641 24402 28493 D BLASTBufferQueue: [VRI[NotificationShade]#1102](f:0,a:4) PendingRelease=1, PendingBuffersToHold=0, SyncedFrameNumbers=0, lacfnr:266, lapfnr:266
03-27 20:23:28.652 24402 28493 D BLASTBufferQueue: [VRI[NotificationShade]#1102](f:0,a:4) PendingRelease=1, PendingBuffersToHold=0, SyncedFrameNumbers=0, lacfnr:267, lapfnr:267
03-27 20:23:28.663 24402 28493 D BLASTBufferQueue: [VRI[NotificationShade]#1102](f:0,a:4) PendingRelease=1, PendingBuffersToHold=0, SyncedFrameNumbers=0, lacfnr:268, lapfnr:268
03-27 20:23:28.674 24402 28493 D BLASTBufferQueue: [VRI[NotificationShade]#1102](f:0,a:4) PendingRelease=1, PendingBuffersToHold=0, SyncedFrameNumbers=0, lacfnr:269, lapfnr:269
03-27 20:23:28.686 24402 28493 D BLASTBufferQueue: [VRI[NotificationShade]#1102](f:0,a:4) PendingRelease=1, PendingBuffersToHold=0, SyncedFrameNumbers=0, lacfnr:270, lapfnr:270
03-27 20:23:28.697 24402 28493 D BLASTBufferQueue: [VRI[NotificationShade]#1102](f:0,a:4) PendingRelease=1, PendingBuffersToHold=0, SyncedFrameNumbers=0, lacfnr:271, lapfnr:271
03-27 20:23:28.709 24402 28493 D BLASTBufferQueue: [VRI[NotificationShade]#1102](f:0,a:4) PendingRelease=1, PendingBuffersToHold=0, SyncedFrameNumbers=0, lacfnr:272, lapfnr:272
03-27 20:23:28.719 24402 28493 D BLASTBufferQueue: [VRI[NotificationShade]#1102](f:0,a:4) PendingRelease=1, PendingBuffersToHold=0, SyncedFrameNumbers=0, lacfnr:273, lapfnr:273
03-27 20:23:28.731 24402 28493 D BLASTBufferQueue: [VRI[NotificationShade]#1102](f:0,a:4) PendingRelease=1, PendingBuffersToHold=0, SyncedFrameNumbers=0, lacfnr:274, lapfnr:274
03-27 20:23:28.741 24402 28493 D BLASTBufferQueue: [VRI[NotificationShade]#1102](f:0,a:4) PendingRelease=1, PendingBuffersToHold=0, SyncedFrameNumbers=0, lacfnr:275, lapfnr:275
03-27 20:23:28.753 24402 28493 D BLASTBufferQueue: [VRI[NotificationShade]#1102](f:0,a:4) PendingRelease=1, PendingBuffersToHold=0, SyncedFrameNumbers=0, lacfnr:276, lapfnr:276
03-27 20:23:28.764 24402 28493 D BLASTBufferQueue: [VRI[NotificationShade]#1102](f:0,a:4) PendingRelease=1, PendingBuffersToHold=0, SyncedFrameNumbers=0, lacfnr:277, lapfnr:277
03-27 20:23:28.774 24402 28493 D BLASTBufferQueue: [VRI[NotificationShade]#1102](f:0,a:4) PendingRelease=1, PendingBuffersToHold=0, SyncedFrameNumbers=0, lacfnr:278, lapfnr:278
03-27 20:23:28.786 24402 28493 D BLASTBufferQueue: [VRI[NotificationShade]#1102](f:0,a:4) PendingRelease=1, PendingBuffersToHold=0, SyncedFrameNumbers=0, lacfnr:279, lapfnr:279
03-27 20:23:28.797 24402 28493 D BLASTBufferQueue: [VRI[NotificationShade]#1102](f:0,a:4) PendingRelease=1, PendingBuffersToHold=0, SyncedFrameNumbers=0, lacfnr:280, lapfnr:280
03-27 20:23:28.808 24402 28493 D BLASTBufferQueue: [VRI[NotificationShade]#1102](f:0,a:4) PendingRelease=1, PendingBuffersToHold=0, SyncedFrameNumbers=0, lacfnr:281, lapfnr:281
03-27 20:23:28.819 24402 28493 D BLASTBufferQueue: [VRI[NotificationShade]#1102](f:0,a:4) PendingRelease=1, PendingBuffersToHold=0, SyncedFrameNumbers=0, lacfnr:282, lapfnr:282
03-27 20:23:28.831 24402 28493 D BLASTBufferQueue: [VRI[NotificationShade]#1102](f:0,a:4) PendingRelease=1, PendingBuffersToHold=0, SyncedFrameNumbers=0, lacfnr:283, lapfnr:283
03-27 20:23:28.841 24402 28493 D BLASTBufferQueue: [VRI[NotificationShade]#1102](f:0,a:4) PendingRelease=1, PendingBuffersToHold=0, SyncedFrameNumbers=0, lacfnr:284, lapfnr:284
03-27 20:23:28.852 24402 28493 D BLASTBufferQueue: [VRI[NotificationShade]#1102](f:0,a:4) PendingRelease=1, PendingBuffersToHold=0, SyncedFrameNumbers=0, lacfnr:285, lapfnr:285
03-27 20:23:28.864 24402 28493 D BLASTBufferQueue: [VRI[NotificationShade]#1102](f:0,a:4) PendingRelease=1, PendingBuffersToHold=0, SyncedFrameNumbers=0, lacfnr:286, lapfnr:286
03-27 20:23:28.875 24402 28493 D BLASTBufferQueue: [VRI[NotificationShade]#1102](f:0,a:4) PendingRelease=1, PendingBuffersToHold=0, SyncedFrameNumbers=0, lacfnr:287, lapfnr:287
03-27 20:23:28.880   936   936 D vendor.sprd.hardware.vibrator-service: vibra_on 750
03-27 20:23:28.880   936   936 D vendor.sprd.hardware.vibrator-service: Vibrator callback is not nullptr
03-27 20:23:28.881   936 12121 D vendor.sprd.hardware.vibrator-service: Starting on on another thread
03-27 20:23:28.887 24402 28493 D BLASTBufferQueue: [VRI[NotificationShade]#1102](f:0,a:4) PendingRelease=1, PendingBuffersToHold=0, SyncedFrameNumbers=0, lacfnr:288, lapfnr:288
03-27 20:23:28.897 24402 28493 D BLASTBufferQueue: [VRI[NotificationShade]#1102](f:0,a:4) PendingRelease=1, PendingBuffersToHold=0, SyncedFrameNumbers=0, lacfnr:289, lapfnr:289
03-27 20:23:28.908 24402 28493 D BLASTBufferQueue: [VRI[NotificationShade]#1102](f:0,a:4) PendingRelease=1, PendingBuffersToHold=0, SyncedFrameNumbers=0, lacfnr:290, lapfnr:290
03-27 20:23:28.920 24402 28493 D BLASTBufferQueue: [VRI[NotificationShade]#1102](f:0,a:4) PendingRelease=1, PendingBuffersToHold=0, SyncedFrameNumbers=0, lacfnr:291, lapfnr:291
03-27 20:23:28.930 24402 28493 D BLASTBufferQueue: [VRI[NotificationShade]#1102](f:0,a:4) PendingRelease=1, PendingBuffersToHold=0, SyncedFrameNumbers=0, lacfnr:292, lapfnr:292
03-27 20:23:28.942 24402 28493 D BLASTBufferQueue: [VRI[NotificationShade]#1102](f:0,a:4) PendingRelease=1, PendingBuffersToHold=0, SyncedFrameNumbers=0, lacfnr:293, lapfnr:293
03-27 20:23:28.953 24402 28493 D BLASTBufferQueue: [VRI[NotificationShade]#1102](f:0,a:4) PendingRelease=1, PendingBuffersToHold=0, SyncedFrameNumbers=0, lacfnr:294, lapfnr:294
03-27 20:23:28.965 24402 28493 D BLASTBufferQueue: [VRI[NotificationShade]#1102](f:0,a:4) PendingRelease=1, PendingBuffersToHold=0, SyncedFrameNumbers=0, lacfnr:295, lapfnr:295
03-27 20:23:28.976 24402 28493 D BLASTBufferQueue: [VRI[NotificationShade]#1102](f:0,a:4) PendingRelease=1, PendingBuffersToHold=0, SyncedFrameNumbers=0, lacfnr:296, lapfnr:296
03-27 20:23:28.986 24402 28493 D BLASTBufferQueue: [VRI[NotificationShade]#1102](f:0,a:4) PendingRelease=1, PendingBuffersToHold=0, SyncedFrameNumbers=0, lacfnr:297, lapfnr:297
03-27 20:23:28.997 24402 28493 D BLASTBufferQueue: [VRI[NotificationShade]#1102](f:0,a:4) PendingRelease=1, PendingBuffersToHold=0, SyncedFrameNumbers=0, lacfnr:298, lapfnr:298
03-27 20:23:29.008 24402 28493 D BLASTBufferQueue: [VRI[NotificationShade]#1102](f:0,a:4) PendingRelease=1, PendingBuffersToHold=0, SyncedFrameNumbers=0, lacfnr:299, lapfnr:299
03-27 20:23:29.019 24402 28493 D BLASTBufferQueue: [VRI[NotificationShade]#1102](f:0,a:4) PendingRelease=1, PendingBuffersToHold=0, SyncedFrameNumbers=0, lacfnr:300, lapfnr:300
03-27 20:23:29.022  1331  1466 D EventHub: EventHub, epoll_wait start
03-27 20:23:29.022  1331  1466 D EventHub: EventHub, read start
03-27 20:23:29.022  1331  1466 D EventHub: EventHub, start read. now is 314311136.355340
03-27 20:23:29.022  1331  1466 D EventHub: EventHub, end read, now is 314311136.355340, code is 57
03-27 20:23:29.022  1331  1466 D InputReader: BatchSize: 6 Count: 6
03-27 20:23:29.022  1331  1466 D InputReader: Input event: eventHubDevice=4 type=EV_ABS code=ABS_MT_TRACKING_ID value=19492 when=314311135846000
03-27 20:23:29.022  1331  1466 D InputReader: Input event: eventHubDevice=4 type=EV_ABS code=ABS_MT_PRESSURE value=23 when=314311135846000
03-27 20:23:29.022  1331  1466 D InputReader: Input event: eventHubDevice=4 type=EV_ABS code=ABS_MT_POSITION_X value=461 when=314311135846000
03-27 20:23:29.022  1331  1466 D InputReader: Input event: eventHubDevice=4 type=EV_ABS code=ABS_MT_POSITION_Y value=249 when=314311135846000
03-27 20:23:29.022  1331  1466 D InputReader: Input event: eventHubDevice=4 type=EV_KEY code=BTN_TOUCH value=DOWN when=314311135846000
03-27 20:23:29.022  1331  1466 D InputReader: Input event: eventHubDevice=4 type=EV_SYN code=SYN_REPORT value=0 when=314311135846000
03-27 20:23:29.022  1331  1466 D InputReader: dispatchTouches action DOWN now(ns): 314311136827955
03-27 20:23:29.022  1331  1466 D InputReader: notifyMotion call dispatcher
03-27 20:23:29.022  1331  1466 D InputDispatcher: notifyMotion - id=1f3294cb eventTime=314311135846000, deviceId=4, source=TOUCHSCREEN, displayId=0, policyFlags=0x0, action=DOWN, actionButton=0x0, flags=0x0, metaState=0x0, buttonState=0x0, edgeFlags=0x0, xPrecision=1.001389, yPrecision=1.000625, xCursorPosition=nan, yCursorPosition=nan, downTime=314311135846000
03-27 20:23:29.022  1331  1466 D InputDispatcher:   Pointer 0: id=0, toolType=FINGER, x=460.360626, y=248.844482, pressure=0.090196, size=0.011765, touchMajor=2.996983, touchMinor=2.996983, toolMajor=2.996983, toolMinor=2.996983, orientation=0.000000
03-27 20:23:29.023  1331  1465 D InputDispatcher: dispatchMotion - eventTime=314311135846000, deviceId=4, source=TOUCHSCREEN, displayId=0, policyFlags=0x62000000, action=DOWN, actionButton=0x0, flags=0x0, metaState=0x0, buttonState=0x0,edgeFlags=0x0, xPrecision=1.001389, yPrecision=1.000625, downTime=314311135846000
03-27 20:23:29.023  1331  1465 D InputDispatcher:   Pointer 0: id=0, toolType=FINGER, x=460.360626, y=248.844482, pressure=0.090196, size=0.011765, touchMajor=2.996983, touchMinor=2.996983, toolMajor=2.996983, toolMinor=2.996983, orientation=0.000000
03-27 20:23:29.023  1331  1465 D InputDispatcher: dispatchEventToCurrentInputTargets
03-27 20:23:29.023  1331  1465 D InputDispatcher: channel 'cf1652a NavigationBar0 (server)' ~ prepareDispatchCycle - flags=DISPATCH_AS_OUTSIDE, globalScaleFactor=1.000000, pointerIds=00000000000000000000000000000000
03-27 20:23:29.023  1331  1465 D InputDispatcher:         default (ROT_0) (TRANSLATE)
03-27 20:23:29.023  1331  1465 D InputDispatcher:             1.0000  -0.0000  0.0000
03-27 20:23:29.023  1331  1465 D InputDispatcher:             -0.0000  1.0000  -1516.0000
03-27 20:23:29.023  1331  1465 D InputDispatcher:             0.0000  0.0000  1.0000
03-27 20:23:29.023  1331  1465 D InputDispatcher: channel 'cf1652a NavigationBar0 (server)' ~ startDispatchCycle
03-27 20:23:29.023  1331  1465 D InputDispatcher: channel '7da7d35 NotificationShade (server)' ~ prepareDispatchCycle - flags=FOREGROUND | SPLIT | DISPATCH_AS_IS, globalScaleFactor=1.000000, pointerIds=00000000000000000000000000000001
03-27 20:23:29.023  1331  1465 D InputDispatcher:         pointerId 0: (ROT_0) (IDENTITY)
03-27 20:23:29.023 24402 24402 D InputEventReceiver: channel 'cf1652a NavigationBar0 (client)' ~ Consuming input events, consumeBatches=false, frameTime=-1
03-27 20:23:29.023  1331  1465 D InputDispatcher: channel '7da7d35 NotificationShade (server)' ~ startDispatchCycle
03-27 20:23:29.024  1331  1465 D InputDispatcher: channel 'PointerEventDispatcher0 (server)' ~ prepareDispatchCycle - flags=DISPATCH_AS_IS, globalScaleFactor=1.000000, pointerIds=00000000000000000000000000000000
03-27 20:23:29.024  1331  1465 D InputDispatcher:         default (ROT_0) (IDENTITY)
03-27 20:23:29.024 24402 24402 D InputEventReceiver: channel 'cf1652a NavigationBar0 (client)' ~ Received motion event.
03-27 20:23:29.024 24402 24402 D InputEventReceiver: channel 'cf1652a NavigationBar0 (client)' ~ Dispatching input event.
03-27 20:23:29.024  1331  1465 D InputDispatcher: channel 'PointerEventDispatcher0 (server)' ~ startDispatchCycle
03-27 20:23:29.024 24402 24402 D InputEventReceiver: channel 'cf1652a NavigationBar0 (client)' ~ Finished input event.
03-27 20:23:29.024  1331  1353 D InputEventReceiver: channel 'PointerEventDispatcher0 (client)' ~ Consuming input events, consumeBatches=false, frameTime=-1
03-27 20:23:29.024  1331  1353 D InputEventReceiver: channel 'PointerEventDispatcher0 (client)' ~ Received motion event.
03-27 20:23:29.024 24402 24402 D InputEventReceiver: channel '7da7d35 NotificationShade (client)' ~ Consuming input events, consumeBatches=false, frameTime=-1
03-27 20:23:29.024  1331  1353 D InputEventReceiver: channel 'PointerEventDispatcher0 (client)' ~ Dispatching input event.
03-27 20:23:29.025  1331  1353 D InputEventReceiver: channel 'PointerEventDispatcher0 (client)' ~ Finished input event.
03-27 20:23:29.025 24402 24402 D InputEventReceiver: channel '7da7d35 NotificationShade (client)' ~ Received motion event.
03-27 20:23:29.025 24402 24402 D InputEventReceiver: channel '7da7d35 NotificationShade (client)' ~ Dispatching input event.
03-27 20:23:29.025  1331  1465 D InputDispatcher: channel 'cf1652a NavigationBar0 (server)' ~ finishDispatchCycle - seq=588109, handled=true
03-27 20:23:29.025  1331  1465 D InputDispatcher: channel 'cf1652a NavigationBar0 (server)' ~ startDispatchCycle
03-27 20:23:29.025  1331  1465 D InputDispatcher: channel 'PointerEventDispatcher0 (server)' ~ finishDispatchCycle - seq=588111, handled=false
03-27 20:23:29.025  1331  1465 D InputDispatcher: channel 'PointerEventDispatcher0 (server)' ~ startDispatchCycle
03-27 20:23:29.031 24402 28493 D BLASTBufferQueue: [VRI[NotificationShade]#1102](f:0,a:4) PendingRelease=1, PendingBuffersToHold=0, SyncedFrameNumbers=0, lacfnr:301, lapfnr:301
03-27 20:23:29.033 11663 11663 I Choreographer: Skipped 83 frames!  The application may be doing too much work on its main thread.
03-27 20:23:29.042 24402 28493 D BLASTBufferQueue: [VRI[NotificationShade]#1102](f:0,a:3) PendingRelease=1, PendingBuffersToHold=0, SyncedFrameNumbers=0, lacfnr:301, lapfnr:301
03-27 20:23:29.054 24402 28493 D BLASTBufferQueue: [VRI[NotificationShade]#1102](f:0,a:2) PendingRelease=1, PendingBuffersToHold=0, SyncedFrameNumbers=0, lacfnr:301, lapfnr:301
03-27 20:23:29.055  1331  1466 D EventHub: EventHub, epoll_wait start
03-27 20:23:29.055  1331  1466 D EventHub: EventHub, read start
03-27 20:23:29.055  1331  1466 D EventHub: EventHub, start read. now is 314311169.467917
03-27 20:23:29.055  1331  1466 D EventHub: EventHub, end read, now is 314311169.467917, code is 48
03-27 20:23:29.055  1331  1466 D InputReader: BatchSize: 2 Count: 2
03-27 20:23:29.055  1331  1466 D InputReader: Input event: eventHubDevice=4 type=EV_ABS code=ABS_MT_TOUCH_MAJOR value=2 when=314311168992000
03-27 20:23:29.055  1331  1466 D InputReader: Input event: eventHubDevice=4 type=EV_SYN code=SYN_REPORT value=0 when=314311168992000
03-27 20:23:29.055  1331  1466 D InputReader: dispatchTouches action MOVE now(ns): 314311169790186
03-27 20:23:29.055  1331  1466 D InputReader: notifyMotion call dispatcher
03-27 20:23:29.055  1331  1466 D InputDispatcher: notifyMotion - id=1255b5d9 eventTime=314311168992000, deviceId=4, source=TOUCHSCREEN, displayId=0, policyFlags=0x0, action=MOVE, actionButton=0x0, flags=0x0, metaState=0x0, buttonState=0x0, edgeFlags=0x0, xPrecision=1.001389, yPrecision=1.000625, xCursorPosition=nan, yCursorPosition=nan, downTime=314311135846000
03-27 20:23:29.056  1331  1466 D InputDispatcher:   Pointer 0: id=0, toolType=FINGER, x=460.360626, y=248.844482, pressure=0.090196, size=0.007843, touchMajor=1.997988, touchMinor=1.997988, toolMajor=1.997988, toolMinor=1.997988, orientation=0.000000
03-27 20:23:29.056  1331  1465 D InputDispatcher: dispatchMotion - eventTime=314311168992000, deviceId=4, source=TOUCHSCREEN, displayId=0, policyFlags=0x62000000, action=MOVE, actionButton=0x0, flags=0x0, metaState=0x0, buttonState=0x0,edgeFlags=0x0, xPrecision=1.001389, yPrecision=1.000625, downTime=314311135846000
03-27 20:23:29.056  1331  1465 D InputDispatcher:   Pointer 0: id=0, toolType=FINGER, x=460.360626, y=248.844482, pressure=0.090196, size=0.007843, touchMajor=1.997988, touchMinor=1.997988, toolMajor=1.997988, toolMinor=1.997988, orientation=0.000000
03-27 20:23:29.056  1331  1465 D InputDispatcher: dispatchEventToCurrentInputTargets
03-27 20:23:29.056  1331  1465 D InputDispatcher: channel '7da7d35 NotificationShade (server)' ~ prepareDispatchCycle - flags=FOREGROUND | SPLIT | DISPATCH_AS_IS, globalScaleFactor=1.000000, pointerIds=00000000000000000000000000000001
03-27 20:23:29.056  1331  1465 D InputDispatcher:         pointerId 0: (ROT_0) (IDENTITY)
03-27 20:23:29.056  1331  1465 D InputDispatcher: channel '7da7d35 NotificationShade (server)' ~ startDispatchCycle
03-27 20:23:29.056  1331  1465 D InputDispatcher: channel 'PointerEventDispatcher0 (server)' ~ prepareDispatchCycle - flags=DISPATCH_AS_IS, globalScaleFactor=1.000000, pointerIds=00000000000000000000000000000000
03-27 20:23:29.056  1331  1465 D InputDispatcher:         default (ROT_0) (IDENTITY)
03-27 20:23:29.056  1331  1465 D InputDispatcher: channel 'PointerEventDispatcher0 (server)' ~ startDispatchCycle
03-27 20:23:29.057  1331  1353 D InputEventReceiver: channel 'PointerEventDispatcher0 (client)' ~ Consuming input events, consumeBatches=false, frameTime=-1
03-27 20:23:29.057  1331  1353 D InputEventReceiver: channel 'PointerEventDispatcher0 (client)' ~ Dispatching batched input event pending notification.
03-27 20:23:29.057  1331  1353 D InputEventReceiver: channel 'PointerEventDispatcher0 (client)' ~ Consuming input events, consumeBatches=true, frameTime=-1
03-27 20:23:29.057  1331  1353 D InputEventReceiver: channel 'PointerEventDispatcher0 (client)' ~ Received motion event.
03-27 20:23:29.057  1331  1353 D InputEventReceiver: channel 'PointerEventDispatcher0 (client)' ~ Dispatching input event.
03-27 20:23:29.057  1331  1353 D InputEventReceiver: channel 'PointerEventDispatcher0 (client)' ~ Finished input event.
03-27 20:23:29.057  1331  1465 D InputDispatcher: channel 'PointerEventDispatcher0 (server)' ~ finishDispatchCycle - seq=588113, handled=false
03-27 20:23:29.057  1331  1465 D InputDispatcher: channel 'PointerEventDispatcher0 (server)' ~ startDispatchCycle
03-27 20:23:29.069   942  2327 D mali_gralloc: register: id=38e000117e3, handle=0xb400007bafd26cd0, importpid=11663, gRegisteredHandles=23
03-27 20:23:29.077  1331  1466 D EventHub: EventHub, epoll_wait start
03-27 20:23:29.077  1331  1466 D EventHub: EventHub, read start
03-27 20:23:29.077 24402 24402 D InputEventReceiver: channel '7da7d35 NotificationShade (client)' ~ Finished input event.
03-27 20:23:29.078  1331  1466 D EventHub: EventHub, start read. now is 314311191.952032
03-27 20:23:29.078  1331  1466 D EventHub: EventHub, end read, now is 314311191.952032, code is 57
03-27 20:23:29.078  1331  1466 I InputReader: processEventsLocked: type=3 Count=3 code=57 value=-1 deviceId=4 when=314311191647000
03-27 20:23:29.078 24402 24402 D InputEventReceiver: channel '7da7d35 NotificationShade (client)' ~ Dispatching batched input event pending notification.
03-27 20:23:29.078  1331  1466 D InputReader: BatchSize: 3 Count: 3
03-27 20:23:29.078  1331  1466 D InputReader: Input event: eventHubDevice=4 type=EV_ABS code=ABS_MT_TRACKING_ID value=-1 when=314311191647000
03-27 20:23:29.078  1331  1466 D InputReader: Input event: eventHubDevice=4 type=EV_KEY code=BTN_TOUCH value=UP when=314311191647000
03-27 20:23:29.078  1331  1466 D InputReader: Input event: eventHubDevice=4 type=EV_SYN code=SYN_REPORT value=0 when=314311191647000
03-27 20:23:29.078 24402 24402 D InputEventReceiver: channel '7da7d35 NotificationShade (client)' ~ Consuming input events, consumeBatches=true, frameTime=314311186485244
03-27 20:23:29.078  1331  1466 D InputReader: dispatchTouches action UP now(ns): 314311192476494
03-27 20:23:29.078 24402 24402 D InputEventReceiver: channel '7da7d35 NotificationShade (client)' ~ Received motion event.
03-27 20:23:29.078 24402 24402 D InputEventReceiver: channel '7da7d35 NotificationShade (client)' ~ Dispatching input event.
03-27 20:23:29.078  1331  1465 D InputDispatcher: channel '7da7d35 NotificationShade (server)' ~ finishDispatchCycle - seq=588110, handled=true
03-27 20:23:29.078  1331  1465 D InputDispatcher: channel '7da7d35 NotificationShade (server)' ~ startDispatchCycle
03-27 20:23:29.078  1331  1466 D InputReader: notifyMotion call dispatcher
03-27 20:23:29.078  1331  1466 D InputDispatcher: notifyMotion - id=17f5117a eventTime=314311191647000, deviceId=4, source=TOUCHSCREEN, displayId=0, policyFlags=0x0, action=UP, actionButton=0x0, flags=0x0, metaState=0x0, buttonState=0x0, edgeFlags=0x0, xPrecision=1.001389, yPrecision=1.000625, xCursorPosition=nan, yCursorPosition=nan, downTime=314311135846000
03-27 20:23:29.078  1331  1466 D InputDispatcher:   Pointer 0: id=0, toolType=FINGER, x=460.360626, y=248.844482, pressure=0.090196, size=0.007843, touchMajor=1.997988, touchMinor=1.997988, toolMajor=1.997988, toolMinor=1.997988, orientation=0.000000
03-27 20:23:29.079  1331  1465 D InputDispatcher: dispatchMotion - eventTime=314311191647000, deviceId=4, source=TOUCHSCREEN, displayId=0, policyFlags=0x62000000, action=UP, actionButton=0x0, flags=0x0, metaState=0x0, buttonState=0x0,edgeFlags=0x0, xPrecision=1.001389, yPrecision=1.000625, downTime=314311135846000
03-27 20:23:29.079  1331  1465 D InputDispatcher:   Pointer 0: id=0, toolType=FINGER, x=460.360626, y=248.844482, pressure=0.090196, size=0.007843, touchMajor=1.997988, touchMinor=1.997988, toolMajor=1.997988, toolMinor=1.997988, orientation=0.000000
03-27 20:23:29.079  1331  1465 D InputDispatcher: dispatchEventToCurrentInputTargets
03-27 20:23:29.079  1331  1465 D InputDispatcher: channel '7da7d35 NotificationShade (server)' ~ prepareDispatchCycle - flags=FOREGROUND | SPLIT | DISPATCH_AS_IS, globalScaleFactor=1.000000, pointerIds=00000000000000000000000000000001
03-27 20:23:29.079  1331  1465 D InputDispatcher:         pointerId 0: (ROT_0) (IDENTITY)
03-27 20:23:29.079  1331  1465 D InputDispatcher: channel '7da7d35 NotificationShade (server)' ~ startDispatchCycle
03-27 20:23:29.079  1331  1465 D InputDispatcher: channel 'PointerEventDispatcher0 (server)' ~ prepareDispatchCycle - flags=DISPATCH_AS_IS, globalScaleFactor=1.000000, pointerIds=00000000000000000000000000000000
03-27 20:23:29.079  1331  1465 D InputDispatcher:         default (ROT_0) (IDENTITY)
03-27 20:23:29.079  1331  1465 D InputDispatcher: channel 'PointerEventDispatcher0 (server)' ~ startDispatchCycle
03-27 20:23:29.080  1331  1353 D InputEventReceiver: channel 'PointerEventDispatcher0 (client)' ~ Consuming input events, consumeBatches=false, frameTime=-1
03-27 20:23:29.080  1331  1353 D InputEventReceiver: channel 'PointerEventDispatcher0 (client)' ~ Received motion event.
03-27 20:23:29.080  1331  1353 D InputEventReceiver: channel 'PointerEventDispatcher0 (client)' ~ Dispatching input event.
03-27 20:23:29.081 24402 24402 D InputEventReceiver: channel '7da7d35 NotificationShade (client)' ~ Finished input event.
03-27 20:23:29.081 24402 24402 D InputEventReceiver: channel '7da7d35 NotificationShade (client)' ~ Received motion event.
03-27 20:23:29.081 24402 24402 D InputEventReceiver: channel '7da7d35 NotificationShade (client)' ~ Dispatching input event.
03-27 20:23:29.081  1331  1465 D InputDispatcher: channel '7da7d35 NotificationShade (server)' ~ finishDispatchCycle - seq=588112, handled=true
03-27 20:23:29.081  1331  1353 D InputEventReceiver: channel 'PointerEventDispatcher0 (client)' ~ Finished input event.
03-27 20:23:29.082  1331  1465 D InputDispatcher: channel '7da7d35 NotificationShade (server)' ~ startDispatchCycle
03-27 20:23:29.082  1331  1465 D InputDispatcher: channel 'PointerEventDispatcher0 (server)' ~ finishDispatchCycle - seq=588115, handled=false
03-27 20:23:29.082  1331  1465 D InputDispatcher: channel 'PointerEventDispatcher0 (server)' ~ startDispatchCycle
03-27 20:23:29.083   911  1023 D mali_gralloc: register: id=38e000117e3, handle=0xb4000071bb4b61b0, importpid=942, gRegisteredHandles=21
03-27 20:23:29.085 24402 24402 D InputEventReceiver: channel '7da7d35 NotificationShade (client)' ~ Finished input event.
03-27 20:23:29.086  1331  1465 D InputDispatcher: channel '7da7d35 NotificationShade (server)' ~ finishDispatchCycle - seq=588114, handled=true
03-27 20:23:29.086  1331  1465 D InputDispatcher: channel '7da7d35 NotificationShade (server)' ~ startDispatchCycle
03-27 20:23:29.086 11663 11673 I OpenGLRenderer: Davey! duration=971ms; Flags=0, FrameTimelineVsyncId=36553775, IntendedVsync=314310217570902, Vsync=314311141336334, InputEventId=0, HandleInputStart=314311148880840, AnimationStart=314311148883994, PerformTraversalsStart=314311149288301, DrawStart=314311149776532, FrameDeadline=314310238793124, FrameInterval=314311147507725, FrameStartTime=11129704, SyncQueued=314311173030801, SyncStart=314311173796378, IssueDrawCommandsStart=314311174115801, SwapBuffers=314311182688840, FrameCompleted=314311190171032, DequeueBufferDuration=37769, QueueBufferDuration=812231, GpuCompleted=314311190171032, SwapBuffersCompleted=314311183764532, DisplayPresentTime=0, CommandSubmissionCompleted=314311182688840,
03-27 20:23:29.109 24402 28493 D BLASTBufferQueue: [VRI[NotificationShade]#1102](f:0,a:2) PendingRelease=1, PendingBuffersToHold=0, SyncedFrameNumbers=0, lacfnr:302, lapfnr:302
03-27 20:23:29.150   928   928 D PowerHAL: enter power::setMode
03-27 20:23:29.150   928   928 D PowerHAL: PowerSessionManager::updateHintMode: mode: LAUNCH, enabled: 1
03-27 20:23:29.150   928   928 D PowerHAL: PowerSessionManager::updateHintMode resValue = 0
03-27 20:23:29.150   928   928 D PowerHAL: ###Enter launch scene bgn###
03-27 20:23:29.150   928   928 D PowerHAL: Enter common_set: enable:1, duration: 0, /sys/devices/system/cpu/cpufreq/policy0/scaling_min_freq: 1820000
03-27 20:23:29.150   928   928 D PowerHAL: Enter set_cluster_freqs_max_min:
03-27 20:23:29.150   928   928 D PowerHAL: Enter common_set: enable:1, duration: 0, /sys/devices/system/cpu/cpufreq/policy0/scaling_max_freq: 1820000
03-27 20:23:29.151   928   928 D PowerHAL: Enter set_cluster_freqs_max_min:
03-27 20:23:29.151   928   928 D PowerHAL: Enter common_set: enable:1, duration: 0, /sys/devices/system/cpu/cpufreq/policy6/scaling_min_freq: 2028000
03-27 20:23:29.151   928   928 D PowerHAL: Enter set_cluster_freqs_max_min:
03-27 20:23:29.151   928   928 D PowerHAL: Enter common_set: enable:1, duration: 0, /sys/devices/system/cpu/cpufreq/policy6/scaling_max_freq: 2028000
03-27 20:23:29.151   928   928 D PowerHAL: Enter set_cluster_freqs_max_min:
03-27 20:23:29.151   928   928 D PowerHAL: Enter devfreq_ddr_set: enable:1, duration: 0, /sys/class/devfreq/scene-frequency/sprd-governor/scene_boost_dfs: max
03-27 20:23:29.152   928   928 D PowerHAL: ###Enter launch scene end###
03-27 20:23:29.158 24402 24402 D InputEventReceiver: channel '7da7d35 NotificationShade (client)' ~ Consuming input events, consumeBatches=true, frameTime=314311264415692
03-27 20:23:29.161   942   942 I BpBinder: onLastStrongRef automatically unlinking death recipients:
03-27 20:23:29.161   942   942 W Layer   : Hide layer Input Consumer recents_animation_input_consumer#15340 because zOrderRelativeOf = ActivityRecord{3768a16 u0 com.google.android.gm/.ConversationListActivityGmail#27062 is hide.
03-27 20:23:29.161   942   942 W Layer   : Hide layer Input Consumer recents_animation_input_consumer#15340 because zOrderRelativeOf = ActivityRecord{3768a16 u0 com.google.android.gm/.ConversationListActivityGmail#27062 is hide.
03-27 20:23:29.162  1331  3676 D InputDispatcher: setInputWindows displayId=0 cf1652a NavigationBar0 7da7d35 NotificationShade 5465496 StatusBar eeb822b com.smartfit.app/com.smartfit.app.MainActivity 991143b ActivityRecordInputSink com.smartfit.app/.MainActivity 3cac54b ActivityRecordInputSink com.whatsapp/.Conversation cfc9a62 ActivityRecordInputSink com.whatsapp/.home.ui.HomeActivity 75522f8 ActivityRecordInputSink com.android.chrome/org.chromium.chrome.browser.ChromeTabbedActivity recents_animation_input_consumer 8e45331 ActivityRecordInputSink com.google.android.gm/.ui.MailActivityGmail Dim layer#11752 Dim layer#11751 b6305f1 ActivityRecordInputSink com.android.launcher3/com.android.searchlauncher.SearchLauncher Wallpaper BBQ wrapper#11766 40061be com.android.systemui.wallpapers.ImageWallpaper
03-27 20:23:29.162 24402 24402 D NotificationShadeWindowController: isKeyguardShowingAndNotOccluded= false keyguardFadingAway=false keygaurdTransparent=false
03-27 20:23:29.172   942   942 W Layer   : Hide layer Input Consumer recents_animation_input_consumer#15340 because zOrderRelativeOf = ActivityRecord{3768a16 u0 com.google.android.gm/.ConversationListActivityGmail#27062 is hide.
03-27 20:23:29.172   942   942 W Layer   : Hide layer Input Consumer recents_animation_input_consumer#15340 because zOrderRelativeOf = ActivityRecord{3768a16 u0 com.google.android.gm/.ConversationListActivityGmail#27062 is hide.
03-27 20:23:29.173  1331  4258 D InputDispatcher: setInputWindows displayId=0 cf1652a NavigationBar0 7da7d35 NotificationShade 5465496 StatusBar eeb822b com.smartfit.app/com.smartfit.app.MainActivity 991143b ActivityRecordInputSink com.smartfit.app/.MainActivity 3cac54b ActivityRecordInputSink com.whatsapp/.Conversation cfc9a62 ActivityRecordInputSink com.whatsapp/.home.ui.HomeActivity 75522f8 ActivityRecordInputSink com.android.chrome/org.chromium.chrome.browser.ChromeTabbedActivity recents_animation_input_consumer 8e45331 ActivityRecordInputSink com.google.android.gm/.ui.MailActivityGmail Dim layer#11752 Dim layer#11751 b6305f1 ActivityRecordInputSink com.android.launcher3/com.android.searchlauncher.SearchLauncher Wallpaper BBQ wrapper#11766 40061be com.android.systemui.wallpapers.ImageWallpaper
03-27 20:23:29.183 24402 24487 D InputEventReceiver: android_view_InputEventReceiver debug log is enabled
03-27 20:23:29.183 24402 24487 D InputEventReceiver: channel '8a310de Splash Screen com.whatsapp (client)' ~ Initializing input event receiver.
