03-27 20:23:29.183   942   942 W Layer   : Hide layer Input Consumer recents_animation_input_consumer#15340 because zOrderRelativeOf = ActivityRecord{3768a16 u0 com.google.android.gm/.ConversationListActivityGmail#27062 is hide.
03-27 20:23:29.183   942   942 W Layer   : Hide layer Input Consumer recents_animation_input_consumer#15340 because zOrderRelativeOf = ActivityRecord{3768a16 u0 com.google.android.gm/.ConversationListActivityGmail#27062 is hide.
03-27 20:23:29.184  1331  3662 D InputDispatcher: setInputWindows displayId=0 cf1652a NavigationBar0 7da7d35 NotificationShade 5465496 StatusBar eeb822b com.smartfit.app/com.smartfit.app.MainActivity 991143b ActivityRecordInputSink com.smartfit.app/.MainActivity 3cac54b ActivityRecordInputSink com.whatsapp/.Conversation cfc9a62 ActivityRecordInputSink com.whatsapp/.home.ui.HomeActivity 75522f8 ActivityRecordInputSink com.android.chrome/org.chromium.chrome.browser.ChromeTabbedActivity recents_animation_input_consumer 8e45331 ActivityRecordInputSink com.google.android.gm/.ui.MailActivityGmail Dim layer#11752 Dim layer#11751 b6305f1 ActivityRecordInputSink com.android.launcher3/com.android.searchlauncher.SearchLauncher Wallpaper BBQ wrapper#11766 40061be com.android.systemui.wallpapers.ImageWallpaper
03-27 20:23:29.185 11663 11663 D LifecycleMonitor: Lifecycle status change: com.smartfit.app.MainActivity@cd09700 in: PAUSED
03-27 20:23:29.185 11663 11663 V ActivityScenario: Update currentActivityStage to PAUSED, currentActivity=com.smartfit.app.MainActivity@cd09700
03-27 20:23:29.187 24402 24415 D BLASTBufferQueue: [VRI[NotificationShade]#1102](f:0,a:4) PendingRelease=1, PendingBuffersToHold=0, SyncedFrameNumbers=0, lacfnr:305, lapfnr:305
03-27 20:23:29.189  1331  3662 D InputDispatcher: setFocusedApplication displayId=0 ActivityRecord{f9a271d u0 com.whatsapp/.calling.ui.VoipActivityV2 t2417 d0}
03-27 20:23:29.189  1331  3662 D InputDispatcher: Resetting ANR timeouts.
03-27 20:23:29.191  1331  1533 D DeviceIdleControllerEx: packageName: com.whatsapp uid: 10214 is in preset white app list
03-27 20:23:29.191 24402 24402 D InputEventReceiver: channel '7da7d35 NotificationShade (client)' ~ reportTimeline
03-27 20:23:29.196 24402 24415 D BLASTBufferQueue: [VRI[NotificationShade]#1102](f:0,a:4) PendingRelease=1, PendingBuffersToHold=0, SyncedFrameNumbers=0, lacfnr:306, lapfnr:306
03-27 20:23:29.201 18492 29969 I eesk    : (REDACTED) appOpsListener %s %s
03-27 20:23:29.201 18492 29969 I eesk    : (REDACTED) Ignoring irrelevant audio permission changes for package %s
03-27 20:23:29.206   942   942 W Layer   : Hide layer Input Consumer recents_animation_input_consumer#15340 because zOrderRelativeOf = ActivityRecord{3768a16 u0 com.google.android.gm/.ConversationListActivityGmail#27062 is hide.
03-27 20:23:29.206   942   942 W Layer   : Hide layer Input Consumer recents_animation_input_consumer#15340 because zOrderRelativeOf = ActivityRecord{3768a16 u0 com.google.android.gm/.ConversationListActivityGmail#27062 is hide.
03-27 20:23:29.207  1331  1855 D InputDispatcher: setInputWindows displayId=0 cf1652a NavigationBar0 7da7d35 NotificationShade 5465496 StatusBar 8a310de Splash Screen com.whatsapp eeb822b com.smartfit.app/com.smartfit.app.MainActivity 991143b ActivityRecordInputSink com.smartfit.app/.MainActivity 3cac54b ActivityRecordInputSink com.whatsapp/.Conversation cfc9a62 ActivityRecordInputSink com.whatsapp/.home.ui.HomeActivity 75522f8 ActivityRecordInputSink com.android.chrome/org.chromium.chrome.browser.ChromeTabbedActivity recents_animation_input_consumer 8e45331 ActivityRecordInputSink com.google.android.gm/.ui.MailActivityGmail Dim layer#11752 Dim layer#11751 b6305f1 ActivityRecordInputSink com.android.launcher3/com.android.searchlauncher.SearchLauncher Wallpaper BBQ wrapper#11766 40061be com.android.systemui.wallpapers.ImageWallpaper
03-27 20:23:29.207  1331  1855 D InputDispatcher: Window went away: eeb822b com.smartfit.app/com.smartfit.app.MainActivity
03-27 20:23:29.207  1331  1465 D InputDispatcher: dispatchEventToCurrentInputTargets
03-27 20:23:29.207  1331  1465 D InputDispatcher: channel 'eeb822b com.smartfit.app/com.smartfit.app.MainActivity (server)' ~ prepareDispatchCycle - flags=DISPATCH_AS_IS, globalScaleFactor=1.000000, pointerIds=00000000000000000000000000000000
03-27 20:23:29.207  1331  1465 D InputDispatcher:         default (ROT_0) (IDENTITY)
03-27 20:23:29.207  1331  1465 D InputDispatcher: channel 'eeb822b com.smartfit.app/com.smartfit.app.MainActivity (server)' ~ startDispatchCycle
03-27 20:23:29.213 11663 11663 W WindowOnBackDispatcher: OnBackInvokedCallback is not enabled for the application.
03-27 20:23:29.213 11663 11663 W WindowOnBackDispatcher: Set 'android:enableOnBackInvokedCallback="true"' in the application manifest.
03-27 20:23:29.218 24402 27709 D BLASTBufferQueue: [VRI[NotificationShade]#1102](f:0,a:4) PendingRelease=1, PendingBuffersToHold=0, SyncedFrameNumbers=0, lacfnr:307, lapfnr:307
03-27 20:23:29.219 24402 27709 D BLASTBufferQueue: [VRI[NotificationShade]#1102](f:0,a:3) PendingRelease=1, PendingBuffersToHold=0, SyncedFrameNumbers=0, lacfnr:307, lapfnr:307
03-27 20:23:29.225   910   910 I mali_gralloc: allocate: id=38e000117e5, hal_format=RGBA8888, mali_format=RGBA8888, afbc=SPLIT, usage=GPU_RW|HWC, size=720x1600(4680704), stride=720, name=VRI[whatsapp]#1105(BLAST Consumer)1105
03-27 20:23:29.226 24402 12122 D mali_gralloc: register: id=38e000117e5, handle=0xb400007e6c081290, importpid=-1, gRegisteredHandles=51
03-27 20:23:29.229   910   910 I mali_gralloc: allocate: id=38e000117e6, hal_format=RGBA8888, mali_format=RGBA8888, afbc=SPLIT, usage=GPU_RW|HWC, size=720x1600(4680704), stride=720, name=VRI[whatsapp]#1105(BLAST Consumer)1105
03-27 20:23:29.229 24402 12122 D mali_gralloc: register: id=38e000117e6, handle=0xb400007e6c0e7650, importpid=-1, gRegisteredHandles=52
03-27 20:23:29.232   942  2327 D mali_gralloc: register: id=38e000117e5, handle=0xb400007bafd1cf50, importpid=24402, gRegisteredHandles=24
03-27 20:23:29.232   910   910 I mali_gralloc: allocate: id=38e000117e7, hal_format=RGBA8888, mali_format=RGBA8888, afbc=SPLIT, usage=GPU_RW|HWC, size=720x1600(4680704), stride=720, name=VRI[whatsapp]#1105(BLAST Consumer)1105
03-27 20:23:29.234 24402 12122 D mali_gralloc: register: id=38e000117e7, handle=0xb400007e6c0d4570, importpid=-1, gRegisteredHandles=53
03-27 20:23:29.236   910   910 I mali_gralloc: allocate: id=38e000117e8, hal_format=RGBA8888, mali_format=RGBA8888, afbc=SPLIT, usage=GPU_RW|HWC, size=720x1600(4680704), stride=720, name=VRI[whatsapp]#1105(BLAST Consumer)1105
03-27 20:23:29.237 24402 12122 D mali_gralloc: register: id=38e000117e8, handle=0xb400007e6c0771b0, importpid=-1, gRegisteredHandles=54
03-27 20:23:29.239   942   942 W Layer   : Hide layer Input Consumer recents_animation_input_consumer#15340 because zOrderRelativeOf = ActivityRecord{3768a16 u0 com.google.android.gm/.ConversationListActivityGmail#27062 is hide.
03-27 20:23:29.239   942   942 W Layer   : Hide layer Input Consumer recents_animation_input_consumer#15340 because zOrderRelativeOf = ActivityRecord{3768a16 u0 com.google.android.gm/.ConversationListActivityGmail#27062 is hide.
03-27 20:23:29.242 24402 27709 D BLASTBufferQueue: [VRI[NotificationShade]#1102](f:0,a:4) PendingRelease=1, PendingBuffersToHold=0, SyncedFrameNumbers=0, lacfnr:309, lapfnr:309
03-27 20:23:29.242  1331  3676 D InputDispatcher: setInputWindows displayId=0 cf1652a NavigationBar0 7da7d35 NotificationShade 5465496 StatusBar 8a310de Splash Screen com.whatsapp eeb822b com.smartfit.app/com.smartfit.app.MainActivity 991143b ActivityRecordInputSink com.smartfit.app/.MainActivity 3cac54b ActivityRecordInputSink com.whatsapp/.Conversation cfc9a62 ActivityRecordInputSink com.whatsapp/.home.ui.HomeActivity 75522f8 ActivityRecordInputSink com.android.chrome/org.chromium.chrome.browser.ChromeTabbedActivity recents_animation_input_consumer 8e45331 ActivityRecordInputSink com.google.android.gm/.ui.MailActivityGmail Dim layer#11752 Dim layer#11751 b6305f1 ActivityRecordInputSink com.android.launcher3/com.android.searchlauncher.SearchLauncher Wallpaper BBQ wrapper#11766 40061be com.android.systemui.wallpapers.ImageWallpaper
03-27 20:23:29.248 24402 28320 D BLASTBufferQueue: [VRI[NotificationShade]#1102](f:0,a:4) PendingRelease=1, PendingBuffersToHold=0, SyncedFrameNumbers=0, lacfnr:310, lapfnr:310
03-27 20:23:29.251   895   895 D Zygote  : Forked child process 12124
03-27 20:23:29.253 24402 27709 D BLASTBufferQueue: [VRI[NotificationShade]#1102](f:0,a:4) PendingRelease=1, PendingBuffersToHold=0, SyncedFrameNumbers=0, lacfnr:311, lapfnr:311
03-27 20:23:29.261   910   910 I mali_gralloc: allocate: id=38e000117e9, hal_format=RGBA8888, mali_format=RGBA8888, afbc=false, usage=CPU_RW|GPU_RW|HWC, size=576x1280(2949120), stride=576, name=screenshot
03-27 20:23:29.261   942   942 W Layer   : Hide layer Input Consumer recents_animation_input_consumer#15340 because zOrderRelativeOf = ActivityRecord{3768a16 u0 com.google.android.gm/.ConversationListActivityGmail#27062 is hide.
03-27 20:23:29.261   942   942 W Layer   : Hide layer Input Consumer recents_animation_input_consumer#15340 because zOrderRelativeOf = ActivityRecord{3768a16 u0 com.google.android.gm/.ConversationListActivityGmail#27062 is hide.
03-27 20:23:29.261   942  1387 D mali_gralloc: register: id=38e000117e9, handle=0xb400007bafd25410, importpid=-1, gRegisteredHandles=25
03-27 20:23:29.263  1331  3676 D InputDispatcher: setInputWindows displayId=0 cf1652a NavigationBar0 7da7d35 NotificationShade 5465496 StatusBar 8a310de Splash Screen com.whatsapp eeb822b com.smartfit.app/com.smartfit.app.MainActivity 991143b ActivityRecordInputSink com.smartfit.app/.MainActivity 3cac54b ActivityRecordInputSink com.whatsapp/.Conversation cfc9a62 ActivityRecordInputSink com.whatsapp/.home.ui.HomeActivity 75522f8 ActivityRecordInputSink com.android.chrome/org.chromium.chrome.browser.ChromeTabbedActivity recents_animation_input_consumer 8e45331 ActivityRecordInputSink com.google.android.gm/.ui.MailActivityGmail Dim layer#11752 Dim layer#11751 b6305f1 ActivityRecordInputSink com.android.launcher3/com.android.searchlauncher.SearchLauncher Wallpaper BBQ wrapper#11766 40061be com.android.systemui.wallpapers.ImageWallpaper
03-27 20:23:29.265 24402 27709 D BLASTBufferQueue: [VRI[NotificationShade]#1102](f:0,a:4) PendingRelease=1, PendingBuffersToHold=0, SyncedFrameNumbers=0, lacfnr:312, lapfnr:312
03-27 20:23:29.271  1331  3676 D mali_gralloc: register: id=38e000117e9, handle=0xb400007e6c04fbb0, importpid=942, gRegisteredHandles=5
03-27 20:23:29.275 24402 27709 D BLASTBufferQueue: [VRI[NotificationShade]#1102](f:0,a:4) PendingRelease=1, PendingBuffersToHold=0, SyncedFrameNumbers=0, lacfnr:313, lapfnr:313
03-27 20:23:29.280 24402 27969 D mali_gralloc: register: id=38e000117e9, handle=0xb400007e6c077bd0, importpid=1331, gRegisteredHandles=55
03-27 20:23:29.280 24402 28320 D mali_gralloc: register: id=38e000117e9, handle=0xb400007e6c0a5830, importpid=1331, gRegisteredHandles=56
03-27 20:23:29.280 24402 27709 D mali_gralloc: register: id=38e000117e9, handle=0xb400007e6bffb130, importpid=1331, gRegisteredHandles=56
03-27 20:23:29.280 24402 24402 D mali_gralloc: unregister: id=38e000117e9, handle=0xb400007e6c0a5830, base=0x0, importpid=24402, count:2
03-27 20:23:29.281 24402 27709 D mali_gralloc: unregister: id=38e000117e9, handle=0xb400007e6bffb130, base=0x0, importpid=24402, count:1
03-27 20:23:29.282 32238 30506 D mali_gralloc: register: id=38e000117e9, handle=0xb400007e6bf8bc50, importpid=1331, gRegisteredHandles=64
03-27 20:23:29.283   942   942 W Layer   : Hide layer Input Consumer recents_animation_input_consumer#15340 because zOrderRelativeOf = ActivityRecord{3768a16 u0 com.google.android.gm/.ConversationListActivityGmail#27062 is hide.
03-27 20:23:29.283   942   942 W Layer   : Hide layer Input Consumer recents_animation_input_consumer#15340 because zOrderRelativeOf = ActivityRecord{3768a16 u0 com.google.android.gm/.ConversationListActivityGmail#27062 is hide.
03-27 20:23:29.285  1331  3676 D InputDispatcher: setInputWindows displayId=0 cf1652a NavigationBar0 7da7d35 NotificationShade 5465496 StatusBar 8a310de Splash Screen com.whatsapp 25b3f4 ActivityRecordInputSink com.whatsapp/.calling.ui.VoipActivityV2 eeb822b com.smartfit.app/com.smartfit.app.MainActivity 991143b ActivityRecordInputSink com.smartfit.app/.MainActivity 3cac54b ActivityRecordInputSink com.whatsapp/.Conversation cfc9a62 ActivityRecordInputSink com.whatsapp/.home.ui.HomeActivity 75522f8 ActivityRecordInputSink com.android.chrome/org.chromium.chrome.browser.ChromeTabbedActivity recents_animation_input_consumer 8e45331 ActivityRecordInputSink com.google.android.gm/.ui.MailActivityGmail Dim layer#11752 Dim layer#11751 b6305f1 ActivityRecordInputSink com.android.launcher3/com.android.searchlauncher.SearchLauncher Wallpaper BBQ wrapper#11766 40061be com.android.systemui.wallpapers.ImageWallpaper
03-27 20:23:29.286 24402 24435 D TaskStackListenerImpl: onTaskSnapshotChanged close hardwarebuffer, snapshot = TaskSnapshot{ mId=1774622309256 mCaptureTime=448963246676129 mTopActivityComponent=com.smartfit.app/.MainActivity mSnapshot=android.hardware.HardwareBuffer@1c9c8d5 (576x1280) mColorSpace=sRGB IEC61966-2.1 (id=0, model=RGB) mOrientation=1 mRotation=0 mTaskSize=Point(720, 1600) mContentInsets=[0,52][0,84] mLetterboxInsets=[0,0][0,0] mIsLowResolution=false mIsRealSnapshot=true mWindowingMode=1 mAppearance=0 mIsTranslucent=false mHasImeSurface=false
03-27 20:23:29.287 24402 24435 D mali_gralloc: unregister: id=38e000117e9, handle=0xb400007e6c077bd0, base=0x0, importpid=24402, count:0
03-27 20:23:29.287 24402 24614 D BLASTBufferQueue: [VRI[NotificationShade]#1102](f:0,a:4) PendingRelease=1, PendingBuffersToHold=0, SyncedFrameNumbers=0, lacfnr:314, lapfnr:314
03-27 20:23:29.291 12124 12124 I android.youtube: Using CollectorTypeCMC GC.
03-27 20:23:29.294 24402 24614 D FaceUnlock: onTaskStackChangedBackground
03-27 20:23:29.295   942   942 I Layer   : fillInputInfo layer:Splash Screen com.whatsapp#28479, visible=1 (hasInputInfo:1, isHidden:0, alpha:1.000000, parent:8a310de Splash Screen com.whatsapp#28478,parenthidden:0, parentalpha:1.000000, mBuffer:1, mSidebandStream:0,hasSomethingToDraw:1, hasEffect:0, fillsColor:0, drawShadows:0, hasBlur:0)
03-27 20:23:29.295   942   942 I Layer   : fillInputInfo layer:25b3f4 ActivityRecordInputSink com.whatsapp/.calling.ui.VoipActivityV2#28482, visible=1 (hasInputInfo:1, isHidden:0, alpha:1.000000, parent:ActivityRecord{f9a271d u0 com.whatsapp/.calling.ui.VoipActivityV2#28477,parenthidden:0, parentalpha:1.000000, mBuffer:0, mSidebandStream:0,hasSomethingToDraw:0, hasEffect:0, fillsColor:0, drawShadows:0, hasBlur:0)
03-27 20:23:29.295   942   942 W Layer   : Hide layer Input Consumer recents_animation_input_consumer#15340 because zOrderRelativeOf = ActivityRecord{3768a16 u0 com.google.android.gm/.ConversationListActivityGmail#27062 is hide.
03-27 20:23:29.295   942   942 W Layer   : Hide layer Input Consumer recents_animation_input_consumer#15340 because zOrderRelativeOf = ActivityRecord{3768a16 u0 com.google.android.gm/.ConversationListActivityGmail#27062 is hide.
03-27 20:23:29.295   942   942 I Layer   : fillInputInfo layer:animation-background#28483, visible=1 (hasInputInfo:1, isHidden:0, alpha:1.000000, parent:DefaultTaskDisplayArea#11733,parenthidden:0, parentalpha:1.000000, mBuffer:0, mSidebandStream:0,hasSomethingToDraw:1, hasEffect:1, fillsColor:1, drawShadows:0, hasBlur:0)
03-27 20:23:29.296 24402 24614 D FaceUnlock: PackageName =com.whatsapp
03-27 20:23:29.297  1331  4258 D InputDispatcher: setInputWindows displayId=0 cf1652a NavigationBar0 7da7d35 NotificationShade 5465496 StatusBar 8a310de Splash Screen com.whatsapp 25b3f4 ActivityRecordInputSink com.whatsapp/.calling.ui.VoipActivityV2 eeb822b com.smartfit.app/com.smartfit.app.MainActivity 991143b ActivityRecordInputSink com.smartfit.app/.MainActivity 3cac54b ActivityRecordInputSink com.whatsapp/.Conversation cfc9a62 ActivityRecordInputSink com.whatsapp/.home.ui.HomeActivity 75522f8 ActivityRecordInputSink com.android.chrome/org.chromium.chrome.browser.ChromeTabbedActivity recents_animation_input_consumer 8e45331 ActivityRecordInputSink com.google.android.gm/.ui.MailActivityGmail Dim layer#11752 Dim layer#11751 b6305f1 ActivityRecordInputSink com.android.launcher3/com.android.searchlauncher.SearchLauncher animation-background#28483 Wallpaper BBQ wrapper#11766 40061be com.android.systemui.wallpapers.ImageWallpaper
03-27 20:23:29.298 24402 24614 D BLASTBufferQueue: [VRI[NotificationShade]#1102](f:0,a:4) PendingRelease=1, PendingBuffersToHold=0, SyncedFrameNumbers=0, lacfnr:315, lapfnr:315
03-27 20:23:29.307 12124 12124 D nativeloader: Load libframework-connectivity-tiramisu-jni.so using APEX ns com_android_tethering for caller /apex/com.android.tethering/javalib/framework-connectivity-t.jar: ok
03-27 20:23:29.308 24402 24614 D BLASTBufferQueue: [VRI[NotificationShade]#1102](f:0,a:4) PendingRelease=1, PendingBuffersToHold=0, SyncedFrameNumbers=0, lacfnr:316, lapfnr:316
03-27 20:23:29.314  1126  1767 D BufferPoolAccessor2.0: bufferpool2 0xb400007c79a6d7a8 : 0(0 size) total buffers - 0(0 size) used buffers - 10/12 (recycle/alloc) - 2/12 (fetch/transfer)
03-27 20:23:29.314  1126  1767 D BufferPoolAccessor2.0: bufferpool2 0xb400007c79a66658 : 0(0 size) total buffers - 0(0 size) used buffers - 10/12 (recycle/alloc) - 2/12 (fetch/transfer)
03-27 20:23:29.314  1126  1767 D BufferPoolAccessor2.0: bufferpool2 0xb400007c79a6bbe8 : 0(0 size) total buffers - 0(0 size) used buffers - 18/21 (recycle/alloc) - 3/20 (fetch/transfer)
03-27 20:23:29.314  1126  1767 D BufferPoolAccessor2.0: bufferpool2 0xb400007c79a6d558 : 0(0 size) total buffers - 0(0 size) used buffers - 40/47 (recycle/alloc) - 9/46 (fetch/transfer)
03-27 20:23:29.314  1126  1767 D BufferPoolAccessor2.0: bufferpool2 0xb400007c79a6d308 : 0(0 size) total buffers - 0(0 size) used buffers - 9/11 (recycle/alloc) - 2/11 (fetch/transfer)
03-27 20:23:29.314  1126  1767 D BufferPoolAccessor2.0: evictor expired: 13, evicted: 5
03-27 20:23:29.317   942  2327 D mali_gralloc: register: id=38e000117e2, handle=0xb400007bafd12b10, importpid=11663, gRegisteredHandles=26
03-27 20:23:29.317   942  1001 D mali_gralloc: unregister: id=38e000117e9, handle=0xb400007bafd25410, base=0x0, importpid=942, count:0
03-27 20:23:29.320 24402 24614 D BLASTBufferQueue: [VRI[NotificationShade]#1102](f:0,a:4) PendingRelease=1, PendingBuffersToHold=0, SyncedFrameNumbers=0, lacfnr:317, lapfnr:317
03-27 20:23:29.326 12124 12124 D CompatibilityChangeReporter: Compat change id reported: 171979766; UID 10165; state: ENABLED
03-27 20:23:29.326 12124 12124 D CompatibilityChangeReporter: Compat change id reported: 242716250; UID 10165; state: ENABLED
03-27 20:23:29.328   942   942 W Layer   : Hide layer Input Consumer recents_animation_input_consumer#15340 because zOrderRelativeOf = ActivityRecord{3768a16 u0 com.google.android.gm/.ConversationListActivityGmail#27062 is hide.
03-27 20:23:29.328   942   942 W Layer   : Hide layer Input Consumer recents_animation_input_consumer#15340 because zOrderRelativeOf = ActivityRecord{3768a16 u0 com.google.android.gm/.ConversationListActivityGmail#27062 is hide.
03-27 20:23:29.329  1331  4258 D InputDispatcher: setInputWindows displayId=0 cf1652a NavigationBar0 7da7d35 NotificationShade 5465496 StatusBar 8a310de Splash Screen com.whatsapp 25b3f4 ActivityRecordInputSink com.whatsapp/.calling.ui.VoipActivityV2 eeb822b com.smartfit.app/com.smartfit.app.MainActivity 991143b ActivityRecordInputSink com.smartfit.app/.MainActivity 3cac54b ActivityRecordInputSink com.whatsapp/.Conversation cfc9a62 ActivityRecordInputSink com.whatsapp/.home.ui.HomeActivity 75522f8 ActivityRecordInputSink com.android.chrome/org.chromium.chrome.browser.ChromeTabbedActivity recents_animation_input_consumer 8e45331 ActivityRecordInputSink com.google.android.gm/.ui.MailActivityGmail Dim layer#11752 Dim layer#11751 b6305f1 ActivityRecordInputSink com.android.launcher3/com.android.searchlauncher.SearchLauncher animation-background#28483 Wallpaper BBQ wrapper#11766 40061be com.android.systemui.wallpapers.ImageWallpaper
03-27 20:23:29.329   911  1023 D SPRDHWComposer: HWC Range:1, HWC_Transfer:4
03-27 20:23:29.329   911  1023 D mali_gralloc: register: id=38e000117e2, handle=0xb4000071bb4a70f0, importpid=942, gRegisteredHandles=22
03-27 20:23:29.332 24402 24614 D BLASTBufferQueue: [VRI[NotificationShade]#1102](f:0,a:4) PendingRelease=1, PendingBuffersToHold=0, SyncedFrameNumbers=0, lacfnr:318, lapfnr:318
03-27 20:23:29.339   942   942 W Layer   : Hide layer Input Consumer recents_animation_input_consumer#15340 because zOrderRelativeOf = ActivityRecord{3768a16 u0 com.google.android.gm/.ConversationListActivityGmail#27062 is hide.
03-27 20:23:29.339   942   942 W Layer   : Hide layer Input Consumer recents_animation_input_consumer#15340 because zOrderRelativeOf = ActivityRecord{3768a16 u0 com.google.android.gm/.ConversationListActivityGmail#27062 is hide.
03-27 20:23:29.340  1331  3676 D InputDispatcher: setInputWindows displayId=0 cf1652a NavigationBar0 7da7d35 NotificationShade 5465496 StatusBar 8a310de Splash Screen com.whatsapp 25b3f4 ActivityRecordInputSink com.whatsapp/.calling.ui.VoipActivityV2 eeb822b com.smartfit.app/com.smartfit.app.MainActivity 991143b ActivityRecordInputSink com.smartfit.app/.MainActivity 3cac54b ActivityRecordInputSink com.whatsapp/.Conversation cfc9a62 ActivityRecordInputSink com.whatsapp/.home.ui.HomeActivity 75522f8 ActivityRecordInputSink com.android.chrome/org.chromium.chrome.browser.ChromeTabbedActivity recents_animation_input_consumer 8e45331 ActivityRecordInputSink com.google.android.gm/.ui.MailActivityGmail Dim layer#11752 Dim layer#11751 b6305f1 ActivityRecordInputSink com.android.launcher3/com.android.searchlauncher.SearchLauncher animation-background#28483 Wallpaper BBQ wrapper#11766 40061be com.android.systemui.wallpapers.ImageWallpaper
03-27 20:23:29.342 24402 24614 D BLASTBufferQueue: [VRI[NotificationShade]#1102](f:0,a:4) PendingRelease=1, PendingBuffersToHold=0, SyncedFrameNumbers=0, lacfnr:319, lapfnr:319
03-27 20:23:29.350   942   942 W Layer   : Hide layer Input Consumer recents_animation_input_consumer#15340 because zOrderRelativeOf = ActivityRecord{3768a16 u0 com.google.android.gm/.ConversationListActivityGmail#27062 is hide.
03-27 20:23:29.350   942   942 W Layer   : Hide layer Input Consumer recents_animation_input_consumer#15340 because zOrderRelativeOf = ActivityRecord{3768a16 u0 com.google.android.gm/.ConversationListActivityGmail#27062 is hide.
03-27 20:23:29.351  1331  3676 D InputDispatcher: setInputWindows displayId=0 cf1652a NavigationBar0 7da7d35 NotificationShade 5465496 StatusBar 8a310de Splash Screen com.whatsapp 25b3f4 ActivityRecordInputSink com.whatsapp/.calling.ui.VoipActivityV2 eeb822b com.smartfit.app/com.smartfit.app.MainActivity 991143b ActivityRecordInputSink com.smartfit.app/.MainActivity 3cac54b ActivityRecordInputSink com.whatsapp/.Conversation cfc9a62 ActivityRecordInputSink com.whatsapp/.home.ui.HomeActivity 75522f8 ActivityRecordInputSink com.android.chrome/org.chromium.chrome.browser.ChromeTabbedActivity recents_animation_input_consumer 8e45331 ActivityRecordInputSink com.google.android.gm/.ui.MailActivityGmail Dim layer#11752 Dim layer#11751 b6305f1 ActivityRecordInputSink com.android.launcher3/com.android.searchlauncher.SearchLauncher animation-background#28483 Wallpaper BBQ wrapper#11766 40061be com.android.systemui.wallpapers.ImageWallpaper
03-27 20:23:29.354 24402 24614 D BLASTBufferQueue: [VRI[NotificationShade]#1102](f:0,a:4) PendingRelease=1, PendingBuffersToHold=0, SyncedFrameNumbers=0, lacfnr:320, lapfnr:320
03-27 20:23:29.358 30322  3984 D BufferPoolAccessor2.0: bufferpool2 0xb400007d6c06eac8 : 0(0 size) total buffers - 0(0 size) used buffers - 1/6 (recycle/alloc) - 5/14 (fetch/transfer)
03-27 20:23:29.358 30322  3984 D BufferPoolAccessor2.0: bufferpool2 0xb400007d6c091f08 : 0(0 size) total buffers - 0(0 size) used buffers - 1/6 (recycle/alloc) - 6/13 (fetch/transfer)
03-27 20:23:29.358 30322  3984 D BufferPoolAccessor2.0: bufferpool2 0xb400007d6c079398 : 0(0 size) total buffers - 0(0 size) used buffers - 1/6 (recycle/alloc) - 5/14 (fetch/transfer)
03-27 20:23:29.358 30322  3984 D BufferPoolAccessor2.0: bufferpool2 0xb400007d6c103d48 : 0(0 size) total buffers - 0(0 size) used buffers - 2/7 (recycle/alloc) - 5/46 (fetch/transfer)
03-27 20:23:29.358 30322  3984 D BufferPoolAccessor2.0: evictor expired: 4, evicted: 4
03-27 20:23:29.361   942   942 W Layer   : Hide layer Input Consumer recents_animation_input_consumer#15340 because zOrderRelativeOf = ActivityRecord{3768a16 u0 com.google.android.gm/.ConversationListActivityGmail#27062 is hide.
03-27 20:23:29.361   942   942 W Layer   : Hide layer Input Consumer recents_animation_input_consumer#15340 because zOrderRelativeOf = ActivityRecord{3768a16 u0 com.google.android.gm/.ConversationListActivityGmail#27062 is hide.
03-27 20:23:29.361 12124 12124 D nativeloader: Configuring clns-4 for other apk /system/framework/org.apache.http.legacy.jar. target_sdk_version=36, uses_libraries=ALL, library_path=/data/app/~~4kd-X0xehqaJUnOIseZ2UQ==/com.google.android.youtube-FEbwyZZM1vcJwrIJKPdNbA==/lib/arm64:/data/app/~~4kd-X0xehqaJUnOIseZ2UQ==/com.google.android.youtube-FEbwyZZM1vcJwrIJKPdNbA==/base.apk!/lib/arm64-v8a:/data/app/~~4kd-X0xehqaJUnOIseZ2UQ==/com.google.android.youtube-FEbwyZZM1vcJwrIJKPdNbA==/split_config.arm64_v8a.apk!/lib/arm64-v8a:/data/app/~~4kd-X0xehqaJUnOIseZ2UQ==/com.google.android.youtube-FEbwyZZM1vcJwrIJKPdNbA==/split_config.en.apk!/lib/arm64-v8a:/data/app/~~4kd-X0xehqaJUnOIseZ2UQ==/com.google.android.youtube-FEbwyZZM1vcJwrIJKPdNbA==/split_config.xhdpi.apk!/lib/arm64-v8a, permitted_path=/data:/mnt/expand:/data/user/0/com.google.android.youtube
03-27 20:23:29.362  1331  3676 D InputDispatcher: setInputWindows displayId=0 cf1652a NavigationBar0 7da7d35 NotificationShade 5465496 StatusBar 8a310de Splash Screen com.whatsapp 25b3f4 ActivityRecordInputSink com.whatsapp/.calling.ui.VoipActivityV2 eeb822b com.smartfit.app/com.smartfit.app.MainActivity 991143b ActivityRecordInputSink com.smartfit.app/.MainActivity 3cac54b ActivityRecordInputSink com.whatsapp/.Conversation cfc9a62 ActivityRecordInputSink com.whatsapp/.home.ui.HomeActivity 75522f8 ActivityRecordInputSink com.android.chrome/org.chromium.chrome.browser.ChromeTabbedActivity recents_animation_input_consumer 8e45331 ActivityRecordInputSink com.google.android.gm/.ui.MailActivityGmail Dim layer#11752 Dim layer#11751 b6305f1 ActivityRecordInputSink com.android.launcher3/com.android.searchlauncher.SearchLauncher animation-background#28483 Wallpaper BBQ wrapper#11766 40061be com.android.systemui.wallpapers.ImageWallpaper
03-27 20:23:29.362   911  1023 D SPRDHWComposer: HWC Range:1, HWC_Transfer:4
03-27 20:23:29.363   911  1023 D mali_gralloc: register: id=38e000117e5, handle=0xb4000071bb4b6ab0, importpid=942, gRegisteredHandles=23
03-27 20:23:29.366 24402 24614 D BLASTBufferQueue: [VRI[NotificationShade]#1102](f:0,a:4) PendingRelease=1, PendingBuffersToHold=0, SyncedFrameNumbers=0, lacfnr:321, lapfnr:321
03-27 20:23:29.372   942   942 W Layer   : Hide layer Input Consumer recents_animation_input_consumer#15340 because zOrderRelativeOf = ActivityRecord{3768a16 u0 com.google.android.gm/.ConversationListActivityGmail#27062 is hide.
03-27 20:23:29.372   942   942 W Layer   : Hide layer Input Consumer recents_animation_input_consumer#15340 because zOrderRelativeOf = ActivityRecord{3768a16 u0 com.google.android.gm/.ConversationListActivityGmail#27062 is hide.
03-27 20:23:29.375  1331  3676 D InputDispatcher: setInputWindows displayId=0 cf1652a NavigationBar0 7da7d35 NotificationShade 5465496 StatusBar 8a310de Splash Screen com.whatsapp 25b3f4 ActivityRecordInputSink com.whatsapp/.calling.ui.VoipActivityV2 eeb822b com.smartfit.app/com.smartfit.app.MainActivity 991143b ActivityRecordInputSink com.smartfit.app/.MainActivity 3cac54b ActivityRecordInputSink com.whatsapp/.Conversation cfc9a62 ActivityRecordInputSink com.whatsapp/.home.ui.HomeActivity 75522f8 ActivityRecordInputSink com.android.chrome/org.chromium.chrome.browser.ChromeTabbedActivity recents_animation_input_consumer 8e45331 ActivityRecordInputSink com.google.android.gm/.ui.MailActivityGmail Dim layer#11752 Dim layer#11751 b6305f1 ActivityRecordInputSink com.android.launcher3/com.android.searchlauncher.SearchLauncher animation-background#28483 Wallpaper BBQ wrapper#11766 40061be com.android.systemui.wallpapers.ImageWallpaper
03-27 20:23:29.376 24402 24614 D BLASTBufferQueue: [VRI[NotificationShade]#1102](f:0,a:4) PendingRelease=1, PendingBuffersToHold=0, SyncedFrameNumbers=0, lacfnr:322, lapfnr:322
03-27 20:23:29.384   942   942 W Layer   : Hide layer Input Consumer recents_animation_input_consumer#15340 because zOrderRelativeOf = ActivityRecord{3768a16 u0 com.google.android.gm/.ConversationListActivityGmail#27062 is hide.
03-27 20:23:29.384   942   942 W Layer   : Hide layer Input Consumer recents_animation_input_consumer#15340 because zOrderRelativeOf = ActivityRecord{3768a16 u0 com.google.android.gm/.ConversationListActivityGmail#27062 is hide.
03-27 20:23:29.385  1331  3676 D InputDispatcher: setInputWindows displayId=0 cf1652a NavigationBar0 7da7d35 NotificationShade 5465496 StatusBar 8a310de Splash Screen com.whatsapp 25b3f4 ActivityRecordInputSink com.whatsapp/.calling.ui.VoipActivityV2 eeb822b com.smartfit.app/com.smartfit.app.MainActivity 991143b ActivityRecordInputSink com.smartfit.app/.MainActivity 3cac54b ActivityRecordInputSink com.whatsapp/.Conversation cfc9a62 ActivityRecordInputSink com.whatsapp/.home.ui.HomeActivity 75522f8 ActivityRecordInputSink com.android.chrome/org.chromium.chrome.browser.ChromeTabbedActivity recents_animation_input_consumer 8e45331 ActivityRecordInputSink com.google.android.gm/.ui.MailActivityGmail Dim layer#11752 Dim layer#11751 b6305f1 ActivityRecordInputSink com.android.launcher3/com.android.searchlauncher.SearchLauncher animation-background#28483 Wallpaper BBQ wrapper#11766 40061be com.android.systemui.wallpapers.ImageWallpaper
03-27 20:23:29.387 24402 24614 D BLASTBufferQueue: [VRI[NotificationShade]#1102](f:0,a:4) PendingRelease=1, PendingBuffersToHold=0, SyncedFrameNumbers=0, lacfnr:323, lapfnr:323
03-27 20:23:29.395   942   942 W Layer   : Hide layer Input Consumer recents_animation_input_consumer#15340 because zOrderRelativeOf = ActivityRecord{3768a16 u0 com.google.android.gm/.ConversationListActivityGmail#27062 is hide.
03-27 20:23:29.395   942   942 W Layer   : Hide layer Input Consumer recents_animation_input_consumer#15340 because zOrderRelativeOf = ActivityRecord{3768a16 u0 com.google.android.gm/.ConversationListActivityGmail#27062 is hide.
03-27 20:23:29.397  1331  3676 D InputDispatcher: setInputWindows displayId=0 cf1652a NavigationBar0 7da7d35 NotificationShade 5465496 StatusBar 8a310de Splash Screen com.whatsapp 25b3f4 ActivityRecordInputSink com.whatsapp/.calling.ui.VoipActivityV2 eeb822b com.smartfit.app/com.smartfit.app.MainActivity 991143b ActivityRecordInputSink com.smartfit.app/.MainActivity 3cac54b ActivityRecordInputSink com.whatsapp/.Conversation cfc9a62 ActivityRecordInputSink com.whatsapp/.home.ui.HomeActivity 75522f8 ActivityRecordInputSink com.android.chrome/org.chromium.chrome.browser.ChromeTabbedActivity recents_animation_input_consumer 8e45331 ActivityRecordInputSink com.google.android.gm/.ui.MailActivityGmail Dim layer#11752 Dim layer#11751 b6305f1 ActivityRecordInputSink com.android.launcher3/com.android.searchlauncher.SearchLauncher animation-background#28483 Wallpaper BBQ wrapper#11766 40061be com.android.systemui.wallpapers.ImageWallpaper
03-27 20:23:29.399 24402 24614 D BLASTBufferQueue: [VRI[NotificationShade]#1102](f:0,a:4) PendingRelease=1, PendingBuffersToHold=0, SyncedFrameNumbers=0, lacfnr:324, lapfnr:324
03-27 20:23:29.406   942   942 W Layer   : Hide layer Input Consumer recents_animation_input_consumer#15340 because zOrderRelativeOf = ActivityRecord{3768a16 u0 com.google.android.gm/.ConversationListActivityGmail#27062 is hide.
03-27 20:23:29.406   942   942 W Layer   : Hide layer Input Consumer recents_animation_input_consumer#15340 because zOrderRelativeOf = ActivityRecord{3768a16 u0 com.google.android.gm/.ConversationListActivityGmail#27062 is hide.
03-27 20:23:29.407  1331  3676 D InputDispatcher: setInputWindows displayId=0 cf1652a NavigationBar0 7da7d35 NotificationShade 5465496 StatusBar 8a310de Splash Screen com.whatsapp 25b3f4 ActivityRecordInputSink com.whatsapp/.calling.ui.VoipActivityV2 eeb822b com.smartfit.app/com.smartfit.app.MainActivity 991143b ActivityRecordInputSink com.smartfit.app/.MainActivity 3cac54b ActivityRecordInputSink com.whatsapp/.Conversation cfc9a62 ActivityRecordInputSink com.whatsapp/.home.ui.HomeActivity 75522f8 ActivityRecordInputSink com.android.chrome/org.chromium.chrome.browser.ChromeTabbedActivity recents_animation_input_consumer 8e45331 ActivityRecordInputSink com.google.android.gm/.ui.MailActivityGmail Dim layer#11752 Dim layer#11751 b6305f1 ActivityRecordInputSink com.android.launcher3/com.android.searchlauncher.SearchLauncher animation-background#28483 Wallpaper BBQ wrapper#11766 40061be com.android.systemui.wallpapers.ImageWallpaper
03-27 20:23:29.410 24402 24614 D BLASTBufferQueue: [VRI[NotificationShade]#1102](f:0,a:4) PendingRelease=1, PendingBuffersToHold=0, SyncedFrameNumbers=0, lacfnr:325, lapfnr:325
03-27 20:23:29.417   942   942 W Layer   : Hide layer Input Consumer recents_animation_input_consumer#15340 because zOrderRelativeOf = ActivityRecord{3768a16 u0 com.google.android.gm/.ConversationListActivityGmail#27062 is hide.
03-27 20:23:29.417   942   942 W Layer   : Hide layer Input Consumer recents_animation_input_consumer#15340 because zOrderRelativeOf = ActivityRecord{3768a16 u0 com.google.android.gm/.ConversationListActivityGmail#27062 is hide.
03-27 20:23:29.418  1331  3676 D InputDispatcher: setInputWindows displayId=0 cf1652a NavigationBar0 7da7d35 NotificationShade 5465496 StatusBar 8a310de Splash Screen com.whatsapp 25b3f4 ActivityRecordInputSink com.whatsapp/.calling.ui.VoipActivityV2 eeb822b com.smartfit.app/com.smartfit.app.MainActivity 991143b ActivityRecordInputSink com.smartfit.app/.MainActivity 3cac54b ActivityRecordInputSink com.whatsapp/.Conversation cfc9a62 ActivityRecordInputSink com.whatsapp/.home.ui.HomeActivity 75522f8 ActivityRecordInputSink com.android.chrome/org.chromium.chrome.browser.ChromeTabbedActivity recents_animation_input_consumer 8e45331 ActivityRecordInputSink com.google.android.gm/.ui.MailActivityGmail Dim layer#11752 Dim layer#11751 b6305f1 ActivityRecordInputSink com.android.launcher3/com.android.searchlauncher.SearchLauncher animation-background#28483 Wallpaper BBQ wrapper#11766 40061be com.android.systemui.wallpapers.ImageWallpaper
03-27 20:23:29.421 24402 24614 D BLASTBufferQueue: [VRI[NotificationShade]#1102](f:0,a:4) PendingRelease=1, PendingBuffersToHold=0, SyncedFrameNumbers=0, lacfnr:326, lapfnr:326
03-27 20:23:29.428   942   942 W Layer   : Hide layer Input Consumer recents_animation_input_consumer#15340 because zOrderRelativeOf = ActivityRecord{3768a16 u0 com.google.android.gm/.ConversationListActivityGmail#27062 is hide.
03-27 20:23:29.428   942   942 W Layer   : Hide layer Input Consumer recents_animation_input_consumer#15340 because zOrderRelativeOf = ActivityRecord{3768a16 u0 com.google.android.gm/.ConversationListActivityGmail#27062 is hide.
03-27 20:23:29.429  1331  3676 D InputDispatcher: setInputWindows displayId=0 cf1652a NavigationBar0 7da7d35 NotificationShade 5465496 StatusBar 8a310de Splash Screen com.whatsapp 25b3f4 ActivityRecordInputSink com.whatsapp/.calling.ui.VoipActivityV2 eeb822b com.smartfit.app/com.smartfit.app.MainActivity 991143b ActivityRecordInputSink com.smartfit.app/.MainActivity 3cac54b ActivityRecordInputSink com.whatsapp/.Conversation cfc9a62 ActivityRecordInputSink com.whatsapp/.home.ui.HomeActivity 75522f8 ActivityRecordInputSink com.android.chrome/org.chromium.chrome.browser.ChromeTabbedActivity recents_animation_input_consumer 8e45331 ActivityRecordInputSink com.google.android.gm/.ui.MailActivityGmail Dim layer#11752 Dim layer#11751 b6305f1 ActivityRecordInputSink com.android.launcher3/com.android.searchlauncher.SearchLauncher animation-background#28483 Wallpaper BBQ wrapper#11766 40061be com.android.systemui.wallpapers.ImageWallpaper
03-27 20:23:29.432 24402 24614 D BLASTBufferQueue: [VRI[NotificationShade]#1102](f:0,a:4) PendingRelease=1, PendingBuffersToHold=0, SyncedFrameNumbers=0, lacfnr:327, lapfnr:327
03-27 20:23:29.439   942   942 W Layer   : Hide layer Input Consumer recents_animation_input_consumer#15340 because zOrderRelativeOf = ActivityRecord{3768a16 u0 com.google.android.gm/.ConversationListActivityGmail#27062 is hide.
03-27 20:23:29.439   942   942 W Layer   : Hide layer Input Consumer recents_animation_input_consumer#15340 because zOrderRelativeOf = ActivityRecord{3768a16 u0 com.google.android.gm/.ConversationListActivityGmail#27062 is hide.
03-27 20:23:29.440  1331  3676 D InputDispatcher: setInputWindows displayId=0 cf1652a NavigationBar0 7da7d35 NotificationShade 5465496 StatusBar 8a310de Splash Screen com.whatsapp 25b3f4 ActivityRecordInputSink com.whatsapp/.calling.ui.VoipActivityV2 eeb822b com.smartfit.app/com.smartfit.app.MainActivity 991143b ActivityRecordInputSink com.smartfit.app/.MainActivity 3cac54b ActivityRecordInputSink com.whatsapp/.Conversation cfc9a62 ActivityRecordInputSink com.whatsapp/.home.ui.HomeActivity 75522f8 ActivityRecordInputSink com.android.chrome/org.chromium.chrome.browser.ChromeTabbedActivity recents_animation_input_consumer 8e45331 ActivityRecordInputSink com.google.android.gm/.ui.MailActivityGmail Dim layer#11752 Dim layer#11751 b6305f1 ActivityRecordInputSink com.android.launcher3/com.android.searchlauncher.SearchLauncher animation-background#28483 Wallpaper BBQ wrapper#11766 40061be com.android.systemui.wallpapers.ImageWallpaper
03-27 20:23:29.444 24402 24614 D BLASTBufferQueue: [VRI[NotificationShade]#1102](f:0,a:4) PendingRelease=1, PendingBuffersToHold=0, SyncedFrameNumbers=0, lacfnr:328, lapfnr:328
03-27 20:23:29.450   942   942 W Layer   : Hide layer Input Consumer recents_animation_input_consumer#15340 because zOrderRelativeOf = ActivityRecord{3768a16 u0 com.google.android.gm/.ConversationListActivityGmail#27062 is hide.
03-27 20:23:29.450   942   942 W Layer   : Hide layer Input Consumer recents_animation_input_consumer#15340 because zOrderRelativeOf = ActivityRecord{3768a16 u0 com.google.android.gm/.ConversationListActivityGmail#27062 is hide.
03-27 20:23:29.451  1331  3676 D InputDispatcher: setInputWindows displayId=0 cf1652a NavigationBar0 7da7d35 NotificationShade 5465496 StatusBar 8a310de Splash Screen com.whatsapp 25b3f4 ActivityRecordInputSink com.whatsapp/.calling.ui.VoipActivityV2 eeb822b com.smartfit.app/com.smartfit.app.MainActivity 991143b ActivityRecordInputSink com.smartfit.app/.MainActivity 3cac54b ActivityRecordInputSink com.whatsapp/.Conversation cfc9a62 ActivityRecordInputSink com.whatsapp/.home.ui.HomeActivity 75522f8 ActivityRecordInputSink com.android.chrome/org.chromium.chrome.browser.ChromeTabbedActivity recents_animation_input_consumer 8e45331 ActivityRecordInputSink com.google.android.gm/.ui.MailActivityGmail Dim layer#11752 Dim layer#11751 b6305f1 ActivityRecordInputSink com.android.launcher3/com.android.searchlauncher.SearchLauncher animation-background#28483 Wallpaper BBQ wrapper#11766 40061be com.android.systemui.wallpapers.ImageWallpaper
03-27 20:23:29.455 24402 24614 D BLASTBufferQueue: [VRI[NotificationShade]#1102](f:0,a:4) PendingRelease=1, PendingBuffersToHold=0, SyncedFrameNumbers=0, lacfnr:329, lapfnr:329
03-27 20:23:29.461   942   942 W Layer   : Hide layer Input Consumer recents_animation_input_consumer#15340 because zOrderRelativeOf = ActivityRecord{3768a16 u0 com.google.android.gm/.ConversationListActivityGmail#27062 is hide.
03-27 20:23:29.462   942   942 W Layer   : Hide layer Input Consumer recents_animation_input_consumer#15340 because zOrderRelativeOf = ActivityRecord{3768a16 u0 com.google.android.gm/.ConversationListActivityGmail#27062 is hide.
03-27 20:23:29.462  1331  3676 D InputDispatcher: setInputWindows displayId=0 cf1652a NavigationBar0 7da7d35 NotificationShade 5465496 StatusBar 8a310de Splash Screen com.whatsapp 25b3f4 ActivityRecordInputSink com.whatsapp/.calling.ui.VoipActivityV2 eeb822b com.smartfit.app/com.smartfit.app.MainActivity 991143b ActivityRecordInputSink com.smartfit.app/.MainActivity 3cac54b ActivityRecordInputSink com.whatsapp/.Conversation cfc9a62 ActivityRecordInputSink com.whatsapp/.home.ui.HomeActivity 75522f8 ActivityRecordInputSink com.android.chrome/org.chromium.chrome.browser.ChromeTabbedActivity recents_animation_input_consumer 8e45331 ActivityRecordInputSink com.google.android.gm/.ui.MailActivityGmail Dim layer#11752 Dim layer#11751 b6305f1 ActivityRecordInputSink com.android.launcher3/com.android.searchlauncher.SearchLauncher animation-background#28483 Wallpaper BBQ wrapper#11766 40061be com.android.systemui.wallpapers.ImageWallpaper
03-27 20:23:29.466 24402 24614 D BLASTBufferQueue: [VRI[NotificationShade]#1102](f:0,a:4) PendingRelease=1, PendingBuffersToHold=0, SyncedFrameNumbers=0, lacfnr:330, lapfnr:330
03-27 20:23:29.473   942   942 W Layer   : Hide layer Input Consumer recents_animation_input_consumer#15340 because zOrderRelativeOf = ActivityRecord{3768a16 u0 com.google.android.gm/.ConversationListActivityGmail#27062 is hide.
03-27 20:23:29.473   942   942 W Layer   : Hide layer Input Consumer recents_animation_input_consumer#15340 because zOrderRelativeOf = ActivityRecord{3768a16 u0 com.google.android.gm/.ConversationListActivityGmail#27062 is hide.
03-27 20:23:29.474  1331  3676 D InputDispatcher: setInputWindows displayId=0 cf1652a NavigationBar0 7da7d35 NotificationShade 5465496 StatusBar 8a310de Splash Screen com.whatsapp 25b3f4 ActivityRecordInputSink com.whatsapp/.calling.ui.VoipActivityV2 eeb822b com.smartfit.app/com.smartfit.app.MainActivity 991143b ActivityRecordInputSink com.smartfit.app/.MainActivity 3cac54b ActivityRecordInputSink com.whatsapp/.Conversation cfc9a62 ActivityRecordInputSink com.whatsapp/.home.ui.HomeActivity 75522f8 ActivityRecordInputSink com.android.chrome/org.chromium.chrome.browser.ChromeTabbedActivity recents_animation_input_consumer 8e45331 ActivityRecordInputSink com.google.android.gm/.ui.MailActivityGmail Dim layer#11752 Dim layer#11751 b6305f1 ActivityRecordInputSink com.android.launcher3/com.android.searchlauncher.SearchLauncher animation-background#28483 Wallpaper BBQ wrapper#11766 40061be com.android.systemui.wallpapers.ImageWallpaper
03-27 20:23:29.477 24402 24614 D BLASTBufferQueue: [VRI[NotificationShade]#1102](f:0,a:4) PendingRelease=1, PendingBuffersToHold=0, SyncedFrameNumbers=0, lacfnr:331, lapfnr:331
03-27 20:23:29.484   942   942 W Layer   : Hide layer Input Consumer recents_animation_input_consumer#15340 because zOrderRelativeOf = ActivityRecord{3768a16 u0 com.google.android.gm/.ConversationListActivityGmail#27062 is hide.
03-27 20:23:29.484   942   942 W Layer   : Hide layer Input Consumer recents_animation_input_consumer#15340 because zOrderRelativeOf = ActivityRecord{3768a16 u0 com.google.android.gm/.ConversationListActivityGmail#27062 is hide.
03-27 20:23:29.485  1331  3676 D InputDispatcher: setInputWindows displayId=0 cf1652a NavigationBar0 7da7d35 NotificationShade 5465496 StatusBar 8a310de Splash Screen com.whatsapp 25b3f4 ActivityRecordInputSink com.whatsapp/.calling.ui.VoipActivityV2 eeb822b com.smartfit.app/com.smartfit.app.MainActivity 991143b ActivityRecordInputSink com.smartfit.app/.MainActivity 3cac54b ActivityRecordInputSink com.whatsapp/.Conversation cfc9a62 ActivityRecordInputSink com.whatsapp/.home.ui.HomeActivity 75522f8 ActivityRecordInputSink com.android.chrome/org.chromium.chrome.browser.ChromeTabbedActivity recents_animation_input_consumer 8e45331 ActivityRecordInputSink com.google.android.gm/.ui.MailActivityGmail Dim layer#11752 Dim layer#11751 b6305f1 ActivityRecordInputSink com.android.launcher3/com.android.searchlauncher.SearchLauncher animation-background#28483 Wallpaper BBQ wrapper#11766 40061be com.android.systemui.wallpapers.ImageWallpaper
03-27 20:23:29.488 24402 24614 D BLASTBufferQueue: [VRI[NotificationShade]#1102](f:0,a:4) PendingRelease=1, PendingBuffersToHold=0, SyncedFrameNumbers=0, lacfnr:332, lapfnr:332
03-27 20:23:29.495   942   942 W Layer   : Hide layer Input Consumer recents_animation_input_consumer#15340 because zOrderRelativeOf = ActivityRecord{3768a16 u0 com.google.android.gm/.ConversationListActivityGmail#27062 is hide.
03-27 20:23:29.495   942   942 W Layer   : Hide layer Input Consumer recents_animation_input_consumer#15340 because zOrderRelativeOf = ActivityRecord{3768a16 u0 com.google.android.gm/.ConversationListActivityGmail#27062 is hide.
03-27 20:23:29.496  1331  3676 D InputDispatcher: setInputWindows displayId=0 cf1652a NavigationBar0 7da7d35 NotificationShade 5465496 StatusBar 8a310de Splash Screen com.whatsapp 25b3f4 ActivityRecordInputSink com.whatsapp/.calling.ui.VoipActivityV2 eeb822b com.smartfit.app/com.smartfit.app.MainActivity 991143b ActivityRecordInputSink com.smartfit.app/.MainActivity 3cac54b ActivityRecordInputSink com.whatsapp/.Conversation cfc9a62 ActivityRecordInputSink com.whatsapp/.home.ui.HomeActivity 75522f8 ActivityRecordInputSink com.android.chrome/org.chromium.chrome.browser.ChromeTabbedActivity recents_animation_input_consumer 8e45331 ActivityRecordInputSink com.google.android.gm/.ui.MailActivityGmail Dim layer#11752 Dim layer#11751 b6305f1 ActivityRecordInputSink com.android.launcher3/com.android.searchlauncher.SearchLauncher animation-background#28483 Wallpaper BBQ wrapper#11766 40061be com.android.systemui.wallpapers.ImageWallpaper
03-27 20:23:29.498 24402 24614 D BLASTBufferQueue: [VRI[NotificationShade]#1102](f:0,a:4) PendingRelease=1, PendingBuffersToHold=0, SyncedFrameNumbers=0, lacfnr:333, lapfnr:333
03-27 20:23:29.506   942   942 W Layer   : Hide layer Input Consumer recents_animation_input_consumer#15340 because zOrderRelativeOf = ActivityRecord{3768a16 u0 com.google.android.gm/.ConversationListActivityGmail#27062 is hide.
03-27 20:23:29.506   942   942 W Layer   : Hide layer Input Consumer recents_animation_input_consumer#15340 because zOrderRelativeOf = ActivityRecord{3768a16 u0 com.google.android.gm/.ConversationListActivityGmail#27062 is hide.
03-27 20:23:29.507  1331  3676 D InputDispatcher: setInputWindows displayId=0 cf1652a NavigationBar0 7da7d35 NotificationShade 5465496 StatusBar 8a310de Splash Screen com.whatsapp 25b3f4 ActivityRecordInputSink com.whatsapp/.calling.ui.VoipActivityV2 eeb822b com.smartfit.app/com.smartfit.app.MainActivity 991143b ActivityRecordInputSink com.smartfit.app/.MainActivity 3cac54b ActivityRecordInputSink com.whatsapp/.Conversation cfc9a62 ActivityRecordInputSink com.whatsapp/.home.ui.HomeActivity 75522f8 ActivityRecordInputSink com.android.chrome/org.chromium.chrome.browser.ChromeTabbedActivity recents_animation_input_consumer 8e45331 ActivityRecordInputSink com.google.android.gm/.ui.MailActivityGmail Dim layer#11752 Dim layer#11751 b6305f1 ActivityRecordInputSink com.android.launcher3/com.android.searchlauncher.SearchLauncher animation-background#28483 Wallpaper BBQ wrapper#11766 40061be com.android.systemui.wallpapers.ImageWallpaper
03-27 20:23:29.510 24402 24614 D BLASTBufferQueue: [VRI[NotificationShade]#1102](f:0,a:4) PendingRelease=1, PendingBuffersToHold=0, SyncedFrameNumbers=0, lacfnr:334, lapfnr:334
03-27 20:23:29.517   942   942 W Layer   : Hide layer Input Consumer recents_animation_input_consumer#15340 because zOrderRelativeOf = ActivityRecord{3768a16 u0 com.google.android.gm/.ConversationListActivityGmail#27062 is hide.
03-27 20:23:29.517   942   942 W Layer   : Hide layer Input Consumer recents_animation_input_consumer#15340 because zOrderRelativeOf = ActivityRecord{3768a16 u0 com.google.android.gm/.ConversationListActivityGmail#27062 is hide.
03-27 20:23:29.518  1331  3676 D InputDispatcher: setInputWindows displayId=0 cf1652a NavigationBar0 7da7d35 NotificationShade 5465496 StatusBar 8a310de Splash Screen com.whatsapp 25b3f4 ActivityRecordInputSink com.whatsapp/.calling.ui.VoipActivityV2 eeb822b com.smartfit.app/com.smartfit.app.MainActivity 991143b ActivityRecordInputSink com.smartfit.app/.MainActivity 3cac54b ActivityRecordInputSink com.whatsapp/.Conversation cfc9a62 ActivityRecordInputSink com.whatsapp/.home.ui.HomeActivity 75522f8 ActivityRecordInputSink com.android.chrome/org.chromium.chrome.browser.ChromeTabbedActivity recents_animation_input_consumer 8e45331 ActivityRecordInputSink com.google.android.gm/.ui.MailActivityGmail Dim layer#11752 Dim layer#11751 b6305f1 ActivityRecordInputSink com.android.launcher3/com.android.searchlauncher.SearchLauncher animation-background#28483 Wallpaper BBQ wrapper#11766 40061be com.android.systemui.wallpapers.ImageWallpaper
03-27 20:23:29.521 24402 24614 D BLASTBufferQueue: [VRI[NotificationShade]#1102](f:0,a:4) PendingRelease=1, PendingBuffersToHold=0, SyncedFrameNumbers=0, lacfnr:335, lapfnr:335
03-27 20:23:29.528   942   942 W Layer   : Hide layer Input Consumer recents_animation_input_consumer#15340 because zOrderRelativeOf = ActivityRecord{3768a16 u0 com.google.android.gm/.ConversationListActivityGmail#27062 is hide.
03-27 20:23:29.528   942   942 W Layer   : Hide layer Input Consumer recents_animation_input_consumer#15340 because zOrderRelativeOf = ActivityRecord{3768a16 u0 com.google.android.gm/.ConversationListActivityGmail#27062 is hide.
