03-27 20:23:45.239   942   942 W Layer   : Hide layer Input Consumer recents_animation_input_consumer#15340 because zOrderRelativeOf = ActivityRecord{3768a16 u0 com.google.android.gm/.ConversationListActivityGmail#27062 is hide.
03-27 20:23:45.239   942   942 W Layer   : Hide layer Input Consumer recents_animation_input_consumer#15340 because zOrderRelativeOf = ActivityRecord{3768a16 u0 com.google.android.gm/.ConversationListActivityGmail#27062 is hide.
03-27 20:23:45.239   905 12450 I FDV3    : [getDetectImage, 298]: isTransform.
03-27 20:23:45.240  1331  1429 D InputDispatcher: setInputWindows displayId=0 913ef03 ScreenDecorOverlay [Gesture Monitor] pip-resize cf1652a NavigationBar0 5465496 StatusBar pip_input_consumer Embedded{PipMenuView} d8c563e com.whatsapp/com.whatsapp.calling.ui.VoipActivityV2 SurfaceView[com.whatsapp/com.whatsapp.calling.ui.VoipActivityV2](BLAST)#28541 Background for SurfaceView[com.whatsapp/com.whatsapp.calling.ui.VoipActivityV2]#28542 25b3f4 ActivityRecordInputSink com.whatsapp/.calling.ui.VoipActivityV2 a1c1bf5 com.smartfit.app/com.smartfit.app.MainActivity a85e23d ActivityRecordInputSink com.smartfit.app/.MainActivity 3cac54b ActivityRecordInputSink com.whatsapp/.Conversation cfc9a62 ActivityRecordInputSink com.whatsapp/.home.ui.HomeActivity 75522f8 ActivityRecordInputSink com.android.chrome/org.chromium.chrome.browser.ChromeTabbedActivity recents_animation_input_consumer 8e45331 ActivityRecordInputSink com.google.android.gm/.ui.MailActivityGmail Dim layer#11752 Dim layer#11751 b6305f1 ActivityRecordInputSink com.android.launcher3/com.android.searchlaunc
03-27 20:23:45.240   905 12441 I Cam3Setting: 6634, translateLocalToFwMetadata: calib_status_value:0
03-27 20:23:45.241   905 12441 E Cam3Channel: 1588, getMetadata: AE or AF callback error, give default metadata 0xe040a490
03-27 20:23:45.243   905 12384 I cmr_sensor: 959, cmr_sns_thread_proc: evt 524548
03-27 20:23:45.243   905 12384 I cmr_sensor: 1379, cmr_sns_ioctl: cmd = 45, arg = 0xdbe58530.
03-27 20:23:45.243   905 12384 I gc08a3_sharkl2: 403, gc08a3_drv_access_val: sensor gc08a3: param_ptr->type=22
03-27 20:23:45.245 11821 11857 D WM-SystemJobScheduler: Scheduling work ID 6eccf9d6-7ce7-4923-b3c7-540c34d4f8caJob ID 36575
03-27 20:23:45.251   905 28962 E Cam3OEMIf: 12560, queueBuffer: mFtEnable 0
03-27 20:23:45.252 11821 11857 D WM-SystemJobScheduler: Scheduling work ID 882e7653-ae9a-4e17-b582-5d08466898e5Job ID 36306
03-27 20:23:45.257 11821 11857 D WM-SystemJobScheduler: Scheduling work ID 5d244502-99cd-452b-95fc-4b0fb7d7d812Job ID 36577
03-27 20:23:45.263 11821 11857 D WM-SystemJobScheduler: Scheduling work ID c5d3e062-1996-484f-8ed6-30ffe81e93c1Job ID 36504
03-27 20:23:45.266   905 12421 I sprd_hdr_adapter: L 200, sprd_hdr_adpt_detect: detect current hdr type: 2, detect_in_param: 0xdb33cbe0, detect_out_param: 0xdb33cd40
03-27 20:23:45.266   905 12437 E awb_adpt: 1469, awb_sprd_ctrl_calculation_v3_2: check handle success
03-27 20:23:45.266   905 12422 I isp_blk_cmc10: 268, _pm_cmc10_set_param: cmc_result: (2437 14875 95; 16086 1352 16353; 146 15156 2104).
03-27 20:23:45.267   905 12422 E isp_alg_fw: 3931, ispalg_gtm_process: hist_total is 0, gtm no process !!!
03-27 20:23:45.268   905 12421 E Libae[FAE]: 1926, face_luma_calc: NO FACE
03-27 20:23:45.268   905 12421 W Libae[ABL]: 585,abl_bv_interpolation:tune param num should bigger than 1
03-27 20:23:45.268   905 12421 I cmr_oem : 10954, camera_get_af_support: af_support 0
03-27 20:23:45.269   905 12450 I FDV3    : [find, 710]: src:640x480 detect:224 face_num=0 31.88 ms
03-27 20:23:45.272   942   942 W Layer   : Hide layer Input Consumer recents_animation_input_consumer#15340 because zOrderRelativeOf = ActivityRecord{3768a16 u0 com.google.android.gm/.ConversationListActivityGmail#27062 is hide.
03-27 20:23:45.272   942   942 W Layer   : Hide layer Input Consumer recents_animation_input_consumer#15340 because zOrderRelativeOf = ActivityRecord{3768a16 u0 com.google.android.gm/.ConversationListActivityGmail#27062 is hide.
03-27 20:23:45.273  1331  4265 D InputDispatcher: setInputWindows displayId=0 913ef03 ScreenDecorOverlay [Gesture Monitor] pip-resize cf1652a NavigationBar0 5465496 StatusBar pip_input_consumer Embedded{PipMenuView} d8c563e com.whatsapp/com.whatsapp.calling.ui.VoipActivityV2 SurfaceView[com.whatsapp/com.whatsapp.calling.ui.VoipActivityV2](BLAST)#28541 Background for SurfaceView[com.whatsapp/com.whatsapp.calling.ui.VoipActivityV2]#28542 25b3f4 ActivityRecordInputSink com.whatsapp/.calling.ui.VoipActivityV2 a1c1bf5 com.smartfit.app/com.smartfit.app.MainActivity a85e23d ActivityRecordInputSink com.smartfit.app/.MainActivity 3cac54b ActivityRecordInputSink com.whatsapp/.Conversation cfc9a62 ActivityRecordInputSink com.whatsapp/.home.ui.HomeActivity 75522f8 ActivityRecordInputSink com.android.chrome/org.chromium.chrome.browser.ChromeTabbedActivity recents_animation_input_consumer 8e45331 ActivityRecordInputSink com.google.android.gm/.ui.MailActivityGmail Dim layer#11752 Dim layer#11751 b6305f1 ActivityRecordInputSink com.android.launcher3/com.android.searchlaunc
03-27 20:23:45.281   942   942 D SurfaceFlinger: VRR attempt to change display mode to 1
03-27 20:23:45.281   942   942 I RefreshRateSelector: Display 4619827259835644672 policy changed
03-27 20:23:45.281   942   942 I RefreshRateSelector: Previous: {defaultModeId=0, allowGroupSwitching=false, primaryRanges={physical=[60.00 Hz, 120.00 Hz], render=[60.00 Hz, 60.00 Hz]}, appRequestRanges={physical=[60.00 Hz, 120.00 Hz], render=[60.00 Hz, 120.00 Hz]}}
03-27 20:23:45.281   942   942 I RefreshRateSelector: Current:  DisplayManagerPolicy{defaultModeId=1, allowGroupSwitching=false, primaryRanges={physical=[0.00 Hz, 120.00 Hz], render=[0.00 Hz, 90.00 Hz]}, appRequestRanges={physical=[0.00 Hz, 120.00 Hz], render=[0.00 Hz, 120.00 Hz]}}
03-27 20:23:45.281   942   942 I RefreshRateSelector: 1 mode changes were performed under the previous policy
03-27 20:23:45.282 11821 11857 D WM-GreedyScheduler: Ignoring {WorkSpec: c5d3e062-1996-484f-8ed6-30ffe81e93c1}. Requires ContentUri triggers.
03-27 20:23:45.283 11821 11857 D WM-GreedyScheduler: Ignoring {WorkSpec: ceb9f5a5-36e4-4925-a8bf-6435add4f88a}. Requires device idle.
03-27 20:23:45.283 11821 11857 D WM-GreedyScheduler: Ignoring {WorkSpec: 2b97e8fc-0c88-435f-85bc-612d51c320d4}. Requires device idle.
03-27 20:23:45.288 30322 30478 D BLASTBufferQueue: [VRI[VoipActivityV2]#44](f:0,a:2) has set transaction callback, frameNumber = 224
03-27 20:23:45.289   905 12450 I FDV3    : [find, 710]: src:640x480 detect:224 face_num=0 0.63 ms
03-27 20:23:45.290   905 12384 I cmr_sensor: 959, cmr_sns_thread_proc: evt 524548
03-27 20:23:45.290   905 12384 I cmr_sensor: 1379, cmr_sns_ioctl: cmd = 45, arg = 0xdbe58530.
03-27 20:23:45.290   905 12384 I gc08a3_sharkl2: 403, gc08a3_drv_access_val: sensor gc08a3: param_ptr->type=22
03-27 20:23:45.290   910   910 I mali_gralloc: allocate: id=38e000118b8, hal_format=RGBA8888, mali_format=RGBA8888, afbc=SPLIT, usage=GPU_RW|HWC|BACKBUF, size=197x399(338944), stride=208, name=SurfaceView[com.whatsapp/com.whatsapp.calling.ui.VoipActivityV2]#45(BLAST Consumer)45
03-27 20:23:45.290 30322 12377 D mali_gralloc: register: id=38e000118b8, handle=0xb400007e6c02bdf0, importpid=-1, gRegisteredHandles=26
03-27 20:23:45.291   905 12441 W Cam3Channel: 934, getStream: channel has no valied stream(type is 7)
03-27 20:23:45.291 30322 12377 D mali_gralloc: unregister: id=38e0001181a, handle=0xb400007e6c0440f0, base=0x0, importpid=30322, count:0
03-27 20:23:45.293   905 12441 I Cam3Setting: 6634, translateLocalToFwMetadata: calib_status_value:0
03-27 20:23:45.293   905 12441 E Cam3Channel: 1588, getMetadata: AE or AF callback error, give default metadata 0xe04014a0
03-27 20:23:45.295   911  3225 D SPRDHWComposer: HWCDisplay::get_display_attribute <601>: config = 1
03-27 20:23:45.295   911  3225 D SPRDHWComposer: SprdDrm:: getActiveConfig: 0
03-27 20:23:45.295   911  3225 D SPRDHWComposer: HWCDisplay::get_display_attribute <601>: config = 0
03-27 20:23:45.295   942  1386 D mali_gralloc: register: id=38e000118b8, handle=0xb400007bafd24b10, importpid=30322, gRegisteredHandles=35
03-27 20:23:45.295   905 12384 I cmr_sensor: 959, cmr_sns_thread_proc: evt 524548
03-27 20:23:45.295   942   942 W Layer   : Hide layer Input Consumer recents_animation_input_consumer#15340 because zOrderRelativeOf = ActivityRecord{3768a16 u0 com.google.android.gm/.ConversationListActivityGmail#27062 is hide.
03-27 20:23:45.295   905 12384 I cmr_sensor: 1379, cmr_sns_ioctl: cmd = 45, arg = 0xdbe58530.
03-27 20:23:45.295   942   942 W Layer   : Hide layer Input Consumer recents_animation_input_consumer#15340 because zOrderRelativeOf = ActivityRecord{3768a16 u0 com.google.android.gm/.ConversationListActivityGmail#27062 is hide.
03-27 20:23:45.295   905 12384 I gc08a3_sharkl2: 403, gc08a3_drv_access_val: sensor gc08a3: param_ptr->type=22
03-27 20:23:45.296   942   942 D mali_gralloc: unregister: id=38e0001181a, handle=0xb400007bafd383d0, base=0x0, importpid=942, count:0
03-27 20:23:45.296  1331  4265 D InputDispatcher: setInputWindows displayId=0 913ef03 ScreenDecorOverlay [Gesture Monitor] pip-resize cf1652a NavigationBar0 5465496 StatusBar pip_input_consumer Embedded{PipMenuView} d8c563e com.whatsapp/com.whatsapp.calling.ui.VoipActivityV2 SurfaceView[com.whatsapp/com.whatsapp.calling.ui.VoipActivityV2](BLAST)#28541 Background for SurfaceView[com.whatsapp/com.whatsapp.calling.ui.VoipActivityV2]#28542 25b3f4 ActivityRecordInputSink com.whatsapp/.calling.ui.VoipActivityV2 a1c1bf5 com.smartfit.app/com.smartfit.app.MainActivity a85e23d ActivityRecordInputSink com.smartfit.app/.MainActivity 3cac54b ActivityRecordInputSink com.whatsapp/.Conversation cfc9a62 ActivityRecordInputSink com.whatsapp/.home.ui.HomeActivity 75522f8 ActivityRecordInputSink com.android.chrome/org.chromium.chrome.browser.ChromeTabbedActivity recents_animation_input_consumer 8e45331 ActivityRecordInputSink com.google.android.gm/.ui.MailActivityGmail Dim layer#11752 Dim layer#11751 b6305f1 ActivityRecordInputSink com.android.launcher3/com.android.searchlaunc
03-27 20:23:45.296   911  3225 D SPRDHWComposer: SprdDrm:: getActiveConfig: 0
03-27 20:23:45.296   911  3225 D SPRDHWComposer: HWCDisplay::get_display_attribute <601>: config = 1
03-27 20:23:45.296   911  3225 I SPRDHWComposer: SprdDrm:: setActiveConfig: 1, DisplayType:0
03-27 20:23:45.297   911  3225 I SPRDHWComposer: Create blob_id: 94
03-27 20:23:45.297  1331  1356 D SurfaceComposerClient: [com.whatsapp/com.whatsapp.calling.ui.VoipActivityV2#28488] frameNumber = 224 will apply
03-27 20:23:45.297   942  1211 W HWComposer: Ignoring duplicate VSYNC event from HWC for display 4619827259835644672 (t=314327401126000)
03-27 20:23:45.303   905 28962 E Cam3OEMIf: 12560, queueBuffer: mFtEnable 0
03-27 20:23:45.307 11821 11857 D WM-SystemJobScheduler: Scheduling work ID 30beb248-9820-4eb2-ac9f-db9ececc1013Job ID 36578
03-27 20:23:45.311   942   942 D SurfaceFlinger: VRR attempt to change display mode to 0
03-27 20:23:45.311   942   942 I RefreshRateSelector: Display 4619827259835644672 policy changed
03-27 20:23:45.311   942   942 I RefreshRateSelector: Previous: {defaultModeId=1, allowGroupSwitching=false, primaryRanges={physical=[0.00 Hz, 120.00 Hz], render=[0.00 Hz, 90.00 Hz]}, appRequestRanges={physical=[0.00 Hz, 120.00 Hz], render=[0.00 Hz, 120.00 Hz]}}
03-27 20:23:45.311   942   942 I RefreshRateSelector: Current:  DisplayManagerPolicy{defaultModeId=0, allowGroupSwitching=false, primaryRanges={physical=[60.00 Hz, 120.00 Hz], render=[60.00 Hz, 60.00 Hz]}, appRequestRanges={physical=[60.00 Hz, 120.00 Hz], render=[60.00 Hz, 120.00 Hz]}}
03-27 20:23:45.311   942   942 I RefreshRateSelector: 1 mode changes were performed under the previous policy
03-27 20:23:45.316   905 12421 I sprd_hdr_adapter: L 200, sprd_hdr_adpt_detect: detect current hdr type: 2, detect_in_param: 0xdb33cbe0, detect_out_param: 0xdb33cd40
03-27 20:23:45.316   905 12422 I isp_blk_cmc10: 268, _pm_cmc10_set_param: cmc_result: (2437 14875 95; 16086 1352 16353; 146 15156 2104).
03-27 20:23:45.316   905 12437 E awb_adpt: 1469, awb_sprd_ctrl_calculation_v3_2: check handle success
03-27 20:23:45.316 11821 11857 D WM-GreedyScheduler: Ignoring {WorkSpec: c5d3e062-1996-484f-8ed6-30ffe81e93c1}. Requires ContentUri triggers.
03-27 20:23:45.317 11821 11857 D WM-GreedyScheduler: Ignoring {WorkSpec: ceb9f5a5-36e4-4925-a8bf-6435add4f88a}. Requires device idle.
03-27 20:23:45.317 11821 11857 D WM-GreedyScheduler: Ignoring {WorkSpec: 2b97e8fc-0c88-435f-85bc-612d51c320d4}. Requires device idle.
03-27 20:23:45.317 11821 11857 D WM-GreedyScheduler: Starting work for 30beb248-9820-4eb2-ac9f-db9ececc1013
03-27 20:23:45.317   905 12422 E isp_alg_fw: 3931, ispalg_gtm_process: hist_total is 0, gtm no process !!!
03-27 20:23:45.318   905 12421 E Libae[FAE]: 1926, face_luma_calc: NO FACE
03-27 20:23:45.318   905 12421 W Libae[ABL]: 585,abl_bv_interpolation:tune param num should bigger than 1
03-27 20:23:45.319   905 12421 I cmr_oem : 10954, camera_get_af_support: af_support 0
03-27 20:23:45.321 11821 11821 D WM-SystemJobService: onStartJob for WorkGenerationalId(workSpecId=30beb248-9820-4eb2-ac9f-db9ececc1013, generation=0)
03-27 20:23:45.323 11821 11845 D WM-Processor: okm: processing WorkGenerationalId(workSpecId=30beb248-9820-4eb2-ac9f-db9ececc1013, generation=0)
03-27 20:23:45.328 11821 11845 D WM-Processor: Work WorkGenerationalId(workSpecId=30beb248-9820-4eb2-ac9f-db9ececc1013, generation=0) is already enqueued for processing
03-27 20:23:45.329   910   910 I mali_gralloc: allocate: id=38e000118b9, hal_format=RGBA8888, mali_format=RGBA8888, afbc=SPLIT, usage=GPU_RW|HWC|BACKBUF, size=197x399(338944), stride=208, name=SurfaceView[com.whatsapp/com.whatsapp.calling.ui.VoipActivityV2]#45(BLAST Consumer)45
03-27 20:23:45.330 30322 12377 D mali_gralloc: register: id=38e000118b9, handle=0xb400007e6c03da90, importpid=-1, gRegisteredHandles=26
03-27 20:23:45.331 30322 12377 D mali_gralloc: unregister: id=38e0001181b, handle=0xb400007e6bff4bf0, base=0x0, importpid=30322, count:0
03-27 20:23:45.334   942  1386 D mali_gralloc: register: id=38e000118b9, handle=0xb400007bafd383d0, importpid=30322, gRegisteredHandles=35
03-27 20:23:45.334   911  3225 D SPRDHWComposer: HWCDisplay::get_display_attribute <601>: config = 0
03-27 20:23:45.334   911  3225 D SPRDHWComposer: SprdDrm:: getActiveConfig: 1
03-27 20:23:45.334   911  3225 D SPRDHWComposer: HWCDisplay::get_display_attribute <601>: config = 1
03-27 20:23:45.334   942   942 W Layer   : Hide layer Input Consumer recents_animation_input_consumer#15340 because zOrderRelativeOf = ActivityRecord{3768a16 u0 com.google.android.gm/.ConversationListActivityGmail#27062 is hide.
03-27 20:23:45.334   942   942 W Layer   : Hide layer Input Consumer recents_animation_input_consumer#15340 because zOrderRelativeOf = ActivityRecord{3768a16 u0 com.google.android.gm/.ConversationListActivityGmail#27062 is hide.
03-27 20:23:45.335   942   942 D mali_gralloc: unregister: id=38e0001181b, handle=0xb400007bafd166b0, base=0x0, importpid=942, count:0
03-27 20:23:45.336   911  3225 D mali_gralloc: register: id=38e000118b8, handle=0xb4000071bb4b7b90, importpid=942, gRegisteredHandles=33
03-27 20:23:45.336   911  3225 D mali_gralloc: unregister: id=38e0001181b, handle=0xb4000071bb4b8250, base=0x0, importpid=911, count:0
03-27 20:23:45.336  1331  4265 D InputDispatcher: setInputWindows displayId=0 913ef03 ScreenDecorOverlay [Gesture Monitor] pip-resize cf1652a NavigationBar0 5465496 StatusBar pip_input_consumer Embedded{PipMenuView} d8c563e com.whatsapp/com.whatsapp.calling.ui.VoipActivityV2 SurfaceView[com.whatsapp/com.whatsapp.calling.ui.VoipActivityV2](BLAST)#28541 Background for SurfaceView[com.whatsapp/com.whatsapp.calling.ui.VoipActivityV2]#28542 25b3f4 ActivityRecordInputSink com.whatsapp/.calling.ui.VoipActivityV2 a1c1bf5 com.smartfit.app/com.smartfit.app.MainActivity a85e23d ActivityRecordInputSink com.smartfit.app/.MainActivity 3cac54b ActivityRecordInputSink com.whatsapp/.Conversation cfc9a62 ActivityRecordInputSink com.whatsapp/.home.ui.HomeActivity 75522f8 ActivityRecordInputSink com.android.chrome/org.chromium.chrome.browser.ChromeTabbedActivity recents_animation_input_consumer 8e45331 ActivityRecordInputSink com.google.android.gm/.ui.MailActivityGmail Dim layer#11752 Dim layer#11751 b6305f1 ActivityRecordInputSink com.android.launcher3/com.android.searchlaunc
03-27 20:23:45.338   911  3225 D SPRDHWComposer: SprdDrm:: getActiveConfig: 1
03-27 20:23:45.338   911  3225 D SPRDHWComposer: HWCDisplay::get_display_attribute <601>: config = 0
03-27 20:23:45.338   911  3225 I SPRDHWComposer: SprdDrm:: setActiveConfig: 0, DisplayType:0
03-27 20:23:45.338   911  3225 I SPRDHWComposer: Create blob_id: 97
03-27 20:23:45.340   942  1211 W HWComposer: Ignoring duplicate VSYNC event from HWC for display 4619827259835644672 (t=314327445480000)
03-27 20:23:45.342   905 12450 I FDV3    : [find, 710]: src:640x480 detect:224 face_num=0 0.68 ms
03-27 20:23:45.345   905 12384 I cmr_sensor: 959, cmr_sns_thread_proc: evt 524548
03-27 20:23:45.345   905 12384 I cmr_sensor: 1379, cmr_sns_ioctl: cmd = 45, arg = 0xdbe58530.
03-27 20:23:45.345   905 12384 I gc08a3_sharkl2: 403, gc08a3_drv_access_val: sensor gc08a3: param_ptr->type=22
03-27 20:23:45.347   905 12441 W Cam3Channel: 934, getStream: channel has no valied stream(type is 7)
03-27 20:23:45.349   905 12441 I Cam3Setting: 6634, translateLocalToFwMetadata: calib_status_value:0
03-27 20:23:45.349   905 12441 E Cam3Channel: 1588, getMetadata: AE or AF callback error, give default metadata 0xe04014a0
03-27 20:23:45.349 11821 11845 D CompatibilityChangeReporter: Compat change id reported: 263076149; UID 10142; state: ENABLED
03-27 20:23:45.355   905 12384 I cmr_sensor: 959, cmr_sns_thread_proc: evt 524548
03-27 20:23:45.355   905 12384 I cmr_sensor: 1379, cmr_sns_ioctl: cmd = 45, arg = 0xdbe58530.
03-27 20:23:45.356   905 12384 I gc08a3_sharkl2: 403, gc08a3_drv_access_val: sensor gc08a3: param_ptr->type=22
03-27 20:23:45.361   905 28962 E Cam3OEMIf: 12560, queueBuffer: mFtEnable 0
03-27 20:23:45.367   905 12437 E awb_adpt: 1469, awb_sprd_ctrl_calculation_v3_2: check handle success
03-27 20:23:45.367   905 12421 I sprd_hdr_adapter: L 200, sprd_hdr_adpt_detect: detect current hdr type: 2, detect_in_param: 0xdb33cbe0, detect_out_param: 0xdb33cd40
03-27 20:23:45.367   905 12422 I isp_blk_cmc10: 268, _pm_cmc10_set_param: cmc_result: (2437 14875 95; 16086 1352 16353; 146 15156 2104).
03-27 20:23:45.367   905 12422 E isp_alg_fw: 3931, ispalg_gtm_process: hist_total is 0, gtm no process !!!
03-27 20:23:45.368   905 12421 E Libae[FAE]: 1926, face_luma_calc: NO FACE
03-27 20:23:45.368   905 12421 W Libae[ABL]: 585,abl_bv_interpolation:tune param num should bigger than 1
03-27 20:23:45.368   905 12421 I cmr_oem : 10954, camera_get_af_support: af_support 0
03-27 20:23:45.378   942   942 W Layer   : Hide layer Input Consumer recents_animation_input_consumer#15340 because zOrderRelativeOf = ActivityRecord{3768a16 u0 com.google.android.gm/.ConversationListActivityGmail#27062 is hide.
03-27 20:23:45.378   942   942 W Layer   : Hide layer Input Consumer recents_animation_input_consumer#15340 because zOrderRelativeOf = ActivityRecord{3768a16 u0 com.google.android.gm/.ConversationListActivityGmail#27062 is hide.
03-27 20:23:45.379  1331  1429 D InputDispatcher: setInputWindows displayId=0 913ef03 ScreenDecorOverlay [Gesture Monitor] pip-resize cf1652a NavigationBar0 5465496 StatusBar pip_input_consumer Embedded{PipMenuView} d8c563e com.whatsapp/com.whatsapp.calling.ui.VoipActivityV2 SurfaceView[com.whatsapp/com.whatsapp.calling.ui.VoipActivityV2](BLAST)#28541 Background for SurfaceView[com.whatsapp/com.whatsapp.calling.ui.VoipActivityV2]#28542 25b3f4 ActivityRecordInputSink com.whatsapp/.calling.ui.VoipActivityV2 a1c1bf5 com.smartfit.app/com.smartfit.app.MainActivity a85e23d ActivityRecordInputSink com.smartfit.app/.MainActivity 3cac54b ActivityRecordInputSink com.whatsapp/.Conversation cfc9a62 ActivityRecordInputSink com.whatsapp/.home.ui.HomeActivity 75522f8 ActivityRecordInputSink com.android.chrome/org.chromium.chrome.browser.ChromeTabbedActivity recents_animation_input_consumer 8e45331 ActivityRecordInputSink com.google.android.gm/.ui.MailActivityGmail Dim layer#11752 Dim layer#11751 b6305f1 ActivityRecordInputSink com.android.launcher3/com.android.searchlaunc
03-27 20:23:45.379   911  3225 D mali_gralloc: register: id=38e000118b9, handle=0xb4000071bb4b8250, importpid=942, gRegisteredHandles=33
03-27 20:23:45.379   911  3225 D mali_gralloc: unregister: id=38e0001181a, handle=0xb4000071bb4b7950, base=0x0, importpid=911, count:0
03-27 20:23:45.391   905 12450 I FDV3    : [find, 710]: src:640x480 detect:224 face_num=0 1.10 ms
03-27 20:23:45.393   905 12384 I cmr_sensor: 959, cmr_sns_thread_proc: evt 524548
03-27 20:23:45.393   905 12384 I cmr_sensor: 1379, cmr_sns_ioctl: cmd = 45, arg = 0xdbe58530.
03-27 20:23:45.393   905 12384 I gc08a3_sharkl2: 403, gc08a3_drv_access_val: sensor gc08a3: param_ptr->type=22
03-27 20:23:45.393   905 12441 W Cam3Channel: 934, getStream: channel has no valied stream(type is 7)
03-27 20:23:45.394 11821 11845 D WM-PackageManagerHelper: Skipping component enablement for androidx.work.impl.background.systemalarm.RescheduleReceiver
03-27 20:23:45.395   910   910 I mali_gralloc: allocate: id=38e000118ba, hal_format=RGBA8888, mali_format=RGBA8888, afbc=SPLIT, usage=GPU_RW|HWC|BACKBUF, size=197x399(338944), stride=208, name=SurfaceView[com.whatsapp/com.whatsapp.calling.ui.VoipActivityV2]#45(BLAST Consumer)45
03-27 20:23:45.395 30322 12377 D mali_gralloc: register: id=38e000118ba, handle=0xb400007e6bff4bf0, importpid=-1, gRegisteredHandles=26
03-27 20:23:45.396 11821 11821 D WM-WorkerWrapper: Starting work for com.google.apps.tiktok.contrib.work.TikTokListenableWorker
03-27 20:23:45.396 30322 12377 D mali_gralloc: unregister: id=38e00011831, handle=0xb400007e6c061970, base=0x0, importpid=30322, count:0
03-27 20:23:45.397   905 12441 I Cam3Setting: 6634, translateLocalToFwMetadata: calib_status_value:0
03-27 20:23:45.397   905 12441 E Cam3Channel: 1588, getMetadata: AE or AF callback error, give default metadata 0xe0411ff0
03-27 20:23:45.398   942  1386 D mali_gralloc: register: id=38e000118ba, handle=0xb400007bafd17e50, importpid=30322, gRegisteredHandles=35
03-27 20:23:45.399   905 12384 I cmr_sensor: 959, cmr_sns_thread_proc: evt 524548
03-27 20:23:45.399   905 12384 I cmr_sensor: 1379, cmr_sns_ioctl: cmd = 45, arg = 0xdbe58530.
03-27 20:23:45.399   905 12384 I gc08a3_sharkl2: 403, gc08a3_drv_access_val: sensor gc08a3: param_ptr->type=22
03-27 20:23:45.402   905 28962 E Cam3OEMIf: 12560, queueBuffer: mFtEnable 0
03-27 20:23:45.405   942   942 D mali_gralloc: unregister: id=38e00011831, handle=0xb400007bafd12b10, base=0x0, importpid=942, count:0
03-27 20:23:45.406   911  3225 D mali_gralloc: register: id=38e000118ba, handle=0xb4000071bb4b7950, importpid=942, gRegisteredHandles=33
03-27 20:23:45.406   911  3225 D mali_gralloc: unregister: id=38e00011831, handle=0xb4000071bb4b6f30, base=0x0, importpid=911, count:0
03-27 20:23:45.417   905 12437 E awb_adpt: 1469, awb_sprd_ctrl_calculation_v3_2: check handle success
03-27 20:23:45.417   905 12422 I isp_blk_cmc10: 268, _pm_cmc10_set_param: cmc_result: (2437 14875 95; 16086 1352 16353; 146 15156 2104).
03-27 20:23:45.417   905 12422 E isp_alg_fw: 3931, ispalg_gtm_process: hist_total is 0, gtm no process !!!
03-27 20:23:45.417   905 12421 I sprd_hdr_adapter: L 200, sprd_hdr_adpt_detect: detect current hdr type: 2, detect_in_param: 0xdb33cbe0, detect_out_param: 0xdb33cd40
03-27 20:23:45.418   905 12421 E Libae[FAE]: 1926, face_luma_calc: NO FACE
03-27 20:23:45.419   905 12421 W Libae[ABL]: 585,abl_bv_interpolation:tune param num should bigger than 1
03-27 20:23:45.419   905 12421 I cmr_oem : 10954, camera_get_af_support: af_support 0
03-27 20:23:45.422   942   942 W Layer   : Hide layer Input Consumer recents_animation_input_consumer#15340 because zOrderRelativeOf = ActivityRecord{3768a16 u0 com.google.android.gm/.ConversationListActivityGmail#27062 is hide.
03-27 20:23:45.422   942   942 W Layer   : Hide layer Input Consumer recents_animation_input_consumer#15340 because zOrderRelativeOf = ActivityRecord{3768a16 u0 com.google.android.gm/.ConversationListActivityGmail#27062 is hide.
03-27 20:23:45.423  1331  1429 D InputDispatcher: setInputWindows displayId=0 913ef03 ScreenDecorOverlay [Gesture Monitor] pip-resize cf1652a NavigationBar0 5465496 StatusBar pip_input_consumer Embedded{PipMenuView} d8c563e com.whatsapp/com.whatsapp.calling.ui.VoipActivityV2 SurfaceView[com.whatsapp/com.whatsapp.calling.ui.VoipActivityV2](BLAST)#28541 Background for SurfaceView[com.whatsapp/com.whatsapp.calling.ui.VoipActivityV2]#28542 25b3f4 ActivityRecordInputSink com.whatsapp/.calling.ui.VoipActivityV2 a1c1bf5 com.smartfit.app/com.smartfit.app.MainActivity a85e23d ActivityRecordInputSink com.smartfit.app/.MainActivity 3cac54b ActivityRecordInputSink com.whatsapp/.Conversation cfc9a62 ActivityRecordInputSink com.whatsapp/.home.ui.HomeActivity 75522f8 ActivityRecordInputSink com.android.chrome/org.chromium.chrome.browser.ChromeTabbedActivity recents_animation_input_consumer 8e45331 ActivityRecordInputSink com.google.android.gm/.ui.MailActivityGmail Dim layer#11752 Dim layer#11751 b6305f1 ActivityRecordInputSink com.android.launcher3/com.android.searchlaunc
03-27 20:23:45.439   905 12384 I cmr_sensor: 959, cmr_sns_thread_proc: evt 524548
03-27 20:23:45.439   905 12384 I cmr_sensor: 1379, cmr_sns_ioctl: cmd = 45, arg = 0xdbe58530.
03-27 20:23:45.439   905 12384 I gc08a3_sharkl2: 403, gc08a3_drv_access_val: sensor gc08a3: param_ptr->type=22
03-27 20:23:45.439   905 12441 W Cam3Channel: 934, getStream: channel has no valied stream(type is 7)
03-27 20:23:45.440   905 12450 I FDV3    : [find, 710]: src:640x480 detect:224 face_num=0 1.53 ms
03-27 20:23:45.442   905 12441 I Cam3Setting: 6634, translateLocalToFwMetadata: calib_status_value:0
03-27 20:23:45.442   905 12441 E Cam3Channel: 1588, getMetadata: AE or AF callback error, give default metadata 0xe04014a0
03-27 20:23:45.445   905 12384 I cmr_sensor: 959, cmr_sns_thread_proc: evt 524548
03-27 20:23:45.445   905 12384 I cmr_sensor: 1379, cmr_sns_ioctl: cmd = 45, arg = 0xdbe58530.
03-27 20:23:45.445   905 12384 I gc08a3_sharkl2: 403, gc08a3_drv_access_val: sensor gc08a3: param_ptr->type=22
03-27 20:23:45.449   905 28962 E Cam3OEMIf: 12560, queueBuffer: mFtEnable 0
03-27 20:23:45.451 11663 11663 I Choreographer: Skipped 30 frames!  The application may be doing too much work on its main thread.
03-27 20:23:45.459   942  2327 D mali_gralloc: register: id=38e000118b6, handle=0xb400007bafd34ef0, importpid=11663, gRegisteredHandles=35
03-27 20:23:45.465 11821 11852 I drbz    : Broadcasting OPA enabled
03-27 20:23:45.467   905 12437 E awb_adpt: 1469, awb_sprd_ctrl_calculation_v3_2: check handle success
03-27 20:23:45.467   905 12422 I isp_blk_cmc10: 268, _pm_cmc10_set_param: cmc_result: (2437 14875 95; 16086 1352 16353; 146 15156 2104).
03-27 20:23:45.467   905 12421 I sprd_hdr_adapter: L 200, sprd_hdr_adpt_detect: detect current hdr type: 2, detect_in_param: 0xdb33cbe0, detect_out_param: 0xdb33cd40
03-27 20:23:45.467   905 12422 E isp_alg_fw: 3931, ispalg_gtm_process: hist_total is 0, gtm no process !!!
03-27 20:23:45.469   905 12421 E Libae[FAE]: 1926, face_luma_calc: NO FACE
03-27 20:23:45.469   905 12421 W Libae[ABL]: 585,abl_bv_interpolation:tune param num should bigger than 1
03-27 20:23:45.469   905 12421 I cmr_oem : 10954, camera_get_af_support: af_support 0
03-27 20:23:45.471 11821 11852 I drbz    : Broadcasting OPA user enabled
03-27 20:23:45.472   911  3225 D mali_gralloc: register: id=38e000118b6, handle=0xb4000071bb4b6f30, importpid=942, gRegisteredHandles=33
03-27 20:23:45.489   905 12384 I cmr_sensor: 959, cmr_sns_thread_proc: evt 524548
03-27 20:23:45.489   905 12384 I cmr_sensor: 1379, cmr_sns_ioctl: cmd = 45, arg = 0xdbe58530.
03-27 20:23:45.489   905 12384 I gc08a3_sharkl2: 403, gc08a3_drv_access_val: sensor gc08a3: param_ptr->type=22
03-27 20:23:45.489   905 12441 W Cam3Channel: 934, getStream: channel has no valied stream(type is 7)
03-27 20:23:45.489   905 12450 I FDV3    : [find, 710]: src:640x480 detect:224 face_num=0 0.58 ms
03-27 20:23:45.490   905 12441 I Cam3Setting: 6634, translateLocalToFwMetadata: calib_status_value:0
03-27 20:23:45.491   905 12441 E Cam3Channel: 1588, getMetadata: AE or AF callback error, give default metadata 0xe04014a0
03-27 20:23:45.492   905 12384 I cmr_sensor: 959, cmr_sns_thread_proc: evt 524548
03-27 20:23:45.492   905 12384 I cmr_sensor: 1379, cmr_sns_ioctl: cmd = 45, arg = 0xdbe58530.
03-27 20:23:45.492   905 12384 I gc08a3_sharkl2: 403, gc08a3_drv_access_val: sensor gc08a3: param_ptr->type=22
03-27 20:23:45.495   905 28962 E Cam3OEMIf: 12560, queueBuffer: mFtEnable 0
03-27 20:23:45.516 11821 11855 I WM-WorkerWrapper: Worker result SUCCESS for Work [ id=30beb248-9820-4eb2-ac9f-db9ececc1013, tags={ com.google.apps.tiktok.contrib.work.TikTokListenableWorker,TikTokWorker#com.google.android.libraries.search.assistant.launcher.OpaEnabledBroadcastWorker } ]
03-27 20:23:45.517   905 12437 E awb_adpt: 1469, awb_sprd_ctrl_calculation_v3_2: check handle success
03-27 20:23:45.517   905 12421 I sprd_hdr_adapter: L 200, sprd_hdr_adpt_detect: detect current hdr type: 2, detect_in_param: 0xdb33cbe0, detect_out_param: 0xdb33cd40
03-27 20:23:45.517   905 12422 I isp_blk_cmc10: 268, _pm_cmc10_set_param: cmc_result: (2437 14875 95; 16086 1352 16353; 146 15156 2104).
03-27 20:23:45.518   905 12422 E isp_alg_fw: 3931, ispalg_gtm_process: hist_total is 0, gtm no process !!!
03-27 20:23:45.518   905 12421 E Libae[FAE]: 1926, face_luma_calc: NO FACE
03-27 20:23:45.519   905 12421 W Libae[ABL]: 585,abl_bv_interpolation:tune param num should bigger than 1
03-27 20:23:45.519   905 12421 I cmr_oem : 10954, camera_get_af_support: af_support 0
03-27 20:23:45.522 11821 11821 D WM-Processor: okm 30beb248-9820-4eb2-ac9f-db9ececc1013 executed; reschedule = false
03-27 20:23:45.522 11821 11821 D WM-SystemJobService: 30beb248-9820-4eb2-ac9f-db9ececc1013 executed on JobScheduler
03-27 20:23:45.528 11821 11855 D WM-GreedyScheduler: Cancelling work ID 30beb248-9820-4eb2-ac9f-db9ececc1013
03-27 20:23:45.534 11821 11855 D WM-GreedyScheduler: Ignoring {WorkSpec: c5d3e062-1996-484f-8ed6-30ffe81e93c1}. Requires ContentUri triggers.
03-27 20:23:45.534 11821 11855 D WM-GreedyScheduler: Ignoring {WorkSpec: ceb9f5a5-36e4-4925-a8bf-6435add4f88a}. Requires device idle.
03-27 20:23:45.534 11821 11855 D WM-GreedyScheduler: Ignoring {WorkSpec: 2b97e8fc-0c88-435f-85bc-612d51c320d4}. Requires device idle.
03-27 20:23:45.539   905 12384 I cmr_sensor: 959, cmr_sns_thread_proc: evt 524548
03-27 20:23:45.539   905 12384 I cmr_sensor: 1379, cmr_sns_ioctl: cmd = 45, arg = 0xdbe58530.
03-27 20:23:45.539   905 12384 I gc08a3_sharkl2: 403, gc08a3_drv_access_val: sensor gc08a3: param_ptr->type=22
03-27 20:23:45.539   905 12441 W Cam3Channel: 934, getStream: channel has no valied stream(type is 7)
03-27 20:23:45.540   905 12450 I FDV3    : [find, 710]: src:640x480 detect:224 face_num=0 0.99 ms
03-27 20:23:45.541   905 12441 I Cam3Setting: 6634, translateLocalToFwMetadata: calib_status_value:0
03-27 20:23:45.541   905 12441 E Cam3Channel: 1588, getMetadata: AE or AF callback error, give default metadata 0xe04014a0
03-27 20:23:45.542   905 12384 I cmr_sensor: 959, cmr_sns_thread_proc: evt 524548
03-27 20:23:45.542   905 12384 I cmr_sensor: 1379, cmr_sns_ioctl: cmd = 45, arg = 0xdbe58530.
03-27 20:23:45.543   905 12384 I gc08a3_sharkl2: 403, gc08a3_drv_access_val: sensor gc08a3: param_ptr->type=22
03-27 20:23:45.546   905 28962 E Cam3OEMIf: 12560, queueBuffer: mFtEnable 0
03-27 20:23:45.567   905 12437 E awb_adpt: 1469, awb_sprd_ctrl_calculation_v3_2: check handle success
03-27 20:23:45.568   905 12422 I isp_blk_cmc10: 268, _pm_cmc10_set_param: cmc_result: (2437 14875 95; 16086 1352 16353; 146 15156 2104).
03-27 20:23:45.568   905 12421 I sprd_hdr_adapter: L 200, sprd_hdr_adpt_detect: detect current hdr type: 2, detect_in_param: 0xdb33cbe0, detect_out_param: 0xdb33cd40
03-27 20:23:45.568   905 12422 E isp_alg_fw: 3931, ispalg_gtm_process: hist_total is 0, gtm no process !!!
03-27 20:23:45.569   905 12421 E Libae[FAE]: 1926, face_luma_calc: NO FACE
03-27 20:23:45.569   905 12421 W Libae[ABL]: 585,abl_bv_interpolation:tune param num should bigger than 1
03-27 20:23:45.569   905 12421 I cmr_oem : 10954, camera_get_af_support: af_support 0
03-27 20:23:45.589   905 12384 I cmr_sensor: 959, cmr_sns_thread_proc: evt 524548
03-27 20:23:45.589   905 12384 I cmr_sensor: 1379, cmr_sns_ioctl: cmd = 45, arg = 0xdbe58530.
03-27 20:23:45.589   905 12384 I gc08a3_sharkl2: 403, gc08a3_drv_access_val: sensor gc08a3: param_ptr->type=22
03-27 20:23:45.589   905 12441 W Cam3Channel: 934, getStream: channel has no valied stream(type is 7)
03-27 20:23:45.590   905 12450 I FDV3    : [find, 710]: src:640x480 detect:224 face_num=0 1.06 ms
03-27 20:23:45.591   905 12441 I Cam3Setting: 6634, translateLocalToFwMetadata: calib_status_value:0
03-27 20:23:45.591   905 12441 E Cam3Channel: 1588, getMetadata: AE or AF callback error, give default metadata 0xe04014a0
03-27 20:23:45.592   905 12384 I cmr_sensor: 959, cmr_sns_thread_proc: evt 524548
03-27 20:23:45.593   905 12384 I cmr_sensor: 1379, cmr_sns_ioctl: cmd = 45, arg = 0xdbe58530.
03-27 20:23:45.593   905 12384 I gc08a3_sharkl2: 403, gc08a3_drv_access_val: sensor gc08a3: param_ptr->type=22
03-27 20:23:45.596   905 28962 E Cam3OEMIf: 12560, queueBuffer: mFtEnable 0
03-27 20:23:45.618   905 12422 I isp_blk_cmc10: 268, _pm_cmc10_set_param: cmc_result: (2437 14875 95; 16086 1352 16353; 146 15156 2104).
03-27 20:23:45.618   905 12421 I sprd_hdr_adapter: L 200, sprd_hdr_adpt_detect: detect current hdr type: 2, detect_in_param: 0xdb33cbe0, detect_out_param: 0xdb33cd40
03-27 20:23:45.618   905 12437 E awb_adpt: 1469, awb_sprd_ctrl_calculation_v3_2: check handle success
03-27 20:23:45.618   905 12422 E isp_alg_fw: 3931, ispalg_gtm_process: hist_total is 0, gtm no process !!!
03-27 20:23:45.619   905 12421 E Libae[FAE]: 1926, face_luma_calc: NO FACE
03-27 20:23:45.619   905 12421 W Libae[ABL]: 585,abl_bv_interpolation:tune param num should bigger than 1
03-27 20:23:45.619   905 12421 I cmr_oem : 10954, camera_get_af_support: af_support 0
03-27 20:23:45.640   905 12384 I cmr_sensor: 959, cmr_sns_thread_proc: evt 524548
03-27 20:23:45.640   905 12384 I cmr_sensor: 1379, cmr_sns_ioctl: cmd = 45, arg = 0xdbe58530.
03-27 20:23:45.640   905 12384 I gc08a3_sharkl2: 403, gc08a3_drv_access_val: sensor gc08a3: param_ptr->type=22
03-27 20:23:45.640   905 12441 W Cam3Channel: 934, getStream: channel has no valied stream(type is 7)
03-27 20:23:45.640   905 12450 I FDV3    : [find, 710]: src:640x480 detect:224 face_num=0 0.97 ms
03-27 20:23:45.641   905 12441 I Cam3Setting: 6634, translateLocalToFwMetadata: calib_status_value:0
03-27 20:23:45.642   905 12441 E Cam3Channel: 1588, getMetadata: AE or AF callback error, give default metadata 0xe04014a0
03-27 20:23:45.643   905 12384 I cmr_sensor: 959, cmr_sns_thread_proc: evt 524548
03-27 20:23:45.643   905 12384 I cmr_sensor: 1379, cmr_sns_ioctl: cmd = 45, arg = 0xdbe58530.
03-27 20:23:45.643   905 12384 I gc08a3_sharkl2: 403, gc08a3_drv_access_val: sensor gc08a3: param_ptr->type=22
03-27 20:23:45.646   905 28962 E Cam3OEMIf: 12560, queueBuffer: mFtEnable 0
03-27 20:23:45.668   905 12421 I sprd_hdr_adapter: L 200, sprd_hdr_adpt_detect: detect current hdr type: 2, detect_in_param: 0xdb33cbe0, detect_out_param: 0xdb33cd40
03-27 20:23:45.668   905 12437 E awb_adpt: 1469, awb_sprd_ctrl_calculation_v3_2: check handle success
03-27 20:23:45.668   905 12422 I isp_blk_cmc10: 268, _pm_cmc10_set_param: cmc_result: (2437 14875 95; 16086 1352 16353; 146 15156 2104).
03-27 20:23:45.668   905 12422 E isp_alg_fw: 3931, ispalg_gtm_process: hist_total is 0, gtm no process !!!
03-27 20:23:45.669   905 12421 E Libae[FAE]: 1926, face_luma_calc: NO FACE
03-27 20:23:45.669   905 12421 W Libae[ABL]: 585,abl_bv_interpolation:tune param num should bigger than 1
03-27 20:23:45.669   905 12421 I cmr_oem : 10954, camera_get_af_support: af_support 0
03-27 20:23:45.689   905 12384 I cmr_sensor: 959, cmr_sns_thread_proc: evt 524548
03-27 20:23:45.690   905 12384 I cmr_sensor: 1379, cmr_sns_ioctl: cmd = 45, arg = 0xdbe58530.
03-27 20:23:45.690   905 12384 I gc08a3_sharkl2: 403, gc08a3_drv_access_val: sensor gc08a3: param_ptr->type=22
03-27 20:23:45.690   905 12441 W Cam3Channel: 934, getStream: channel has no valied stream(type is 7)
03-27 20:23:45.691   905 12450 I FDV3    : [getDetectImage, 298]: isTransform.
03-27 20:23:45.691   905 12441 I Cam3Setting: 6634, translateLocalToFwMetadata: calib_status_value:0
03-27 20:23:45.692   905 12441 E Cam3Channel: 1588, getMetadata: AE or AF callback error, give default metadata 0xe041afe0
03-27 20:23:45.693   905 12384 I cmr_sensor: 959, cmr_sns_thread_proc: evt 524548
03-27 20:23:45.693   905 12384 I cmr_sensor: 1379, cmr_sns_ioctl: cmd = 45, arg = 0xdbe58530.
03-27 20:23:45.693   905 12384 I gc08a3_sharkl2: 403, gc08a3_drv_access_val: sensor gc08a3: param_ptr->type=22
03-27 20:23:45.696   905 28962 E Cam3OEMIf: 12560, queueBuffer: mFtEnable 0
03-27 20:23:45.715   905 12450 I FDV3    : [find, 710]: src:640x480 detect:224 face_num=0 25.95 ms
03-27 20:23:45.718   905 12421 I sprd_hdr_adapter: L 200, sprd_hdr_adpt_detect: detect current hdr type: 2, detect_in_param: 0xdb33cbe0, detect_out_param: 0xdb33cd40
03-27 20:23:45.718   905 12422 I isp_blk_cmc10: 268, _pm_cmc10_set_param: cmc_result: (2437 14875 95; 16086 1352 16353; 146 15156 2104).
03-27 20:23:45.718   905 12437 E awb_adpt: 1469, awb_sprd_ctrl_calculation_v3_2: check handle success
03-27 20:23:45.718   905 12422 E isp_alg_fw: 3931, ispalg_gtm_process: hist_total is 0, gtm no process !!!
03-27 20:23:45.720   905 12421 E Libae[FAE]: 1926, face_luma_calc: NO FACE
03-27 20:23:45.720   905 12421 W Libae[ABL]: 585,abl_bv_interpolation:tune param num should bigger than 1
03-27 20:23:45.720   905 12421 I cmr_oem : 10954, camera_get_af_support: af_support 0
03-27 20:23:45.740   905 12384 I cmr_sensor: 959, cmr_sns_thread_proc: evt 524548
03-27 20:23:45.740   905 12384 I cmr_sensor: 1379, cmr_sns_ioctl: cmd = 45, arg = 0xdbe58530.
03-27 20:23:45.740   905 12384 I gc08a3_sharkl2: 403, gc08a3_drv_access_val: sensor gc08a3: param_ptr->type=22
03-27 20:23:45.740   905 12441 W Cam3Channel: 934, getStream: channel has no valied stream(type is 7)
03-27 20:23:45.740   905 12450 I FDV3    : [find, 710]: src:640x480 detect:224 face_num=0 0.60 ms
03-27 20:23:45.742   905 12441 I Cam3Setting: 6634, translateLocalToFwMetadata: calib_status_value:0
03-27 20:23:45.742   905 12441 E Cam3Channel: 1588, getMetadata: AE or AF callback error, give default metadata 0xe04014a0
03-27 20:23:45.743   905 12384 I cmr_sensor: 959, cmr_sns_thread_proc: evt 524548
03-27 20:23:45.743   905 12384 I cmr_sensor: 1379, cmr_sns_ioctl: cmd = 45, arg = 0xdbe58530.
03-27 20:23:45.743   905 12384 I gc08a3_sharkl2: 403, gc08a3_drv_access_val: sensor gc08a3: param_ptr->type=22
03-27 20:23:45.746   905  1312 E Cam3OEMIf: 12560, queueBuffer: mFtEnable 0
03-27 20:23:45.768   905 12437 E awb_adpt: 1469, awb_sprd_ctrl_calculation_v3_2: check handle success
03-27 20:23:45.768   905 12421 I sprd_hdr_adapter: L 200, sprd_hdr_adpt_detect: detect current hdr type: 2, detect_in_param: 0xdb33cbe0, detect_out_param: 0xdb33cd40
03-27 20:23:45.768   905 12422 I isp_blk_cmc10: 268, _pm_cmc10_set_param: cmc_result: (2437 14875 95; 16086 1352 16353; 146 15156 2104).
03-27 20:23:45.769   905 12422 E isp_alg_fw: 3931, ispalg_gtm_process: hist_total is 0, gtm no process !!!
03-27 20:23:45.770   905 12421 E Libae[FAE]: 1926, face_luma_calc: NO FACE
03-27 20:23:45.770   905 12421 W Libae[ABL]: 585,abl_bv_interpolation:tune param num should bigger than 1
03-27 20:23:45.770   905 12421 I cmr_oem : 10954, camera_get_af_support: af_support 0
03-27 20:23:45.790   905 12384 I cmr_sensor: 959, cmr_sns_thread_proc: evt 524548
03-27 20:23:45.790   905 12384 I cmr_sensor: 1379, cmr_sns_ioctl: cmd = 45, arg = 0xdbe58530.
03-27 20:23:45.790   905 12384 I gc08a3_sharkl2: 403, gc08a3_drv_access_val: sensor gc08a3: param_ptr->type=22
03-27 20:23:45.790   905 12441 W Cam3Channel: 934, getStream: channel has no valied stream(type is 7)
03-27 20:23:45.790   905 12450 I FDV3    : [find, 710]: src:640x480 detect:224 face_num=0 0.59 ms
03-27 20:23:45.792   905 12441 I Cam3Setting: 6634, translateLocalToFwMetadata: calib_status_value:0
03-27 20:23:45.792   905 12441 E Cam3Channel: 1588, getMetadata: AE or AF callback error, give default metadata 0xe04014a0
03-27 20:23:45.793   905 12384 I cmr_sensor: 959, cmr_sns_thread_proc: evt 524548
03-27 20:23:45.793   905 12384 I cmr_sensor: 1379, cmr_sns_ioctl: cmd = 45, arg = 0xdbe58530.
03-27 20:23:45.793   905 12384 I gc08a3_sharkl2: 403, gc08a3_drv_access_val: sensor gc08a3: param_ptr->type=22
03-27 20:23:45.796   905  1312 E Cam3OEMIf: 12560, queueBuffer: mFtEnable 0
03-27 20:23:45.818   905 12437 E awb_adpt: 1469, awb_sprd_ctrl_calculation_v3_2: check handle success
03-27 20:23:45.818   905 12421 I sprd_hdr_adapter: L 200, sprd_hdr_adpt_detect: detect current hdr type: 2, detect_in_param: 0xdb33cbe0, detect_out_param: 0xdb33cd40
03-27 20:23:45.819   905 12422 I isp_blk_cmc10: 268, _pm_cmc10_set_param: cmc_result: (2437 14875 95; 16086 1352 16353; 146 15156 2104).
03-27 20:23:45.819   905 12422 E isp_alg_fw: 3931, ispalg_gtm_process: hist_total is 0, gtm no process !!!
03-27 20:23:45.820   905 12421 E Libae[FAE]: 1926, face_luma_calc: NO FACE
03-27 20:23:45.820   905 12421 W Libae[ABL]: 585,abl_bv_interpolation:tune param num should bigger than 1
03-27 20:23:45.821   905 12421 I cmr_oem : 10954, camera_get_af_support: af_support 0
03-27 20:23:45.841   905 12450 I FDV3    : [find, 710]: src:640x480 detect:224 face_num=0 0.60 ms
03-27 20:23:45.841   905 12384 I cmr_sensor: 959, cmr_sns_thread_proc: evt 524548
03-27 20:23:45.841   905 12384 I cmr_sensor: 1379, cmr_sns_ioctl: cmd = 45, arg = 0xdbe58530.
03-27 20:23:45.841   905 12384 I gc08a3_sharkl2: 403, gc08a3_drv_access_val: sensor gc08a3: param_ptr->type=22
03-27 20:23:45.841   905 12441 W Cam3Channel: 934, getStream: channel has no valied stream(type is 7)
03-27 20:23:45.842   905 12441 I Cam3Setting: 6634, translateLocalToFwMetadata: calib_status_value:0
03-27 20:23:45.843   905 12441 E Cam3Channel: 1588, getMetadata: AE or AF callback error, give default metadata 0xe04014a0
03-27 20:23:45.844   905 12384 I cmr_sensor: 959, cmr_sns_thread_proc: evt 524548
03-27 20:23:45.844   905 12384 I cmr_sensor: 1379, cmr_sns_ioctl: cmd = 45, arg = 0xdbe58530.
03-27 20:23:45.844   905 12384 I gc08a3_sharkl2: 403, gc08a3_drv_access_val: sensor gc08a3: param_ptr->type=22
03-27 20:23:45.844 31983 32277 D AudioFlinger: mixer(0xb400007713a98910) throttle end: throttle time(3)
03-27 20:23:45.847   905 28962 E Cam3OEMIf: 12560, queueBuffer: mFtEnable 0
03-27 20:23:45.869   905 12437 E awb_adpt: 1469, awb_sprd_ctrl_calculation_v3_2: check handle success
03-27 20:23:45.869   905 12421 I sprd_hdr_adapter: L 200, sprd_hdr_adpt_detect: detect current hdr type: 2, detect_in_param: 0xdb33cbe0, detect_out_param: 0xdb33cd40
03-27 20:23:45.869   905 12422 I isp_blk_cmc10: 268, _pm_cmc10_set_param: cmc_result: (2437 14875 95; 16086 1352 16353; 146 15156 2104).
03-27 20:23:45.869   905 12422 E isp_alg_fw: 3931, ispalg_gtm_process: hist_total is 0, gtm no process !!!
03-27 20:23:45.870   905 12421 E Libae[FAE]: 1926, face_luma_calc: NO FACE
03-27 20:23:45.870   905 12421 W Libae[ABL]: 585,abl_bv_interpolation:tune param num should bigger than 1
03-27 20:23:45.870   905 12421 I cmr_oem : 10954, camera_get_af_support: af_support 0
03-27 20:23:45.891   905 12384 I cmr_sensor: 959, cmr_sns_thread_proc: evt 524548
03-27 20:23:45.891   905 12384 I cmr_sensor: 1379, cmr_sns_ioctl: cmd = 45, arg = 0xdbe58530.
03-27 20:23:45.891   905 12384 I gc08a3_sharkl2: 403, gc08a3_drv_access_val: sensor gc08a3: param_ptr->type=22
03-27 20:23:45.891   905 12450 I FDV3    : [find, 710]: src:640x480 detect:224 face_num=0 0.60 ms
03-27 20:23:45.891   905 12441 W Cam3Channel: 934, getStream: channel has no valied stream(type is 7)
03-27 20:23:45.892   905 12441 I Cam3Setting: 6634, translateLocalToFwMetadata: calib_status_value:0
03-27 20:23:45.893   905 12441 E Cam3Channel: 1588, getMetadata: AE or AF callback error, give default metadata 0xe04014a0
03-27 20:23:45.894   905 12384 I cmr_sensor: 959, cmr_sns_thread_proc: evt 524548
03-27 20:23:45.894   905 12384 I cmr_sensor: 1379, cmr_sns_ioctl: cmd = 45, arg = 0xdbe58530.
03-27 20:23:45.894   905 12384 I gc08a3_sharkl2: 403, gc08a3_drv_access_val: sensor gc08a3: param_ptr->type=22
03-27 20:23:45.896   905 28962 E Cam3OEMIf: 12560, queueBuffer: mFtEnable 0
03-27 20:23:45.919   905 12421 I sprd_hdr_adapter: L 200, sprd_hdr_adpt_detect: detect current hdr type: 2, detect_in_param: 0xdb33cbe0, detect_out_param: 0xdb33cd40
03-27 20:23:45.919   905 12422 I isp_blk_cmc10: 268, _pm_cmc10_set_param: cmc_result: (2437 14875 95; 16086 1352 16353; 146 15156 2104).
03-27 20:23:45.919   905 12437 E awb_adpt: 1469, awb_sprd_ctrl_calculation_v3_2: check handle success
03-27 20:23:45.919   905 12422 E isp_alg_fw: 3931, ispalg_gtm_process: hist_total is 0, gtm no process !!!
03-27 20:23:45.920   905 12421 E Libae[FAE]: 1926, face_luma_calc: NO FACE
03-27 20:23:45.920   905 12421 W Libae[ABL]: 585,abl_bv_interpolation:tune param num should bigger than 1
03-27 20:23:45.920   905 12421 I cmr_oem : 10954, camera_get_af_support: af_support 0
03-27 20:23:45.940   905 12384 I cmr_sensor: 959, cmr_sns_thread_proc: evt 524548
03-27 20:23:45.940   905 12384 I cmr_sensor: 1379, cmr_sns_ioctl: cmd = 45, arg = 0xdbe58530.
03-27 20:23:45.940   905 12384 I gc08a3_sharkl2: 403, gc08a3_drv_access_val: sensor gc08a3: param_ptr->type=22
03-27 20:23:45.940   905 12441 W Cam3Channel: 934, getStream: channel has no valied stream(type is 7)
03-27 20:23:45.941   905 12450 I FDV3    : [find, 710]: src:640x480 detect:224 face_num=0 0.58 ms
03-27 20:23:45.942   905 12441 I Cam3Setting: 6634, translateLocalToFwMetadata: calib_status_value:0
03-27 20:23:45.942   905 12441 E Cam3Channel: 1588, getMetadata: AE or AF callback error, give default metadata 0xe04014a0
03-27 20:23:45.943   905 12384 I cmr_sensor: 959, cmr_sns_thread_proc: evt 524548
03-27 20:23:45.943   905 12384 I cmr_sensor: 1379, cmr_sns_ioctl: cmd = 45, arg = 0xdbe58530.
03-27 20:23:45.943   905 12384 I gc08a3_sharkl2: 403, gc08a3_drv_access_val: sensor gc08a3: param_ptr->type=22
03-27 20:23:45.946   905 28962 E Cam3OEMIf: 12560, queueBuffer: mFtEnable 0
03-27 20:23:45.969   905 12437 E awb_adpt: 1469, awb_sprd_ctrl_calculation_v3_2: check handle success
03-27 20:23:45.969   905 12422 I isp_blk_cmc10: 268, _pm_cmc10_set_param: cmc_result: (2437 14875 95; 16086 1352 16353; 146 15156 2104).
03-27 20:23:45.969   905 12422 E isp_alg_fw: 3931, ispalg_gtm_process: hist_total is 0, gtm no process !!!
03-27 20:23:45.969   905 12421 I sprd_hdr_adapter: L 200, sprd_hdr_adpt_detect: detect current hdr type: 2, detect_in_param: 0xdb33cbe0, detect_out_param: 0xdb33cd40
03-27 20:23:45.971   905 12421 E Libae[FAE]: 1926, face_luma_calc: NO FACE
03-27 20:23:45.971   905 12421 W Libae[ABL]: 585,abl_bv_interpolation:tune param num should bigger than 1
03-27 20:23:45.971   905 12421 I cmr_oem : 10954, camera_get_af_support: af_support 0
03-27 20:23:45.991   905 12384 I cmr_sensor: 959, cmr_sns_thread_proc: evt 524548
03-27 20:23:45.991   905 12384 I cmr_sensor: 1379, cmr_sns_ioctl: cmd = 45, arg = 0xdbe58530.
03-27 20:23:45.991   905 12384 I gc08a3_sharkl2: 403, gc08a3_drv_access_val: sensor gc08a3: param_ptr->type=22
03-27 20:23:45.991   905 12441 W Cam3Channel: 934, getStream: channel has no valied stream(type is 7)
03-27 20:23:45.991   905 12450 I FDV3    : [find, 710]: src:640x480 detect:224 face_num=0 0.59 ms
03-27 20:23:45.993   905 12441 I Cam3Setting: 6634, translateLocalToFwMetadata: calib_status_value:0
03-27 20:23:45.993   905 12441 E Cam3Channel: 1588, getMetadata: AE or AF callback error, give default metadata 0xe04014a0
03-27 20:23:45.994   905 12384 I cmr_sensor: 959, cmr_sns_thread_proc: evt 524548
03-27 20:23:45.994   905 12384 I cmr_sensor: 1379, cmr_sns_ioctl: cmd = 45, arg = 0xdbe58530.
03-27 20:23:45.994   905 12384 I gc08a3_sharkl2: 403, gc08a3_drv_access_val: sensor gc08a3: param_ptr->type=22
03-27 20:23:45.997   905 28962 E Cam3OEMIf: 12560, queueBuffer: mFtEnable 0
03-27 20:23:46.019   905 12437 E awb_adpt: 1469, awb_sprd_ctrl_calculation_v3_2: check handle success
03-27 20:23:46.020   905 12422 I isp_blk_cmc10: 268, _pm_cmc10_set_param: cmc_result: (2437 14875 95; 16086 1352 16353; 146 15156 2104).
03-27 20:23:46.020   905 12422 E isp_alg_fw: 3931, ispalg_gtm_process: hist_total is 0, gtm no process !!!
03-27 20:23:46.020   905 12421 I sprd_hdr_adapter: L 200, sprd_hdr_adpt_detect: detect current hdr type: 2, detect_in_param: 0xdb33cbe0, detect_out_param: 0xdb33cd40
03-27 20:23:46.021   905 12421 E Libae[FAE]: 1926, face_luma_calc: NO FACE
03-27 20:23:46.021   905 12421 W Libae[ABL]: 585,abl_bv_interpolation:tune param num should bigger than 1
03-27 20:23:46.022   905 12421 I cmr_oem : 10954, camera_get_af_support: af_support 0
03-27 20:23:46.041   905 12384 I cmr_sensor: 959, cmr_sns_thread_proc: evt 524548
03-27 20:23:46.041   905 12384 I cmr_sensor: 1379, cmr_sns_ioctl: cmd = 45, arg = 0xdbe58530.
03-27 20:23:46.041   905 12384 I gc08a3_sharkl2: 403, gc08a3_drv_access_val: sensor gc08a3: param_ptr->type=22
03-27 20:23:46.041   905 12441 W Cam3Channel: 934, getStream: channel has no valied stream(type is 7)
03-27 20:23:46.042   905 12450 I FDV3    : [find, 710]: src:640x480 detect:224 face_num=0 1.05 ms
