03-27 20:23:38.936   905 12450 I FDV3    : [find, 710]: src:640x480 detect:224 face_num=0 24.03 ms
03-27 20:23:38.940   905 12421 I sprd_hdr_adapter: L 200, sprd_hdr_adpt_detect: detect current hdr type: 2, detect_in_param: 0xdb33cbe0, detect_out_param: 0xdb33cd40
03-27 20:23:38.940   905 12422 I isp_blk_cmc10: 268, _pm_cmc10_set_param: cmc_result: (2437 14875 95; 16086 1352 16353; 146 15156 2104).
03-27 20:23:38.940   905 12437 E awb_adpt: 1469, awb_sprd_ctrl_calculation_v3_2: check handle success
03-27 20:23:38.941   905 12422 E isp_alg_fw: 3931, ispalg_gtm_process: hist_total is 0, gtm no process !!!
03-27 20:23:38.942   905 12421 E Libae[FAE]: 1926, face_luma_calc: NO FACE
03-27 20:23:38.942   905 12421 W Libae[ABL]: 585,abl_bv_interpolation:tune param num should bigger than 1
03-27 20:23:38.942   905 12421 I cmr_oem : 10954, camera_get_af_support: af_support 0
03-27 20:23:38.962   905 12384 I cmr_sensor: 959, cmr_sns_thread_proc: evt 524548
03-27 20:23:38.962   905 12384 I cmr_sensor: 1379, cmr_sns_ioctl: cmd = 45, arg = 0xdbe58530.
03-27 20:23:38.962   905 12384 I gc08a3_sharkl2: 403, gc08a3_drv_access_val: sensor gc08a3: param_ptr->type=22
03-27 20:23:38.962   905 12441 W Cam3Channel: 934, getStream: channel has no valied stream(type is 7)
03-27 20:23:38.962   905 12450 I FDV3    : [find, 710]: src:640x480 detect:224 face_num=0 0.61 ms
03-27 20:23:38.964   905 12441 I Cam3Setting: 6634, translateLocalToFwMetadata: calib_status_value:0
03-27 20:23:38.964   905 12441 E Cam3Channel: 1588, getMetadata: AE or AF callback error, give default metadata 0xe04014a0
03-27 20:23:38.965   905 12384 I cmr_sensor: 959, cmr_sns_thread_proc: evt 524548
03-27 20:23:38.965   905 12384 I cmr_sensor: 1379, cmr_sns_ioctl: cmd = 45, arg = 0xdbe58530.
03-27 20:23:38.965   905 12384 I gc08a3_sharkl2: 403, gc08a3_drv_access_val: sensor gc08a3: param_ptr->type=22
03-27 20:23:38.969   905 29043 E Cam3OEMIf: 12560, queueBuffer: mFtEnable 0
03-27 20:23:38.990   905 12437 E awb_adpt: 1469, awb_sprd_ctrl_calculation_v3_2: check handle success
03-27 20:23:38.990   905 12421 I sprd_hdr_adapter: L 200, sprd_hdr_adpt_detect: detect current hdr type: 2, detect_in_param: 0xdb33cbe0, detect_out_param: 0xdb33cd40
03-27 20:23:38.990   905 12422 I isp_blk_cmc10: 268, _pm_cmc10_set_param: cmc_result: (2437 14875 95; 16086 1352 16353; 146 15156 2104).
03-27 20:23:38.991   905 12422 E isp_alg_fw: 3931, ispalg_gtm_process: hist_total is 0, gtm no process !!!
03-27 20:23:38.992   905 12421 E Libae[FAE]: 1926, face_luma_calc: NO FACE
03-27 20:23:38.992   905 12421 W Libae[ABL]: 585,abl_bv_interpolation:tune param num should bigger than 1
03-27 20:23:38.992   905 12421 I cmr_oem : 10954, camera_get_af_support: af_support 0
03-27 20:23:39.012   905 12384 I cmr_sensor: 959, cmr_sns_thread_proc: evt 524548
03-27 20:23:39.012   905 12384 I cmr_sensor: 1379, cmr_sns_ioctl: cmd = 45, arg = 0xdbe58530.
03-27 20:23:39.012   905 12384 I gc08a3_sharkl2: 403, gc08a3_drv_access_val: sensor gc08a3: param_ptr->type=22
03-27 20:23:39.012   905 12441 W Cam3Channel: 934, getStream: channel has no valied stream(type is 7)
03-27 20:23:39.013   905 12450 I FDV3    : [find, 710]: src:640x480 detect:224 face_num=0 0.60 ms
03-27 20:23:39.014   905 12441 I Cam3Setting: 6634, translateLocalToFwMetadata: calib_status_value:0
03-27 20:23:39.014   905 12441 E Cam3Channel: 1588, getMetadata: AE or AF callback error, give default metadata 0xe0400010
03-27 20:23:39.015   905 12384 I cmr_sensor: 959, cmr_sns_thread_proc: evt 524548
03-27 20:23:39.015   905 12384 I cmr_sensor: 1379, cmr_sns_ioctl: cmd = 45, arg = 0xdbe58530.
03-27 20:23:39.015   905 12384 I gc08a3_sharkl2: 403, gc08a3_drv_access_val: sensor gc08a3: param_ptr->type=22
03-27 20:23:39.018   905 29043 E Cam3OEMIf: 12560, queueBuffer: mFtEnable 0
03-27 20:23:39.041   905 12437 E awb_adpt: 1469, awb_sprd_ctrl_calculation_v3_2: check handle success
03-27 20:23:39.041   905 12421 I sprd_hdr_adapter: L 200, sprd_hdr_adpt_detect: detect current hdr type: 2, detect_in_param: 0xdb33cbe0, detect_out_param: 0xdb33cd40
03-27 20:23:39.041   905 12422 I isp_blk_cmc10: 268, _pm_cmc10_set_param: cmc_result: (2437 14875 95; 16086 1352 16353; 146 15156 2104).
03-27 20:23:39.041   905 12422 E isp_alg_fw: 3931, ispalg_gtm_process: hist_total is 0, gtm no process !!!
03-27 20:23:39.042   905 12421 E Libae[FAE]: 1926, face_luma_calc: NO FACE
03-27 20:23:39.042   905 12421 W Libae[ABL]: 585,abl_bv_interpolation:tune param num should bigger than 1
03-27 20:23:39.043   905 12421 I cmr_oem : 10954, camera_get_af_support: af_support 0
03-27 20:23:39.062   905 12384 I cmr_sensor: 959, cmr_sns_thread_proc: evt 524548
03-27 20:23:39.062   905 12384 I cmr_sensor: 1379, cmr_sns_ioctl: cmd = 45, arg = 0xdbe58530.
03-27 20:23:39.062   905 12384 I gc08a3_sharkl2: 403, gc08a3_drv_access_val: sensor gc08a3: param_ptr->type=22
03-27 20:23:39.062   905 12441 W Cam3Channel: 934, getStream: channel has no valied stream(type is 7)
03-27 20:23:39.063   905 12450 I FDV3    : [find, 710]: src:640x480 detect:224 face_num=0 0.59 ms
03-27 20:23:39.064   905 12441 I Cam3Setting: 6634, translateLocalToFwMetadata: calib_status_value:0
03-27 20:23:39.065   905 12441 E Cam3Channel: 1588, getMetadata: AE or AF callback error, give default metadata 0xe04014a0
03-27 20:23:39.066   905 12384 I cmr_sensor: 959, cmr_sns_thread_proc: evt 524548
03-27 20:23:39.066   905 12384 I cmr_sensor: 1379, cmr_sns_ioctl: cmd = 45, arg = 0xdbe58530.
03-27 20:23:39.066   905 12384 I gc08a3_sharkl2: 403, gc08a3_drv_access_val: sensor gc08a3: param_ptr->type=22
03-27 20:23:39.069   905  1312 E Cam3OEMIf: 12560, queueBuffer: mFtEnable 0
03-27 20:23:39.091   905 12437 E awb_adpt: 1469, awb_sprd_ctrl_calculation_v3_2: check handle success
03-27 20:23:39.091   905 12421 I sprd_hdr_adapter: L 200, sprd_hdr_adpt_detect: detect current hdr type: 2, detect_in_param: 0xdb33cbe0, detect_out_param: 0xdb33cd40
03-27 20:23:39.091   905 12422 I isp_blk_cmc10: 268, _pm_cmc10_set_param: cmc_result: (2437 14875 95; 16086 1352 16353; 146 15156 2104).
03-27 20:23:39.091   905 12422 E isp_alg_fw: 3931, ispalg_gtm_process: hist_total is 0, gtm no process !!!
03-27 20:23:39.092   905 12421 E Libae[FAE]: 1926, face_luma_calc: NO FACE
03-27 20:23:39.092   905 12421 W Libae[ABL]: 585,abl_bv_interpolation:tune param num should bigger than 1
03-27 20:23:39.093   905 12421 I cmr_oem : 10954, camera_get_af_support: af_support 0
03-27 20:23:39.113   905 12384 I cmr_sensor: 959, cmr_sns_thread_proc: evt 524548
03-27 20:23:39.113   905 12384 I cmr_sensor: 1379, cmr_sns_ioctl: cmd = 45, arg = 0xdbe58530.
03-27 20:23:39.113   905 12384 I gc08a3_sharkl2: 403, gc08a3_drv_access_val: sensor gc08a3: param_ptr->type=22
03-27 20:23:39.113   905 12450 I FDV3    : [find, 710]: src:640x480 detect:224 face_num=0 0.59 ms
03-27 20:23:39.113   905 12441 W Cam3Channel: 934, getStream: channel has no valied stream(type is 7)
03-27 20:23:39.115   905 12441 I Cam3Setting: 6634, translateLocalToFwMetadata: calib_status_value:0
03-27 20:23:39.115   905 12441 E Cam3Channel: 1588, getMetadata: AE or AF callback error, give default metadata 0xe040a490
03-27 20:23:39.116   905 12384 I cmr_sensor: 959, cmr_sns_thread_proc: evt 524548
03-27 20:23:39.116   905 12384 I cmr_sensor: 1379, cmr_sns_ioctl: cmd = 45, arg = 0xdbe58530.
03-27 20:23:39.116   905 12384 I gc08a3_sharkl2: 403, gc08a3_drv_access_val: sensor gc08a3: param_ptr->type=22
03-27 20:23:39.119   905 29043 E Cam3OEMIf: 12560, queueBuffer: mFtEnable 0
03-27 20:23:39.141   905 12421 I sprd_hdr_adapter: L 200, sprd_hdr_adpt_detect: detect current hdr type: 2, detect_in_param: 0xdb33cbe0, detect_out_param: 0xdb33cd40
03-27 20:23:39.141   905 12422 I isp_blk_cmc10: 268, _pm_cmc10_set_param: cmc_result: (2437 14875 95; 16086 1352 16353; 146 15156 2104).
03-27 20:23:39.141   905 12437 E awb_adpt: 1469, awb_sprd_ctrl_calculation_v3_2: check handle success
03-27 20:23:39.142   905 12422 E isp_alg_fw: 3931, ispalg_gtm_process: hist_total is 0, gtm no process !!!
03-27 20:23:39.142   905 12421 E Libae[FAE]: 1926, face_luma_calc: NO FACE
03-27 20:23:39.143   905 12421 W Libae[ABL]: 585,abl_bv_interpolation:tune param num should bigger than 1
03-27 20:23:39.143   905 12421 I cmr_oem : 10954, camera_get_af_support: af_support 0
03-27 20:23:39.163   905 12384 I cmr_sensor: 959, cmr_sns_thread_proc: evt 524548
03-27 20:23:39.163   905 12384 I cmr_sensor: 1379, cmr_sns_ioctl: cmd = 45, arg = 0xdbe58530.
03-27 20:23:39.163   905 12384 I gc08a3_sharkl2: 403, gc08a3_drv_access_val: sensor gc08a3: param_ptr->type=22
03-27 20:23:39.163   905 12450 I FDV3    : [find, 710]: src:640x480 detect:224 face_num=0 0.59 ms
03-27 20:23:39.163   905 12441 W Cam3Channel: 934, getStream: channel has no valied stream(type is 7)
03-27 20:23:39.165   905 12441 I Cam3Setting: 6634, translateLocalToFwMetadata: calib_status_value:0
03-27 20:23:39.166   905 12441 E Cam3Channel: 1588, getMetadata: AE or AF callback error, give default metadata 0xe0411ff0
03-27 20:23:39.167   905 12384 I cmr_sensor: 959, cmr_sns_thread_proc: evt 524548
03-27 20:23:39.167   905 12384 I cmr_sensor: 1379, cmr_sns_ioctl: cmd = 45, arg = 0xdbe58530.
03-27 20:23:39.167   905 12384 I gc08a3_sharkl2: 403, gc08a3_drv_access_val: sensor gc08a3: param_ptr->type=22
03-27 20:23:39.170   905 29043 E Cam3OEMIf: 12560, queueBuffer: mFtEnable 0
03-27 20:23:39.191   905 12437 E awb_adpt: 1469, awb_sprd_ctrl_calculation_v3_2: check handle success
03-27 20:23:39.191   905 12421 I sprd_hdr_adapter: L 200, sprd_hdr_adpt_detect: detect current hdr type: 2, detect_in_param: 0xdb33cbe0, detect_out_param: 0xdb33cd40
03-27 20:23:39.192   905 12422 I isp_blk_cmc10: 268, _pm_cmc10_set_param: cmc_result: (2437 14875 95; 16086 1352 16353; 146 15156 2104).
03-27 20:23:39.192   905 12422 E isp_alg_fw: 3931, ispalg_gtm_process: hist_total is 0, gtm no process !!!
03-27 20:23:39.193   905 12421 E Libae[FAE]: 1926, face_luma_calc: NO FACE
03-27 20:23:39.193   905 12421 W Libae[ABL]: 585,abl_bv_interpolation:tune param num should bigger than 1
03-27 20:23:39.193   905 12421 I cmr_oem : 10954, camera_get_af_support: af_support 0
03-27 20:23:39.214   905 12384 I cmr_sensor: 959, cmr_sns_thread_proc: evt 524548
03-27 20:23:39.214   905 12384 I cmr_sensor: 1379, cmr_sns_ioctl: cmd = 45, arg = 0xdbe58530.
03-27 20:23:39.214   905 12384 I gc08a3_sharkl2: 403, gc08a3_drv_access_val: sensor gc08a3: param_ptr->type=22
03-27 20:23:39.214   905 12450 I FDV3    : [find, 710]: src:640x480 detect:224 face_num=0 0.62 ms
03-27 20:23:39.214   905 12441 W Cam3Channel: 934, getStream: channel has no valied stream(type is 7)
03-27 20:23:39.216   905 12441 I Cam3Setting: 6634, translateLocalToFwMetadata: calib_status_value:0
03-27 20:23:39.216   905 12441 E Cam3Channel: 1588, getMetadata: AE or AF callback error, give default metadata 0xe040a490
03-27 20:23:39.217   905 12384 I cmr_sensor: 959, cmr_sns_thread_proc: evt 524548
03-27 20:23:39.217   905 12384 I cmr_sensor: 1379, cmr_sns_ioctl: cmd = 45, arg = 0xdbe58530.
03-27 20:23:39.217   905 12384 I gc08a3_sharkl2: 403, gc08a3_drv_access_val: sensor gc08a3: param_ptr->type=22
03-27 20:23:39.221   905 29043 E Cam3OEMIf: 12560, queueBuffer: mFtEnable 0
03-27 20:23:39.241   905 12437 E awb_adpt: 1469, awb_sprd_ctrl_calculation_v3_2: check handle success
03-27 20:23:39.241   905 12421 I sprd_hdr_adapter: L 200, sprd_hdr_adpt_detect: detect current hdr type: 2, detect_in_param: 0xdb33cbe0, detect_out_param: 0xdb33cd40
03-27 20:23:39.241   905 12422 I isp_blk_cmc10: 268, _pm_cmc10_set_param: cmc_result: (2437 14875 95; 16086 1352 16353; 146 15156 2104).
03-27 20:23:39.242   905 12422 E isp_alg_fw: 3931, ispalg_gtm_process: hist_total is 0, gtm no process !!!
03-27 20:23:39.242   905 12421 E Libae[FAE]: 1926, face_luma_calc: NO FACE
03-27 20:23:39.243   905 12421 W Libae[ABL]: 585,abl_bv_interpolation:tune param num should bigger than 1
03-27 20:23:39.243   905 12421 I cmr_oem : 10954, camera_get_af_support: af_support 0
03-27 20:23:39.263   905 12384 I cmr_sensor: 959, cmr_sns_thread_proc: evt 524548
03-27 20:23:39.263   905 12384 I cmr_sensor: 1379, cmr_sns_ioctl: cmd = 45, arg = 0xdbe58530.
03-27 20:23:39.263   905 12384 I gc08a3_sharkl2: 403, gc08a3_drv_access_val: sensor gc08a3: param_ptr->type=22
03-27 20:23:39.264   905 12441 W Cam3Channel: 934, getStream: channel has no valied stream(type is 7)
03-27 20:23:39.264   905 12450 I FDV3    : [find, 710]: src:640x480 detect:224 face_num=0 0.98 ms
03-27 20:23:39.266   905 12441 I Cam3Setting: 6634, translateLocalToFwMetadata: calib_status_value:0
03-27 20:23:39.266   905 12441 E Cam3Channel: 1588, getMetadata: AE or AF callback error, give default metadata 0xe0400010
03-27 20:23:39.267   905 12384 I cmr_sensor: 959, cmr_sns_thread_proc: evt 524548
03-27 20:23:39.267   905 12384 I cmr_sensor: 1379, cmr_sns_ioctl: cmd = 45, arg = 0xdbe58530.
03-27 20:23:39.267   905 12384 I gc08a3_sharkl2: 403, gc08a3_drv_access_val: sensor gc08a3: param_ptr->type=22
03-27 20:23:39.271   905 29043 E Cam3OEMIf: 12560, queueBuffer: mFtEnable 0
03-27 20:23:39.292   905 12421 I sprd_hdr_adapter: L 200, sprd_hdr_adpt_detect: detect current hdr type: 2, detect_in_param: 0xdb33cbe0, detect_out_param: 0xdb33cd40
03-27 20:23:39.292   905 12422 I isp_blk_cmc10: 268, _pm_cmc10_set_param: cmc_result: (2437 14875 95; 16086 1352 16353; 146 15156 2104).
03-27 20:23:39.292   905 12422 E isp_alg_fw: 3931, ispalg_gtm_process: hist_total is 0, gtm no process !!!
03-27 20:23:39.292   905 12437 E awb_adpt: 1469, awb_sprd_ctrl_calculation_v3_2: check handle success
03-27 20:23:39.293   905 12421 E Libae[FAE]: 1926, face_luma_calc: NO FACE
03-27 20:23:39.293   905 12421 W Libae[ABL]: 585,abl_bv_interpolation:tune param num should bigger than 1
03-27 20:23:39.293   905 12421 I cmr_oem : 10954, camera_get_af_support: af_support 0
03-27 20:23:39.313   905 12384 I cmr_sensor: 959, cmr_sns_thread_proc: evt 524548
03-27 20:23:39.314   905 12384 I cmr_sensor: 1379, cmr_sns_ioctl: cmd = 45, arg = 0xdbe58530.
03-27 20:23:39.314   905 12384 I gc08a3_sharkl2: 403, gc08a3_drv_access_val: sensor gc08a3: param_ptr->type=22
03-27 20:23:39.314   905 12441 W Cam3Channel: 934, getStream: channel has no valied stream(type is 7)
03-27 20:23:39.314   905 12450 I FDV3    : [find, 710]: src:640x480 detect:224 face_num=0 1.03 ms
03-27 20:23:39.315   905 12441 I Cam3Setting: 6634, translateLocalToFwMetadata: calib_status_value:0
03-27 20:23:39.316   905 12441 E Cam3Channel: 1588, getMetadata: AE or AF callback error, give default metadata 0xe040cdb0
03-27 20:23:39.317   905 12384 I cmr_sensor: 959, cmr_sns_thread_proc: evt 524548
03-27 20:23:39.317   905 12384 I cmr_sensor: 1379, cmr_sns_ioctl: cmd = 45, arg = 0xdbe58530.
03-27 20:23:39.317   905 12384 I gc08a3_sharkl2: 403, gc08a3_drv_access_val: sensor gc08a3: param_ptr->type=22
03-27 20:23:39.320   905 29043 E Cam3OEMIf: 12560, queueBuffer: mFtEnable 0
03-27 20:23:39.342   905 12421 I sprd_hdr_adapter: L 200, sprd_hdr_adpt_detect: detect current hdr type: 2, detect_in_param: 0xdb33cbe0, detect_out_param: 0xdb33cd40
03-27 20:23:39.342   905 12422 I isp_blk_cmc10: 268, _pm_cmc10_set_param: cmc_result: (2437 14875 95; 16086 1352 16353; 146 15156 2104).
03-27 20:23:39.342   905 12437 E awb_adpt: 1469, awb_sprd_ctrl_calculation_v3_2: check handle success
03-27 20:23:39.342   905 12422 E isp_alg_fw: 3931, ispalg_gtm_process: hist_total is 0, gtm no process !!!
03-27 20:23:39.343   905 12421 E Libae[FAE]: 1926, face_luma_calc: NO FACE
03-27 20:23:39.343   905 12421 W Libae[ABL]: 585,abl_bv_interpolation:tune param num should bigger than 1
03-27 20:23:39.343   905 12421 I cmr_oem : 10954, camera_get_af_support: af_support 0
03-27 20:23:39.364   905 12384 I cmr_sensor: 959, cmr_sns_thread_proc: evt 524548
03-27 20:23:39.364   905 12384 I cmr_sensor: 1379, cmr_sns_ioctl: cmd = 45, arg = 0xdbe58530.
03-27 20:23:39.365   905 12384 I gc08a3_sharkl2: 403, gc08a3_drv_access_val: sensor gc08a3: param_ptr->type=22
03-27 20:23:39.365   905 12441 W Cam3Channel: 934, getStream: channel has no valied stream(type is 7)
03-27 20:23:39.366   905 12450 I FDV3    : [getDetectImage, 298]: isTransform.
03-27 20:23:39.366   905 12441 I Cam3Setting: 6634, translateLocalToFwMetadata: calib_status_value:0
03-27 20:23:39.366   905 12441 E Cam3Channel: 1588, getMetadata: AE or AF callback error, give default metadata 0xe04014a0
03-27 20:23:39.368   905 12384 I cmr_sensor: 959, cmr_sns_thread_proc: evt 524548
03-27 20:23:39.368   905 12384 I cmr_sensor: 1379, cmr_sns_ioctl: cmd = 45, arg = 0xdbe58530.
03-27 20:23:39.368   905 12384 I gc08a3_sharkl2: 403, gc08a3_drv_access_val: sensor gc08a3: param_ptr->type=22
03-27 20:23:39.372   905 29043 E Cam3OEMIf: 12560, queueBuffer: mFtEnable 0
03-27 20:23:39.391   905 12450 I FDV3    : [find, 710]: src:640x480 detect:224 face_num=0 26.88 ms
03-27 20:23:39.392   905 12437 E awb_adpt: 1469, awb_sprd_ctrl_calculation_v3_2: check handle success
03-27 20:23:39.392   905 12421 I sprd_hdr_adapter: L 200, sprd_hdr_adpt_detect: detect current hdr type: 2, detect_in_param: 0xdb33cbe0, detect_out_param: 0xdb33cd40
03-27 20:23:39.392   905 12422 I isp_blk_cmc10: 268, _pm_cmc10_set_param: cmc_result: (2437 14875 95; 16086 1352 16353; 146 15156 2104).
03-27 20:23:39.393   905 12422 E isp_alg_fw: 3931, ispalg_gtm_process: hist_total is 0, gtm no process !!!
03-27 20:23:39.393   905 12421 E Libae[FAE]: 1926, face_luma_calc: NO FACE
03-27 20:23:39.393   905 12421 W Libae[ABL]: 585,abl_bv_interpolation:tune param num should bigger than 1
03-27 20:23:39.394   905 12421 I cmr_oem : 10954, camera_get_af_support: af_support 0
03-27 20:23:39.414   905 12384 I cmr_sensor: 959, cmr_sns_thread_proc: evt 524548
03-27 20:23:39.414   905 12384 I cmr_sensor: 1379, cmr_sns_ioctl: cmd = 45, arg = 0xdbe58530.
03-27 20:23:39.414   905 12384 I gc08a3_sharkl2: 403, gc08a3_drv_access_val: sensor gc08a3: param_ptr->type=22
03-27 20:23:39.414   905 12450 I FDV3    : [find, 710]: src:640x480 detect:224 face_num=0 0.59 ms
03-27 20:23:39.414   905 12441 W Cam3Channel: 934, getStream: channel has no valied stream(type is 7)
03-27 20:23:39.416   905 12441 I Cam3Setting: 6634, translateLocalToFwMetadata: calib_status_value:0
03-27 20:23:39.416   905 12441 E Cam3Channel: 1588, getMetadata: AE or AF callback error, give default metadata 0xe040cdb0
03-27 20:23:39.417   905 12384 I cmr_sensor: 959, cmr_sns_thread_proc: evt 524548
03-27 20:23:39.417   905 12384 I cmr_sensor: 1379, cmr_sns_ioctl: cmd = 45, arg = 0xdbe58530.
03-27 20:23:39.417   905 12384 I gc08a3_sharkl2: 403, gc08a3_drv_access_val: sensor gc08a3: param_ptr->type=22
03-27 20:23:39.421   905 29043 E Cam3OEMIf: 12560, queueBuffer: mFtEnable 0
03-27 20:23:39.442   905 12421 I sprd_hdr_adapter: L 200, sprd_hdr_adpt_detect: detect current hdr type: 2, detect_in_param: 0xdb33cbe0, detect_out_param: 0xdb33cd40
03-27 20:23:39.442   905 12422 I isp_blk_cmc10: 268, _pm_cmc10_set_param: cmc_result: (2437 14875 95; 16086 1352 16353; 146 15156 2104).
03-27 20:23:39.442   905 12422 E isp_alg_fw: 3931, ispalg_gtm_process: hist_total is 0, gtm no process !!!
03-27 20:23:39.443   905 12437 E awb_adpt: 1469, awb_sprd_ctrl_calculation_v3_2: check handle success
03-27 20:23:39.443   905 12421 E Libae[FAE]: 1926, face_luma_calc: NO FACE
03-27 20:23:39.443   905 12421 W Libae[ABL]: 585,abl_bv_interpolation:tune param num should bigger than 1
03-27 20:23:39.444   905 12421 I cmr_oem : 10954, camera_get_af_support: af_support 0
03-27 20:23:39.464   905 12384 I cmr_sensor: 959, cmr_sns_thread_proc: evt 524548
03-27 20:23:39.464   905 12384 I cmr_sensor: 1379, cmr_sns_ioctl: cmd = 45, arg = 0xdbe58530.
03-27 20:23:39.464   905 12384 I gc08a3_sharkl2: 403, gc08a3_drv_access_val: sensor gc08a3: param_ptr->type=22
03-27 20:23:39.464   905 12441 W Cam3Channel: 934, getStream: channel has no valied stream(type is 7)
03-27 20:23:39.465   905 12450 I FDV3    : [find, 710]: src:640x480 detect:224 face_num=0 0.62 ms
03-27 20:23:39.466   905 12441 I Cam3Setting: 6634, translateLocalToFwMetadata: calib_status_value:0
03-27 20:23:39.466   905 12441 E Cam3Channel: 1588, getMetadata: AE or AF callback error, give default metadata 0xe0411ff0
03-27 20:23:39.467   905 12384 I cmr_sensor: 959, cmr_sns_thread_proc: evt 524548
03-27 20:23:39.468   905 12384 I cmr_sensor: 1379, cmr_sns_ioctl: cmd = 45, arg = 0xdbe58530.
03-27 20:23:39.468   905 12384 I gc08a3_sharkl2: 403, gc08a3_drv_access_val: sensor gc08a3: param_ptr->type=22
03-27 20:23:39.471   905 29043 E Cam3OEMIf: 12560, queueBuffer: mFtEnable 0
03-27 20:23:39.493   905 12437 E awb_adpt: 1469, awb_sprd_ctrl_calculation_v3_2: check handle success
03-27 20:23:39.493   905 12422 I isp_blk_cmc10: 268, _pm_cmc10_set_param: cmc_result: (2437 14875 95; 16086 1352 16353; 146 15156 2104).
03-27 20:23:39.493   905 12422 E isp_alg_fw: 3931, ispalg_gtm_process: hist_total is 0, gtm no process !!!
03-27 20:23:39.493   905 12421 I sprd_hdr_adapter: L 200, sprd_hdr_adpt_detect: detect current hdr type: 2, detect_in_param: 0xdb33cbe0, detect_out_param: 0xdb33cd40
03-27 20:23:39.495   905 12421 E Libae[FAE]: 1926, face_luma_calc: NO FACE
03-27 20:23:39.495   905 12421 W Libae[ABL]: 585,abl_bv_interpolation:tune param num should bigger than 1
03-27 20:23:39.495   905 12421 I cmr_oem : 10954, camera_get_af_support: af_support 0
03-27 20:23:39.515   905 12450 I FDV3    : [find, 710]: src:640x480 detect:224 face_num=0 0.59 ms
03-27 20:23:39.515   905 12384 I cmr_sensor: 959, cmr_sns_thread_proc: evt 524548
03-27 20:23:39.516   905 12384 I cmr_sensor: 1379, cmr_sns_ioctl: cmd = 45, arg = 0xdbe58530.
03-27 20:23:39.516   905 12384 I gc08a3_sharkl2: 403, gc08a3_drv_access_val: sensor gc08a3: param_ptr->type=22
03-27 20:23:39.516   905 12441 W Cam3Channel: 934, getStream: channel has no valied stream(type is 7)
03-27 20:23:39.517   905 12441 I Cam3Setting: 6634, translateLocalToFwMetadata: calib_status_value:0
03-27 20:23:39.518   905 12441 E Cam3Channel: 1588, getMetadata: AE or AF callback error, give default metadata 0xe040a490
03-27 20:23:39.519   905 12384 I cmr_sensor: 959, cmr_sns_thread_proc: evt 524548
03-27 20:23:39.519   905 12384 I cmr_sensor: 1379, cmr_sns_ioctl: cmd = 45, arg = 0xdbe58530.
03-27 20:23:39.519   905 12384 I gc08a3_sharkl2: 403, gc08a3_drv_access_val: sensor gc08a3: param_ptr->type=22
03-27 20:23:39.523   905  1312 E Cam3OEMIf: 12560, queueBuffer: mFtEnable 0
03-27 20:23:39.543   905 12421 I sprd_hdr_adapter: L 200, sprd_hdr_adpt_detect: detect current hdr type: 2, detect_in_param: 0xdb33cbe0, detect_out_param: 0xdb33cd40
03-27 20:23:39.543   905 12422 I isp_blk_cmc10: 268, _pm_cmc10_set_param: cmc_result: (2437 14875 95; 16086 1352 16353; 146 15156 2104).
03-27 20:23:39.543   905 12437 E awb_adpt: 1469, awb_sprd_ctrl_calculation_v3_2: check handle success
03-27 20:23:39.543   905 12422 E isp_alg_fw: 3931, ispalg_gtm_process: hist_total is 0, gtm no process !!!
03-27 20:23:39.544   905 12421 E Libae[FAE]: 1926, face_luma_calc: NO FACE
03-27 20:23:39.544   905 12421 W Libae[ABL]: 585,abl_bv_interpolation:tune param num should bigger than 1
03-27 20:23:39.544   905 12421 I cmr_oem : 10954, camera_get_af_support: af_support 0
03-27 20:23:39.565   905 12384 I cmr_sensor: 959, cmr_sns_thread_proc: evt 524548
03-27 20:23:39.565   905 12384 I cmr_sensor: 1379, cmr_sns_ioctl: cmd = 45, arg = 0xdbe58530.
03-27 20:23:39.565   905 12384 I gc08a3_sharkl2: 403, gc08a3_drv_access_val: sensor gc08a3: param_ptr->type=22
03-27 20:23:39.565   905 12450 I FDV3    : [find, 710]: src:640x480 detect:224 face_num=0 0.60 ms
03-27 20:23:39.565   905 12441 W Cam3Channel: 934, getStream: channel has no valied stream(type is 7)
03-27 20:23:39.567   905 12441 I Cam3Setting: 6634, translateLocalToFwMetadata: calib_status_value:0
03-27 20:23:39.567   905 12441 E Cam3Channel: 1588, getMetadata: AE or AF callback error, give default metadata 0xe04014a0
03-27 20:23:39.569   905 12384 I cmr_sensor: 959, cmr_sns_thread_proc: evt 524548
03-27 20:23:39.569   905 12384 I cmr_sensor: 1379, cmr_sns_ioctl: cmd = 45, arg = 0xdbe58530.
03-27 20:23:39.569   905 12384 I gc08a3_sharkl2: 403, gc08a3_drv_access_val: sensor gc08a3: param_ptr->type=22
03-27 20:23:39.572   905  1312 E Cam3OEMIf: 12560, queueBuffer: mFtEnable 0
03-27 20:23:39.593   905 12437 E awb_adpt: 1469, awb_sprd_ctrl_calculation_v3_2: check handle success
03-27 20:23:39.593   905 12421 I sprd_hdr_adapter: L 200, sprd_hdr_adpt_detect: detect current hdr type: 2, detect_in_param: 0xdb33cbe0, detect_out_param: 0xdb33cd40
03-27 20:23:39.594   905 12422 I isp_blk_cmc10: 268, _pm_cmc10_set_param: cmc_result: (2437 14875 95; 16086 1352 16353; 146 15156 2104).
03-27 20:23:39.594   905 12422 E isp_alg_fw: 3931, ispalg_gtm_process: hist_total is 0, gtm no process !!!
03-27 20:23:39.595   905 12421 E Libae[FAE]: 1926, face_luma_calc: NO FACE
03-27 20:23:39.595   905 12421 W Libae[ABL]: 585,abl_bv_interpolation:tune param num should bigger than 1
03-27 20:23:39.595   905 12421 I cmr_oem : 10954, camera_get_af_support: af_support 0
03-27 20:23:39.615   905 12384 I cmr_sensor: 959, cmr_sns_thread_proc: evt 524548
03-27 20:23:39.615   905 12384 I cmr_sensor: 1379, cmr_sns_ioctl: cmd = 45, arg = 0xdbe58530.
03-27 20:23:39.615   905 12384 I gc08a3_sharkl2: 403, gc08a3_drv_access_val: sensor gc08a3: param_ptr->type=22
03-27 20:23:39.615   905 12441 W Cam3Channel: 934, getStream: channel has no valied stream(type is 7)
03-27 20:23:39.616   905 12450 I FDV3    : [find, 710]: src:640x480 detect:224 face_num=0 0.60 ms
03-27 20:23:39.618   905 12441 I Cam3Setting: 6634, translateLocalToFwMetadata: calib_status_value:0
03-27 20:23:39.618   905 12441 E Cam3Channel: 1588, getMetadata: AE or AF callback error, give default metadata 0xe0400010
03-27 20:23:39.619   905 12384 I cmr_sensor: 959, cmr_sns_thread_proc: evt 524548
03-27 20:23:39.619   905 12384 I cmr_sensor: 1379, cmr_sns_ioctl: cmd = 45, arg = 0xdbe58530.
03-27 20:23:39.619   905 12384 I gc08a3_sharkl2: 403, gc08a3_drv_access_val: sensor gc08a3: param_ptr->type=22
03-27 20:23:39.622   905  1312 E Cam3OEMIf: 12560, queueBuffer: mFtEnable 0
03-27 20:23:39.643   905 12437 E awb_adpt: 1469, awb_sprd_ctrl_calculation_v3_2: check handle success
03-27 20:23:39.643   905 12421 I sprd_hdr_adapter: L 200, sprd_hdr_adpt_detect: detect current hdr type: 2, detect_in_param: 0xdb33cbe0, detect_out_param: 0xdb33cd40
03-27 20:23:39.643   905 12422 I isp_blk_cmc10: 268, _pm_cmc10_set_param: cmc_result: (2437 14875 95; 16086 1352 16353; 146 15156 2104).
03-27 20:23:39.643   905 12422 E isp_alg_fw: 3931, ispalg_gtm_process: hist_total is 0, gtm no process !!!
03-27 20:23:39.644   905 12421 E Libae[FAE]: 1926, face_luma_calc: NO FACE
03-27 20:23:39.644   905 12421 W Libae[ABL]: 585,abl_bv_interpolation:tune param num should bigger than 1
03-27 20:23:39.645   905 12421 I cmr_oem : 10954, camera_get_af_support: af_support 0
03-27 20:23:39.665   905 12384 I cmr_sensor: 959, cmr_sns_thread_proc: evt 524548
03-27 20:23:39.665   905 12384 I cmr_sensor: 1379, cmr_sns_ioctl: cmd = 45, arg = 0xdbe58530.
03-27 20:23:39.665   905 12384 I gc08a3_sharkl2: 403, gc08a3_drv_access_val: sensor gc08a3: param_ptr->type=22
03-27 20:23:39.665   905 12441 W Cam3Channel: 934, getStream: channel has no valied stream(type is 7)
03-27 20:23:39.666   905 12450 I FDV3    : [find, 710]: src:640x480 detect:224 face_num=0 1.15 ms
03-27 20:23:39.667   905 12441 I Cam3Setting: 6634, translateLocalToFwMetadata: calib_status_value:0
03-27 20:23:39.667   905 12441 E Cam3Channel: 1588, getMetadata: AE or AF callback error, give default metadata 0xe040cdb0
03-27 20:23:39.668   905 12384 I cmr_sensor: 959, cmr_sns_thread_proc: evt 524548
03-27 20:23:39.668   905 12384 I cmr_sensor: 1379, cmr_sns_ioctl: cmd = 45, arg = 0xdbe58530.
03-27 20:23:39.668   905 12384 I gc08a3_sharkl2: 403, gc08a3_drv_access_val: sensor gc08a3: param_ptr->type=22
03-27 20:23:39.671   905 29043 E Cam3OEMIf: 12560, queueBuffer: mFtEnable 0
03-27 20:23:39.694   905 12437 E awb_adpt: 1469, awb_sprd_ctrl_calculation_v3_2: check handle success
03-27 20:23:39.694   905 12421 I sprd_hdr_adapter: L 200, sprd_hdr_adpt_detect: detect current hdr type: 2, detect_in_param: 0xdb33cbe0, detect_out_param: 0xdb33cd40
03-27 20:23:39.694   905 12422 I isp_blk_cmc10: 268, _pm_cmc10_set_param: cmc_result: (2437 14875 95; 16086 1352 16353; 146 15156 2104).
03-27 20:23:39.694   905 12422 E isp_alg_fw: 3931, ispalg_gtm_process: hist_total is 0, gtm no process !!!
03-27 20:23:39.695   905 12421 E Libae[FAE]: 1926, face_luma_calc: NO FACE
03-27 20:23:39.695   905 12421 W Libae[ABL]: 585,abl_bv_interpolation:tune param num should bigger than 1
03-27 20:23:39.695   905 12421 I cmr_oem : 10954, camera_get_af_support: af_support 0
03-27 20:23:39.716   905 12384 I cmr_sensor: 959, cmr_sns_thread_proc: evt 524548
03-27 20:23:39.716   905 12384 I cmr_sensor: 1379, cmr_sns_ioctl: cmd = 45, arg = 0xdbe58530.
03-27 20:23:39.716   905 12384 I gc08a3_sharkl2: 403, gc08a3_drv_access_val: sensor gc08a3: param_ptr->type=22
03-27 20:23:39.716   905 12441 W Cam3Channel: 934, getStream: channel has no valied stream(type is 7)
03-27 20:23:39.716   905 12450 I FDV3    : [find, 710]: src:640x480 detect:224 face_num=0 0.93 ms
03-27 20:23:39.718   905 12441 I Cam3Setting: 6634, translateLocalToFwMetadata: calib_status_value:0
03-27 20:23:39.718   905 12441 E Cam3Channel: 1588, getMetadata: AE or AF callback error, give default metadata 0xe0411ff0
03-27 20:23:39.719   905 12384 I cmr_sensor: 959, cmr_sns_thread_proc: evt 524548
03-27 20:23:39.719   905 12384 I cmr_sensor: 1379, cmr_sns_ioctl: cmd = 45, arg = 0xdbe58530.
03-27 20:23:39.719   905 12384 I gc08a3_sharkl2: 403, gc08a3_drv_access_val: sensor gc08a3: param_ptr->type=22
03-27 20:23:39.722   905 29043 E Cam3OEMIf: 12560, queueBuffer: mFtEnable 0
03-27 20:23:39.744   905 12421 I sprd_hdr_adapter: L 200, sprd_hdr_adpt_detect: detect current hdr type: 2, detect_in_param: 0xdb33cbe0, detect_out_param: 0xdb33cd40
03-27 20:23:39.744   905 12422 I isp_blk_cmc10: 268, _pm_cmc10_set_param: cmc_result: (2437 14875 95; 16086 1352 16353; 146 15156 2104).
03-27 20:23:39.744   905 12437 E awb_adpt: 1469, awb_sprd_ctrl_calculation_v3_2: check handle success
03-27 20:23:39.744   905 12422 E isp_alg_fw: 3931, ispalg_gtm_process: hist_total is 0, gtm no process !!!
03-27 20:23:39.745   905 12421 E Libae[FAE]: 1926, face_luma_calc: NO FACE
03-27 20:23:39.745   905 12421 W Libae[ABL]: 585,abl_bv_interpolation:tune param num should bigger than 1
03-27 20:23:39.745   905 12421 I cmr_oem : 10954, camera_get_af_support: af_support 0
03-27 20:23:39.765   905 12384 I cmr_sensor: 959, cmr_sns_thread_proc: evt 524548
03-27 20:23:39.765   905 12384 I cmr_sensor: 1379, cmr_sns_ioctl: cmd = 45, arg = 0xdbe58530.
03-27 20:23:39.766   905 12384 I gc08a3_sharkl2: 403, gc08a3_drv_access_val: sensor gc08a3: param_ptr->type=22
03-27 20:23:39.766   905 12441 W Cam3Channel: 934, getStream: channel has no valied stream(type is 7)
03-27 20:23:39.766   905 12450 I FDV3    : [find, 710]: src:640x480 detect:224 face_num=0 1.05 ms
03-27 20:23:39.767   905 12441 I Cam3Setting: 6634, translateLocalToFwMetadata: calib_status_value:0
03-27 20:23:39.768   905 12441 E Cam3Channel: 1588, getMetadata: AE or AF callback error, give default metadata 0xe040a490
03-27 20:23:39.769   905 12384 I cmr_sensor: 959, cmr_sns_thread_proc: evt 524548
03-27 20:23:39.769   905 12384 I cmr_sensor: 1379, cmr_sns_ioctl: cmd = 45, arg = 0xdbe58530.
03-27 20:23:39.769   905 12384 I gc08a3_sharkl2: 403, gc08a3_drv_access_val: sensor gc08a3: param_ptr->type=22
03-27 20:23:39.773   905 29043 E Cam3OEMIf: 12560, queueBuffer: mFtEnable 0
03-27 20:23:39.794   905 12437 E awb_adpt: 1469, awb_sprd_ctrl_calculation_v3_2: check handle success
03-27 20:23:39.794   905 12422 I isp_blk_cmc10: 268, _pm_cmc10_set_param: cmc_result: (2437 14875 95; 16086 1352 16353; 146 15156 2104).
03-27 20:23:39.794   905 12421 I sprd_hdr_adapter: L 200, sprd_hdr_adpt_detect: detect current hdr type: 2, detect_in_param: 0xdb33cbe0, detect_out_param: 0xdb33cd40
03-27 20:23:39.794   905 12422 E isp_alg_fw: 3931, ispalg_gtm_process: hist_total is 0, gtm no process !!!
03-27 20:23:39.795   905 12421 E Libae[FAE]: 1926, face_luma_calc: NO FACE
03-27 20:23:39.795   905 12421 W Libae[ABL]: 585,abl_bv_interpolation:tune param num should bigger than 1
03-27 20:23:39.796   905 12421 I cmr_oem : 10954, camera_get_af_support: af_support 0
03-27 20:23:39.815   905 12384 I cmr_sensor: 959, cmr_sns_thread_proc: evt 524548
03-27 20:23:39.815   905 12384 I cmr_sensor: 1379, cmr_sns_ioctl: cmd = 45, arg = 0xdbe58530.
03-27 20:23:39.815   905 12384 I gc08a3_sharkl2: 403, gc08a3_drv_access_val: sensor gc08a3: param_ptr->type=22
03-27 20:23:39.816   905 12441 W Cam3Channel: 934, getStream: channel has no valied stream(type is 7)
03-27 20:23:39.817   905 12450 I FDV3    : [getDetectImage, 298]: isTransform.
03-27 20:23:39.817   905 12441 I Cam3Setting: 6634, translateLocalToFwMetadata: calib_status_value:0
03-27 20:23:39.817   905 12441 E Cam3Channel: 1588, getMetadata: AE or AF callback error, give default metadata 0xe04014a0
03-27 20:23:39.819   905 12384 I cmr_sensor: 959, cmr_sns_thread_proc: evt 524548
03-27 20:23:39.819   905 12384 I cmr_sensor: 1379, cmr_sns_ioctl: cmd = 45, arg = 0xdbe58530.
03-27 20:23:39.819   905 12384 I gc08a3_sharkl2: 403, gc08a3_drv_access_val: sensor gc08a3: param_ptr->type=22
03-27 20:23:39.822   905 29043 E Cam3OEMIf: 12560, queueBuffer: mFtEnable 0
03-27 20:23:39.840   905 12450 I FDV3    : [find, 710]: src:640x480 detect:224 face_num=0 24.71 ms
03-27 20:23:39.844   905 12437 E awb_adpt: 1469, awb_sprd_ctrl_calculation_v3_2: check handle success
03-27 20:23:39.844   905 12421 I sprd_hdr_adapter: L 200, sprd_hdr_adpt_detect: detect current hdr type: 2, detect_in_param: 0xdb33cbe0, detect_out_param: 0xdb33cd40
03-27 20:23:39.844   905 12422 I isp_blk_cmc10: 268, _pm_cmc10_set_param: cmc_result: (2437 14875 95; 16086 1352 16353; 146 15156 2104).
03-27 20:23:39.844   905 12422 E isp_alg_fw: 3931, ispalg_gtm_process: hist_total is 0, gtm no process !!!
03-27 20:23:39.845   905 12421 E Libae[FAE]: 1926, face_luma_calc: NO FACE
03-27 20:23:39.845   905 12421 W Libae[ABL]: 585,abl_bv_interpolation:tune param num should bigger than 1
03-27 20:23:39.846   905 12421 I cmr_oem : 10954, camera_get_af_support: af_support 0
03-27 20:23:39.866   905 12384 I cmr_sensor: 959, cmr_sns_thread_proc: evt 524548
03-27 20:23:39.866   905 12384 I cmr_sensor: 1379, cmr_sns_ioctl: cmd = 45, arg = 0xdbe58530.
03-27 20:23:39.866   905 12384 I gc08a3_sharkl2: 403, gc08a3_drv_access_val: sensor gc08a3: param_ptr->type=22
03-27 20:23:39.866   905 12441 W Cam3Channel: 934, getStream: channel has no valied stream(type is 7)
03-27 20:23:39.866   905 12450 I FDV3    : [find, 710]: src:640x480 detect:224 face_num=0 0.60 ms
03-27 20:23:39.868   905 12441 I Cam3Setting: 6634, translateLocalToFwMetadata: calib_status_value:0
03-27 20:23:39.868   905 12441 E Cam3Channel: 1588, getMetadata: AE or AF callback error, give default metadata 0xe040a490
03-27 20:23:39.869   905 12384 I cmr_sensor: 959, cmr_sns_thread_proc: evt 524548
03-27 20:23:39.869   905 12384 I cmr_sensor: 1379, cmr_sns_ioctl: cmd = 45, arg = 0xdbe58530.
03-27 20:23:39.869   905 12384 I gc08a3_sharkl2: 403, gc08a3_drv_access_val: sensor gc08a3: param_ptr->type=22
03-27 20:23:39.873   905  1312 E Cam3OEMIf: 12560, queueBuffer: mFtEnable 0
03-27 20:23:39.894   905 12437 E awb_adpt: 1469, awb_sprd_ctrl_calculation_v3_2: check handle success
03-27 20:23:39.894   905 12421 I sprd_hdr_adapter: L 200, sprd_hdr_adpt_detect: detect current hdr type: 2, detect_in_param: 0xdb33cbe0, detect_out_param: 0xdb33cd40
03-27 20:23:39.894   905 12422 I isp_blk_cmc10: 268, _pm_cmc10_set_param: cmc_result: (2437 14875 95; 16086 1352 16353; 146 15156 2104).
03-27 20:23:39.895   905 12422 E isp_alg_fw: 3931, ispalg_gtm_process: hist_total is 0, gtm no process !!!
03-27 20:23:39.895   905 12421 E Libae[FAE]: 1926, face_luma_calc: NO FACE
03-27 20:23:39.896   905 12421 W Libae[ABL]: 585,abl_bv_interpolation:tune param num should bigger than 1
03-27 20:23:39.896   905 12421 I cmr_oem : 10954, camera_get_af_support: af_support 0
03-27 20:23:39.916   905 12384 I cmr_sensor: 959, cmr_sns_thread_proc: evt 524548
03-27 20:23:39.916   905 12384 I cmr_sensor: 1379, cmr_sns_ioctl: cmd = 45, arg = 0xdbe58530.
03-27 20:23:39.916   905 12384 I gc08a3_sharkl2: 403, gc08a3_drv_access_val: sensor gc08a3: param_ptr->type=22
03-27 20:23:39.916   905 12450 I FDV3    : [find, 710]: src:640x480 detect:224 face_num=0 0.59 ms
03-27 20:23:39.916   905 12441 W Cam3Channel: 934, getStream: channel has no valied stream(type is 7)
03-27 20:23:39.918   905 12441 I Cam3Setting: 6634, translateLocalToFwMetadata: calib_status_value:0
03-27 20:23:39.918   905 12441 E Cam3Channel: 1588, getMetadata: AE or AF callback error, give default metadata 0xe0400010
03-27 20:23:39.919   905 12384 I cmr_sensor: 959, cmr_sns_thread_proc: evt 524548
03-27 20:23:39.919   905 12384 I cmr_sensor: 1379, cmr_sns_ioctl: cmd = 45, arg = 0xdbe58530.
03-27 20:23:39.919   905 12384 I gc08a3_sharkl2: 403, gc08a3_drv_access_val: sensor gc08a3: param_ptr->type=22
03-27 20:23:39.923   905  1312 E Cam3OEMIf: 12560, queueBuffer: mFtEnable 0
03-27 20:23:39.938 11663 11663 I Choreographer: Skipped 34 frames!  The application may be doing too much work on its main thread.
03-27 20:23:39.944   905 12421 I sprd_hdr_adapter: L 200, sprd_hdr_adpt_detect: detect current hdr type: 2, detect_in_param: 0xdb33cbe0, detect_out_param: 0xdb33cd40
03-27 20:23:39.944   905 12422 I isp_blk_cmc10: 268, _pm_cmc10_set_param: cmc_result: (2437 14875 95; 16086 1352 16353; 146 15156 2104).
03-27 20:23:39.944   905 12437 E awb_adpt: 1469, awb_sprd_ctrl_calculation_v3_2: check handle success
03-27 20:23:39.945   905 12422 E isp_alg_fw: 3931, ispalg_gtm_process: hist_total is 0, gtm no process !!!
03-27 20:23:39.946   905 12421 E Libae[FAE]: 1926, face_luma_calc: NO FACE
03-27 20:23:39.946   905 12421 W Libae[ABL]: 585,abl_bv_interpolation:tune param num should bigger than 1
03-27 20:23:39.946   905 12421 I cmr_oem : 10954, camera_get_af_support: af_support 0
03-27 20:23:39.963   942   995 D mali_gralloc: register: id=38e00011867, handle=0xb400007bafd384f0, importpid=11663, gRegisteredHandles=37
03-27 20:23:39.966   905 12384 I cmr_sensor: 959, cmr_sns_thread_proc: evt 524548
03-27 20:23:39.966   905 12384 I cmr_sensor: 1379, cmr_sns_ioctl: cmd = 45, arg = 0xdbe58530.
03-27 20:23:39.966   905 12384 I gc08a3_sharkl2: 403, gc08a3_drv_access_val: sensor gc08a3: param_ptr->type=22
03-27 20:23:39.966   905 12441 W Cam3Channel: 934, getStream: channel has no valied stream(type is 7)
03-27 20:23:39.967   905 12450 I FDV3    : [find, 710]: src:640x480 detect:224 face_num=0 0.60 ms
03-27 20:23:39.968   905 12441 I Cam3Setting: 6634, translateLocalToFwMetadata: calib_status_value:0
03-27 20:23:39.968   905 12441 E Cam3Channel: 1588, getMetadata: AE or AF callback error, give default metadata 0xe040cdb0
03-27 20:23:39.969   905 12384 I cmr_sensor: 959, cmr_sns_thread_proc: evt 524548
03-27 20:23:39.970   905 12384 I cmr_sensor: 1379, cmr_sns_ioctl: cmd = 45, arg = 0xdbe58530.
03-27 20:23:39.970   905 12384 I gc08a3_sharkl2: 403, gc08a3_drv_access_val: sensor gc08a3: param_ptr->type=22
03-27 20:23:39.973   905  1312 E Cam3OEMIf: 12560, queueBuffer: mFtEnable 0
03-27 20:23:39.983   911  3225 D mali_gralloc: register: id=38e00011867, handle=0xb4000071bb4b6cf0, importpid=942, gRegisteredHandles=34
03-27 20:23:39.994   905 12437 E awb_adpt: 1469, awb_sprd_ctrl_calculation_v3_2: check handle success
03-27 20:23:39.994   905 12421 I sprd_hdr_adapter: L 200, sprd_hdr_adpt_detect: detect current hdr type: 2, detect_in_param: 0xdb33cbe0, detect_out_param: 0xdb33cd40
03-27 20:23:39.995   905 12422 I isp_blk_cmc10: 268, _pm_cmc10_set_param: cmc_result: (2437 14875 95; 16086 1352 16353; 146 15156 2104).
03-27 20:23:39.995   905 12422 E isp_alg_fw: 3931, ispalg_gtm_process: hist_total is 0, gtm no process !!!
03-27 20:23:39.996   905 12421 E Libae[FAE]: 1926, face_luma_calc: NO FACE
03-27 20:23:39.996   905 12421 W Libae[ABL]: 585,abl_bv_interpolation:tune param num should bigger than 1
03-27 20:23:39.996   905 12421 I cmr_oem : 10954, camera_get_af_support: af_support 0
03-27 20:23:40.011   928   928 D PowerHAL: enter power::setMode
03-27 20:23:40.012   928   928 D PowerHAL: PowerSessionManager::updateHintMode: mode: LAUNCH, enabled: 1
03-27 20:23:40.012   928   928 D PowerHAL: PowerSessionManager::updateHintMode resValue = 0
03-27 20:23:40.012   928   928 D PowerHAL: ###Enter launch scene bgn###
03-27 20:23:40.012   928   928 D PowerHAL: Enter common_set: enable:1, duration: 0, /sys/devices/system/cpu/cpufreq/policy0/scaling_min_freq: 1820000
03-27 20:23:40.012   928   928 D PowerHAL: Enter set_cluster_freqs_max_min:
03-27 20:23:40.012   928   928 D PowerHAL: Enter common_set: enable:1, duration: 0, /sys/devices/system/cpu/cpufreq/policy0/scaling_max_freq: 1820000
03-27 20:23:40.012   928   928 D PowerHAL: Enter set_cluster_freqs_max_min:
03-27 20:23:40.012   928   928 D PowerHAL: Enter common_set: enable:1, duration: 0, /sys/devices/system/cpu/cpufreq/policy6/scaling_min_freq: 2028000
03-27 20:23:40.012   928   928 D PowerHAL: Enter set_cluster_freqs_max_min:
03-27 20:23:40.012   928   928 D PowerHAL: Enter common_set: enable:1, duration: 0, /sys/devices/system/cpu/cpufreq/policy6/scaling_max_freq: 2028000
03-27 20:23:40.012   928   928 D PowerHAL: Enter set_cluster_freqs_max_min:
03-27 20:23:40.012   928   928 D PowerHAL: Enter devfreq_ddr_set: enable:1, duration: 0, /sys/class/devfreq/scene-frequency/sprd-governor/scene_boost_dfs: max
03-27 20:23:40.012   928   928 D PowerHAL: ###Enter launch scene end###
03-27 20:23:40.016   905 12384 I cmr_sensor: 959, cmr_sns_thread_proc: evt 524548
03-27 20:23:40.016   905 12384 I cmr_sensor: 1379, cmr_sns_ioctl: cmd = 45, arg = 0xdbe58530.
03-27 20:23:40.016   905 12384 I gc08a3_sharkl2: 403, gc08a3_drv_access_val: sensor gc08a3: param_ptr->type=22
03-27 20:23:40.017   905 12441 W Cam3Channel: 934, getStream: channel has no valied stream(type is 7)
03-27 20:23:40.017   905 12450 I FDV3    : [find, 710]: src:640x480 detect:224 face_num=0 0.60 ms
03-27 20:23:40.019   905 12441 I Cam3Setting: 6634, translateLocalToFwMetadata: calib_status_value:0
03-27 20:23:40.019   905 12441 E Cam3Channel: 1588, getMetadata: AE or AF callback error, give default metadata 0xe04014a0
03-27 20:23:40.019 11663 11663 D LifecycleMonitor: Lifecycle status change: com.smartfit.app.MainActivity@fdfadee in: PAUSED
03-27 20:23:40.020 11663 11663 V ActivityScenario: Update currentActivityStage to PAUSED, currentActivity=com.smartfit.app.MainActivity@fdfadee
03-27 20:23:40.021 24402 24402 D NotificationShadeWindowController: isKeyguardShowingAndNotOccluded= false keyguardFadingAway=false keygaurdTransparent=false
03-27 20:23:40.022   905 12384 I cmr_sensor: 959, cmr_sns_thread_proc: evt 524548
03-27 20:23:40.022   905 12384 I cmr_sensor: 1379, cmr_sns_ioctl: cmd = 45, arg = 0xdbe58530.
03-27 20:23:40.022   905 12384 I gc08a3_sharkl2: 403, gc08a3_drv_access_val: sensor gc08a3: param_ptr->type=22
03-27 20:23:40.029   905 29043 E Cam3OEMIf: 12560, queueBuffer: mFtEnable 0
03-27 20:23:40.030  1331  1429 D InputDispatcher: setFocusedApplication displayId=0 ActivityRecord{87d093c u0 com.smartfit.app.test/androidx.test.core.app.InstrumentationActivityInvoker$EmptyActivity t2422 d0}
03-27 20:23:40.030  1331  1429 D InputDispatcher: Resetting ANR timeouts.
03-27 20:23:40.032   942   942 W Layer   : Hide layer Input Consumer recents_animation_input_consumer#15340 because zOrderRelativeOf = ActivityRecord{3768a16 u0 com.google.android.gm/.ConversationListActivityGmail#27062 is hide.
03-27 20:23:40.032   942   942 W Layer   : Hide layer Input Consumer recents_animation_input_consumer#15340 because zOrderRelativeOf = ActivityRecord{3768a16 u0 com.google.android.gm/.ConversationListActivityGmail#27062 is hide.
03-27 20:23:40.033  1331  4257 D InputDispatcher: setInputWindows displayId=0 913ef03 ScreenDecorOverlay [Gesture Monitor] pip-resize cf1652a NavigationBar0 5465496 StatusBar pip_input_consumer Embedded{PipMenuView} d8c563e com.whatsapp/com.whatsapp.calling.ui.VoipActivityV2 SurfaceView[com.whatsapp/com.whatsapp.calling.ui.VoipActivityV2](BLAST)#28541 Background for SurfaceView[com.whatsapp/com.whatsapp.calling.ui.VoipActivityV2]#28542 25b3f4 ActivityRecordInputSink com.whatsapp/.calling.ui.VoipActivityV2 710c1b2 com.smartfit.app/com.smartfit.app.MainActivity 79b2477 ActivityRecordInputSink com.smartfit.app/.MainActivity 3cac54b ActivityRecordInputSink com.whatsapp/.Conversation cfc9a62 ActivityRecordInputSink com.whatsapp/.home.ui.HomeActivity 75522f8 ActivityRecordInputSink com.android.chrome/org.chromium.chrome.browser.ChromeTabbedActivity recents_animation_input_consumer 8e45331 ActivityRecordInputSink com.google.android.gm/.ui.MailActivityGmail Dim layer#11752 Dim layer#11751 b6305f1 ActivityRecordInputSink com.android.launcher3/com.android.searchlaunc
03-27 20:23:40.045   905 12437 E awb_adpt: 1469, awb_sprd_ctrl_calculation_v3_2: check handle success
03-27 20:23:40.045   905 12421 I sprd_hdr_adapter: L 200, sprd_hdr_adpt_detect: detect current hdr type: 2, detect_in_param: 0xdb33cbe0, detect_out_param: 0xdb33cd40
03-27 20:23:40.046   905 12422 I isp_blk_cmc10: 268, _pm_cmc10_set_param: cmc_result: (2437 14875 95; 16086 1352 16353; 146 15156 2104).
03-27 20:23:40.046   905 12422 E isp_alg_fw: 3931, ispalg_gtm_process: hist_total is 0, gtm no process !!!
03-27 20:23:40.047   905 12421 E Libae[FAE]: 1926, face_luma_calc: NO FACE
03-27 20:23:40.047   905 12421 W Libae[ABL]: 585,abl_bv_interpolation:tune param num should bigger than 1
03-27 20:23:40.047   905 12421 I cmr_oem : 10954, camera_get_af_support: af_support 0
03-27 20:23:40.048   942   942 I BpBinder: onLastStrongRef automatically unlinking death recipients:
03-27 20:23:40.049 24402 24487 D InputEventReceiver: android_view_InputEventReceiver debug log is enabled
03-27 20:23:40.049 24402 24487 D InputEventReceiver: channel 'daf7d28 Splash Screen com.smartfit.app.test (client)' ~ Initializing input event receiver.
03-27 20:23:40.049   942   942 W Layer   : Hide layer Input Consumer recents_animation_input_consumer#15340 because zOrderRelativeOf = ActivityRecord{3768a16 u0 com.google.android.gm/.ConversationListActivityGmail#27062 is hide.
03-27 20:23:40.049   942   942 W Layer   : Hide layer Input Consumer recents_animation_input_consumer#15340 because zOrderRelativeOf = ActivityRecord{3768a16 u0 com.google.android.gm/.ConversationListActivityGmail#27062 is hide.
03-27 20:23:40.051  1331  3480 D InputDispatcher: setInputWindows displayId=0 913ef03 ScreenDecorOverlay [Gesture Monitor] pip-resize cf1652a NavigationBar0 5465496 StatusBar pip_input_consumer Embedded{PipMenuView} d8c563e com.whatsapp/com.whatsapp.calling.ui.VoipActivityV2 SurfaceView[com.whatsapp/com.whatsapp.calling.ui.VoipActivityV2](BLAST)#28541 Background for SurfaceView[com.whatsapp/com.whatsapp.calling.ui.VoipActivityV2]#28542 25b3f4 ActivityRecordInputSink com.whatsapp/.calling.ui.VoipActivityV2 710c1b2 com.smartfit.app/com.smartfit.app.MainActivity 79b2477 ActivityRecordInputSink com.smartfit.app/.MainActivity 3cac54b ActivityRecordInputSink com.whatsapp/.Conversation cfc9a62 ActivityRecordInputSink com.whatsapp/.home.ui.HomeActivity 75522f8 ActivityRecordInputSink com.android.chrome/org.chromium.chrome.browser.ChromeTabbedActivity recents_animation_input_consumer 8e45331 ActivityRecordInputSink com.google.android.gm/.ui.MailActivityGmail Dim layer#11752 Dim layer#11751 b6305f1 ActivityRecordInputSink com.android.launcher3/com.android.searchlaunc
03-27 20:23:40.051  1331  3480 D InputDispatcher: Window went away: 710c1b2 com.smartfit.app/com.smartfit.app.MainActivity
03-27 20:23:40.052  1331  1465 D InputDispatcher: dispatchEventToCurrentInputTargets
03-27 20:23:40.052  1331  1465 D InputDispatcher: channel '710c1b2 com.smartfit.app/com.smartfit.app.MainActivity (server)' ~ prepareDispatchCycle - flags=DISPATCH_AS_IS, globalScaleFactor=1.000000, pointerIds=00000000000000000000000000000000
03-27 20:23:40.052  1331  1465 D InputDispatcher:         default (ROT_0) (IDENTITY)
03-27 20:23:40.052  1331  1465 D InputDispatcher: channel '710c1b2 com.smartfit.app/com.smartfit.app.MainActivity (server)' ~ startDispatchCycle
03-27 20:23:40.052 11663 11663 D InputEventReceiver: channel '710c1b2 com.smartfit.app/com.smartfit.app.MainActivity (client)' ~ Consuming input events, consumeBatches=false, frameTime=-1
03-27 20:23:40.052 11663 11663 D InputEventReceiver: channel '710c1b2 com.smartfit.app/com.smartfit.app.MainActivity (client)' ~ Received focus event: hasFocus=false.
03-27 20:23:40.052 11663 11663 D InputEventReceiver: channel '710c1b2 com.smartfit.app/com.smartfit.app.MainActivity (client)' ~ Finished input event.
03-27 20:23:40.052  1331  1465 D InputDispatcher: channel '710c1b2 com.smartfit.app/com.smartfit.app.MainActivity (server)' ~ finishDispatchCycle - seq=588126, handled=true
03-27 20:23:40.053  1331  1465 D InputDispatcher: channel '710c1b2 com.smartfit.app/com.smartfit.app.MainActivity (server)' ~ startDispatchCycle
03-27 20:23:40.062   928   928 D PowerHAL: Enter getSceneIdByName: sceneName:com.smartfit.app.test
03-27 20:23:40.062   928   928 D PowerHAL: Enter getSceneIdByName: sceneName:PACKAGE
03-27 20:23:40.065   910  1004 I mali_gralloc: allocate: id=38e0001186a, hal_format=RGBA8888, mali_format=RGBA8888, afbc=SPLIT, usage=GPU_RW|HWC, size=720x1600(4680704), stride=720, name=VRI[test]#1112(BLAST Consumer)1112
03-27 20:23:40.065 24402 12503 D mali_gralloc: register: id=38e0001186a, handle=0xb400007e6c064af0, importpid=-1, gRegisteredHandles=62
