03-27 20:23:51.536 11663 11714 I TestRunner: started: registerScreen_hasCreateAccountButton(com.smartfit.app.NavigationUITest)
03-27 20:23:51.538 24402 28493 D BLASTBufferQueue: [VRI[test]#1120](f:0,a:4) PendingRelease=1, PendingBuffersToHold=1, SyncedFrameNumbers=0, lacfnr:4, lapfnr:4
03-27 20:23:51.538 24402 28493 D BLASTBufferQueue: [VRI[test]#1120](f:0,a:4) PendingRelease=1, PendingBuffersToHold=1, SyncedFrameNumbers=0, lacfnr:4, lapfnr:4
03-27 20:23:51.538 24402 28493 D BLASTBufferQueue: [VRI[NavigationBar0]#1](f:0,a:4) PendingRelease=2, PendingBuffersToHold=1, SyncedFrameNumbers=0, lacfnr:39997, lapfnr:39997
03-27 20:23:51.538 24402 28493 D BLASTBufferQueue: [VRI[NavigationBar0]#1](f:0,a:3) PendingRelease=1, PendingBuffersToHold=1, SyncedFrameNumbers=0, lacfnr:39997, lapfnr:39997
03-27 20:23:51.538 24402 28493 D BLASTBufferQueue: [VRI[StatusBar]#3](f:0,a:4) PendingRelease=2, PendingBuffersToHold=1, SyncedFrameNumbers=0, lacfnr:82771, lapfnr:82771
03-27 20:23:51.538 24402 28493 D BLASTBufferQueue: [VRI[StatusBar]#3](f:0,a:3) PendingRelease=1, PendingBuffersToHold=1, SyncedFrameNumbers=0, lacfnr:82771, lapfnr:82771
03-27 20:23:51.542   905 12437 E awb_adpt: 1469, awb_sprd_ctrl_calculation_v3_2: check handle success
03-27 20:23:51.542   905 12421 I sprd_hdr_adapter: L 200, sprd_hdr_adpt_detect: detect current hdr type: 2, detect_in_param: 0xdb33cbe0, detect_out_param: 0xdb33cd40
03-27 20:23:51.542   905 12422 I isp_blk_cmc10: 268, _pm_cmc10_set_param: cmc_result: (2437 14875 95; 16086 1352 16353; 146 15156 2104).
03-27 20:23:51.542   905 12422 E isp_alg_fw: 3931, ispalg_gtm_process: hist_total is 0, gtm no process !!!
03-27 20:23:51.544   905 12421 E Libae[FAE]: 1926, face_luma_calc: NO FACE
03-27 20:23:51.544   905 12421 W Libae[ABL]: 585,abl_bv_interpolation:tune param num should bigger than 1
03-27 20:23:51.544   905 12421 I cmr_oem : 10954, camera_get_af_support: af_support 0
03-27 20:23:51.545   942   942 W Layer   : Hide layer Input Consumer recents_animation_input_consumer#15340 because zOrderRelativeOf = ActivityRecord{3768a16 u0 com.google.android.gm/.ConversationListActivityGmail#27062 is hide.
03-27 20:23:51.545   942   942 W Layer   : Hide layer Input Consumer recents_animation_input_consumer#15340 because zOrderRelativeOf = ActivityRecord{3768a16 u0 com.google.android.gm/.ConversationListActivityGmail#27062 is hide.
03-27 20:23:51.545 11663 11714 D IdlingRegistry: Registering idling resources: [androidx.compose.ui.test.EspressoLink@3477780]
03-27 20:23:51.546   942  1001 D mali_gralloc: unregister: id=38e000118d2, handle=0xb400007bafd37f50, base=0x0, importpid=942, count:0
03-27 20:23:51.547   911  1023 D mali_gralloc: register: id=38e000118e3, handle=0xb4000071bb4b4a10, importpid=942, gRegisteredHandles=39
03-27 20:23:51.547   911  1023 D mali_gralloc: register: id=38e000118d6, handle=0xb4000071bb4b6750, importpid=942, gRegisteredHandles=40
03-27 20:23:51.548  1331  3660 D InputDispatcher: setInputWindows displayId=0 913ef03 ScreenDecorOverlay [Gesture Monitor] pip-resize cf1652a NavigationBar0 5465496 StatusBar pip_input_consumer Embedded{PipMenuView} d8c563e com.whatsapp/com.whatsapp.calling.ui.VoipActivityV2 SurfaceView[com.whatsapp/com.whatsapp.calling.ui.VoipActivityV2](BLAST)#28541 Background for SurfaceView[com.whatsapp/com.whatsapp.calling.ui.VoipActivityV2]#28542 25b3f4 ActivityRecordInputSink com.whatsapp/.calling.ui.VoipActivityV2 3cac54b ActivityRecordInputSink com.whatsapp/.Conversation cfc9a62 ActivityRecordInputSink com.whatsapp/.home.ui.HomeActivity 75522f8 ActivityRecordInputSink com.android.chrome/org.chromium.chrome.browser.ChromeTabbedActivity recents_animation_input_consumer 8e45331 ActivityRecordInputSink com.google.android.gm/.ui.MailActivityGmail Dim layer#11752 Dim layer#11751 80ceec9 Splash Screen com.smartfit.app.test c85927e com.smartfit.app.test/androidx.test.core.app.InstrumentationActivityInvoker$EmptyActivity 2eca064 ActivityRecordInputSink com.smartfit.app.test
03-27 20:23:51.548  1331  3660 D InputDispatcher: Window went away: 43af25e ActivityRecordInputSink com.smartfit.app/.MainActivity
03-27 20:23:51.550 11663 11714 W Settings: Setting always_finish_activities has moved from android.provider.Settings.System to android.provider.Settings.Global, returning read-only value.
03-27 20:23:51.555 24402 27969 D BLASTBufferQueue: [VRI[test]#1120](f:0,a:4) PendingRelease=2, PendingBuffersToHold=1, SyncedFrameNumbers=0, lacfnr:4, lapfnr:4
03-27 20:23:51.555 24402 27969 D BLASTBufferQueue: [VRI[test]#1120](f:0,a:3) PendingRelease=1, PendingBuffersToHold=1, SyncedFrameNumbers=0, lacfnr:4, lapfnr:4
03-27 20:23:51.557 24402 27969 D BLASTBufferQueue: [VRI[NavigationBar0]#1](f:0,a:4) PendingRelease=2, PendingBuffersToHold=1, SyncedFrameNumbers=0, lacfnr:39998, lapfnr:39998
03-27 20:23:51.557 24402 27969 D BLASTBufferQueue: [VRI[NavigationBar0]#1](f:0,a:3) PendingRelease=1, PendingBuffersToHold=1, SyncedFrameNumbers=0, lacfnr:39998, lapfnr:39998
03-27 20:23:51.557 24402 27969 D BLASTBufferQueue: [VRI[StatusBar]#3](f:0,a:4) PendingRelease=2, PendingBuffersToHold=1, SyncedFrameNumbers=0, lacfnr:82772, lapfnr:82772
03-27 20:23:51.557 24402 27969 D BLASTBufferQueue: [VRI[StatusBar]#3](f:0,a:3) PendingRelease=1, PendingBuffersToHold=1, SyncedFrameNumbers=0, lacfnr:82772, lapfnr:82772
03-27 20:23:51.561   942   942 W Layer   : Hide layer Input Consumer recents_animation_input_consumer#15340 because zOrderRelativeOf = ActivityRecord{3768a16 u0 com.google.android.gm/.ConversationListActivityGmail#27062 is hide.
03-27 20:23:51.561   942   942 W Layer   : Hide layer Input Consumer recents_animation_input_consumer#15340 because zOrderRelativeOf = ActivityRecord{3768a16 u0 com.google.android.gm/.ConversationListActivityGmail#27062 is hide.
03-27 20:23:51.563   911  1023 D mali_gralloc: register: id=38e000118d5, handle=0xb4000071bb4b5f70, importpid=942, gRegisteredHandles=41
03-27 20:23:51.563  1331  3660 D InputDispatcher: setInputWindows displayId=0 913ef03 ScreenDecorOverlay [Gesture Monitor] pip-resize cf1652a NavigationBar0 5465496 StatusBar pip_input_consumer Embedded{PipMenuView} d8c563e com.whatsapp/com.whatsapp.calling.ui.VoipActivityV2 SurfaceView[com.whatsapp/com.whatsapp.calling.ui.VoipActivityV2](BLAST)#28541 Background for SurfaceView[com.whatsapp/com.whatsapp.calling.ui.VoipActivityV2]#28542 25b3f4 ActivityRecordInputSink com.whatsapp/.calling.ui.VoipActivityV2 3cac54b ActivityRecordInputSink com.whatsapp/.Conversation cfc9a62 ActivityRecordInputSink com.whatsapp/.home.ui.HomeActivity 75522f8 ActivityRecordInputSink com.android.chrome/org.chromium.chrome.browser.ChromeTabbedActivity recents_animation_input_consumer 8e45331 ActivityRecordInputSink com.google.android.gm/.ui.MailActivityGmail Dim layer#11752 Dim layer#11751 80ceec9 Splash Screen com.smartfit.app.test c85927e com.smartfit.app.test/androidx.test.core.app.InstrumentationActivityInvoker$EmptyActivity 2eca064 ActivityRecordInputSink com.smartfit.app.test
03-27 20:23:51.565   905 12384 I cmr_sensor: 959, cmr_sns_thread_proc: evt 524548
03-27 20:23:51.565   905 12384 I cmr_sensor: 1379, cmr_sns_ioctl: cmd = 45, arg = 0xdbe58530.
03-27 20:23:51.565   905 12384 I gc08a3_sharkl2: 403, gc08a3_drv_access_val: sensor gc08a3: param_ptr->type=22
03-27 20:23:51.566   905 12441 W Cam3Channel: 934, getStream: channel has no valied stream(type is 7)
03-27 20:23:51.567   905 12450 I FDV3    : [getDetectImage, 298]: isTransform.
03-27 20:23:51.568   905 12441 I Cam3Setting: 6634, translateLocalToFwMetadata: calib_status_value:0
03-27 20:23:51.568   905 12441 E Cam3Channel: 1588, getMetadata: AE or AF callback error, give default metadata 0xe041afe0
03-27 20:23:51.569   928   928 D PowerHAL: enter power::setMode
03-27 20:23:51.569   928   928 D PowerHAL: PowerSessionManager::updateHintMode: mode: LAUNCH, enabled: 1
03-27 20:23:51.569   928   928 D PowerHAL: PowerSessionManager::updateHintMode resValue = 0
03-27 20:23:51.569   928   928 D PowerHAL: ###Enter launch scene bgn###
03-27 20:23:51.569   928   928 D PowerHAL: Enter common_set: enable:1, duration: 0, /sys/devices/system/cpu/cpufreq/policy0/scaling_min_freq: 1820000
03-27 20:23:51.569   928   928 D PowerHAL: Enter set_cluster_freqs_max_min:
03-27 20:23:51.569   928   928 D PowerHAL: Enter common_set: enable:1, duration: 0, /sys/devices/system/cpu/cpufreq/policy0/scaling_max_freq: 1820000
03-27 20:23:51.569   928   928 D PowerHAL: Enter set_cluster_freqs_max_min:
03-27 20:23:51.569   928   928 D PowerHAL: Enter common_set: enable:1, duration: 0, /sys/devices/system/cpu/cpufreq/policy6/scaling_min_freq: 2028000
03-27 20:23:51.569   928   928 D PowerHAL: Enter set_cluster_freqs_max_min:
03-27 20:23:51.569   928   928 D PowerHAL: Enter common_set: enable:1, duration: 0, /sys/devices/system/cpu/cpufreq/policy6/scaling_max_freq: 2028000
03-27 20:23:51.569   928   928 D PowerHAL: Enter set_cluster_freqs_max_min:
03-27 20:23:51.569   928   928 D PowerHAL: Enter devfreq_ddr_set: enable:1, duration: 0, /sys/class/devfreq/scene-frequency/sprd-governor/scene_boost_dfs: max
03-27 20:23:51.569   928   928 D PowerHAL: ###Enter launch scene end###
03-27 20:23:51.569   905 12384 I cmr_sensor: 959, cmr_sns_thread_proc: evt 524548
03-27 20:23:51.569   905 12384 I cmr_sensor: 1379, cmr_sns_ioctl: cmd = 45, arg = 0xdbe58530.
03-27 20:23:51.569   905 12384 I gc08a3_sharkl2: 403, gc08a3_drv_access_val: sensor gc08a3: param_ptr->type=22
03-27 20:23:51.571 24402 28493 D BLASTBufferQueue: [VRI[test]#1120](f:0,a:4) PendingRelease=2, PendingBuffersToHold=1, SyncedFrameNumbers=0, lacfnr:5, lapfnr:5
03-27 20:23:51.572 24402 28493 D BLASTBufferQueue: [VRI[test]#1120](f:0,a:3) PendingRelease=1, PendingBuffersToHold=1, SyncedFrameNumbers=0, lacfnr:5, lapfnr:5
03-27 20:23:51.577   905  1312 E Cam3OEMIf: 12560, queueBuffer: mFtEnable 0
03-27 20:23:51.577   942   942 W Layer   : Hide layer Input Consumer recents_animation_input_consumer#15340 because zOrderRelativeOf = ActivityRecord{3768a16 u0 com.google.android.gm/.ConversationListActivityGmail#27062 is hide.
03-27 20:23:51.577   942   942 W Layer   : Hide layer Input Consumer recents_animation_input_consumer#15340 because zOrderRelativeOf = ActivityRecord{3768a16 u0 com.google.android.gm/.ConversationListActivityGmail#27062 is hide.
03-27 20:23:51.578 24402 28493 D BLASTBufferQueue: [VRI[NavigationBar0]#1](f:0,a:4) PendingRelease=2, PendingBuffersToHold=1, SyncedFrameNumbers=0, lacfnr:39999, lapfnr:39999
03-27 20:23:51.578 24402 28493 D BLASTBufferQueue: [VRI[NavigationBar0]#1](f:0,a:3) PendingRelease=1, PendingBuffersToHold=1, SyncedFrameNumbers=0, lacfnr:39999, lapfnr:39999
03-27 20:23:51.578 24402 28493 D BLASTBufferQueue: [VRI[StatusBar]#3](f:0,a:4) PendingRelease=2, PendingBuffersToHold=1, SyncedFrameNumbers=0, lacfnr:82773, lapfnr:82773
03-27 20:23:51.578 24402 28493 D BLASTBufferQueue: [VRI[StatusBar]#3](f:0,a:3) PendingRelease=1, PendingBuffersToHold=1, SyncedFrameNumbers=0, lacfnr:82773, lapfnr:82773
03-27 20:23:51.581  1331  3480 D InputDispatcher: setFocusedApplication displayId=0 ActivityRecord{3acdbf u0 com.smartfit.app/.MainActivity t2431 d0}
03-27 20:23:51.582  1331  3660 D InputDispatcher: setInputWindows displayId=0 913ef03 ScreenDecorOverlay [Gesture Monitor] pip-resize cf1652a NavigationBar0 5465496 StatusBar pip_input_consumer Embedded{PipMenuView} d8c563e com.whatsapp/com.whatsapp.calling.ui.VoipActivityV2 SurfaceView[com.whatsapp/com.whatsapp.calling.ui.VoipActivityV2](BLAST)#28541 Background for SurfaceView[com.whatsapp/com.whatsapp.calling.ui.VoipActivityV2]#28542 25b3f4 ActivityRecordInputSink com.whatsapp/.calling.ui.VoipActivityV2 3cac54b ActivityRecordInputSink com.whatsapp/.Conversation cfc9a62 ActivityRecordInputSink com.whatsapp/.home.ui.HomeActivity 75522f8 ActivityRecordInputSink com.android.chrome/org.chromium.chrome.browser.ChromeTabbedActivity recents_animation_input_consumer 8e45331 ActivityRecordInputSink com.google.android.gm/.ui.MailActivityGmail Dim layer#11752 Dim layer#11751 80ceec9 Splash Screen com.smartfit.app.test c85927e com.smartfit.app.test/androidx.test.core.app.InstrumentationActivityInvoker$EmptyActivity 2eca064 ActivityRecordInputSink com.smartfit.app.test
03-27 20:23:51.582  1331  3480 D InputDispatcher: Resetting ANR timeouts.
03-27 20:23:51.590 24402 28493 D BLASTBufferQueue: [VRI[test]#1120](f:0,a:4) PendingRelease=2, PendingBuffersToHold=1, SyncedFrameNumbers=0, lacfnr:6, lapfnr:6
03-27 20:23:51.590 24402 28493 D BLASTBufferQueue: [VRI[test]#1120](f:0,a:3) PendingRelease=1, PendingBuffersToHold=1, SyncedFrameNumbers=0, lacfnr:6, lapfnr:6
03-27 20:23:51.592   905 12421 I sprd_hdr_adapter: L 200, sprd_hdr_adpt_detect: detect current hdr type: 2, detect_in_param: 0xdb33cbe0, detect_out_param: 0xdb33cd40
03-27 20:23:51.594 24402 28493 D BLASTBufferQueue: [VRI[NavigationBar0]#1](f:0,a:4) PendingRelease=2, PendingBuffersToHold=1, SyncedFrameNumbers=0, lacfnr:40000, lapfnr:40000
03-27 20:23:51.594 24402 28493 D BLASTBufferQueue: [VRI[NavigationBar0]#1](f:0,a:3) PendingRelease=1, PendingBuffersToHold=1, SyncedFrameNumbers=0, lacfnr:40000, lapfnr:40000
03-27 20:23:51.594 24402 28493 D BLASTBufferQueue: [VRI[StatusBar]#3](f:0,a:4) PendingRelease=2, PendingBuffersToHold=1, SyncedFrameNumbers=0, lacfnr:82774, lapfnr:82774
03-27 20:23:51.594   905 12421 E Libae[FAE]: 1926, face_luma_calc: NO FACE
03-27 20:23:51.594 24402 28493 D BLASTBufferQueue: [VRI[StatusBar]#3](f:0,a:3) PendingRelease=1, PendingBuffersToHold=1, SyncedFrameNumbers=0, lacfnr:82774, lapfnr:82774
03-27 20:23:51.594   905 12421 W Libae[ABL]: 585,abl_bv_interpolation:tune param num should bigger than 1
03-27 20:23:51.595   905 12421 I cmr_oem : 10954, camera_get_af_support: af_support 0
03-27 20:23:51.595   905 12437 E awb_adpt: 1469, awb_sprd_ctrl_calculation_v3_2: check handle success
03-27 20:23:51.595   905 12422 I isp_blk_cmc10: 268, _pm_cmc10_set_param: cmc_result: (2437 14875 95; 16086 1352 16353; 146 15156 2104).
03-27 20:23:51.595   905 12422 E isp_alg_fw: 3931, ispalg_gtm_process: hist_total is 0, gtm no process !!!
03-27 20:23:51.597   905 12450 I FDV3    : [find, 710]: src:640x480 detect:224 face_num=0 32.27 ms
03-27 20:23:51.599 11663 11663 D LifecycleMonitor: Lifecycle status change: com.smartfit.app.MainActivity@e04d92d in: PRE_ON_CREATE
03-27 20:23:51.600 11663 11663 V ActivityScenario: Activity lifecycle changed event received but ignored because the reported transition was not ON_CREATE while the last known transition was PRE_ON_CREATE
03-27 20:23:51.600 11663 11663 D MainActivity: MainActivity created
03-27 20:23:51.601 24402 24402 D NotificationShadeWindowController: isKeyguardShowingAndNotOccluded= false keyguardFadingAway=false keygaurdTransparent=false
03-27 20:23:51.611   942   942 W Layer   : Hide layer Input Consumer recents_animation_input_consumer#15340 because zOrderRelativeOf = ActivityRecord{3768a16 u0 com.google.android.gm/.ConversationListActivityGmail#27062 is hide.
03-27 20:23:51.611   942   942 W Layer   : Hide layer Input Consumer recents_animation_input_consumer#15340 because zOrderRelativeOf = ActivityRecord{3768a16 u0 com.google.android.gm/.ConversationListActivityGmail#27062 is hide.
03-27 20:23:51.612 24402 24402 D NotificationShadeWindowController: isKeyguardShowingAndNotOccluded= false keyguardFadingAway=false keygaurdTransparent=false
03-27 20:23:51.612  1331  3660 D InputDispatcher: setInputWindows displayId=0 913ef03 ScreenDecorOverlay [Gesture Monitor] pip-resize cf1652a NavigationBar0 5465496 StatusBar pip_input_consumer Embedded{PipMenuView} d8c563e com.whatsapp/com.whatsapp.calling.ui.VoipActivityV2 SurfaceView[com.whatsapp/com.whatsapp.calling.ui.VoipActivityV2](BLAST)#28541 Background for SurfaceView[com.whatsapp/com.whatsapp.calling.ui.VoipActivityV2]#28542 25b3f4 ActivityRecordInputSink com.whatsapp/.calling.ui.VoipActivityV2 3cac54b ActivityRecordInputSink com.whatsapp/.Conversation cfc9a62 ActivityRecordInputSink com.whatsapp/.home.ui.HomeActivity 75522f8 ActivityRecordInputSink com.android.chrome/org.chromium.chrome.browser.ChromeTabbedActivity recents_animation_input_consumer 8e45331 ActivityRecordInputSink com.google.android.gm/.ui.MailActivityGmail Dim layer#11752 Dim layer#11751 80ceec9 Splash Screen com.smartfit.app.test c85927e com.smartfit.app.test/androidx.test.core.app.InstrumentationActivityInvoker$EmptyActivity 2eca064 ActivityRecordInputSink com.smartfit.app.test
03-27 20:23:51.614  1331  3660 D InputDispatcher: Window went away: 28bb50b com.android.launcher3/com.android.searchlauncher.SearchLauncher
03-27 20:23:51.614  1331  3660 D InputDispatcher: Window went away: 19faf04 com.android.launcher3/com.android.searchlauncher.SearchLauncher
03-27 20:23:51.614 11663 11663 D LifecycleMonitor: Lifecycle status change: com.smartfit.app.MainActivity@e04d92d in: CREATED
03-27 20:23:51.615 11663 11663 V ActivityScenario: Update currentActivityStage to CREATED, currentActivity=com.smartfit.app.MainActivity@e04d92d
03-27 20:23:51.615   905 12450 I FDV3    : [find, 710]: src:640x480 detect:224 face_num=0 0.64 ms
03-27 20:23:51.615  1331  1465 D InputDispatcher: dispatchEventToCurrentInputTargets
03-27 20:23:51.615  1331  1465 D InputDispatcher: channel '19faf04 com.android.launcher3/com.android.searchlauncher.SearchLauncher (server)' ~ prepareDispatchCycle - flags=DISPATCH_AS_IS, globalScaleFactor=1.000000, pointerIds=00000000000000000000000000000000
03-27 20:23:51.615  1331  1465 D InputDispatcher:         default (ROT_0) (IDENTITY)
03-27 20:23:51.615  1331  1465 D InputDispatcher: channel '19faf04 com.android.launcher3/com.android.searchlauncher.SearchLauncher (server)' ~ startDispatchCycle
03-27 20:23:51.616   905 12384 I cmr_sensor: 959, cmr_sns_thread_proc: evt 524548
03-27 20:23:51.616   905 12384 I cmr_sensor: 1379, cmr_sns_ioctl: cmd = 45, arg = 0xdbe58530.
03-27 20:23:51.616 11663 11663 D LifecycleMonitor: Lifecycle status change: com.smartfit.app.MainActivity@e04d92d in: STARTED
03-27 20:23:51.616   905 12384 I gc08a3_sharkl2: 403, gc08a3_drv_access_val: sensor gc08a3: param_ptr->type=22
03-27 20:23:51.616 11663 11663 V ActivityScenario: Update currentActivityStage to STARTED, currentActivity=com.smartfit.app.MainActivity@e04d92d
03-27 20:23:51.617   905 12441 W Cam3Channel: 934, getStream: channel has no valied stream(type is 7)
03-27 20:23:51.618 11663 11663 D LifecycleMonitor: Lifecycle status change: com.smartfit.app.MainActivity@e04d92d in: RESUMED
03-27 20:23:51.618 11663 11663 V ActivityScenario: Update currentActivityStage to RESUMED, currentActivity=com.smartfit.app.MainActivity@e04d92d
03-27 20:23:51.619   905 12441 I Cam3Setting: 6634, translateLocalToFwMetadata: calib_status_value:0
03-27 20:23:51.619   905 12441 E Cam3Channel: 1588, getMetadata: AE or AF callback error, give default metadata 0xe0411ff0
03-27 20:23:51.621   928   928 D PowerHAL: Enter getSceneIdByName: sceneName:com.smartfit.app
03-27 20:23:51.622   905 12384 I cmr_sensor: 959, cmr_sns_thread_proc: evt 524548
03-27 20:23:51.622   905 12384 I cmr_sensor: 1379, cmr_sns_ioctl: cmd = 45, arg = 0xdbe58530.
03-27 20:23:51.622   905 12384 I gc08a3_sharkl2: 403, gc08a3_drv_access_val: sensor gc08a3: param_ptr->type=22
03-27 20:23:51.622 24402 24487 D InputEventReceiver: android_view_InputEventReceiver debug log is enabled
03-27 20:23:51.622 24402 24487 D InputEventReceiver: channel 'e1354b6 Splash Screen com.smartfit.app (client)' ~ Initializing input event receiver.
03-27 20:23:51.622   928   928 D PowerHAL: Enter getSceneIdByName: sceneName:PACKAGE
03-27 20:23:51.622 24402 24487 W WindowOnBackDispatcher: sendCancelIfRunning: isInProgress=falsecallback=android.view.ViewRootImpl$$ExternalSyntheticLambda17@d8a15f5
03-27 20:23:51.623 24402 28320 D BLASTBufferQueue: [VRI[test]#1120](f:0,a:4) PendingRelease=2, PendingBuffersToHold=1, SyncedFrameNumbers=0, lacfnr:7, lapfnr:7
03-27 20:23:51.623 24402 28320 D mali_gralloc: unregister: id=38e000118d5, handle=0xb400007e6c0aa810, base=0x0, importpid=24402, count:0
03-27 20:23:51.623  1331  3480 W InputManager-JNI: Input channel object '80ceec9 Splash Screen com.smartfit.app.test (client)' was disposed without first being removed with the input manager!
03-27 20:23:51.624 24402 28320 D BLASTBufferQueue: [VRI[test]#1120](f:0,a:3) PendingRelease=1, PendingBuffersToHold=1, SyncedFrameNumbers=0, lacfnr:7, lapfnr:7
03-27 20:23:51.624 24402 28320 D BLASTBufferQueue: [VRI[NavigationBar0]#1](f:0,a:4) PendingRelease=2, PendingBuffersToHold=1, SyncedFrameNumbers=0, lacfnr:40001, lapfnr:40001
03-27 20:23:51.624 24402 28320 D BLASTBufferQueue: [VRI[NavigationBar0]#1](f:0,a:3) PendingRelease=1, PendingBuffersToHold=1, SyncedFrameNumbers=0, lacfnr:40001, lapfnr:40001
03-27 20:23:51.624 24402 28320 D BLASTBufferQueue: [VRI[StatusBar]#3](f:0,a:4) PendingRelease=2, PendingBuffersToHold=1, SyncedFrameNumbers=0, lacfnr:82775, lapfnr:82775
03-27 20:23:51.624 24402 28320 D BLASTBufferQueue: [VRI[StatusBar]#3](f:0,a:3) PendingRelease=1, PendingBuffersToHold=1, SyncedFrameNumbers=0, lacfnr:82775, lapfnr:82775
03-27 20:23:51.627 24402 24487 D InputEventReceiver: channel '80ceec9 Splash Screen com.smartfit.app.test (client)' ~ Disposing input event receiver.
03-27 20:23:51.627 32238 32238 D InputEventReceiver: channel '19faf04 com.android.launcher3/com.android.searchlauncher.SearchLauncher (client)' ~ Consuming input events, consumeBatches=false, frameTime=-1
03-27 20:23:51.627 32238 32238 D InputEventReceiver: channel '19faf04 com.android.launcher3/com.android.searchlauncher.SearchLauncher (client)' ~ Received focus event: hasFocus=false.
03-27 20:23:51.627 32238 32238 D InputEventReceiver: channel '19faf04 com.android.launcher3/com.android.searchlauncher.SearchLauncher (client)' ~ Finished input event.
03-27 20:23:51.627   905  1312 E Cam3OEMIf: 12560, queueBuffer: mFtEnable 0
03-27 20:23:51.627  1331  1465 D InputDispatcher: channel '19faf04 com.android.launcher3/com.android.searchlauncher.SearchLauncher (server)' ~ finishDispatchCycle - seq=588144, handled=true
03-27 20:23:51.627  1331  1465 D InputDispatcher: channel '19faf04 com.android.launcher3/com.android.searchlauncher.SearchLauncher (server)' ~ startDispatchCycle
03-27 20:23:51.632 11663 11663 D InputEventReceiver: android_view_InputEventReceiver debug log is enabled
03-27 20:23:51.632 11663 11663 D InputEventReceiver: channel '31e5b90 com.smartfit.app/com.smartfit.app.MainActivity (client)' ~ Initializing input event receiver.
03-27 20:23:51.640   910  1004 I mali_gralloc: allocate: id=38e000118e7, hal_format=RGBA8888, mali_format=RGBA8888, afbc=SPLIT, usage=GPU_RW|HWC, size=720x1600(4680704), stride=720, name=VRI[app]#1121(BLAST Consumer)1121
03-27 20:23:51.641 24402 12588 D mali_gralloc: register: id=38e000118e7, handle=0xb400007e6bfbfbb0, importpid=-1, gRegisteredHandles=53
03-27 20:23:51.642   905 12437 E awb_adpt: 1469, awb_sprd_ctrl_calculation_v3_2: check handle success
03-27 20:23:51.642   905 12422 I isp_blk_cmc10: 268, _pm_cmc10_set_param: cmc_result: (2437 14875 95; 16086 1352 16353; 146 15156 2104).
03-27 20:23:51.643   905 12422 E isp_alg_fw: 3931, ispalg_gtm_process: hist_total is 0, gtm no process !!!
03-27 20:23:51.643   905 12421 I sprd_hdr_adapter: L 200, sprd_hdr_adpt_detect: detect current hdr type: 2, detect_in_param: 0xdb33cbe0, detect_out_param: 0xdb33cd40
03-27 20:23:51.643   910  1004 I mali_gralloc: allocate: id=38e000118e8, hal_format=RGBA8888, mali_format=RGBA8888, afbc=SPLIT, usage=GPU_RW|HWC, size=720x1600(4680704), stride=720, name=VRI[app]#1121(BLAST Consumer)1121
03-27 20:23:51.644 11663 11663 D MainActivity: Rendering with isDarkTheme=true
03-27 20:23:51.644 24402 12588 D mali_gralloc: register: id=38e000118e8, handle=0xb400007e6bfeb1d0, importpid=-1, gRegisteredHandles=54
03-27 20:23:51.644   905 12421 E Libae[FAE]: 1926, face_luma_calc: NO FACE
03-27 20:23:51.644   942   942 W Layer   : Hide layer Input Consumer recents_animation_input_consumer#15340 because zOrderRelativeOf = ActivityRecord{3768a16 u0 com.google.android.gm/.ConversationListActivityGmail#27062 is hide.
03-27 20:23:51.644   942   942 W Layer   : Hide layer Input Consumer recents_animation_input_consumer#15340 because zOrderRelativeOf = ActivityRecord{3768a16 u0 com.google.android.gm/.ConversationListActivityGmail#27062 is hide.
03-27 20:23:51.644   905 12421 W Libae[ABL]: 585,abl_bv_interpolation:tune param num should bigger than 1
03-27 20:23:51.645   905 12421 I cmr_oem : 10954, camera_get_af_support: af_support 0
03-27 20:23:51.646   942  1001 D mali_gralloc: unregister: id=38e000118d5, handle=0xb400007bafcff7f0, base=0x0, importpid=942, count:0
03-27 20:23:51.648   942   994 D mali_gralloc: register: id=38e000118e7, handle=0xb400007bafd35370, importpid=24402, gRegisteredHandles=43
03-27 20:23:51.649   910  1004 I mali_gralloc: allocate: id=38e000118e9, hal_format=RGBA8888, mali_format=RGBA8888, afbc=SPLIT, usage=GPU_RW|HWC, size=720x1600(4680704), stride=720, name=VRI[app]#1121(BLAST Consumer)1121
03-27 20:23:51.649  1331  1878 D InputDispatcher: setInputWindows displayId=0 913ef03 ScreenDecorOverlay [Gesture Monitor] pip-resize cf1652a NavigationBar0 5465496 StatusBar pip_input_consumer Embedded{PipMenuView} d8c563e com.whatsapp/com.whatsapp.calling.ui.VoipActivityV2 SurfaceView[com.whatsapp/com.whatsapp.calling.ui.VoipActivityV2](BLAST)#28541 Background for SurfaceView[com.whatsapp/com.whatsapp.calling.ui.VoipActivityV2]#28542 25b3f4 ActivityRecordInputSink com.whatsapp/.calling.ui.VoipActivityV2 3cac54b ActivityRecordInputSink com.whatsapp/.Conversation cfc9a62 ActivityRecordInputSink com.whatsapp/.home.ui.HomeActivity 75522f8 ActivityRecordInputSink com.android.chrome/org.chromium.chrome.browser.ChromeTabbedActivity recents_animation_input_consumer 8e45331 ActivityRecordInputSink com.google.android.gm/.ui.MailActivityGmail Dim layer#11752 Dim layer#11751 80ceec9 Splash Screen com.smartfit.app.test c85927e com.smartfit.app.test/androidx.test.core.app.InstrumentationActivityInvoker$EmptyActivity 2eca064 ActivityRecordInputSink com.smartfit.app.test
03-27 20:23:51.649 24402 12588 D mali_gralloc: register: id=38e000118e9, handle=0xb400007e6c014e10, importpid=-1, gRegisteredHandles=55
03-27 20:23:51.651   910  1004 I mali_gralloc: allocate: id=38e000118ea, hal_format=RGBA8888, mali_format=RGBA8888, afbc=SPLIT, usage=GPU_RW|HWC, size=720x1600(4680704), stride=720, name=VRI[app]#1121(BLAST Consumer)1121
03-27 20:23:51.652 24402 12588 D mali_gralloc: register: id=38e000118ea, handle=0xb400007e6bfe1d50, importpid=-1, gRegisteredHandles=56
03-27 20:23:51.656 24402 24718 D BLASTBufferQueue: [VRI[test]#1120](f:0,a:3) PendingRelease=2, PendingBuffersToHold=1, SyncedFrameNumbers=0, lacfnr:7, lapfnr:7
03-27 20:23:51.656 24402 24718 D mali_gralloc: unregister: id=38e000118d8, handle=0xb400007e6c024e90, base=0x0, importpid=24402, count:0
03-27 20:23:51.656 24402 24718 D BLASTBufferQueue: [VRI[test]#1120](f:0,a:2) PendingRelease=1, PendingBuffersToHold=1, SyncedFrameNumbers=0, lacfnr:7, lapfnr:7
03-27 20:23:51.657 24402 24718 D mali_gralloc: unregister: id=38e000118d6, handle=0xb400007e6c11cb10, base=0x0, importpid=24402, count:0
03-27 20:23:51.657 24402 24718 D mali_gralloc: unregister: id=38e000118d7, handle=0xb400007e6c073730, base=0x0, importpid=24402, count:0
03-27 20:23:51.660 24402 24718 D BLASTBufferQueue: [VRI[NavigationBar0]#1](f:0,a:3) PendingRelease=2, PendingBuffersToHold=1, SyncedFrameNumbers=0, lacfnr:40001, lapfnr:40001
03-27 20:23:51.661 24402 24718 D BLASTBufferQueue: [VRI[NavigationBar0]#1](f:0,a:2) PendingRelease=1, PendingBuffersToHold=1, SyncedFrameNumbers=0, lacfnr:40001, lapfnr:40001
03-27 20:23:51.661 24402 24718 D BLASTBufferQueue: [VRI[StatusBar]#3](f:0,a:3) PendingRelease=2, PendingBuffersToHold=1, SyncedFrameNumbers=0, lacfnr:82775, lapfnr:82775
03-27 20:23:51.661 24402 24718 D BLASTBufferQueue: [VRI[StatusBar]#3](f:0,a:2) PendingRelease=1, PendingBuffersToHold=1, SyncedFrameNumbers=0, lacfnr:82775, lapfnr:82775
03-27 20:23:51.667   905 12384 I cmr_sensor: 959, cmr_sns_thread_proc: evt 524548
03-27 20:23:51.667   905 12384 I cmr_sensor: 1379, cmr_sns_ioctl: cmd = 45, arg = 0xdbe58530.
03-27 20:23:51.667   905 12384 I gc08a3_sharkl2: 403, gc08a3_drv_access_val: sensor gc08a3: param_ptr->type=22
03-27 20:23:51.667   905 12441 W Cam3Channel: 934, getStream: channel has no valied stream(type is 7)
03-27 20:23:51.667   905 12450 I FDV3    : [find, 710]: src:640x480 detect:224 face_num=0 1.04 ms
03-27 20:23:51.669   905 12441 I Cam3Setting: 6634, translateLocalToFwMetadata: calib_status_value:0
03-27 20:23:51.669   905 12441 E Cam3Channel: 1588, getMetadata: AE or AF callback error, give default metadata 0xe0411ff0
03-27 20:23:51.670   905 12384 I cmr_sensor: 959, cmr_sns_thread_proc: evt 524548
03-27 20:23:51.670   905 12384 I cmr_sensor: 1379, cmr_sns_ioctl: cmd = 45, arg = 0xdbe58530.
03-27 20:23:51.670   905 12384 I gc08a3_sharkl2: 403, gc08a3_drv_access_val: sensor gc08a3: param_ptr->type=22
03-27 20:23:51.675   905  1312 E Cam3OEMIf: 12560, queueBuffer: mFtEnable 0
03-27 20:23:51.677 12011 12025 D mali_gralloc: unregister: id=38e000118dd, handle=0xb400007e6bf8cc10, base=0x0, importpid=12011, count:0
03-27 20:23:51.677   942   942 I Layer   : fillInputInfo layer:Splash Screen com.smartfit.app.test#28744, visible=0 (hasInputInfo:1, isHidden:1, alpha:0.666504, parent:80ceec9 Splash Screen com.smartfit.app.test#28743,parenthidden:1, parentalpha:0.666504, mBuffer:1, mSidebandStream:0,hasSomethingToDraw:1, hasEffect:0, fillsColor:0, drawShadows:0, hasBlur:0)
03-27 20:23:51.677   942   942 I Layer   : fillInputInfo layer:com.smartfit.app.test/androidx.test.core.app.InstrumentationActivityInvoker$EmptyActivity#28750, visible=0 (hasInputInfo:1, isHidden:1, alpha:1.000000, parent:c85927e com.smartfit.app.test/androidx.test.core.app.InstrumentationActivityInvoker$EmptyActivity#28748,parenthidden:1, parentalpha:1.000000, mBuffer:1, mSidebandStream:0,hasSomethingToDraw:1, hasEffect:0, fillsColor:0, drawShadows:0, hasBlur:0)
03-27 20:23:51.677   942   942 I Layer   : fillInputInfo layer:2eca064 ActivityRecordInputSink com.smartfit.app.test/androidx.test.core.app.InstrumentationActivityInvoker$EmptyActivity#28747, visible=0 (hasInputInfo:1, isHidden:1, alpha:1.000000, parent:ActivityRecord{8f6f2cd u0 com.smartfit.app.test/androidx.test.core.app.InstrumentationActivityInvoker$EmptyActivity#28742,parenthidden:1, parentalpha:1.000000, mBuffer:0, mSidebandStream:0,hasSomethingToDraw:0, hasEffect:0, fillsColor:0, drawShadows:0, hasBlur:0)
03-27 20:23:51.677   942   942 W Layer   : Hide layer Input Consumer recents_animation_input_consumer#15340 because zOrderRelativeOf = ActivityRecord{3768a16 u0 com.google.android.gm/.ConversationListActivityGmail#27062 is hide.
03-27 20:23:51.677   942   942 W Layer   : Hide layer Input Consumer recents_animation_input_consumer#15340 because zOrderRelativeOf = ActivityRecord{3768a16 u0 com.google.android.gm/.ConversationListActivityGmail#27062 is hide.
03-27 20:23:51.678   942   942 D mali_gralloc: unregister: id=38e000118d8, handle=0xb400007bafd27a50, base=0x0, importpid=942, count:0
03-27 20:23:51.678 12011 12025 D mali_gralloc: unregister: id=38e000118dc, handle=0xb400007e6bf8cd30, base=0x0, importpid=12011, count:0
03-27 20:23:51.679   911  1023 D mali_gralloc: unregister: id=38e000118d8, handle=0xb4000071bb4b3ff0, base=0x0, importpid=911, count:0
03-27 20:23:51.679  1331  3660 D InputDispatcher: setInputWindows displayId=0 913ef03 ScreenDecorOverlay [Gesture Monitor] pip-resize cf1652a NavigationBar0 5465496 StatusBar pip_input_consumer Embedded{PipMenuView} d8c563e com.whatsapp/com.whatsapp.calling.ui.VoipActivityV2 SurfaceView[com.whatsapp/com.whatsapp.calling.ui.VoipActivityV2](BLAST)#28541 Background for SurfaceView[com.whatsapp/com.whatsapp.calling.ui.VoipActivityV2]#28542 25b3f4 ActivityRecordInputSink com.whatsapp/.calling.ui.VoipActivityV2 80ceec9 Splash Screen com.smartfit.app.test c85927e com.smartfit.app.test/androidx.test.core.app.InstrumentationActivityInvoker$EmptyActivity 2eca064 ActivityRecordInputSink com.smartfit.app.test/androidx.test.core.app.InstrumentationActivityInvoker$EmptyActivity 3cac54b ActivityRecordInputSink com.whatsapp/.Conversation cfc9a62 ActivityRecordInputSink com.whatsapp/.home.ui.HomeActivity 75522f8 ActivityRecordInputSink com.android.chrome/org.chromium.chrome.browser.ChromeTabbedActivity recents_animation_input_consumer 8e45331 ActivityRecordInputSink com.goo
03-27 20:23:51.681   911  1023 D mali_gralloc: unregister: id=38e000118d7, handle=0xb4000071bb4b63f0, base=0x0, importpid=911, count:0
03-27 20:23:51.681 11691 11691 I btyz    : onPause
03-27 20:23:51.681   911  1023 D mali_gralloc: unregister: id=38e000118d6, handle=0xb4000071bb4b6750, base=0x0, importpid=911, count:0
03-27 20:23:51.681   911  1023 D mali_gralloc: unregister: id=38e000118d5, handle=0xb4000071bb4b5f70, base=0x0, importpid=911, count:0
03-27 20:23:51.681 12011 12025 D mali_gralloc: unregister: id=38e000118db, handle=0xb400007e6bf8c1f0, base=0x0, importpid=12011, count:0
03-27 20:23:51.683   911  1023 D mali_gralloc: unregister: id=38e000118da, handle=0xb4000071bb4b6510, base=0x0, importpid=911, count:0
03-27 20:23:51.684   942  1001 D mali_gralloc: unregister: id=38e000118d7, handle=0xb400007bafd0cdb0, base=0x0, importpid=942, count:0
03-27 20:23:51.691 24402 24718 D FaceUnlock: onTaskStackChangedBackground
03-27 20:23:51.692   905 12421 I sprd_hdr_adapter: L 200, sprd_hdr_adpt_detect: detect current hdr type: 2, detect_in_param: 0xdb33cbe0, detect_out_param: 0xdb33cd40
03-27 20:23:51.693   905 12437 E awb_adpt: 1469, awb_sprd_ctrl_calculation_v3_2: check handle success
03-27 20:23:51.693   905 12422 I isp_blk_cmc10: 268, _pm_cmc10_set_param: cmc_result: (2437 14875 95; 16086 1352 16353; 146 15156 2104).
03-27 20:23:51.693   905 12422 E isp_alg_fw: 3931, ispalg_gtm_process: hist_total is 0, gtm no process !!!
03-27 20:23:51.693   905 12421 E Libae[FAE]: 1926, face_luma_calc: NO FACE
03-27 20:23:51.693   905 12421 W Libae[ABL]: 585,abl_bv_interpolation:tune param num should bigger than 1
03-27 20:23:51.694   905 12421 I cmr_oem : 10954, camera_get_af_support: af_support 0
03-27 20:23:51.695 12011 12011 D mali_gralloc: unregister: id=38e000118da, handle=0xb400007e6bf82fb0, base=0x0, importpid=12011, count:0
03-27 20:23:51.697 24402 24718 D FaceUnlock: PackageName =com.smartfit.app
03-27 20:23:51.710   942   942 W Layer   : Hide layer Input Consumer recents_animation_input_consumer#15340 because zOrderRelativeOf = ActivityRecord{3768a16 u0 com.google.android.gm/.ConversationListActivityGmail#27062 is hide.
03-27 20:23:51.710   942   942 W Layer   : Hide layer Input Consumer recents_animation_input_consumer#15340 because zOrderRelativeOf = ActivityRecord{3768a16 u0 com.google.android.gm/.ConversationListActivityGmail#27062 is hide.
03-27 20:23:51.710   942   942 I Layer   : fillInputInfo layer:f9027de ActivityRecordInputSink com.smartfit.app/.MainActivity#28773, visible=1 (hasInputInfo:1, isHidden:0, alpha:0.000000, parent:ActivityRecord{3acdbf u0 com.smartfit.app/.MainActivity#28766,parenthidden:0, parentalpha:0.000000, mBuffer:0, mSidebandStream:0,hasSomethingToDraw:0, hasEffect:0, fillsColor:0, drawShadows:0, hasBlur:0)
03-27 20:23:51.711  1331  3660 D InputDispatcher: setInputWindows displayId=0 913ef03 ScreenDecorOverlay [Gesture Monitor] pip-resize cf1652a NavigationBar0 5465496 StatusBar pip_input_consumer Embedded{PipMenuView} d8c563e com.whatsapp/com.whatsapp.calling.ui.VoipActivityV2 SurfaceView[com.whatsapp/com.whatsapp.calling.ui.VoipActivityV2](BLAST)#28541 Background for SurfaceView[com.whatsapp/com.whatsapp.calling.ui.VoipActivityV2]#28542 25b3f4 ActivityRecordInputSink com.whatsapp/.calling.ui.VoipActivityV2 80ceec9 Splash Screen com.smartfit.app.test c85927e com.smartfit.app.test/androidx.test.core.app.InstrumentationActivityInvoker$EmptyActivity 2eca064 ActivityRecordInputSink com.smartfit.app.test/androidx.test.core.app.InstrumentationActivityInvoker$EmptyActivity 3cac54b ActivityRecordInputSink com.whatsapp/.Conversation cfc9a62 ActivityRecordInputSink com.whatsapp/.home.ui.HomeActivity 75522f8 ActivityRecordInputSink com.android.chrome/org.chromium.chrome.browser.ChromeTabbedActivity recents_animation_input_consumer 8e45331 ActivityRecordInputSink com.goo
03-27 20:23:51.715   905 12384 I cmr_sensor: 959, cmr_sns_thread_proc: evt 524548
03-27 20:23:51.715   905 12384 I cmr_sensor: 1379, cmr_sns_ioctl: cmd = 45, arg = 0xdbe58530.
03-27 20:23:51.715   905 12384 I gc08a3_sharkl2: 403, gc08a3_drv_access_val: sensor gc08a3: param_ptr->type=22
03-27 20:23:51.715   905 12441 W Cam3Channel: 934, getStream: channel has no valied stream(type is 7)
03-27 20:23:51.715   905 12450 I FDV3    : [find, 710]: src:640x480 detect:224 face_num=0 0.63 ms
03-27 20:23:51.717   905 12441 I Cam3Setting: 6634, translateLocalToFwMetadata: calib_status_value:0
03-27 20:23:51.717   905 12441 E Cam3Channel: 1588, getMetadata: AE or AF callback error, give default metadata 0xe0411ff0
03-27 20:23:51.719   905 12384 I cmr_sensor: 959, cmr_sns_thread_proc: evt 524548
03-27 20:23:51.719   905 12384 I cmr_sensor: 1379, cmr_sns_ioctl: cmd = 45, arg = 0xdbe58530.
03-27 20:23:51.719   905 12384 I gc08a3_sharkl2: 403, gc08a3_drv_access_val: sensor gc08a3: param_ptr->type=22
03-27 20:23:51.725   905  1312 E Cam3OEMIf: 12560, queueBuffer: mFtEnable 0
03-27 20:23:51.726   942   942 W Layer   : Hide layer Input Consumer recents_animation_input_consumer#15340 because zOrderRelativeOf = ActivityRecord{3768a16 u0 com.google.android.gm/.ConversationListActivityGmail#27062 is hide.
03-27 20:23:51.726   942   942 W Layer   : Hide layer Input Consumer recents_animation_input_consumer#15340 because zOrderRelativeOf = ActivityRecord{3768a16 u0 com.google.android.gm/.ConversationListActivityGmail#27062 is hide.
03-27 20:23:51.726   942   942 I Layer   : fillInputInfo layer:Splash Screen com.smartfit.app#28770, visible=1 (hasInputInfo:1, isHidden:0, alpha:0.127808, parent:e1354b6 Splash Screen com.smartfit.app#28768,parenthidden:0, parentalpha:0.127808, mBuffer:1, mSidebandStream:0,hasSomethingToDraw:1, hasEffect:0, fillsColor:0, drawShadows:0, hasBlur:0)
03-27 20:23:51.728  1331  3660 D InputDispatcher: setInputWindows displayId=0 913ef03 ScreenDecorOverlay [Gesture Monitor] pip-resize cf1652a NavigationBar0 5465496 StatusBar pip_input_consumer Embedded{PipMenuView} d8c563e com.whatsapp/com.whatsapp.calling.ui.VoipActivityV2 SurfaceView[com.whatsapp/com.whatsapp.calling.ui.VoipActivityV2](BLAST)#28541 Background for SurfaceView[com.whatsapp/com.whatsapp.calling.ui.VoipActivityV2]#28542 25b3f4 ActivityRecordInputSink com.whatsapp/.calling.ui.VoipActivityV2 80ceec9 Splash Screen com.smartfit.app.test c85927e com.smartfit.app.test/androidx.test.core.app.InstrumentationActivityInvoker$EmptyActivity 2eca064 ActivityRecordInputSink com.smartfit.app.test/androidx.test.core.app.InstrumentationActivityInvoker$EmptyActivity 3cac54b ActivityRecordInputSink com.whatsapp/.Conversation cfc9a62 ActivityRecordInputSink com.whatsapp/.home.ui.HomeActivity 75522f8 ActivityRecordInputSink com.android.chrome/org.chromium.chrome.browser.ChromeTabbedActivity recents_animation_input_consumer 8e45331 ActivityRecordInputSink com.goo
03-27 20:23:51.728   911  1023 D SPRDHWComposer: HWC Range:1, HWC_Transfer:4
03-27 20:23:51.728   911  1023 D mali_gralloc: register: id=38e000118e7, handle=0xb4000071bb4b6510, importpid=942, gRegisteredHandles=37
03-27 20:23:51.729   910  1004 I mali_gralloc: allocate: id=38e000118eb, hal_format=RGBA8888, mali_format=RGBA8888, afbc=SPLIT, usage=GPU_RW|HWC, size=720x1600(4680704), stride=720, name=VRI[MainActivity]#9(BLAST Consumer)9
03-27 20:23:51.729 11663 12589 D mali_gralloc: register: id=38e000118eb, handle=0xb400007e6bfab570, importpid=-1, gRegisteredHandles=0
03-27 20:23:51.730   910  1004 I mali_gralloc: allocate: id=38e000118ec, hal_format=RGBA8888, mali_format=RGBA8888, afbc=SPLIT, usage=GPU_RW|HWC, size=720x1600(4680704), stride=720, name=VRI[MainActivity]#9(BLAST Consumer)9
03-27 20:23:51.731 11663 12589 D mali_gralloc: register: id=38e000118ec, handle=0xb400007e6bfa1490, importpid=-1, gRegisteredHandles=1
03-27 20:23:51.733   910  1004 I mali_gralloc: allocate: id=38e000118ed, hal_format=RGBA8888, mali_format=RGBA8888, afbc=SPLIT, usage=GPU_RW|HWC, size=720x1600(4680704), stride=720, name=VRI[MainActivity]#9(BLAST Consumer)9
03-27 20:23:51.733 11663 12589 D mali_gralloc: register: id=38e000118ed, handle=0xb400007e6bfa7af0, importpid=-1, gRegisteredHandles=2
03-27 20:23:51.735   910  1004 I mali_gralloc: allocate: id=38e000118ee, hal_format=RGBA8888, mali_format=RGBA8888, afbc=SPLIT, usage=GPU_RW|HWC, size=720x1600(4680704), stride=720, name=VRI[MainActivity]#9(BLAST Consumer)9
03-27 20:23:51.736 11663 12589 D mali_gralloc: register: id=38e000118ee, handle=0xb400007e6bf94110, importpid=-1, gRegisteredHandles=3
03-27 20:23:51.742   942   995 D mali_gralloc: register: id=38e000118ee, handle=0xb400007bafd12b10, importpid=11663, gRegisteredHandles=42
03-27 20:23:51.743   905 12422 I isp_blk_cmc10: 268, _pm_cmc10_set_param: cmc_result: (2437 14875 95; 16086 1352 16353; 146 15156 2104).
03-27 20:23:51.743   905 12437 E awb_adpt: 1469, awb_sprd_ctrl_calculation_v3_2: check handle success
03-27 20:23:51.743   905 12421 I sprd_hdr_adapter: L 200, sprd_hdr_adpt_detect: detect current hdr type: 2, detect_in_param: 0xdb33cbe0, detect_out_param: 0xdb33cd40
03-27 20:23:51.743   905 12422 E isp_alg_fw: 3931, ispalg_gtm_process: hist_total is 0, gtm no process !!!
03-27 20:23:51.744   905 12421 E Libae[FAE]: 1926, face_luma_calc: NO FACE
03-27 20:23:51.744   905 12421 W Libae[ABL]: 585,abl_bv_interpolation:tune param num should bigger than 1
03-27 20:23:51.745   905 12421 I cmr_oem : 10954, camera_get_af_support: af_support 0
03-27 20:23:51.749  1331  1352 I ActivityTaskManager: Displayed com.smartfit.app/.MainActivity for user 0: +190ms
03-27 20:23:51.751   928   928 D PowerHAL: enter power::setMode
03-27 20:23:51.752   928   928 D PowerHAL: PowerSessionManager::updateHintMode: mode: LAUNCH, enabled: 0
03-27 20:23:51.752   928   928 D PowerHAL: PowerSessionManager::updateHintMode resValue = 0
03-27 20:23:51.752   928   928 D PowerHAL: ###Exit launch scene bgn###
03-27 20:23:51.752   928   928 D PowerHAL: Enter common_set: enable:0, duration: 0, /sys/devices/system/cpu/cpufreq/policy0/scaling_min_freq: 1820000
03-27 20:23:51.752   928   928 D PowerHAL: Enter set_cluster_freqs_max_min:
03-27 20:23:51.752   928   928 D PowerHAL: Enter common_set: enable:0, duration: 0, /sys/devices/system/cpu/cpufreq/policy0/scaling_max_freq: 1820000
03-27 20:23:51.752   928   928 D PowerHAL: Enter set_cluster_freqs_max_min:
03-27 20:23:51.752   928   928 D PowerHAL: Enter common_set: enable:0, duration: 0, /sys/devices/system/cpu/cpufreq/policy6/scaling_min_freq: 2028000
03-27 20:23:51.752   928   928 D PowerHAL: Enter set_cluster_freqs_max_min:
03-27 20:23:51.752   928   928 D PowerHAL: Enter common_set: enable:0, duration: 0, /sys/devices/system/cpu/cpufreq/policy6/scaling_max_freq: 2028000
03-27 20:23:51.752   928   928 D PowerHAL: Enter set_cluster_freqs_max_min:
03-27 20:23:51.752   928   928 D PowerHAL: Enter devfreq_ddr_set: enable:0, duration: 0, /sys/class/devfreq/scene-frequency/sprd-governor/scene_boost_dfs: max
03-27 20:23:51.752   928   928 D PowerHAL: ###Exit launch scene end###
03-27 20:23:51.756 12011 12011 W WindowOnBackDispatcher: sendCancelIfRunning: isInProgress=falsecallback=android.view.ViewRootImpl$$ExternalSyntheticLambda17@9bd233f
03-27 20:23:51.757  1331  3660 W InputManager-JNI: Input channel object 'c85927e com.smartfit.app.test/androidx.test.core.app.InstrumentationActivityInvoker$EmptyActivity (client)' was disposed without first being removed with the input manager!
03-27 20:23:51.760   942   942 W Layer   : Hide layer Input Consumer recents_animation_input_consumer#15340 because zOrderRelativeOf = ActivityRecord{3768a16 u0 com.google.android.gm/.ConversationListActivityGmail#27062 is hide.
03-27 20:23:51.760   942   942 W Layer   : Hide layer Input Consumer recents_animation_input_consumer#15340 because zOrderRelativeOf = ActivityRecord{3768a16 u0 com.google.android.gm/.ConversationListActivityGmail#27062 is hide.
03-27 20:23:51.760   942   942 I Layer   : fillInputInfo layer:com.smartfit.app/com.smartfit.app.MainActivity#28774, visible=1 (hasInputInfo:1, isHidden:0, alpha:0.375977, parent:31e5b90 com.smartfit.app/com.smartfit.app.MainActivity#28769,parenthidden:0, parentalpha:0.375977, mBuffer:1, mSidebandStream:0,hasSomethingToDraw:1, hasEffect:0, fillsColor:0, drawShadows:0, hasBlur:0)
03-27 20:23:51.761  1331  1878 D InputDispatcher: setInputWindows displayId=0 913ef03 ScreenDecorOverlay [Gesture Monitor] pip-resize cf1652a NavigationBar0 5465496 StatusBar pip_input_consumer Embedded{PipMenuView} d8c563e com.whatsapp/com.whatsapp.calling.ui.VoipActivityV2 SurfaceView[com.whatsapp/com.whatsapp.calling.ui.VoipActivityV2](BLAST)#28541 Background for SurfaceView[com.whatsapp/com.whatsapp.calling.ui.VoipActivityV2]#28542 25b3f4 ActivityRecordInputSink com.whatsapp/.calling.ui.VoipActivityV2 80ceec9 Splash Screen com.smartfit.app.test c85927e com.smartfit.app.test/androidx.test.core.app.InstrumentationActivityInvoker$EmptyActivity 2eca064 ActivityRecordInputSink com.smartfit.app.test/androidx.test.core.app.InstrumentationActivityInvoker$EmptyActivity 3cac54b ActivityRecordInputSink com.whatsapp/.Conversation cfc9a62 ActivityRecordInputSink com.whatsapp/.home.ui.HomeActivity 75522f8 ActivityRecordInputSink com.android.chrome/org.chromium.chrome.browser.ChromeTabbedActivity recents_animation_input_consumer 8e45331 ActivityRecordInputSink com.goo
03-27 20:23:51.762   911  1023 D SPRDHWComposer: HWC Range:1, HWC_Transfer:4
03-27 20:23:51.762   911  1023 D mali_gralloc: register: id=38e000118ee, handle=0xb4000071bb4b5f70, importpid=942, gRegisteredHandles=38
03-27 20:23:51.762  1331  1465 D InputDispatcher: dispatchEventToCurrentInputTargets
03-27 20:23:51.762  1331  1465 D InputDispatcher: channel '31e5b90 com.smartfit.app/com.smartfit.app.MainActivity (server)' ~ prepareDispatchCycle - flags=DISPATCH_AS_IS, globalScaleFactor=1.000000, pointerIds=00000000000000000000000000000000
03-27 20:23:51.762  1331  1465 D InputDispatcher:         default (ROT_0) (IDENTITY)
03-27 20:23:51.762  1331  1465 D InputDispatcher: channel '31e5b90 com.smartfit.app/com.smartfit.app.MainActivity (server)' ~ startDispatchCycle
03-27 20:23:51.762 12011 12011 D InputEventReceiver: channel 'c85927e com.smartfit.app.test/androidx.test.core.app.InstrumentationActivityInvoker$EmptyActivity (client)' ~ Disposing input event receiver.
03-27 20:23:51.762   942  1387 D mali_gralloc: register: id=38e000118ea, handle=0xb400007bafd17d30, importpid=24402, gRegisteredHandles=43
03-27 20:23:51.762 11663 11663 D InputEventReceiver: channel '31e5b90 com.smartfit.app/com.smartfit.app.MainActivity (client)' ~ Consuming input events, consumeBatches=false, frameTime=-1
03-27 20:23:51.762 11663 11663 D InputEventReceiver: channel '31e5b90 com.smartfit.app/com.smartfit.app.MainActivity (client)' ~ Received focus event: hasFocus=true.
03-27 20:23:51.763 11663 11663 D InputEventReceiver: channel '31e5b90 com.smartfit.app/com.smartfit.app.MainActivity (client)' ~ Finished input event.
03-27 20:23:51.763  1331  1465 D InputDispatcher: channel '31e5b90 com.smartfit.app/com.smartfit.app.MainActivity (server)' ~ finishDispatchCycle - seq=588145, handled=true
03-27 20:23:51.763  1331  1465 D InputDispatcher: channel '31e5b90 com.smartfit.app/com.smartfit.app.MainActivity (server)' ~ startDispatchCycle
03-27 20:23:51.766   905 12384 I cmr_sensor: 959, cmr_sns_thread_proc: evt 524548
03-27 20:23:51.766   905 12384 I cmr_sensor: 1379, cmr_sns_ioctl: cmd = 45, arg = 0xdbe58530.
03-27 20:23:51.766   905 12384 I gc08a3_sharkl2: 403, gc08a3_drv_access_val: sensor gc08a3: param_ptr->type=22
03-27 20:23:51.766   905 12450 I FDV3    : [find, 710]: src:640x480 detect:224 face_num=0 0.71 ms
03-27 20:23:51.766   905 12441 W Cam3Channel: 934, getStream: channel has no valied stream(type is 7)
03-27 20:23:51.768   905 12441 I Cam3Setting: 6634, translateLocalToFwMetadata: calib_status_value:0
03-27 20:23:51.768   905 12441 E Cam3Channel: 1588, getMetadata: AE or AF callback error, give default metadata 0xe0411ff0
03-27 20:23:51.769  1331  3660 I ImeTracker: com.smartfit.app:69dd8be2: onRequestHide at ORIGIN_SERVER_HIDE_INPUT reason HIDE_UNSPECIFIED_WINDOW
03-27 20:23:51.769  1331  3660 I ImeTracker: com.smartfit.app:69dd8be2: onCancelled at PHASE_SERVER_SHOULD_HIDE
03-27 20:23:51.770   905 12384 I cmr_sensor: 959, cmr_sns_thread_proc: evt 524548
03-27 20:23:51.771   905 12384 I cmr_sensor: 1379, cmr_sns_ioctl: cmd = 45, arg = 0xdbe58530.
03-27 20:23:51.771   905 12384 I gc08a3_sharkl2: 403, gc08a3_drv_access_val: sensor gc08a3: param_ptr->type=22
03-27 20:23:51.774 13146 13146 I GoogleInputMethodService: GoogleInputMethodService.onFinishInput():2114
03-27 20:23:51.775 13146 13146 I Module  : DeviceLockedStatusModuleProvider$Module.updateDeviceLockedStatus():103 repeatCheckTimes = 0, locked = false
03-27 20:23:51.775 13146 13146 I GoogleInputMethodService: GoogleInputMethodService.onStartInput():1385 onStartInput(EditorInfo{EditorInfo{packageName=com.smartfit.app, inputType=0, inputTypeString=NULL, enableLearning=false, autoCorrection=false, autoComplete=false, imeOptions=0, privateImeOptions=null, actionName=UNSPECIFIED, actionLabel=null, initialSelStart=-1, initialSelEnd=-1, initialCapsMode=0, label=null, fieldId=0, fieldName=null, extras=null, hintText=null, hintLocales=[]}}, false)
03-27 20:23:51.776 13146 13146 I AndroidIME: LatinIMEBase.updateInputViewCoverNavigation():314 Update input view padding, extendsTouchBelowSpace=false, bottom inset=84
03-27 20:23:51.777   905  1312 E Cam3OEMIf: 12560, queueBuffer: mFtEnable 0
