03-27 20:23:23.668 30322 12089 D CCodec  :   int32_t aac-max-output-channel_count = 8
03-27 20:23:23.668 30322 12089 D CCodec  :   int32_t aac-target-ref-level = 64
03-27 20:23:23.668 30322 12089 D CCodec  :   int32_t bitrate = 64000
03-27 20:23:23.668 30322 12089 D CCodec  :   int32_t channel-count = 2
03-27 20:23:23.668 30322 12089 D CCodec  :   int32_t channel-mask = 0
03-27 20:23:23.668 30322 12089 D CCodec  :   int32_t level = 0
03-27 20:23:23.668 30322 12089 D CCodec  :   int32_t max-input-size = 8192
03-27 20:23:23.668 30322 12089 D CCodec  :   int32_t max-output-channel-count = 8
03-27 20:23:23.668 30322 12089 D CCodec  :   string mime = "audio/mp4a-latm"
03-27 20:23:23.668 30322 12089 D CCodec  :   int32_t profile = 2
03-27 20:23:23.668 30322 12089 D CCodec  :   int32_t sample-rate = 22050
03-27 20:23:23.668 30322 12089 D CCodec  : }
03-27 20:23:23.668 30322 12089 D CCodec  : setup formats output: AMessage(what = 0x00000000) = {
03-27 20:23:23.668 30322 12089 D CCodec  :   int32_t aac-drc-album-mode = 0
03-27 20:23:23.668 30322 12089 D CCodec  :   int32_t aac-drc-boost-level = 127
03-27 20:23:23.668 30322 12089 D CCodec  :   int32_t aac-drc-cut-level = 127
03-27 20:23:23.668 30322 12089 D CCodec  :   int32_t aac-drc-effect-type = 3
03-27 20:23:23.668 30322 12089 D CCodec  :   int32_t aac-drc-output-loudness = -1
03-27 20:23:23.668 30322 12089 D CCodec  :   int32_t aac-encoded-target-level = -1
03-27 20:23:23.668 30322 12089 D CCodec  :   int32_t aac-max-output-channel_count = 8
03-27 20:23:23.668 30322 12089 D CCodec  :   int32_t aac-target-ref-level = 64
03-27 20:23:23.668 30322 12089 D CCodec  :   int32_t channel-count = 2
03-27 20:23:23.668 30322 12089 D CCodec  :   int32_t channel-mask = 0
03-27 20:23:23.668 30322 12089 D CCodec  :   int32_t max-output-channel-count = 8
03-27 20:23:23.668 30322 12089 D CCodec  :   string mime = "audio/raw"
03-27 20:23:23.668 30322 12089 D CCodec  :   int32_t sample-rate = 22050
03-27 20:23:23.668 30322 12089 D CCodec  :   int32_t encoder-delay = 2112
03-27 20:23:23.668 30322 12089 D CCodec  :   int32_t encoder-padding = 1320
03-27 20:23:23.668 30322 12089 D CCodec  :   int32_t android._config-pcm-encoding = 2
03-27 20:23:23.668 30322 12089 D CCodec  : }
03-27 20:23:23.669 30322 12089 I CCodecConfig: query failed after returning 20 values (BAD_INDEX)
03-27 20:23:23.672 30322 12089 W Codec2Client: query -- param skipped: index = 1342179345.
03-27 20:23:23.672 30322 12089 W Codec2Client: query -- param skipped: index = 2415921170.
03-27 20:23:23.672 30322 12089 W Codec2Client: query -- param skipped: index = 1610614798.
03-27 20:23:23.674 30322 12089 D CCodecBufferChannel: [c2.android.aac.decoder#527] Created input block pool with allocatorID 16 => poolID 41 - OK (0)
03-27 20:23:23.675  1126 12088 I C2SoftAacDec: Reconfiguring decoder: 0->44100 Hz, 0->2 channels
03-27 20:23:23.677 30322 12089 I CCodecBufferChannel: [c2.android.aac.decoder#527] Created output block pool with allocatorID 16 => poolID 4848 - OK
03-27 20:23:23.677 30322 12089 D CCodecBufferChannel: [c2.android.aac.decoder#527] Configured output block pool ids 4848 => OK
03-27 20:23:23.677  1126 17146 E Codec2-ComponentInterface: We have a failed config
03-27 20:23:23.680  1126 12090 D SimpleC2Component: Using output block pool with poolID 4848 => got 4848 - 0
03-27 20:23:23.683 30322 12086 D CCodecConfig: c2 config diff is   c2::u32 raw.channel-mask.value = 12
03-27 20:23:23.683 30322 12086 D CCodecConfig:   c2::u32 raw.sample-rate.value = 44100
03-27 20:23:23.683 30322 12086 D CCodecBuffers: [c2.android.aac.decoder#515:Output[N]] popFromStashAndRegister: at 0us, output format changed to AMessage(what = 0x00000000) = {
03-27 20:23:23.683 30322 12086 D CCodecBuffers:   int32_t aac-drc-album-mode = 0
03-27 20:23:23.683 30322 12086 D CCodecBuffers:   int32_t aac-drc-boost-level = 127
03-27 20:23:23.683 30322 12086 D CCodecBuffers:   int32_t aac-drc-cut-level = 127
03-27 20:23:23.683 30322 12086 D CCodecBuffers:   int32_t aac-drc-effect-type = 3
03-27 20:23:23.683 30322 12086 D CCodecBuffers:   int32_t aac-drc-output-loudness = -1
03-27 20:23:23.683 30322 12086 D CCodecBuffers:   int32_t aac-encoded-target-level = -1
03-27 20:23:23.683 30322 12086 D CCodecBuffers:   int32_t aac-max-output-channel_count = 8
03-27 20:23:23.683 30322 12086 D CCodecBuffers:   int32_t aac-target-ref-level = 64
03-27 20:23:23.683 30322 12086 D CCodecBuffers:   int32_t channel-count = 2
03-27 20:23:23.683 30322 12086 D CCodecBuffers:   int32_t channel-mask = 12
03-27 20:23:23.683 30322 12086 D CCodecBuffers:   int32_t max-output-channel-count = 8
03-27 20:23:23.683 30322 12086 D CCodecBuffers:   string mime = "audio/raw"
03-27 20:23:23.683 30322 12086 D CCodecBuffers:   int32_t sample-rate = 44100
03-27 20:23:23.683 30322 12086 D CCodecBuffers:   int32_t encoder-delay = 2112
03-27 20:23:23.683 30322 12086 D CCodecBuffers:   int32_t encoder-padding = 1084
03-27 20:23:23.683 30322 12086 D CCodecBuffers:   int32_t android._config-pcm-encoding = 2
03-27 20:23:23.683 30322 12086 D CCodecBuffers: }
03-27 20:23:23.692  1126 12090 I C2SoftAacDec: Reconfiguring decoder: 0->44100 Hz, 0->2 channels
03-27 20:23:23.696 24402 28320 D BLASTBufferQueue: [VRI[StatusBar]#3](f:0,a:2) PendingRelease=1, PendingBuffersToHold=0, SyncedFrameNumbers=0, lacfnr:82513, lapfnr:82513
03-27 20:23:23.701 30322 12089 D CCodecConfig: c2 config diff is   c2::u32 raw.channel-mask.value = 12
03-27 20:23:23.701 30322 12089 D CCodecConfig:   c2::u32 raw.sample-rate.value = 44100
03-27 20:23:23.702 30322 12089 D CCodecBuffers: [c2.android.aac.decoder#527:Output[N]] popFromStashAndRegister: at 0us, output format changed to AMessage(what = 0x00000000) = {
03-27 20:23:23.702 30322 12089 D CCodecBuffers:   int32_t aac-drc-album-mode = 0
03-27 20:23:23.702 30322 12089 D CCodecBuffers:   int32_t aac-drc-boost-level = 127
03-27 20:23:23.702 30322 12089 D CCodecBuffers:   int32_t aac-drc-cut-level = 127
03-27 20:23:23.702 30322 12089 D CCodecBuffers:   int32_t aac-drc-effect-type = 3
03-27 20:23:23.702 30322 12089 D CCodecBuffers:   int32_t aac-drc-output-loudness = -1
03-27 20:23:23.702 30322 12089 D CCodecBuffers:   int32_t aac-encoded-target-level = -1
03-27 20:23:23.702 30322 12089 D CCodecBuffers:   int32_t aac-max-output-channel_count = 8
03-27 20:23:23.702 30322 12089 D CCodecBuffers:   int32_t aac-target-ref-level = 64
03-27 20:23:23.702 30322 12089 D CCodecBuffers:   int32_t channel-count = 2
03-27 20:23:23.702 30322 12089 D CCodecBuffers:   int32_t channel-mask = 12
03-27 20:23:23.702 30322 12089 D CCodecBuffers:   int32_t max-output-channel-count = 8
03-27 20:23:23.702 30322 12089 D CCodecBuffers:   string mime = "audio/raw"
03-27 20:23:23.702 30322 12089 D CCodecBuffers:   int32_t sample-rate = 44100
03-27 20:23:23.702 30322 12089 D CCodecBuffers:   int32_t encoder-delay = 2112
03-27 20:23:23.702 30322 12089 D CCodecBuffers:   int32_t encoder-padding = 1320
03-27 20:23:23.702 30322 12089 D CCodecBuffers:   int32_t android._config-pcm-encoding = 2
03-27 20:23:23.702 30322 12089 D CCodecBuffers: }
03-27 20:23:23.705 30322 12086 D CCodecBufferChannel: [c2.android.aac.decoder#515] MediaCodec discarded an unknown buffer
03-27 20:23:23.705 30322 12086 D CCodecBufferChannel: [c2.android.aac.decoder#515] MediaCodec discarded an unknown buffer
03-27 20:23:23.708  1126 27367 I hw-BpHwBinder: onLastStrongRef automatically unlinking death recipients
03-27 20:23:23.708 30322 12091 I hw-BpHwBinder: onLastStrongRef automatically unlinking death recipients
03-27 20:23:23.710  1126 27367 D BufferPoolAccessor2.0: Destruction - bufferpool2 0xb400007c79a6a4c8 cached: 0/0M, 0/0% in use; allocs: 0, 0% recycled; transfers: 0, 0% unfetched
03-27 20:23:23.711 30322 12073 D MediaCodec: flushMediametrics
03-27 20:23:23.725 30322 12089 I hw-BpHwBinder: onLastStrongRef automatically unlinking death recipients
03-27 20:23:23.725  1126 17146 I hw-BpHwBinder: onLastStrongRef automatically unlinking death recipients
03-27 20:23:23.725  1126 17146 I hw-BpHwBinder: onLastStrongRef automatically unlinking death recipients
03-27 20:23:23.727  1126 17146 D BufferPoolAccessor2.0: Destruction - bufferpool2 0xb400007c79a6b4f8 cached: 0/0M, 0/0% in use; allocs: 0, 0% recycled; transfers: 0, 0% unfetched
03-27 20:23:23.728 30322 12072 D MediaCodec: flushMediametrics
03-27 20:23:23.757   910   910 I mali_gralloc: allocate: id=38e000117c4, hal_format=RGBA8888, mali_format=RGBA8888, afbc=false, usage=GPU_R, size=42x42(8064), stride=48, name=AHardwareBuffer pid [24402]
03-27 20:23:23.758 24402 24553 D mali_gralloc: register: id=38e000117c4, handle=0xb400007e6c12a9d0, importpid=-1, gRegisteredHandles=44
03-27 20:23:23.784   910   910 I mali_gralloc: allocate: id=38e000117c5, hal_format=RGBA8888, mali_format=RGBA8888, afbc=false, usage=GPU_R, size=42x42(8064), stride=48, name=AHardwareBuffer pid [24402]
03-27 20:23:23.785 24402 24553 D mali_gralloc: register: id=38e000117c5, handle=0xb400007e6c05d5f0, importpid=-1, gRegisteredHandles=45
03-27 20:23:23.813   910   910 I mali_gralloc: allocate: id=38e000117c6, hal_format=RGBA8888, mali_format=RGBA8888, afbc=false, usage=GPU_R, size=42x42(8064), stride=48, name=AHardwareBuffer pid [24402]
03-27 20:23:23.813 24402 24553 D mali_gralloc: register: id=38e000117c6, handle=0xb400007e6c110e10, importpid=-1, gRegisteredHandles=46
03-27 20:23:23.848 24402 24402 W TouchableRegionManager: onHeadsUpPinnedModeChanged
03-27 20:23:23.854 24402 24402 D NotificationShadeWindowController: isKeyguardShowingAndNotOccluded= false keyguardFadingAway=false keygaurdTransparent=false
03-27 20:23:23.880   936   936 D vendor.sprd.hardware.vibrator-service: vibra_on 750
03-27 20:23:23.880   936   936 D vendor.sprd.hardware.vibrator-service: Vibrator callback is not nullptr
03-27 20:23:23.880  1331  1466 D EventHub: EventHub, epoll_wait start
03-27 20:23:23.880  1331  1466 D EventHub: EventHub, read start
03-27 20:23:23.880  1331  1466 D EventHub: EventHub, start read. now is 314305994.529421
03-27 20:23:23.881  1331  1466 D EventHub: EventHub, end read, now is 314305994.529421, code is 0
03-27 20:23:23.881   936 12093 D vendor.sprd.hardware.vibrator-service: Starting on on another thread
03-27 20:23:23.881  1331  1466 I InputReader: processEventsLocked: type=21 Count=9 code=0 value=0 deviceId=5 when=228473395000
03-27 20:23:23.881  1331  1466 D InputReader: BatchSize: 9 Count: 9
03-27 20:23:23.881  1331  1466 D InputReader: Input event: eventHubDevice=5 type=EV_FF code=0 value=0 when=228473395000
03-27 20:23:23.881  1331  1466 D InputReader: Input event: eventHubDevice=5 type=EV_FF code=0 value=1 when=228473395000
03-27 20:23:23.881  1331  1466 D InputReader: Input event: eventHubDevice=5 type=EV_FF code=0 value=0 when=228473395000
03-27 20:23:23.881  1331  1466 D InputReader: Input event: eventHubDevice=5 type=EV_FF code=0 value=1 when=228473395000
03-27 20:23:23.881  1331  1466 D InputReader: Input event: eventHubDevice=5 type=EV_FF code=0 value=0 when=228473395000
03-27 20:23:23.881  1331  1466 D InputReader: Input event: eventHubDevice=5 type=EV_FF code=0 value=1 when=228473395000
03-27 20:23:23.881  1331  1466 D InputReader: Input event: eventHubDevice=5 type=EV_FF code=0 value=0 when=228473395000
03-27 20:23:23.881  1331  1466 D InputReader: Input event: eventHubDevice=5 type=EV_FF code=0 value=1 when=228473395000
03-27 20:23:23.881  1331  1466 D InputReader: Input event: eventHubDevice=5 type=EV_SYN code=SYN_REPORT value=1 when=228473395000
03-27 20:23:23.904 24402 24402 D NotificationShadeWindowController: isKeyguardShowingAndNotOccluded= false keyguardFadingAway=false keygaurdTransparent=false
03-27 20:23:23.912 24402 24402 D NotificationShadeWindowController: isKeyguardShowingAndNotOccluded= false keyguardFadingAway=false keygaurdTransparent=false
03-27 20:23:23.913 24402 24402 W WindowOnBackDispatcher: OnBackInvokedCallback is not enabled for the application.
03-27 20:23:23.913 24402 24402 W WindowOnBackDispatcher: Set 'android:enableOnBackInvokedCallback="true"' in the application manifest.
03-27 20:23:23.914 24402 24402 D CentralSurfaces: Received new disable state: enaihbcrso.qingr (unchanged)
03-27 20:23:23.971 24402 24402 W View    : requestLayout() improperly called by android.widget.FrameLayout{9eaaca7 V.E...... ......ID 566,0-664,119} during layout: running second layout pass
03-27 20:23:23.971 24402 24402 W View    : requestLayout() improperly called by android.widget.FrameLayout{9b09554 V.E...... ......ID 566,0-664,154} during layout: running second layout pass
03-27 20:23:23.971 24402 24402 W View    : requestLayout() improperly called by android.widget.FrameLayout{a75cfd V.E...... ......ID 566,0-664,119} during layout: running second layout pass
03-27 20:23:23.990 24402 24402 D NotificationShadeWindowController: isKeyguardShowingAndNotOccluded= false keyguardFadingAway=false keygaurdTransparent=false
03-27 20:23:23.995   942   942 W Layer   : Hide layer Input Consumer recents_animation_input_consumer#15340 because zOrderRelativeOf = ActivityRecord{3768a16 u0 com.google.android.gm/.ConversationListActivityGmail#27062 is hide.
03-27 20:23:23.995   942   942 W Layer   : Hide layer Input Consumer recents_animation_input_consumer#15340 because zOrderRelativeOf = ActivityRecord{3768a16 u0 com.google.android.gm/.ConversationListActivityGmail#27062 is hide.
03-27 20:23:23.996  1331  4259 D InputDispatcher: setInputWindows displayId=0 cf1652a NavigationBar0 5465496 StatusBar 63f99df com.smartfit.app/com.smartfit.app.MainActivity b1f24c9 ActivityRecordInputSink com.smartfit.app/.MainActivity 3cac54b ActivityRecordInputSink com.whatsapp/.Conversation cfc9a62 ActivityRecordInputSink com.whatsapp/.home.ui.HomeActivity 75522f8 ActivityRecordInputSink com.android.chrome/org.chromium.chrome.browser.ChromeTabbedActivity recents_animation_input_consumer 8e45331 ActivityRecordInputSink com.google.android.gm/.ui.MailActivityGmail Dim layer#11752 Dim layer#11751 b6305f1 ActivityRecordInputSink com.android.launcher3/com.android.searchlauncher.SearchLauncher Wallpaper BBQ wrapper#11766 40061be com.android.systemui.wallpapers.ImageWallpaper
03-27 20:23:24.006   942   942 W Layer   : Hide layer Input Consumer recents_animation_input_consumer#15340 because zOrderRelativeOf = ActivityRecord{3768a16 u0 com.google.android.gm/.ConversationListActivityGmail#27062 is hide.
03-27 20:23:24.006   942   942 W Layer   : Hide layer Input Consumer recents_animation_input_consumer#15340 because zOrderRelativeOf = ActivityRecord{3768a16 u0 com.google.android.gm/.ConversationListActivityGmail#27062 is hide.
03-27 20:23:24.007  1331  4259 D InputDispatcher: setInputWindows displayId=0 cf1652a NavigationBar0 5465496 StatusBar 63f99df com.smartfit.app/com.smartfit.app.MainActivity b1f24c9 ActivityRecordInputSink com.smartfit.app/.MainActivity 3cac54b ActivityRecordInputSink com.whatsapp/.Conversation cfc9a62 ActivityRecordInputSink com.whatsapp/.home.ui.HomeActivity 75522f8 ActivityRecordInputSink com.android.chrome/org.chromium.chrome.browser.ChromeTabbedActivity recents_animation_input_consumer 8e45331 ActivityRecordInputSink com.google.android.gm/.ui.MailActivityGmail Dim layer#11752 Dim layer#11751 b6305f1 ActivityRecordInputSink com.android.launcher3/com.android.searchlauncher.SearchLauncher Wallpaper BBQ wrapper#11766 40061be com.android.systemui.wallpapers.ImageWallpaper
03-27 20:23:24.017   942   942 W Layer   : Hide layer Input Consumer recents_animation_input_consumer#15340 because zOrderRelativeOf = ActivityRecord{3768a16 u0 com.google.android.gm/.ConversationListActivityGmail#27062 is hide.
03-27 20:23:24.017   942   942 W Layer   : Hide layer Input Consumer recents_animation_input_consumer#15340 because zOrderRelativeOf = ActivityRecord{3768a16 u0 com.google.android.gm/.ConversationListActivityGmail#27062 is hide.
03-27 20:23:24.019  1331  3676 D InputDispatcher: setInputWindows displayId=0 cf1652a NavigationBar0 5465496 StatusBar 63f99df com.smartfit.app/com.smartfit.app.MainActivity b1f24c9 ActivityRecordInputSink com.smartfit.app/.MainActivity 3cac54b ActivityRecordInputSink com.whatsapp/.Conversation cfc9a62 ActivityRecordInputSink com.whatsapp/.home.ui.HomeActivity 75522f8 ActivityRecordInputSink com.android.chrome/org.chromium.chrome.browser.ChromeTabbedActivity recents_animation_input_consumer 8e45331 ActivityRecordInputSink com.google.android.gm/.ui.MailActivityGmail Dim layer#11752 Dim layer#11751 b6305f1 ActivityRecordInputSink com.android.launcher3/com.android.searchlauncher.SearchLauncher Wallpaper BBQ wrapper#11766 40061be com.android.systemui.wallpapers.ImageWallpaper
03-27 20:23:24.021 24402 28320 D BLASTBufferQueue: [VRI[StatusBar]#3](f:0,a:2) PendingRelease=1, PendingBuffersToHold=0, SyncedFrameNumbers=0, lacfnr:82514, lapfnr:82514
03-27 20:23:24.022   910   910 I mali_gralloc: allocate: id=38e000117c7, hal_format=RGBA8888, mali_format=RGBA8888, afbc=SPLIT, usage=GPU_RW|HWC, size=720x1600(4680704), stride=720, name=VRI[NotificationShade]#1102(BLAST Consumer)1102
03-27 20:23:24.023 24402 12094 D mali_gralloc: register: id=38e000117c7, handle=0xb400007e6c0c7e50, importpid=-1, gRegisteredHandles=47
03-27 20:23:24.024   910   910 I mali_gralloc: allocate: id=38e000117c8, hal_format=RGBA8888, mali_format=RGBA8888, afbc=SPLIT, usage=GPU_RW|HWC, size=720x1600(4680704), stride=720, name=VRI[NotificationShade]#1102(BLAST Consumer)1102
03-27 20:23:24.024 24402 12094 D mali_gralloc: register: id=38e000117c8, handle=0xb400007e6c125210, importpid=-1, gRegisteredHandles=48
03-27 20:23:24.026   910  1004 I mali_gralloc: allocate: id=38e000117c9, hal_format=RGBA8888, mali_format=RGBA8888, afbc=SPLIT, usage=GPU_RW|HWC, size=720x1600(4680704), stride=720, name=VRI[NotificationShade]#1102(BLAST Consumer)1102
03-27 20:23:24.026 24402 12094 D mali_gralloc: register: id=38e000117c9, handle=0xb400007e6c10bd10, importpid=-1, gRegisteredHandles=49
03-27 20:23:24.028   942   942 W Layer   : Hide layer Input Consumer recents_animation_input_consumer#15340 because zOrderRelativeOf = ActivityRecord{3768a16 u0 com.google.android.gm/.ConversationListActivityGmail#27062 is hide.
03-27 20:23:24.028   942   942 W Layer   : Hide layer Input Consumer recents_animation_input_consumer#15340 because zOrderRelativeOf = ActivityRecord{3768a16 u0 com.google.android.gm/.ConversationListActivityGmail#27062 is hide.
03-27 20:23:24.029  1331  3676 D InputDispatcher: setInputWindows displayId=0 cf1652a NavigationBar0 7da7d35 NotificationShade 5465496 StatusBar 63f99df com.smartfit.app/com.smartfit.app.MainActivity b1f24c9 ActivityRecordInputSink com.smartfit.app/.MainActivity 3cac54b ActivityRecordInputSink com.whatsapp/.Conversation cfc9a62 ActivityRecordInputSink com.whatsapp/.home.ui.HomeActivity 75522f8 ActivityRecordInputSink com.android.chrome/org.chromium.chrome.browser.ChromeTabbedActivity recents_animation_input_consumer 8e45331 ActivityRecordInputSink com.google.android.gm/.ui.MailActivityGmail Dim layer#11752 Dim layer#11751 b6305f1 ActivityRecordInputSink com.android.launcher3/com.android.searchlauncher.SearchLauncher Wallpaper BBQ wrapper#11766 40061be com.android.systemui.wallpapers.ImageWallpaper
03-27 20:23:24.030   910  1004 I mali_gralloc: allocate: id=38e000117ca, hal_format=RGBA8888, mali_format=RGBA8888, afbc=SPLIT, usage=GPU_RW|HWC, size=720x1600(4680704), stride=720, name=VRI[NotificationShade]#1102(BLAST Consumer)1102
03-27 20:23:24.031 24402 12094 D mali_gralloc: register: id=38e000117ca, handle=0xb400007e6c0fbc90, importpid=-1, gRegisteredHandles=50
03-27 20:23:24.061   942   942 W Layer   : Hide layer Input Consumer recents_animation_input_consumer#15340 because zOrderRelativeOf = ActivityRecord{3768a16 u0 com.google.android.gm/.ConversationListActivityGmail#27062 is hide.
03-27 20:23:24.061   942   942 W Layer   : Hide layer Input Consumer recents_animation_input_consumer#15340 because zOrderRelativeOf = ActivityRecord{3768a16 u0 com.google.android.gm/.ConversationListActivityGmail#27062 is hide.
03-27 20:23:24.062  1331  4259 D InputDispatcher: setInputWindows displayId=0 cf1652a NavigationBar0 7da7d35 NotificationShade 5465496 StatusBar 63f99df com.smartfit.app/com.smartfit.app.MainActivity b1f24c9 ActivityRecordInputSink com.smartfit.app/.MainActivity 3cac54b ActivityRecordInputSink com.whatsapp/.Conversation cfc9a62 ActivityRecordInputSink com.whatsapp/.home.ui.HomeActivity 75522f8 ActivityRecordInputSink com.android.chrome/org.chromium.chrome.browser.ChromeTabbedActivity recents_animation_input_consumer 8e45331 ActivityRecordInputSink com.google.android.gm/.ui.MailActivityGmail Dim layer#11752 Dim layer#11751 b6305f1 ActivityRecordInputSink com.android.launcher3/com.android.searchlauncher.SearchLauncher Wallpaper BBQ wrapper#11766 40061be com.android.systemui.wallpapers.ImageWallpaper
03-27 20:23:24.069   942  1387 D mali_gralloc: register: id=38e000117ca, handle=0xb400007bafd38850, importpid=24402, gRegisteredHandles=19
03-27 20:23:24.073   942   942 W Layer   : Hide layer Input Consumer recents_animation_input_consumer#15340 because zOrderRelativeOf = ActivityRecord{3768a16 u0 com.google.android.gm/.ConversationListActivityGmail#27062 is hide.
03-27 20:23:24.073   942   942 W Layer   : Hide layer Input Consumer recents_animation_input_consumer#15340 because zOrderRelativeOf = ActivityRecord{3768a16 u0 com.google.android.gm/.ConversationListActivityGmail#27062 is hide.
03-27 20:23:24.074  1331  3676 D InputDispatcher: setInputWindows displayId=0 cf1652a NavigationBar0 7da7d35 NotificationShade 5465496 StatusBar 63f99df com.smartfit.app/com.smartfit.app.MainActivity b1f24c9 ActivityRecordInputSink com.smartfit.app/.MainActivity 3cac54b ActivityRecordInputSink com.whatsapp/.Conversation cfc9a62 ActivityRecordInputSink com.whatsapp/.home.ui.HomeActivity 75522f8 ActivityRecordInputSink com.android.chrome/org.chromium.chrome.browser.ChromeTabbedActivity recents_animation_input_consumer 8e45331 ActivityRecordInputSink com.google.android.gm/.ui.MailActivityGmail Dim layer#11752 Dim layer#11751 b6305f1 ActivityRecordInputSink com.android.launcher3/com.android.searchlauncher.SearchLauncher Wallpaper BBQ wrapper#11766 40061be com.android.systemui.wallpapers.ImageWallpaper
03-27 20:23:24.084   942   942 I Layer   : fillInputInfo layer:NotificationShade#28436, visible=1 (hasInputInfo:1, isHidden:0, alpha:1.000000, parent:7da7d35 NotificationShade#11761,parenthidden:0, parentalpha:1.000000, mBuffer:1, mSidebandStream:0,hasSomethingToDraw:1, hasEffect:0, fillsColor:0, drawShadows:0, hasBlur:0)
03-27 20:23:24.084   942   942 W Layer   : Hide layer Input Consumer recents_animation_input_consumer#15340 because zOrderRelativeOf = ActivityRecord{3768a16 u0 com.google.android.gm/.ConversationListActivityGmail#27062 is hide.
03-27 20:23:24.084   942   942 W Layer   : Hide layer Input Consumer recents_animation_input_consumer#15340 because zOrderRelativeOf = ActivityRecord{3768a16 u0 com.google.android.gm/.ConversationListActivityGmail#27062 is hide.
03-27 20:23:24.085  1331  3676 D InputDispatcher: setInputWindows displayId=0 cf1652a NavigationBar0 7da7d35 NotificationShade 5465496 StatusBar 63f99df com.smartfit.app/com.smartfit.app.MainActivity b1f24c9 ActivityRecordInputSink com.smartfit.app/.MainActivity 3cac54b ActivityRecordInputSink com.whatsapp/.Conversation cfc9a62 ActivityRecordInputSink com.whatsapp/.home.ui.HomeActivity 75522f8 ActivityRecordInputSink com.android.chrome/org.chromium.chrome.browser.ChromeTabbedActivity recents_animation_input_consumer 8e45331 ActivityRecordInputSink com.google.android.gm/.ui.MailActivityGmail Dim layer#11752 Dim layer#11751 b6305f1 ActivityRecordInputSink com.android.launcher3/com.android.searchlauncher.SearchLauncher Wallpaper BBQ wrapper#11766 40061be com.android.systemui.wallpapers.ImageWallpaper
03-27 20:23:24.085   911  1023 D SPRDHWComposer: HWC Range:1, HWC_Transfer:4
03-27 20:23:24.085   911  1023 D mali_gralloc: register: id=38e000117ca, handle=0xb4000071bb4b7950, importpid=942, gRegisteredHandles=17
03-27 20:23:24.088 24402 28320 D BLASTBufferQueue: [VRI[StatusBar]#3](f:0,a:2) PendingRelease=1, PendingBuffersToHold=0, SyncedFrameNumbers=0, lacfnr:82515, lapfnr:82515
03-27 20:23:24.091   942  1387 D mali_gralloc: register: id=38e000117c9, handle=0xb400007bafd1d2b0, importpid=24402, gRegisteredHandles=20
03-27 20:23:24.095   911  1023 D mali_gralloc: register: id=38e000117c9, handle=0xb4000071bb4b7dd0, importpid=942, gRegisteredHandles=18
03-27 20:23:24.098 24402 28320 D BLASTBufferQueue: [VRI[NotificationShade]#1102](f:0,a:2) PendingRelease=1, PendingBuffersToHold=0, SyncedFrameNumbers=0, lacfnr:2, lapfnr:2
03-27 20:23:24.109 24402 28320 D BLASTBufferQueue: [VRI[StatusBar]#3](f:0,a:2) PendingRelease=1, PendingBuffersToHold=0, SyncedFrameNumbers=0, lacfnr:82516, lapfnr:82516
03-27 20:23:24.121   942  1387 D mali_gralloc: register: id=38e000117c8, handle=0xb400007bafd209d0, importpid=24402, gRegisteredHandles=21
03-27 20:23:24.128   911  1023 D mali_gralloc: register: id=38e000117c8, handle=0xb4000071bb4b8370, importpid=942, gRegisteredHandles=19
03-27 20:23:24.132 24402 28320 D BLASTBufferQueue: [VRI[NotificationShade]#1102](f:0,a:2) PendingRelease=1, PendingBuffersToHold=0, SyncedFrameNumbers=0, lacfnr:3, lapfnr:3
03-27 20:23:24.136   942  1387 D mali_gralloc: register: id=38e000117c7, handle=0xb400007bafd1bd50, importpid=24402, gRegisteredHandles=22
03-27 20:23:24.140   911  1023 D mali_gralloc: register: id=38e000117c7, handle=0xb4000071bb4b6f30, importpid=942, gRegisteredHandles=20
03-27 20:23:24.143 24402 28320 D BLASTBufferQueue: [VRI[NotificationShade]#1102](f:0,a:2) PendingRelease=1, PendingBuffersToHold=0, SyncedFrameNumbers=0, lacfnr:4, lapfnr:4
03-27 20:23:24.143 24402 28320 D BLASTBufferQueue: [VRI[StatusBar]#3](f:0,a:3) PendingRelease=1, PendingBuffersToHold=0, SyncedFrameNumbers=0, lacfnr:82518, lapfnr:82518
03-27 20:23:24.154 24402 28320 D BLASTBufferQueue: [VRI[StatusBar]#3](f:0,a:3) PendingRelease=1, PendingBuffersToHold=0, SyncedFrameNumbers=0, lacfnr:82519, lapfnr:82519
03-27 20:23:24.159 24402 24402 D BiometricsRepositoryImpl: currentUser authFlags changed, new value: AuthenticationFlags(userId=0, flag=0)
03-27 20:23:24.159 24402 24402 D BiometricsRepositoryImpl: currentUser authFlags changed, new value: AuthenticationFlags(userId=0, flag=0)
03-27 20:23:24.165 24402 28320 D BLASTBufferQueue: [VRI[NotificationShade]#1102](f:0,a:2) PendingRelease=1, PendingBuffersToHold=0, SyncedFrameNumbers=0, lacfnr:5, lapfnr:5
03-27 20:23:24.165 24402 28320 D BLASTBufferQueue: [VRI[StatusBar]#3](f:0,a:3) PendingRelease=1, PendingBuffersToHold=0, SyncedFrameNumbers=0, lacfnr:82520, lapfnr:82520
03-27 20:23:24.168 24402 24402 D BiometricsRepositoryImpl: currentUser authFlags changed, new value: AuthenticationFlags(userId=0, flag=0)
03-27 20:23:24.168 24402 24402 D BiometricsRepositoryImpl: currentUser authFlags changed, new value: AuthenticationFlags(userId=0, flag=0)
03-27 20:23:24.176 24402 24402 D BiometricsRepositoryImpl: currentUser authFlags changed, new value: AuthenticationFlags(userId=0, flag=0)
03-27 20:23:24.177 24402 28320 D BLASTBufferQueue: [VRI[NotificationShade]#1102](f:0,a:3) PendingRelease=1, PendingBuffersToHold=0, SyncedFrameNumbers=0, lacfnr:7, lapfnr:7
03-27 20:23:24.177 24402 24402 D BiometricsRepositoryImpl: currentUser authFlags changed, new value: AuthenticationFlags(userId=0, flag=0)
03-27 20:23:24.177 24402 28320 D BLASTBufferQueue: [VRI[StatusBar]#3](f:0,a:3) PendingRelease=1, PendingBuffersToHold=0, SyncedFrameNumbers=0, lacfnr:82521, lapfnr:82521
03-27 20:23:24.187 24402 28320 D BLASTBufferQueue: [VRI[NotificationShade]#1102](f:0,a:3) PendingRelease=1, PendingBuffersToHold=0, SyncedFrameNumbers=0, lacfnr:8, lapfnr:8
03-27 20:23:24.188 24402 28320 D BLASTBufferQueue: [VRI[StatusBar]#3](f:0,a:3) PendingRelease=1, PendingBuffersToHold=0, SyncedFrameNumbers=0, lacfnr:82522, lapfnr:82522
03-27 20:23:24.196 24402 24553 E QuickAccessWalletKeyguardQuickAffordanceConfig: Wallet card retrieval error, message: "null"
03-27 20:23:24.197 24402 24553 D ControlsListingControllerImpl: Subscribing callback, service count: 1
03-27 20:23:24.198 24402 28320 D BLASTBufferQueue: [VRI[NotificationShade]#1102](f:0,a:2) PendingRelease=1, PendingBuffersToHold=0, SyncedFrameNumbers=0, lacfnr:8, lapfnr:8
03-27 20:23:24.198 24402 28320 D BLASTBufferQueue: [VRI[StatusBar]#3](f:0,a:2) PendingRelease=1, PendingBuffersToHold=0, SyncedFrameNumbers=0, lacfnr:82522, lapfnr:82522
03-27 20:23:24.207 24402 24553 E QuickAccessWalletKeyguardQuickAffordanceConfig: Wallet card retrieval error, message: "null"
03-27 20:23:24.209 24402 28320 D BLASTBufferQueue: [VRI[StatusBar]#3](f:0,a:2) PendingRelease=1, PendingBuffersToHold=0, SyncedFrameNumbers=0, lacfnr:82523, lapfnr:82523
03-27 20:23:24.212 24402 24553 E QuickAccessWalletKeyguardQuickAffordanceConfig: Wallet card retrieval error, message: "null"
03-27 20:23:24.212 24402 24553 D ControlsListingControllerImpl: Subscribing callback, service count: 1
03-27 20:23:24.219 24402 24553 D ControlsListingControllerImpl: Subscribing callback, service count: 1
03-27 20:23:24.220 24402 28320 D BLASTBufferQueue: [VRI[NotificationShade]#1102](f:0,a:2) PendingRelease=1, PendingBuffersToHold=0, SyncedFrameNumbers=0, lacfnr:9, lapfnr:9
03-27 20:23:24.232 24402 28320 D BLASTBufferQueue: [VRI[NotificationShade]#1102](f:0,a:3) PendingRelease=1, PendingBuffersToHold=0, SyncedFrameNumbers=0, lacfnr:11, lapfnr:11
03-27 20:23:24.233 24402 28320 D BLASTBufferQueue: [VRI[StatusBar]#3](f:0,a:3) PendingRelease=1, PendingBuffersToHold=0, SyncedFrameNumbers=0, lacfnr:82525, lapfnr:82525
03-27 20:23:24.243 24402 28320 D BLASTBufferQueue: [VRI[NotificationShade]#1102](f:0,a:3) PendingRelease=1, PendingBuffersToHold=0, SyncedFrameNumbers=0, lacfnr:12, lapfnr:12
03-27 20:23:24.244 24402 28320 D BLASTBufferQueue: [VRI[StatusBar]#3](f:0,a:3) PendingRelease=1, PendingBuffersToHold=0, SyncedFrameNumbers=0, lacfnr:82526, lapfnr:82526
03-27 20:23:24.254 24402 28320 D BLASTBufferQueue: [VRI[NotificationShade]#1102](f:0,a:3) PendingRelease=1, PendingBuffersToHold=0, SyncedFrameNumbers=0, lacfnr:13, lapfnr:13
03-27 20:23:24.255 24402 28320 D BLASTBufferQueue: [VRI[StatusBar]#3](f:0,a:3) PendingRelease=1, PendingBuffersToHold=0, SyncedFrameNumbers=0, lacfnr:82527, lapfnr:82527
03-27 20:23:24.265 24402 28320 D BLASTBufferQueue: [VRI[NotificationShade]#1102](f:0,a:2) PendingRelease=1, PendingBuffersToHold=0, SyncedFrameNumbers=0, lacfnr:13, lapfnr:13
03-27 20:23:24.278 24402 28320 D BLASTBufferQueue: [VRI[StatusBar]#3](f:0,a:3) PendingRelease=1, PendingBuffersToHold=0, SyncedFrameNumbers=0, lacfnr:82528, lapfnr:82528
03-27 20:23:24.278 24402 28320 D BLASTBufferQueue: [VRI[StatusBar]#3](f:0,a:2) PendingRelease=1, PendingBuffersToHold=0, SyncedFrameNumbers=0, lacfnr:82528, lapfnr:82528
03-27 20:23:24.287 24402 28320 D BLASTBufferQueue: [VRI[NotificationShade]#1102](f:0,a:4) PendingRelease=1, PendingBuffersToHold=0, SyncedFrameNumbers=0, lacfnr:16, lapfnr:16
03-27 20:23:24.298 24402 28320 D BLASTBufferQueue: [VRI[NotificationShade]#1102](f:0,a:4) PendingRelease=1, PendingBuffersToHold=0, SyncedFrameNumbers=0, lacfnr:17, lapfnr:17
03-27 20:23:24.309 24402 28320 D BLASTBufferQueue: [VRI[NotificationShade]#1102](f:0,a:4) PendingRelease=1, PendingBuffersToHold=0, SyncedFrameNumbers=0, lacfnr:18, lapfnr:18
03-27 20:23:24.321 24402 28320 D BLASTBufferQueue: [VRI[NotificationShade]#1102](f:0,a:4) PendingRelease=1, PendingBuffersToHold=0, SyncedFrameNumbers=0, lacfnr:19, lapfnr:19
03-27 20:23:24.332 24402 28320 D BLASTBufferQueue: [VRI[NotificationShade]#1102](f:0,a:4) PendingRelease=1, PendingBuffersToHold=0, SyncedFrameNumbers=0, lacfnr:20, lapfnr:20
03-27 20:23:24.344 24402 28320 D BLASTBufferQueue: [VRI[NotificationShade]#1102](f:0,a:4) PendingRelease=1, PendingBuffersToHold=0, SyncedFrameNumbers=0, lacfnr:21, lapfnr:21
03-27 20:23:24.355 24402 28320 D BLASTBufferQueue: [VRI[NotificationShade]#1102](f:0,a:4) PendingRelease=1, PendingBuffersToHold=0, SyncedFrameNumbers=0, lacfnr:22, lapfnr:22
03-27 20:23:24.366 24402 28320 D BLASTBufferQueue: [VRI[NotificationShade]#1102](f:0,a:4) PendingRelease=1, PendingBuffersToHold=0, SyncedFrameNumbers=0, lacfnr:23, lapfnr:23
03-27 20:23:24.377 24402 28320 D BLASTBufferQueue: [VRI[NotificationShade]#1102](f:0,a:4) PendingRelease=1, PendingBuffersToHold=0, SyncedFrameNumbers=0, lacfnr:24, lapfnr:24
03-27 20:23:24.388 24402 28320 D BLASTBufferQueue: [VRI[NotificationShade]#1102](f:0,a:4) PendingRelease=1, PendingBuffersToHold=0, SyncedFrameNumbers=0, lacfnr:25, lapfnr:25
03-27 20:23:24.399 24402 28320 D BLASTBufferQueue: [VRI[NotificationShade]#1102](f:0,a:4) PendingRelease=1, PendingBuffersToHold=0, SyncedFrameNumbers=0, lacfnr:26, lapfnr:26
03-27 20:23:24.410 24402 28320 D BLASTBufferQueue: [VRI[NotificationShade]#1102](f:0,a:4) PendingRelease=1, PendingBuffersToHold=0, SyncedFrameNumbers=0, lacfnr:27, lapfnr:27
03-27 20:23:24.422 24402 28320 D BLASTBufferQueue: [VRI[NotificationShade]#1102](f:0,a:4) PendingRelease=1, PendingBuffersToHold=0, SyncedFrameNumbers=0, lacfnr:28, lapfnr:28
03-27 20:23:24.432 24402 28320 D BLASTBufferQueue: [VRI[NotificationShade]#1102](f:0,a:4) PendingRelease=1, PendingBuffersToHold=0, SyncedFrameNumbers=0, lacfnr:29, lapfnr:29
03-27 20:23:24.444 24402 28320 D BLASTBufferQueue: [VRI[NotificationShade]#1102](f:0,a:4) PendingRelease=1, PendingBuffersToHold=0, SyncedFrameNumbers=0, lacfnr:30, lapfnr:30
03-27 20:23:24.455 24402 28320 D BLASTBufferQueue: [VRI[NotificationShade]#1102](f:0,a:4) PendingRelease=1, PendingBuffersToHold=0, SyncedFrameNumbers=0, lacfnr:31, lapfnr:31
03-27 20:23:24.466 24402 28320 D BLASTBufferQueue: [VRI[NotificationShade]#1102](f:0,a:4) PendingRelease=1, PendingBuffersToHold=0, SyncedFrameNumbers=0, lacfnr:32, lapfnr:32
03-27 20:23:24.477 24402 28320 D BLASTBufferQueue: [VRI[NotificationShade]#1102](f:0,a:4) PendingRelease=1, PendingBuffersToHold=0, SyncedFrameNumbers=0, lacfnr:33, lapfnr:33
03-27 20:23:24.488 24402 28320 D BLASTBufferQueue: [VRI[NotificationShade]#1102](f:0,a:4) PendingRelease=1, PendingBuffersToHold=0, SyncedFrameNumbers=0, lacfnr:34, lapfnr:34
03-27 20:23:24.500 24402 28320 D BLASTBufferQueue: [VRI[NotificationShade]#1102](f:0,a:3) PendingRelease=1, PendingBuffersToHold=0, SyncedFrameNumbers=0, lacfnr:34, lapfnr:34
03-27 20:23:24.510 24402 28320 D BLASTBufferQueue: [VRI[NotificationShade]#1102](f:0,a:2) PendingRelease=1, PendingBuffersToHold=0, SyncedFrameNumbers=0, lacfnr:34, lapfnr:34
03-27 20:23:24.631   936 12093 D vendor.sprd.hardware.vibrator-service: Notifying on complete
03-27 20:23:24.631   936   936 D vendor.sprd.hardware.vibrator-service: vibra_off
03-27 20:23:24.880   936   936 D vendor.sprd.hardware.vibrator-service: vibra_on 750
03-27 20:23:24.880   936   936 D vendor.sprd.hardware.vibrator-service: Vibrator callback is not nullptr
03-27 20:23:24.881   936 12095 D vendor.sprd.hardware.vibrator-service: Starting on on another thread
03-27 20:23:24.947 30322 12070 I WhatsAppJni: DetachThreadOnExit: detached current thread from JVM
03-27 20:23:25.024 11663 11663 I Choreographer: Skipped 81 frames!  The application may be doing too much work on its main thread.
03-27 20:23:25.034  1331  1534 D WifiStaIfaceHidlImpl: getCachedScanData is not implemented by HIDL
03-27 20:23:25.046  1331  1534 I HalDevMgr: bestIfaceCreationProposal is null, requestIface=STA, existingIface=[name=wlan0 type=STA]
03-27 20:23:25.057   942   995 D mali_gralloc: register: id=38e000117c1, handle=0xb400007bafd35010, importpid=11663, gRegisteredHandles=23
03-27 20:23:25.064   911  1023 D mali_gralloc: register: id=38e000117c1, handle=0xb4000071bb4b6ab0, importpid=942, gRegisteredHandles=21
03-27 20:23:25.068 11663 12050 I OpenGLRenderer: Davey! duration=944ms; Flags=0, FrameTimelineVsyncId=36550133, IntendedVsync=314306231390823, Vsync=314307133317399, InputEventId=0, HandleInputStart=314307139036343, AnimationStart=314307139039497, PerformTraversalsStart=314307139040727, DrawStart=314307139721574, FrameDeadline=314306252613045, FrameInterval=314307138269727, FrameStartTime=11134896, SyncQueued=314307160288189, SyncStart=314307160699458, IssueDrawCommandsStart=314307161037766, SwapBuffers=314307170295150, FrameCompleted=314307176526535, DequeueBufferDuration=39384, QueueBufferDuration=1150270, GpuCompleted=314307176526535, SwapBuffersCompleted=314307171735304, DisplayPresentTime=0, CommandSubmissionCompleted=314307170295150,
03-27 20:23:25.070  1331  1543 D ConnectivityService: NetReassign [no changes] [c 0] [a 1] [i 4]
03-27 20:23:25.113  1809 21755 D IpClient/wlan0: interfaceLinkStateChanged: ifindex 28 up
03-27 20:23:25.135   928   928 D PowerHAL: enter power::setMode
03-27 20:23:25.136   928   928 D PowerHAL: PowerSessionManager::updateHintMode: mode: LAUNCH, enabled: 1
03-27 20:23:25.136   928   928 D PowerHAL: PowerSessionManager::updateHintMode resValue = 0
03-27 20:23:25.136   928   928 D PowerHAL: ###Enter launch scene bgn###
03-27 20:23:25.136   928   928 D PowerHAL: Enter common_set: enable:1, duration: 0, /sys/devices/system/cpu/cpufreq/policy0/scaling_min_freq: 1820000
03-27 20:23:25.136   928   928 D PowerHAL: Enter set_cluster_freqs_max_min:
03-27 20:23:25.136   928   928 D PowerHAL: Enter common_set: enable:1, duration: 0, /sys/devices/system/cpu/cpufreq/policy0/scaling_max_freq: 1820000
03-27 20:23:25.136   928   928 D PowerHAL: Enter set_cluster_freqs_max_min:
03-27 20:23:25.136   928   928 D PowerHAL: Enter common_set: enable:1, duration: 0, /sys/devices/system/cpu/cpufreq/policy6/scaling_min_freq: 2028000
03-27 20:23:25.136   928   928 D PowerHAL: Enter set_cluster_freqs_max_min:
03-27 20:23:25.136   928   928 D PowerHAL: Enter common_set: enable:1, duration: 0, /sys/devices/system/cpu/cpufreq/policy6/scaling_max_freq: 2028000
03-27 20:23:25.136   928   928 D PowerHAL: Enter set_cluster_freqs_max_min:
03-27 20:23:25.136   928   928 D PowerHAL: Enter devfreq_ddr_set: enable:1, duration: 0, /sys/class/devfreq/scene-frequency/sprd-governor/scene_boost_dfs: max
03-27 20:23:25.138   928   928 D PowerHAL: ###Enter launch scene end###
03-27 20:23:25.144 11663 11663 D LifecycleMonitor: Lifecycle status change: com.smartfit.app.MainActivity@24980e2 in: PAUSED
03-27 20:23:25.144 11663 11663 V ActivityScenario: Update currentActivityStage to PAUSED, currentActivity=com.smartfit.app.MainActivity@24980e2
03-27 20:23:25.145 24402 24402 D NotificationShadeWindowController: isKeyguardShowingAndNotOccluded= false keyguardFadingAway=false keygaurdTransparent=false
03-27 20:23:25.148  1809 21755 D IpClient/wlan0: interfaceLinkStateChanged: ifindex 28 up
03-27 20:23:25.149  1331  3676 D InputDispatcher: setFocusedApplication displayId=0 ActivityRecord{7f45d57 u0 com.smartfit.app.test/androidx.test.core.app.InstrumentationActivityInvoker$EmptyActivity t2415 d0}
03-27 20:23:25.149  1331  3676 D InputDispatcher: Resetting ANR timeouts.
03-27 20:23:25.153   942   942 W Layer   : Hide layer Input Consumer recents_animation_input_consumer#15340 because zOrderRelativeOf = ActivityRecord{3768a16 u0 com.google.android.gm/.ConversationListActivityGmail#27062 is hide.
03-27 20:23:25.153   942   942 W Layer   : Hide layer Input Consumer recents_animation_input_consumer#15340 because zOrderRelativeOf = ActivityRecord{3768a16 u0 com.google.android.gm/.ConversationListActivityGmail#27062 is hide.
03-27 20:23:25.153  1331  1875 D InputDispatcher: setInputWindows displayId=0 cf1652a NavigationBar0 7da7d35 NotificationShade 5465496 StatusBar 63f99df com.smartfit.app/com.smartfit.app.MainActivity b1f24c9 ActivityRecordInputSink com.smartfit.app/.MainActivity 3cac54b ActivityRecordInputSink com.whatsapp/.Conversation cfc9a62 ActivityRecordInputSink com.whatsapp/.home.ui.HomeActivity 75522f8 ActivityRecordInputSink com.android.chrome/org.chromium.chrome.browser.ChromeTabbedActivity recents_animation_input_consumer 8e45331 ActivityRecordInputSink com.google.android.gm/.ui.MailActivityGmail Dim layer#11752 Dim layer#11751 b6305f1 ActivityRecordInputSink com.android.launcher3/com.android.searchlauncher.SearchLauncher Wallpaper BBQ wrapper#11766 40061be com.android.systemui.wallpapers.ImageWallpaper
03-27 20:23:25.163   942   942 I BpBinder: onLastStrongRef automatically unlinking death recipients:
03-27 20:23:25.164   942   942 W Layer   : Hide layer Input Consumer recents_animation_input_consumer#15340 because zOrderRelativeOf = ActivityRecord{3768a16 u0 com.google.android.gm/.ConversationListActivityGmail#27062 is hide.
03-27 20:23:25.164   942   942 W Layer   : Hide layer Input Consumer recents_animation_input_consumer#15340 because zOrderRelativeOf = ActivityRecord{3768a16 u0 com.google.android.gm/.ConversationListActivityGmail#27062 is hide.
03-27 20:23:25.165  1331  1465 D InputDispatcher: dispatchEventToCurrentInputTargets
03-27 20:23:25.165  1331  1465 D InputDispatcher: channel '63f99df com.smartfit.app/com.smartfit.app.MainActivity (server)' ~ prepareDispatchCycle - flags=DISPATCH_AS_IS, globalScaleFactor=1.000000, pointerIds=00000000000000000000000000000000
03-27 20:23:25.165  1331  1465 D InputDispatcher:         default (ROT_0) (IDENTITY)
03-27 20:23:25.165  1331  1465 D InputDispatcher: channel '63f99df com.smartfit.app/com.smartfit.app.MainActivity (server)' ~ startDispatchCycle
03-27 20:23:25.165  1331  3676 D InputDispatcher: setInputWindows displayId=0 cf1652a NavigationBar0 7da7d35 NotificationShade 5465496 StatusBar 63f99df com.smartfit.app/com.smartfit.app.MainActivity b1f24c9 ActivityRecordInputSink com.smartfit.app/.MainActivity 3cac54b ActivityRecordInputSink com.whatsapp/.Conversation cfc9a62 ActivityRecordInputSink com.whatsapp/.home.ui.HomeActivity 75522f8 ActivityRecordInputSink com.android.chrome/org.chromium.chrome.browser.ChromeTabbedActivity recents_animation_input_consumer 8e45331 ActivityRecordInputSink com.google.android.gm/.ui.MailActivityGmail Dim layer#11752 Dim layer#11751 b6305f1 ActivityRecordInputSink com.android.launcher3/com.android.searchlauncher.SearchLauncher Wallpaper BBQ wrapper#11766 40061be com.android.systemui.wallpapers.ImageWallpaper
03-27 20:23:25.165 11663 11663 D InputEventReceiver: channel '63f99df com.smartfit.app/com.smartfit.app.MainActivity (client)' ~ Consuming input events, consumeBatches=false, frameTime=-1
03-27 20:23:25.165 11663 11663 D InputEventReceiver: channel '63f99df com.smartfit.app/com.smartfit.app.MainActivity (client)' ~ Received focus event: hasFocus=false.
03-27 20:23:25.165  1331  3676 D InputDispatcher: Window went away: 63f99df com.smartfit.app/com.smartfit.app.MainActivity
03-27 20:23:25.165 11663 11663 D InputEventReceiver: channel '63f99df com.smartfit.app/com.smartfit.app.MainActivity (client)' ~ Finished input event.
03-27 20:23:25.166  1331  1465 D InputDispatcher: channel '63f99df com.smartfit.app/com.smartfit.app.MainActivity (server)' ~ finishDispatchCycle - seq=588105, handled=true
03-27 20:23:25.166  1331  1465 D InputDispatcher: channel '63f99df com.smartfit.app/com.smartfit.app.MainActivity (server)' ~ startDispatchCycle
03-27 20:23:25.169 24402 24487 D InputEventReceiver: android_view_InputEventReceiver debug log is enabled
03-27 20:23:25.169 24402 24487 D InputEventReceiver: channel '9f777f3 Splash Screen com.smartfit.app.test (client)' ~ Initializing input event receiver.
03-27 20:23:25.175   942   942 W Layer   : Hide layer Input Consumer recents_animation_input_consumer#15340 because zOrderRelativeOf = ActivityRecord{3768a16 u0 com.google.android.gm/.ConversationListActivityGmail#27062 is hide.
03-27 20:23:25.175   942   942 W Layer   : Hide layer Input Consumer recents_animation_input_consumer#15340 because zOrderRelativeOf = ActivityRecord{3768a16 u0 com.google.android.gm/.ConversationListActivityGmail#27062 is hide.
03-27 20:23:25.175  1331  1875 D InputDispatcher: setInputWindows displayId=0 cf1652a NavigationBar0 7da7d35 NotificationShade 5465496 StatusBar 63f99df com.smartfit.app/com.smartfit.app.MainActivity b1f24c9 ActivityRecordInputSink com.smartfit.app/.MainActivity 3cac54b ActivityRecordInputSink com.whatsapp/.Conversation cfc9a62 ActivityRecordInputSink com.whatsapp/.home.ui.HomeActivity 75522f8 ActivityRecordInputSink com.android.chrome/org.chromium.chrome.browser.ChromeTabbedActivity recents_animation_input_consumer 8e45331 ActivityRecordInputSink com.google.android.gm/.ui.MailActivityGmail Dim layer#11752 Dim layer#11751 b6305f1 ActivityRecordInputSink com.android.launcher3/com.android.searchlauncher.SearchLauncher Wallpaper BBQ wrapper#11766 40061be com.android.systemui.wallpapers.ImageWallpaper
03-27 20:23:25.183   928   928 D PowerHAL: Enter getSceneIdByName: sceneName:com.smartfit.app.test
03-27 20:23:25.183   928   928 D PowerHAL: Enter getSceneIdByName: sceneName:PACKAGE
03-27 20:23:25.185   910  1004 I mali_gralloc: allocate: id=38e000117cb, hal_format=RGBA8888, mali_format=RGBA8888, afbc=SPLIT, usage=GPU_RW|HWC, size=720x1600(4680704), stride=720, name=VRI[test]#1103(BLAST Consumer)1103
03-27 20:23:25.186   942   942 W Layer   : Hide layer Input Consumer recents_animation_input_consumer#15340 because zOrderRelativeOf = ActivityRecord{3768a16 u0 com.google.android.gm/.ConversationListActivityGmail#27062 is hide.
03-27 20:23:25.186   942   942 W Layer   : Hide layer Input Consumer recents_animation_input_consumer#15340 because zOrderRelativeOf = ActivityRecord{3768a16 u0 com.google.android.gm/.ConversationListActivityGmail#27062 is hide.
03-27 20:23:25.186 24402 12108 D mali_gralloc: register: id=38e000117cb, handle=0xb400007e6c0f92f0, importpid=-1, gRegisteredHandles=51
03-27 20:23:25.186  1331  1855 D InputDispatcher: setInputWindows displayId=0 cf1652a NavigationBar0 7da7d35 NotificationShade 5465496 StatusBar 63f99df com.smartfit.app/com.smartfit.app.MainActivity b1f24c9 ActivityRecordInputSink com.smartfit.app/.MainActivity 3cac54b ActivityRecordInputSink com.whatsapp/.Conversation cfc9a62 ActivityRecordInputSink com.whatsapp/.home.ui.HomeActivity 75522f8 ActivityRecordInputSink com.android.chrome/org.chromium.chrome.browser.ChromeTabbedActivity recents_animation_input_consumer 8e45331 ActivityRecordInputSink com.google.android.gm/.ui.MailActivityGmail Dim layer#11752 Dim layer#11751 b6305f1 ActivityRecordInputSink com.android.launcher3/com.android.searchlauncher.SearchLauncher Wallpaper BBQ wrapper#11766 40061be com.android.systemui.wallpapers.ImageWallpaper
03-27 20:23:25.192   942   995 D mali_gralloc: register: id=38e000117cb, handle=0xb400007bafd33870, importpid=24402, gRegisteredHandles=24
03-27 20:23:25.196 12011 12011 D InputEventReceiver: android_view_InputEventReceiver debug log is enabled
03-27 20:23:25.196 12011 12011 D InputEventReceiver: channel '3282186 com.smartfit.app.test/androidx.test.core.app.InstrumentationActivityInvoker$EmptyActivity (client)' ~ Initializing input event receiver.
03-27 20:23:25.198   942   942 W Layer   : Hide layer Input Consumer recents_animation_input_consumer#15340 because zOrderRelativeOf = ActivityRecord{3768a16 u0 com.google.android.gm/.ConversationListActivityGmail#27062 is hide.
03-27 20:23:25.198   942   942 W Layer   : Hide layer Input Consumer recents_animation_input_consumer#15340 because zOrderRelativeOf = ActivityRecord{3768a16 u0 com.google.android.gm/.ConversationListActivityGmail#27062 is hide.
03-27 20:23:25.199  1331  1875 D InputDispatcher: setInputWindows displayId=0 cf1652a NavigationBar0 7da7d35 NotificationShade 5465496 StatusBar 9f777f3 Splash Screen com.smartfit.app.test 63f99df com.smartfit.app/com.smartfit.app.MainActivity b1f24c9 ActivityRecordInputSink com.smartfit.app/.MainActivity 3cac54b ActivityRecordInputSink com.whatsapp/.Conversation cfc9a62 ActivityRecordInputSink com.whatsapp/.home.ui.HomeActivity 75522f8 ActivityRecordInputSink com.android.chrome/org.chromium.chrome.browser.ChromeTabbedActivity recents_animation_input_consumer 8e45331 ActivityRecordInputSink com.google.android.gm/.ui.MailActivityGmail Dim layer#11752 Dim layer#11751 b6305f1 ActivityRecordInputSink com.android.launcher3/com.android.searchlauncher.SearchLauncher Wallpaper BBQ wrapper#11766 40061be com.android.systemui.wallpapers.ImageWallpaper
03-27 20:23:25.208   942   942 W Layer   : Hide layer Input Consumer recents_animation_input_consumer#15340 because zOrderRelativeOf = ActivityRecord{3768a16 u0 com.google.android.gm/.ConversationListActivityGmail#27062 is hide.
03-27 20:23:25.208   942   942 W Layer   : Hide layer Input Consumer recents_animation_input_consumer#15340 because zOrderRelativeOf = ActivityRecord{3768a16 u0 com.google.android.gm/.ConversationListActivityGmail#27062 is hide.
03-27 20:23:25.209   910   910 I mali_gralloc: allocate: id=38e000117cc, hal_format=RGBA8888, mali_format=RGBA8888, afbc=false, usage=CPU_RW|GPU_RW|HWC, size=576x1280(2949120), stride=576, name=screenshot
03-27 20:23:25.209   942  1387 D mali_gralloc: register: id=38e000117cc, handle=0xb400007bafd1cad0, importpid=-1, gRegisteredHandles=25
03-27 20:23:25.209  1331  4259 D InputDispatcher: setInputWindows displayId=0 cf1652a NavigationBar0 7da7d35 NotificationShade 5465496 StatusBar 9f777f3 Splash Screen com.smartfit.app.test 63f99df com.smartfit.app/com.smartfit.app.MainActivity b1f24c9 ActivityRecordInputSink com.smartfit.app/.MainActivity 3cac54b ActivityRecordInputSink com.whatsapp/.Conversation cfc9a62 ActivityRecordInputSink com.whatsapp/.home.ui.HomeActivity 75522f8 ActivityRecordInputSink com.android.chrome/org.chromium.chrome.browser.ChromeTabbedActivity recents_animation_input_consumer 8e45331 ActivityRecordInputSink com.google.android.gm/.ui.MailActivityGmail Dim layer#11752 Dim layer#11751 b6305f1 ActivityRecordInputSink com.android.launcher3/com.android.searchlauncher.SearchLauncher Wallpaper BBQ wrapper#11766 40061be com.android.systemui.wallpapers.ImageWallpaper
