03-27 20:23:16.637 17156 17156 D BoundBrokerSvc: onRebind: Intent { act=com.google.android.gms.common.telemetry.service.START dat=chimera-action:/... cmp=com.google.android.gms/.chimera.PersistentApiService }
03-27 20:23:16.639  1331  1534 D WifiNetworkFactory: got request NetworkRequest [ REQUEST id=45830, [ Capabilities: INTERNET&NOT_RESTRICTED&TRUSTED&NOT_VCN_MANAGED Uid: 10142 RequestorUid: 10142 RequestorPkg: com.google.android.googlequicksearchbox UnderlyingNetworks: Null] ]
03-27 20:23:16.639  1331  1534 D UntrustedWifiNetworkFactory: got request NetworkRequest [ REQUEST id=45830, [ Capabilities: INTERNET&NOT_RESTRICTED&TRUSTED&NOT_VCN_MANAGED Uid: 10142 RequestorUid: 10142 RequestorPkg: com.google.android.googlequicksearchbox UnderlyingNetworks: Null] ]
03-27 20:23:16.639  1331  1534 D OemPaidWifiNetworkFactory: got request NetworkRequest [ REQUEST id=45830, [ Capabilities: INTERNET&NOT_RESTRICTED&TRUSTED&NOT_VCN_MANAGED Uid: 10142 RequestorUid: 10142 RequestorPkg: com.google.android.googlequicksearchbox UnderlyingNetworks: Null] ]
03-27 20:23:16.639  1331  1534 D MultiInternetWifiNetworkFactory: got request NetworkRequest [ REQUEST id=45830, [ Capabilities: INTERNET&NOT_RESTRICTED&TRUSTED&NOT_VCN_MANAGED Uid: 10142 RequestorUid: 10142 RequestorPkg: com.google.android.googlequicksearchbox UnderlyingNetworks: Null] ]
03-27 20:23:16.640  1331  1543 D ConnectivityService: NetReassign [45830 : null → 196] [c 0] [a 0] [i 1]
03-27 20:23:16.645   942   942 W Layer   : Hide layer Dim Layer for - Task=2412#28391 because zOrderRelativeOf = 99c5d91 com.google.android.permissioncontroller/com.android.permissioncontroller.permission.ui.GrantPermissionsActivity#28385 is hide.
03-27 20:23:16.645   942   942 W Layer   : Hide layer Dim Layer for - Task=2412#28391 because zOrderRelativeOf = 99c5d91 com.google.android.permissioncontroller/com.android.permissioncontroller.permission.ui.GrantPermissionsActivity#28385 is hide.
03-27 20:23:16.645  1668  1668 D UniDataUtilsImpl: checkVendorDataAllowed phoneId: 0
03-27 20:23:16.645   942   942 W Layer   : Hide layer Input Consumer recents_animation_input_consumer#15340 because zOrderRelativeOf = ActivityRecord{3768a16 u0 com.google.android.gm/.ConversationListActivityGmail#27062 is hide.
03-27 20:23:16.645   942   942 W Layer   : Hide layer Input Consumer recents_animation_input_consumer#15340 because zOrderRelativeOf = ActivityRecord{3768a16 u0 com.google.android.gm/.ConversationListActivityGmail#27062 is hide.
03-27 20:23:16.646  1668  1668 D UniTeleImsManagerImpl:  isVowifiConnected()
03-27 20:23:16.646   942   942 W Layer   : Hide layer Dim Layer for - Task=2412#28391 because zOrderRelativeOf = 99c5d91 com.google.android.permissioncontroller/com.android.permissioncontroller.permission.ui.GrantPermissionsActivity#28385 is hide.
03-27 20:23:16.647  1331  3480 D InputDispatcher: setInputWindows displayId=0 cf1652a NavigationBar0 5465496 StatusBar 99c5d91 com.google.android.permissioncontroller/com.android.permissioncontroller.permission.ui.GrantPermissionsActivity Dim Layer for - Task=2412#28391 2b90f20 ActivityRecordInputSink com.google.android.permissioncontroller/com.android.permissioncontroller.permission.ui.GrantPermissionsActivity 78b663 com.smartfit.app/com.smartfit.app.MainActivity e54e76c ActivityRecordInputSink com.smartfit.app/.MainActivity 3cac54b ActivityRecordInputSink com.whatsapp/.Conversation cfc9a62 ActivityRecordInputSink com.whatsapp/.home.ui.HomeActivity 75522f8 ActivityRecordInputSink com.android.chrome/org.chromium.chrome.browser.ChromeTabbedActivity recents_animation_input_consumer 8e45331 ActivityRecordInputSink com.google.android.gm/.ui.MailActivityGmail Dim layer#11752 Dim layer#11751 b6305f1 ActivityRecordInputSink com.android.launcher3/com.android.searchlauncher.SearchLauncher Wallpaper BBQ wrapper#11766 40061be com.android.systemui.wallpapers.ImageWallp
03-27 20:23:16.649  1331  1543 D ConnectivityService: NetReassign [no changes] [c 0] [a 1] [i 2]
03-27 20:23:16.651   895   895 I Zygote  : Process 10191 exited due to signal 9 (Killed)
03-27 20:23:16.652  1668  1668 D UniTeleImsManagerImpl:  isVowifiConnected()
03-27 20:23:16.656   942   942 W Layer   : Hide layer Dim Layer for - Task=2412#28391 because zOrderRelativeOf = 99c5d91 com.google.android.permissioncontroller/com.android.permissioncontroller.permission.ui.GrantPermissionsActivity#28385 is hide.
03-27 20:23:16.657   942   942 W Layer   : Hide layer Dim Layer for - Task=2412#28391 because zOrderRelativeOf = 99c5d91 com.google.android.permissioncontroller/com.android.permissioncontroller.permission.ui.GrantPermissionsActivity#28385 is hide.
03-27 20:23:16.657   942   942 W Layer   : Hide layer Input Consumer recents_animation_input_consumer#15340 because zOrderRelativeOf = ActivityRecord{3768a16 u0 com.google.android.gm/.ConversationListActivityGmail#27062 is hide.
03-27 20:23:16.657   942   942 W Layer   : Hide layer Input Consumer recents_animation_input_consumer#15340 because zOrderRelativeOf = ActivityRecord{3768a16 u0 com.google.android.gm/.ConversationListActivityGmail#27062 is hide.
03-27 20:23:16.657   942   942 W Layer   : Hide layer Dim Layer for - Task=2412#28391 because zOrderRelativeOf = 99c5d91 com.google.android.permissioncontroller/com.android.permissioncontroller.permission.ui.GrantPermissionsActivity#28385 is hide.
03-27 20:23:16.664  1331  3662 D InputDispatcher: setInputWindows displayId=0 cf1652a NavigationBar0 5465496 StatusBar 99c5d91 com.google.android.permissioncontroller/com.android.permissioncontroller.permission.ui.GrantPermissionsActivity Dim Layer for - Task=2412#28391 2b90f20 ActivityRecordInputSink com.google.android.permissioncontroller/com.android.permissioncontroller.permission.ui.GrantPermissionsActivity 78b663 com.smartfit.app/com.smartfit.app.MainActivity e54e76c ActivityRecordInputSink com.smartfit.app/.MainActivity 3cac54b ActivityRecordInputSink com.whatsapp/.Conversation cfc9a62 ActivityRecordInputSink com.whatsapp/.home.ui.HomeActivity 75522f8 ActivityRecordInputSink com.android.chrome/org.chromium.chrome.browser.ChromeTabbedActivity recents_animation_input_consumer 8e45331 ActivityRecordInputSink com.google.android.gm/.ui.MailActivityGmail Dim layer#11752 Dim layer#11751 b6305f1 ActivityRecordInputSink com.android.launcher3/com.android.searchlauncher.SearchLauncher Wallpaper BBQ wrapper#11766 40061be com.android.systemui.wallpapers.ImageWallp
03-27 20:23:16.668   942   942 W Layer   : Hide layer Input Consumer recents_animation_input_consumer#15340 because zOrderRelativeOf = ActivityRecord{3768a16 u0 com.google.android.gm/.ConversationListActivityGmail#27062 is hide.
03-27 20:23:16.668   942   942 W Layer   : Hide layer Input Consumer recents_animation_input_consumer#15340 because zOrderRelativeOf = ActivityRecord{3768a16 u0 com.google.android.gm/.ConversationListActivityGmail#27062 is hide.
03-27 20:23:16.669  1331  3442 D InputDispatcher: setInputWindows displayId=0 cf1652a NavigationBar0 5465496 StatusBar 78b663 com.smartfit.app/com.smartfit.app.MainActivity e54e76c ActivityRecordInputSink com.smartfit.app/.MainActivity 3cac54b ActivityRecordInputSink com.whatsapp/.Conversation cfc9a62 ActivityRecordInputSink com.whatsapp/.home.ui.HomeActivity 75522f8 ActivityRecordInputSink com.android.chrome/org.chromium.chrome.browser.ChromeTabbedActivity recents_animation_input_consumer 8e45331 ActivityRecordInputSink com.google.android.gm/.ui.MailActivityGmail Dim layer#11752 Dim layer#11751 b6305f1 ActivityRecordInputSink com.android.launcher3/com.android.searchlauncher.SearchLauncher Wallpaper BBQ wrapper#11766 40061be com.android.systemui.wallpapers.ImageWallpaper
03-27 20:23:16.669  1331  3442 D InputDispatcher: Window went away: 99c5d91 com.google.android.permissioncontroller/com.android.permissioncontroller.permission.ui.GrantPermissionsActivity
03-27 20:23:16.669  1331  3442 D InputDispatcher: Window went away: Dim Layer for - Task=2412#28391
03-27 20:23:16.669  1331  3442 D InputDispatcher: Window went away: 2b90f20 ActivityRecordInputSink com.google.android.permissioncontroller/com.android.permissioncontroller.permission.ui.GrantPermissionsActivity
03-27 20:23:16.676 20339 20339 V MediaPlayerList: onActiveSessionsChanged: number of controllers: 0
03-27 20:23:16.679   942  1001 D mali_gralloc: unregister: id=38e000117b0, handle=0xb400007bafd24c30, base=0x0, importpid=942, count:0
03-27 20:23:16.680   942   942 W Layer   : Hide layer Input Consumer recents_animation_input_consumer#15340 because zOrderRelativeOf = ActivityRecord{3768a16 u0 com.google.android.gm/.ConversationListActivityGmail#27062 is hide.
03-27 20:23:16.680   942   942 W Layer   : Hide layer Input Consumer recents_animation_input_consumer#15340 because zOrderRelativeOf = ActivityRecord{3768a16 u0 com.google.android.gm/.ConversationListActivityGmail#27062 is hide.
03-27 20:23:16.680  1331  3662 D InputDispatcher: setInputWindows displayId=0 cf1652a NavigationBar0 5465496 StatusBar 78b663 com.smartfit.app/com.smartfit.app.MainActivity e54e76c ActivityRecordInputSink com.smartfit.app/.MainActivity 3cac54b ActivityRecordInputSink com.whatsapp/.Conversation cfc9a62 ActivityRecordInputSink com.whatsapp/.home.ui.HomeActivity 75522f8 ActivityRecordInputSink com.android.chrome/org.chromium.chrome.browser.ChromeTabbedActivity recents_animation_input_consumer 8e45331 ActivityRecordInputSink com.google.android.gm/.ui.MailActivityGmail Dim layer#11752 Dim layer#11751 b6305f1 ActivityRecordInputSink com.android.launcher3/com.android.searchlauncher.SearchLauncher Wallpaper BBQ wrapper#11766 40061be com.android.systemui.wallpapers.ImageWallpaper
03-27 20:23:16.713 20339 20339 D AvrcpTargetJni: sendPlayerSettingsNative
03-27 20:23:16.730 11890 11927 W chromium: [WARNING:content/child/runtime_features.cc:563] Fenced frames cannot be enabled in this configuration. Use --enable-features=FencedFrames instead.
03-27 20:23:16.730 11890 11927 W chromium: [WARNING:content/child/runtime_features.cc:588] Topics cannot be enabled in this configuration. Use --enable-features=BrowsingTopics in addition.
03-27 20:23:16.730 11890 11927 W chromium: [WARNING:content/child/runtime_features.cc:609] SharedStorage cannot be enabled in this configuration. Use --enable-features=SharedStorageAPI in addition.
03-27 20:23:16.733 11691 11711 D nativeloader: Load /data/app/~~Uiurvm4iagpO4qB0A6OPVg==/com.google.android.googlequicksearchbox-Ow3owK8AKGCv83uc-b3blQ==/base.apk!/lib/arm64-v8a/libcronet.146.0.7680.144.so using class loader ns clns-5 (caller=/data/app/~~Uiurvm4iagpO4qB0A6OPVg==/com.google.android.googlequicksearchbox-Ow3owK8AKGCv83uc-b3blQ==/base.apk!classes3.dex): ok
03-27 20:23:16.765 20339 20339 I bt_stack: [INFO:avrcp_service.cc(551)] virtual void bluetooth::avrcp::AvrcpService::SendPlayerSettingsChanged(std::vector<PlayerAttribute>, std::vector<uint8_t>)
03-27 20:23:16.776 20339 20339 I bt_stack: [INFO:avrcp_service.cc(565)] attribute=PlayerAttribute::REPEAT : value=PlayerRepeatValue::OFF
03-27 20:23:16.776 20339 20339 I bt_stack: attribute=PlayerAttribute::SHUFFLE : value=PlayerShuffleValue::OFF
03-27 20:23:16.776 20339 20339 I bt_stack:
03-27 20:23:16.784 11691 11711 I cn_CronetLibraryLoader: Cronet version: 146.0.7680.144, arch: aarch64
03-27 20:23:16.786 17156 18334 I FontLog : (REDACTED) Received query %s, URI %s
03-27 20:23:16.787 17156 18334 I FontLog : (REDACTED) Query [%s] resolved to %s
03-27 20:23:16.790 17156 18334 I FontLog : (REDACTED) Font PFD returned from cache for %s
03-27 20:23:16.790 17156 18334 I FontLog : (REDACTED) Fetch %s end status %s
03-27 20:23:16.795 17156 18334 I FontLog : (REDACTED) Pulling font file for id = %d, cache size = %d
03-27 20:23:16.802 17156 18334 I FontLog : (REDACTED) Received query %s, URI %s
03-27 20:23:16.802 17156 18334 I FontLog : (REDACTED) Query [%s] resolved to %s
03-27 20:23:16.804 17156 18334 I FontLog : (REDACTED) Fetch %s end status %s
03-27 20:23:16.808 17156 18334 I FontLog : (REDACTED) Pulling font file for id = %d, cache size = %d
03-27 20:23:16.815 17156 18334 I FontLog : (REDACTED) Received query %s, URI %s
03-27 20:23:16.815 17156 18334 I FontLog : (REDACTED) Query [%s] resolved to %s
03-27 20:23:16.817 17156 18334 I FontLog : (REDACTED) Font PFD returned from cache for %s
03-27 20:23:16.817 17156 18334 I FontLog : (REDACTED) Fetch %s end status %s
03-27 20:23:16.819 17156 18334 I FontLog : (REDACTED) Pulling font file for id = %d, cache size = %d
03-27 20:23:16.827 17156 18334 I FontLog : (REDACTED) Received query %s, URI %s
03-27 20:23:16.827 17156 18334 I FontLog : (REDACTED) Query [%s] resolved to %s
03-27 20:23:16.829 17156 18334 I FontLog : (REDACTED) Font PFD returned from cache for %s
03-27 20:23:16.829 17156 18334 I FontLog : (REDACTED) Fetch %s end status %s
03-27 20:23:16.833 17156 18334 I FontLog : (REDACTED) Pulling font file for id = %d, cache size = %d
03-27 20:23:16.837 11691 11976 W chromium: [0327/202316.835724:WARNING:components/cronet/url_request_context_config.cc:767] Unrecognized Cronet experimental option "enable_telemetry" with params "true
03-27 20:23:16.837 11691 11976 W chromium:
03-27 20:23:16.838 17156 18334 I FontLog : (REDACTED) Received query %s, URI %s
03-27 20:23:16.839 17156 18334 I FontLog : (REDACTED) Query [%s] resolved to %s
03-27 20:23:16.841 17156 18334 I FontLog : (REDACTED) Font PFD returned from cache for %s
03-27 20:23:16.841 17156 18334 I FontLog : (REDACTED) Fetch %s end status %s
03-27 20:23:16.844 17156 18334 I FontLog : (REDACTED) Pulling font file for id = %d, cache size = %d
03-27 20:23:17.020 11691 11918 W AudioCapabilities: Unsupported mime audio/ima-adpcm
03-27 20:23:17.023 11691 11918 W AudioCapabilities: Unsupported mime audio/mpeg-L1
03-27 20:23:17.023 11691 11918 W AudioCapabilities: Unsupported mime audio/mpeg-L2
03-27 20:23:17.038 11691 11918 W VideoCapabilities: Unsupported mime video/jpeg
03-27 20:23:17.039 11691 11918 W VideoCapabilities: Unsupported mime video/jpeg
03-27 20:23:17.710 18492 29969 I eesk    : (REDACTED) appOpsListener %s %s
03-27 20:23:17.710 18492 29969 I eesk    : (REDACTED) Ignoring irrelevant audio permission changes for package %s
03-27 20:23:17.759 11663 11663 I Choreographer: Skipped 99 frames!  The application may be doing too much work on its main thread.
03-27 20:23:17.801   942   995 D mali_gralloc: register: id=38e000117a8, handle=0xb400007bafd36450, importpid=11663, gRegisteredHandles=21
03-27 20:23:17.802   942  1001 D mali_gralloc: unregister: id=38e000117b1, handle=0xb400007bafd11a30, base=0x0, importpid=942, count:0
03-27 20:23:17.816   911  1023 D mali_gralloc: register: id=38e000117a8, handle=0xb4000071bb4b2f10, importpid=942, gRegisteredHandles=18
03-27 20:23:17.820 11663 11673 I OpenGLRenderer: Davey! duration=1159ms; Flags=0, FrameTimelineVsyncId=36547777, IntendedVsync=314298760020056, Vsync=314299862471087, InputEventId=76163721, HandleInputStart=314299874039502, AnimationStart=314299874042425, PerformTraversalsStart=314299874043733, DrawStart=314299874193463, FrameDeadline=314298781242278, FrameInterval=314299873225848, FrameStartTime=11135869, SyncQueued=314299877643463, SyncStart=314299878085540, IssueDrawCommandsStart=314299878213540, SwapBuffers=314299915183156, FrameCompleted=314299919786079, DequeueBufferDuration=43077, QueueBufferDuration=478731, GpuCompleted=314299919786079, SwapBuffersCompleted=314299915811771, DisplayPresentTime=0, CommandSubmissionCompleted=314299915183156,
03-27 20:23:17.861 11663 11988 D ProfileInstaller: Installing profile for com.smartfit.app
03-27 20:23:18.017   896   896 D Zygote  : Forked child process 11989
03-27 20:23:18.045 11989 11989 I webview_service: Using CollectorTypeCMC GC.
03-27 20:23:18.059 11989 11989 D nativeloader: Load libframework-connectivity-tiramisu-jni.so using APEX ns com_android_tethering for caller /apex/com.android.tethering/javalib/framework-connectivity-t.jar: ok
03-27 20:23:18.079 11989 11989 D CompatibilityChangeReporter: Compat change id reported: 171979766; UID 10158; state: ENABLED
03-27 20:23:18.079 11989 11989 D CompatibilityChangeReporter: Compat change id reported: 242716250; UID 10158; state: ENABLED
03-27 20:23:18.090 11989 11989 D ApplicationLoaders: Returning zygote-cached class loader: /system/framework/android.test.base.jar
03-27 20:23:18.110 11989 11989 D nativeloader: Configuring clns-4 for other apk /data/app/~~84BvN-4SeLbm1VH3pujYgA==/com.google.android.webview-m6B3f_gsdhiCg9aIcU2Mpw==/base.apk. target_sdk_version=36, uses_libraries=, library_path=/data/app/~~84BvN-4SeLbm1VH3pujYgA==/com.google.android.webview-m6B3f_gsdhiCg9aIcU2Mpw==/lib/arm:/data/app/~~84BvN-4SeLbm1VH3pujYgA==/com.google.android.webview-m6B3f_gsdhiCg9aIcU2Mpw==/base.apk!/lib/armeabi-v7a, permitted_path=/data:/mnt/expand:/data/user/0/com.google.android.webview
03-27 20:23:18.131 11989 11989 D nativeloader: Load libframework-connectivity-jni.so using APEX ns com_android_tethering for caller /apex/com.android.tethering/javalib/framework-connectivity.jar: ok
03-27 20:23:18.143 11989 11989 V GraphicsEnvironment: Currently set values for:
03-27 20:23:18.143 11989 11989 V GraphicsEnvironment:   angle_gl_driver_selection_pkgs=[]
03-27 20:23:18.143 11989 11989 V GraphicsEnvironment:   angle_gl_driver_selection_values=[]
03-27 20:23:18.144 11989 11989 V GraphicsEnvironment: ANGLE GameManagerService for com.google.android.webview: false
03-27 20:23:18.145 11989 11989 V GraphicsEnvironment: com.google.android.webview is not listed in per-application setting
03-27 20:23:18.145 11989 11989 V GraphicsEnvironment: Neither updatable production driver nor prerelease driver is supported.
03-27 20:23:18.151 11989 11989 I cr_WebViewApkApp: version=146.0.7680.119 (768011901) minSdkVersion=29 processName=com.google.android.webview:webview_service splits=<none>
03-27 20:23:18.202  1331  1364 I libprocessgroup: Successfully killed process cgroup uid 10140 pid 10156 in 5ms
03-27 20:23:18.251   895   895 I Zygote  : Process 10156 exited due to signal 9 (Killed)
03-27 20:23:18.412 30322  7780 I com.whatsapp: Explicit concurrent mark compact GC freed 4633KB AllocSpace bytes, 0(0B) LOS objects, 46% free, 27MB/51MB, paused 2.537ms,11.515ms total 437.018ms
03-27 20:23:18.435 30322 30366 W MessageQueue: Handler (X.H5L) {15f91a1} sending message to a Handler on a dead thread
03-27 20:23:18.435 30322 30366 W MessageQueue: java.lang.IllegalStateException: Handler (X.H5L) {15f91a1} sending message to a Handler on a dead thread
03-27 20:23:18.435 30322 30366 W MessageQueue: 	at android.os.MessageQueue.enqueueMessage(MessageQueue.java:560)
03-27 20:23:18.435 30322 30366 W MessageQueue: 	at android.os.Handler.enqueueMessage(Handler.java:786)
03-27 20:23:18.435 30322 30366 W MessageQueue: 	at android.os.Handler.sendMessageAtTime(Handler.java:735)
03-27 20:23:18.435 30322 30366 W MessageQueue: 	at android.os.Handler.sendMessageDelayed(Handler.java:705)
03-27 20:23:18.435 30322 30366 W MessageQueue: 	at android.os.Handler.post(Handler.java:435)
03-27 20:23:18.435 30322 30366 W MessageQueue: 	at android.hardware.camera2.impl.CameraDeviceImpl$CameraHandlerExecutor.execute(CameraDeviceImpl.java:2402)
03-27 20:23:18.435 30322 30366 W MessageQueue: 	at android.hardware.camera2.impl.CallbackProxies$SessionStateCallbackProxy.onClosed(CallbackProxies.java:104)
03-27 20:23:18.435 30322 30366 W MessageQueue: 	at android.hardware.camera2.impl.CameraCaptureSessionImpl.close(CameraCaptureSessionImpl.java:588)
03-27 20:23:18.435 30322 30366 W MessageQueue: 	at android.hardware.camera2.impl.CameraCaptureSessionImpl.finalize(CameraCaptureSessionImpl.java:894)
03-27 20:23:18.435 30322 30366 W MessageQueue: 	at java.lang.Daemons$FinalizerDaemon.doFinalize(Daemons.java:389)
03-27 20:23:18.435 30322 30366 W MessageQueue: 	at java.lang.Daemons$FinalizerDaemon.processReference(Daemons.java:369)
03-27 20:23:18.435 30322 30366 W MessageQueue: 	at java.lang.Daemons$FinalizerDaemon.runInternal(Daemons.java:341)
03-27 20:23:18.435 30322 30366 W MessageQueue: 	at java.lang.Daemons$Daemon.run(Daemons.java:135)
03-27 20:23:18.435 30322 30366 W MessageQueue: 	at java.lang.Thread.run(Thread.java:1564)
03-27 20:23:18.938 11663 11668 W om.smartfit.app: userfaultfd: MOVE ioctl seems unsupported: Connection timed out
03-27 20:23:18.986  1331  1534 D WifiStaIfaceHidlImpl: getCachedScanData is not implemented by HIDL
03-27 20:23:19.001  1331  1534 I HalDevMgr: bestIfaceCreationProposal is null, requestIface=STA, existingIface=[name=wlan0 type=STA]
03-27 20:23:19.003 24402 24553 D WifiSignalController: connected : true, level : 2, isDefault : true, inetCondition : 1, statusLabel : null
03-27 20:23:19.008 12785 12951 I BugleRcsEngine: handleMessage processing message:[NOTIFY_UPTIME_IGNORE_STATE_CHANGED] with [non-null]:RcsEngineImpl reference [CONTEXT log_prefix="RcsEngineImpl[DUAL_REG]:[ca8c0744-3e5d]>Handler" thread_id=380 ]
03-27 20:23:19.008 17156 18177 I NullBinder: NullBinder for android.net.action.RECOMMEND_NETWORKS triggering remote TransactionTooLargeException due to Service without Chimera impl, calling uid: 1000, calling pid: 0
03-27 20:23:19.008 17156 18177 W .gms.persistent: Large reply transaction of 1056768 bytes, interface descriptor , code 1
03-27 20:23:19.008 12785 12899 I BugleRcsEngine: Connected state: [1], networkType: [WIFI] [CONTEXT thread_id=376 ]
03-27 20:23:19.010 24402 24402 D WifiSignalController: connected : true, level : 2, isDefault : true, inetCondition : 1, statusLabel : null
03-27 20:23:19.010  1331  1543 D ConnectivityService: NetReassign [no changes] [c 0] [a 0] [i 2]
03-27 20:23:19.011 24402 24402 D StatusBarIconController: ignoring old pipeline callback because the new wifi icon is enabled
03-27 20:23:19.011 24402 24402 D StatusBarIconController: setIconVisibility: slot=wifi,visibility=true,tag=0
03-27 20:23:19.011 24402 24402 D StatusBarIconController: ignoring old pipeline callback because the new wifi icon is enabled
03-27 20:23:19.011 24402 24402 D StatusBarIconController: setIconVisibility: slot=wifi,visibility=true,tag=0
03-27 20:23:19.032 24402 28320 D BLASTBufferQueue: [VRI[StatusBar]#3](f:0,a:2) PendingRelease=1, PendingBuffersToHold=0, SyncedFrameNumbers=0, lacfnr:82491, lapfnr:82491
03-27 20:23:19.128 11663 11663 D CompatibilityChangeReporter: Compat change id reported: 289878283; UID 10328; state: ENABLED
03-27 20:23:19.505 17156  7958 I NearbySharing: Network state changed: NetworkState(isRestricted=false, isOnline=true, isCongested=false, isMetered=false, isWifiConnected=true)
03-27 20:23:19.506 11691 11716 D CompatibilityChangeReporter: Compat change id reported: 289878283; UID 10142; state: ENABLED
03-27 20:23:19.606 11691 11810 V ClearcutMetricXmitter: Transmission is done.
03-27 20:23:19.955  1331  5518 I AppSearchIcing: icing-search-engine.cc:2474: Persisting data to disk with mode 3
03-27 20:23:19.980  7026  7026 D BoundBrokerSvc: onUnbind: Intent { act=com.google.android.gms.feedback.internal.IFeedbackService dat=chimera-action:/... cmp=com.google.android.gms/.chimera.GmsBoundBrokerService }
03-27 20:23:20.000  1331  5518 I AppSearchIcing: icing-search-engine.cc:2489: PersistToDisk completed.
03-27 20:23:20.252 11663 11663 I Choreographer: Skipped 123 frames!  The application may be doing too much work on its main thread.
03-27 20:23:20.384   323   323 I lmkd    : memfree(61MB) is enough and ignore fast kill
03-27 20:23:20.388   928   928 D PowerHAL: enter power::setMode
03-27 20:23:20.389   928   928 D PowerHAL: PowerSessionManager::updateHintMode: mode: LAUNCH, enabled: 1
03-27 20:23:20.389   928   928 D PowerHAL: PowerSessionManager::updateHintMode resValue = 0
03-27 20:23:20.389   928   928 D PowerHAL: ###Enter launch scene bgn###
03-27 20:23:20.389   928   928 D PowerHAL: Enter common_set: enable:1, duration: 0, /sys/devices/system/cpu/cpufreq/policy0/scaling_min_freq: 1820000
03-27 20:23:20.389   928   928 D PowerHAL: Enter set_cluster_freqs_max_min:
03-27 20:23:20.389   928   928 D PowerHAL: Enter common_set: enable:1, duration: 0, /sys/devices/system/cpu/cpufreq/policy0/scaling_max_freq: 1820000
03-27 20:23:20.389   928   928 D PowerHAL: Enter set_cluster_freqs_max_min:
03-27 20:23:20.389   928   928 D PowerHAL: Enter common_set: enable:1, duration: 0, /sys/devices/system/cpu/cpufreq/policy6/scaling_min_freq: 2028000
03-27 20:23:20.389   928   928 D PowerHAL: Enter set_cluster_freqs_max_min:
03-27 20:23:20.389   928   928 D PowerHAL: Enter common_set: enable:1, duration: 0, /sys/devices/system/cpu/cpufreq/policy6/scaling_max_freq: 2028000
03-27 20:23:20.389   928   928 D PowerHAL: Enter set_cluster_freqs_max_min:
03-27 20:23:20.389   928   928 D PowerHAL: Enter devfreq_ddr_set: enable:1, duration: 0, /sys/class/devfreq/scene-frequency/sprd-governor/scene_boost_dfs: max
03-27 20:23:20.390   928   928 D PowerHAL: ###Enter launch scene end###
03-27 20:23:20.398   942   942 W Layer   : Hide layer Input Consumer recents_animation_input_consumer#15340 because zOrderRelativeOf = ActivityRecord{3768a16 u0 com.google.android.gm/.ConversationListActivityGmail#27062 is hide.
03-27 20:23:20.398   942   942 W Layer   : Hide layer Input Consumer recents_animation_input_consumer#15340 because zOrderRelativeOf = ActivityRecord{3768a16 u0 com.google.android.gm/.ConversationListActivityGmail#27062 is hide.
03-27 20:23:20.400  1331  1855 D InputDispatcher: setInputWindows displayId=0 cf1652a NavigationBar0 5465496 StatusBar 78b663 com.smartfit.app/com.smartfit.app.MainActivity e54e76c ActivityRecordInputSink com.smartfit.app/.MainActivity 3cac54b ActivityRecordInputSink com.whatsapp/.Conversation cfc9a62 ActivityRecordInputSink com.whatsapp/.home.ui.HomeActivity 75522f8 ActivityRecordInputSink com.android.chrome/org.chromium.chrome.browser.ChromeTabbedActivity recents_animation_input_consumer 8e45331 ActivityRecordInputSink com.google.android.gm/.ui.MailActivityGmail Dim layer#11752 Dim layer#11751 b6305f1 ActivityRecordInputSink com.android.launcher3/com.android.searchlauncher.SearchLauncher Wallpaper BBQ wrapper#11766 40061be com.android.systemui.wallpapers.ImageWallpaper
03-27 20:23:20.402 11663 11663 D LifecycleMonitor: Lifecycle status change: com.smartfit.app.MainActivity@cc196bc in: PAUSED
03-27 20:23:20.402 11663 11663 V ActivityScenario: Update currentActivityStage to PAUSED, currentActivity=com.smartfit.app.MainActivity@cc196bc
03-27 20:23:20.404 24402 24402 D NotificationShadeWindowController: isKeyguardShowingAndNotOccluded= false keyguardFadingAway=false keygaurdTransparent=false
03-27 20:23:20.409   942   942 W Layer   : Hide layer Input Consumer recents_animation_input_consumer#15340 because zOrderRelativeOf = ActivityRecord{3768a16 u0 com.google.android.gm/.ConversationListActivityGmail#27062 is hide.
03-27 20:23:20.409   942   942 W Layer   : Hide layer Input Consumer recents_animation_input_consumer#15340 because zOrderRelativeOf = ActivityRecord{3768a16 u0 com.google.android.gm/.ConversationListActivityGmail#27062 is hide.
03-27 20:23:20.410  1331  1875 D InputDispatcher: setInputWindows displayId=0 cf1652a NavigationBar0 5465496 StatusBar 78b663 com.smartfit.app/com.smartfit.app.MainActivity e54e76c ActivityRecordInputSink com.smartfit.app/.MainActivity 3cac54b ActivityRecordInputSink com.whatsapp/.Conversation cfc9a62 ActivityRecordInputSink com.whatsapp/.home.ui.HomeActivity 75522f8 ActivityRecordInputSink com.android.chrome/org.chromium.chrome.browser.ChromeTabbedActivity recents_animation_input_consumer 8e45331 ActivityRecordInputSink com.google.android.gm/.ui.MailActivityGmail Dim layer#11752 Dim layer#11751 b6305f1 ActivityRecordInputSink com.android.launcher3/com.android.searchlauncher.SearchLauncher Wallpaper BBQ wrapper#11766 40061be com.android.systemui.wallpapers.ImageWallpaper
03-27 20:23:20.427 24402 24487 D InputEventReceiver: android_view_InputEventReceiver debug log is enabled
03-27 20:23:20.427 24402 24487 D InputEventReceiver: channel '69e7d3c Splash Screen com.smartfit.app.test (client)' ~ Initializing input event receiver.
03-27 20:23:20.431   942   942 I BpBinder: onLastStrongRef automatically unlinking death recipients:
03-27 20:23:20.431   942   942 W Layer   : Hide layer Input Consumer recents_animation_input_consumer#15340 because zOrderRelativeOf = ActivityRecord{3768a16 u0 com.google.android.gm/.ConversationListActivityGmail#27062 is hide.
03-27 20:23:20.431   942   942 W Layer   : Hide layer Input Consumer recents_animation_input_consumer#15340 because zOrderRelativeOf = ActivityRecord{3768a16 u0 com.google.android.gm/.ConversationListActivityGmail#27062 is hide.
03-27 20:23:20.433  1331  4259 D InputDispatcher: setInputWindows displayId=0 cf1652a NavigationBar0 5465496 StatusBar 78b663 com.smartfit.app/com.smartfit.app.MainActivity e54e76c ActivityRecordInputSink com.smartfit.app/.MainActivity 3cac54b ActivityRecordInputSink com.whatsapp/.Conversation cfc9a62 ActivityRecordInputSink com.whatsapp/.home.ui.HomeActivity 75522f8 ActivityRecordInputSink com.android.chrome/org.chromium.chrome.browser.ChromeTabbedActivity recents_animation_input_consumer 8e45331 ActivityRecordInputSink com.google.android.gm/.ui.MailActivityGmail Dim layer#11752 Dim layer#11751 b6305f1 ActivityRecordInputSink com.android.launcher3/com.android.searchlauncher.SearchLauncher Wallpaper BBQ wrapper#11766 40061be com.android.systemui.wallpapers.ImageWallpaper
03-27 20:23:20.433  1331  4259 D InputDispatcher: Window went away: 78b663 com.smartfit.app/com.smartfit.app.MainActivity
03-27 20:23:20.433   895   895 D Zygote  : Forked child process 12011
03-27 20:23:20.435  1331  1465 D InputDispatcher: dispatchEventToCurrentInputTargets
03-27 20:23:20.435  1331  1465 D InputDispatcher: channel '78b663 com.smartfit.app/com.smartfit.app.MainActivity (server)' ~ prepareDispatchCycle - flags=DISPATCH_AS_IS, globalScaleFactor=1.000000, pointerIds=00000000000000000000000000000000
03-27 20:23:20.435  1331  1465 D InputDispatcher:         default (ROT_0) (IDENTITY)
03-27 20:23:20.435  1331  1465 D InputDispatcher: channel '78b663 com.smartfit.app/com.smartfit.app.MainActivity (server)' ~ startDispatchCycle
03-27 20:23:20.435 11663 11663 D InputEventReceiver: channel '78b663 com.smartfit.app/com.smartfit.app.MainActivity (client)' ~ Consuming input events, consumeBatches=false, frameTime=-1
03-27 20:23:20.435 11663 11663 D InputEventReceiver: channel '78b663 com.smartfit.app/com.smartfit.app.MainActivity (client)' ~ Received focus event: hasFocus=false.
03-27 20:23:20.435 11663 11663 D InputEventReceiver: channel '78b663 com.smartfit.app/com.smartfit.app.MainActivity (client)' ~ Finished input event.
03-27 20:23:20.436  1331  1465 D InputDispatcher: channel '78b663 com.smartfit.app/com.smartfit.app.MainActivity (server)' ~ finishDispatchCycle - seq=588103, handled=true
03-27 20:23:20.436  1331  1465 D InputDispatcher: channel '78b663 com.smartfit.app/com.smartfit.app.MainActivity (server)' ~ startDispatchCycle
03-27 20:23:20.440  7026  7026 D BoundBrokerSvc: onUnbind: Intent { act=com.google.android.gms.measurement.START pkg=com.google.android.gms }
03-27 20:23:20.441   910   910 I mali_gralloc: allocate: id=38e000117b2, hal_format=RGBA8888, mali_format=RGBA8888, afbc=SPLIT, usage=GPU_RW|HWC, size=720x1600(4680704), stride=720, name=VRI[test]#1100(BLAST Consumer)1100
03-27 20:23:20.442 24402 12012 D mali_gralloc: register: id=38e000117b2, handle=0xb400007e6c08d0b0, importpid=-1, gRegisteredHandles=44
03-27 20:23:20.443   942   942 W Layer   : Hide layer Input Consumer recents_animation_input_consumer#15340 because zOrderRelativeOf = ActivityRecord{3768a16 u0 com.google.android.gm/.ConversationListActivityGmail#27062 is hide.
03-27 20:23:20.443   942   942 W Layer   : Hide layer Input Consumer recents_animation_input_consumer#15340 because zOrderRelativeOf = ActivityRecord{3768a16 u0 com.google.android.gm/.ConversationListActivityGmail#27062 is hide.
03-27 20:23:20.444  1331  1855 D InputDispatcher: setInputWindows displayId=0 cf1652a NavigationBar0 5465496 StatusBar 78b663 com.smartfit.app/com.smartfit.app.MainActivity e54e76c ActivityRecordInputSink com.smartfit.app/.MainActivity 3cac54b ActivityRecordInputSink com.whatsapp/.Conversation cfc9a62 ActivityRecordInputSink com.whatsapp/.home.ui.HomeActivity 75522f8 ActivityRecordInputSink com.android.chrome/org.chromium.chrome.browser.ChromeTabbedActivity recents_animation_input_consumer 8e45331 ActivityRecordInputSink com.google.android.gm/.ui.MailActivityGmail Dim layer#11752 Dim layer#11751 b6305f1 ActivityRecordInputSink com.android.launcher3/com.android.searchlauncher.SearchLauncher Wallpaper BBQ wrapper#11766 40061be com.android.systemui.wallpapers.ImageWallpaper
03-27 20:23:20.446   910   910 I mali_gralloc: allocate: id=38e000117b3, hal_format=RGBA8888, mali_format=RGBA8888, afbc=SPLIT, usage=GPU_RW|HWC, size=720x1600(4680704), stride=720, name=VRI[test]#1100(BLAST Consumer)1100
03-27 20:23:20.447 24402 12012 D mali_gralloc: register: id=38e000117b3, handle=0xb400007e6c084530, importpid=-1, gRegisteredHandles=45
03-27 20:23:20.452   910   910 I mali_gralloc: allocate: id=38e000117b4, hal_format=RGBA8888, mali_format=RGBA8888, afbc=SPLIT, usage=GPU_RW|HWC, size=720x1600(4680704), stride=720, name=VRI[test]#1100(BLAST Consumer)1100
03-27 20:23:20.452 24402 12012 D mali_gralloc: register: id=38e000117b4, handle=0xb400007e6c114530, importpid=-1, gRegisteredHandles=46
03-27 20:23:20.454   942   942 W Layer   : Hide layer Input Consumer recents_animation_input_consumer#15340 because zOrderRelativeOf = ActivityRecord{3768a16 u0 com.google.android.gm/.ConversationListActivityGmail#27062 is hide.
03-27 20:23:20.454   942   942 W Layer   : Hide layer Input Consumer recents_animation_input_consumer#15340 because zOrderRelativeOf = ActivityRecord{3768a16 u0 com.google.android.gm/.ConversationListActivityGmail#27062 is hide.
03-27 20:23:20.454   942   994 D mali_gralloc: register: id=38e000117b2, handle=0xb400007bafd25650, importpid=24402, gRegisteredHandles=21
03-27 20:23:20.455  1331  1855 D InputDispatcher: setInputWindows displayId=0 cf1652a NavigationBar0 5465496 StatusBar 69e7d3c Splash Screen com.smartfit.app.test 78b663 com.smartfit.app/com.smartfit.app.MainActivity e54e76c ActivityRecordInputSink com.smartfit.app/.MainActivity 3cac54b ActivityRecordInputSink com.whatsapp/.Conversation cfc9a62 ActivityRecordInputSink com.whatsapp/.home.ui.HomeActivity 75522f8 ActivityRecordInputSink com.android.chrome/org.chromium.chrome.browser.ChromeTabbedActivity recents_animation_input_consumer 8e45331 ActivityRecordInputSink com.google.android.gm/.ui.MailActivityGmail Dim layer#11752 Dim layer#11751 b6305f1 ActivityRecordInputSink com.android.launcher3/com.android.searchlauncher.SearchLauncher Wallpaper BBQ wrapper#11766 40061be com.android.systemui.wallpapers.ImageWallpaper
03-27 20:23:20.457   910   910 I mali_gralloc: allocate: id=38e000117b5, hal_format=RGBA8888, mali_format=RGBA8888, afbc=SPLIT, usage=GPU_RW|HWC, size=720x1600(4680704), stride=720, name=VRI[test]#1100(BLAST Consumer)1100
03-27 20:23:20.457 24402 12012 D mali_gralloc: register: id=38e000117b5, handle=0xb400007e6c08e190, importpid=-1, gRegisteredHandles=47
03-27 20:23:20.457 11663 11674 I OpenGLRenderer: Davey! duration=1563ms; Flags=0, FrameTimelineVsyncId=36547838, IntendedVsync=314300998129222, Vsync=314302364795875, InputEventId=0, HandleInputStart=314302367771308, AnimationStart=314302367774692, PerformTraversalsStart=314302367775885, DrawStart=314302368492308, FrameDeadline=314301019351444, FrameInterval=314302366557808, FrameStartTime=11111111, SyncQueued=314302404148192, SyncStart=314302404523462, IssueDrawCommandsStart=314302404970615, SwapBuffers=314302555948308, FrameCompleted=314302562469577, DequeueBufferDuration=50269, QueueBufferDuration=499847, GpuCompleted=314302562469577, SwapBuffersCompleted=314302556634692, DisplayPresentTime=0, CommandSubmissionCompleted=314302555948308,
03-27 20:23:20.459 12011 12011 I artfit.app.test: Late-enabling -Xcheck:jni
03-27 20:23:20.463   910   910 I mali_gralloc: allocate: id=38e000117b6, hal_format=RGBA8888, mali_format=RGBA8888, afbc=false, usage=CPU_RW|GPU_RW|HWC, size=576x1280(2949120), stride=576, name=screenshot
03-27 20:23:20.463   942   994 D mali_gralloc: register: id=38e000117b6, handle=0xb400007bafd251d0, importpid=-1, gRegisteredHandles=22
03-27 20:23:20.465   942   942 W Layer   : Hide layer Input Consumer recents_animation_input_consumer#15340 because zOrderRelativeOf = ActivityRecord{3768a16 u0 com.google.android.gm/.ConversationListActivityGmail#27062 is hide.
03-27 20:23:20.465   942   942 W Layer   : Hide layer Input Consumer recents_animation_input_consumer#15340 because zOrderRelativeOf = ActivityRecord{3768a16 u0 com.google.android.gm/.ConversationListActivityGmail#27062 is hide.
03-27 20:23:20.466  1331  4259 D InputDispatcher: setInputWindows displayId=0 cf1652a NavigationBar0 5465496 StatusBar 69e7d3c Splash Screen com.smartfit.app.test 78b663 com.smartfit.app/com.smartfit.app.MainActivity e54e76c ActivityRecordInputSink com.smartfit.app/.MainActivity 3cac54b ActivityRecordInputSink com.whatsapp/.Conversation cfc9a62 ActivityRecordInputSink com.whatsapp/.home.ui.HomeActivity 75522f8 ActivityRecordInputSink com.android.chrome/org.chromium.chrome.browser.ChromeTabbedActivity recents_animation_input_consumer 8e45331 ActivityRecordInputSink com.google.android.gm/.ui.MailActivityGmail Dim layer#11752 Dim layer#11751 b6305f1 ActivityRecordInputSink com.android.launcher3/com.android.searchlauncher.SearchLauncher Wallpaper BBQ wrapper#11766 40061be com.android.systemui.wallpapers.ImageWallpaper
03-27 20:23:20.475  1331  4259 D mali_gralloc: register: id=38e000117b6, handle=0xb400007e6c0440f0, importpid=942, gRegisteredHandles=4
03-27 20:23:20.477 32238  2249 D mali_gralloc: register: id=38e000117b6, handle=0xb400007e6bfa66b0, importpid=1331, gRegisteredHandles=60
03-27 20:23:20.477 24402 28320 D mali_gralloc: register: id=38e000117b6, handle=0xb400007e6c14dc50, importpid=1331, gRegisteredHandles=48
03-27 20:23:20.477 24402 28414 D mali_gralloc: register: id=38e000117b6, handle=0xb400007e6c129d70, importpid=1331, gRegisteredHandles=48
03-27 20:23:20.478 24402 25237 D mali_gralloc: register: id=38e000117b6, handle=0xb400007e6c1085f0, importpid=1331, gRegisteredHandles=48
03-27 20:23:20.478 24402 24402 D mali_gralloc: unregister: id=38e000117b6, handle=0xb400007e6c14dc50, base=0x0, importpid=24402, count:2
03-27 20:23:20.479 24402 25237 D mali_gralloc: unregister: id=38e000117b6, handle=0xb400007e6c1085f0, base=0x0, importpid=24402, count:1
03-27 20:23:20.479 24402 24435 D TaskStackListenerImpl: onTaskSnapshotChanged close hardwarebuffer, snapshot = TaskSnapshot{ mId=1774622300460 mCaptureTime=448954443650404 mTopActivityComponent=com.smartfit.app/.MainActivity mSnapshot=android.hardware.HardwareBuffer@89762ea (576x1280) mColorSpace=sRGB IEC61966-2.1 (id=0, model=RGB) mOrientation=1 mRotation=0 mTaskSize=Point(720, 1600) mContentInsets=[0,52][0,84] mLetterboxInsets=[0,0][0,0] mIsLowResolution=false mIsRealSnapshot=true mWindowingMode=1 mAppearance=0 mIsTranslucent=false mHasImeSurface=false
03-27 20:23:20.480 24402 24435 D mali_gralloc: unregister: id=38e000117b6, handle=0xb400007e6c129d70, base=0x0, importpid=24402, count:0
03-27 20:23:20.487   942   942 W Layer   : Hide layer Input Consumer recents_animation_input_consumer#15340 because zOrderRelativeOf = ActivityRecord{3768a16 u0 com.google.android.gm/.ConversationListActivityGmail#27062 is hide.
03-27 20:23:20.487   942   942 W Layer   : Hide layer Input Consumer recents_animation_input_consumer#15340 because zOrderRelativeOf = ActivityRecord{3768a16 u0 com.google.android.gm/.ConversationListActivityGmail#27062 is hide.
03-27 20:23:20.488  1331  4259 D InputDispatcher: setInputWindows displayId=0 cf1652a NavigationBar0 5465496 StatusBar 69e7d3c Splash Screen com.smartfit.app.test bef9b47 ActivityRecordInputSink com.smartfit.app.test/androidx.test.core.app.InstrumentationActivityInvoker$EmptyActivity 78b663 com.smartfit.app/com.smartfit.app.MainActivity e54e76c ActivityRecordInputSink com.smartfit.app/.MainActivity 3cac54b ActivityRecordInputSink com.whatsapp/.Conversation cfc9a62 ActivityRecordInputSink com.whatsapp/.home.ui.HomeActivity 75522f8 ActivityRecordInputSink com.android.chrome/org.chromium.chrome.browser.ChromeTabbedActivity recents_animation_input_consumer 8e45331 ActivityRecordInputSink com.google.android.gm/.ui.MailActivityGmail Dim layer#11752 Dim layer#11751 b6305f1 ActivityRecordInputSink com.android.launcher3/com.android.searchlauncher.SearchLauncher Wallpaper BBQ wrapper#11766 40061be com.android.systemui.wallpapers.ImageWallpaper
03-27 20:23:20.490   942  1001 D mali_gralloc: unregister: id=38e000117b6, handle=0xb400007bafd251d0, base=0x0, importpid=942, count:0
03-27 20:23:20.498   942   942 I Layer   : fillInputInfo layer:Splash Screen com.smartfit.app.test#28404, visible=1 (hasInputInfo:1, isHidden:0, alpha:1.000000, parent:69e7d3c Splash Screen com.smartfit.app.test#28403,parenthidden:0, parentalpha:1.000000, mBuffer:1, mSidebandStream:0,hasSomethingToDraw:1, hasEffect:0, fillsColor:0, drawShadows:0, hasBlur:0)
03-27 20:23:20.498   942   942 I Layer   : fillInputInfo layer:bef9b47 ActivityRecordInputSink com.smartfit.app.test/androidx.test.core.app.InstrumentationActivityInvoker$EmptyActivity#28409, visible=1 (hasInputInfo:1, isHidden:0, alpha:1.000000, parent:ActivityRecord{63eef74 u0 com.smartfit.app.test/androidx.test.core.app.InstrumentationActivityInvoker$EmptyActivity#28402,parenthidden:0, parentalpha:1.000000, mBuffer:0, mSidebandStream:0,hasSomethingToDraw:0, hasEffect:0, fillsColor:0, drawShadows:0, hasBlur:0)
03-27 20:23:20.498   942   942 W Layer   : Hide layer Input Consumer recents_animation_input_consumer#15340 because zOrderRelativeOf = ActivityRecord{3768a16 u0 com.google.android.gm/.ConversationListActivityGmail#27062 is hide.
03-27 20:23:20.498   942   942 W Layer   : Hide layer Input Consumer recents_animation_input_consumer#15340 because zOrderRelativeOf = ActivityRecord{3768a16 u0 com.google.android.gm/.ConversationListActivityGmail#27062 is hide.
03-27 20:23:20.499   942   942 I Layer   : fillInputInfo layer:animation-background#28410, visible=1 (hasInputInfo:1, isHidden:0, alpha:1.000000, parent:DefaultTaskDisplayArea#11733,parenthidden:0, parentalpha:1.000000, mBuffer:0, mSidebandStream:0,hasSomethingToDraw:1, hasEffect:1, fillsColor:1, drawShadows:0, hasBlur:0)
03-27 20:23:20.499  1331  1855 D InputDispatcher: setInputWindows displayId=0 cf1652a NavigationBar0 5465496 StatusBar 69e7d3c Splash Screen com.smartfit.app.test bef9b47 ActivityRecordInputSink com.smartfit.app.test/androidx.test.core.app.InstrumentationActivityInvoker$EmptyActivity 78b663 com.smartfit.app/com.smartfit.app.MainActivity e54e76c ActivityRecordInputSink com.smartfit.app/.MainActivity 3cac54b ActivityRecordInputSink com.whatsapp/.Conversation cfc9a62 ActivityRecordInputSink com.whatsapp/.home.ui.HomeActivity 75522f8 ActivityRecordInputSink com.android.chrome/org.chromium.chrome.browser.ChromeTabbedActivity recents_animation_input_consumer 8e45331 ActivityRecordInputSink com.google.android.gm/.ui.MailActivityGmail Dim layer#11752 Dim layer#11751 b6305f1 ActivityRecordInputSink com.android.launcher3/com.android.searchlauncher.SearchLauncher animation-background#28410 Wallpaper BBQ wrapper#11766 40061be com.android.systemui.wallpapers.ImageWallpaper
03-27 20:23:20.512 24402 25237 D BLASTBufferQueue: [VRI[StatusBar]#3](f:0,a:2) PendingRelease=1, PendingBuffersToHold=0, SyncedFrameNumbers=0, lacfnr:82492, lapfnr:82492
03-27 20:23:20.516 24402 25237 D FaceUnlock: onTaskStackChangedBackground
03-27 20:23:20.518 24402 25237 D FaceUnlock: PackageName =com.smartfit.app
03-27 20:23:20.523 24402 27969 D BLASTBufferQueue: [VRI[NavigationBar0]#1](f:0,a:2) PendingRelease=1, PendingBuffersToHold=0, SyncedFrameNumbers=0, lacfnr:39722, lapfnr:39722
03-27 20:23:20.531   942   942 W Layer   : Hide layer Input Consumer recents_animation_input_consumer#15340 because zOrderRelativeOf = ActivityRecord{3768a16 u0 com.google.android.gm/.ConversationListActivityGmail#27062 is hide.
03-27 20:23:20.532   942   942 W Layer   : Hide layer Input Consumer recents_animation_input_consumer#15340 because zOrderRelativeOf = ActivityRecord{3768a16 u0 com.google.android.gm/.ConversationListActivityGmail#27062 is hide.
03-27 20:23:20.533  1331  1855 D InputDispatcher: setInputWindows displayId=0 cf1652a NavigationBar0 5465496 StatusBar 69e7d3c Splash Screen com.smartfit.app.test bef9b47 ActivityRecordInputSink com.smartfit.app.test/androidx.test.core.app.InstrumentationActivityInvoker$EmptyActivity 78b663 com.smartfit.app/com.smartfit.app.MainActivity e54e76c ActivityRecordInputSink com.smartfit.app/.MainActivity 3cac54b ActivityRecordInputSink com.whatsapp/.Conversation cfc9a62 ActivityRecordInputSink com.whatsapp/.home.ui.HomeActivity 75522f8 ActivityRecordInputSink com.android.chrome/org.chromium.chrome.browser.ChromeTabbedActivity recents_animation_input_consumer 8e45331 ActivityRecordInputSink com.google.android.gm/.ui.MailActivityGmail Dim layer#11752 Dim layer#11751 b6305f1 ActivityRecordInputSink com.android.launcher3/com.android.searchlauncher.SearchLauncher animation-background#28410 Wallpaper BBQ wrapper#11766 40061be com.android.systemui.wallpapers.ImageWallpaper
03-27 20:23:20.533   911  1023 D SPRDHWComposer: HWC Range:1, HWC_Transfer:4
03-27 20:23:20.535 24402 27969 D BLASTBufferQueue: [VRI[NavigationBar0]#1](f:0,a:3) PendingRelease=1, PendingBuffersToHold=0, SyncedFrameNumbers=0, lacfnr:39724, lapfnr:39724
03-27 20:23:20.536 24402 27969 D BLASTBufferQueue: [VRI[StatusBar]#3](f:0,a:3) PendingRelease=1, PendingBuffersToHold=0, SyncedFrameNumbers=0, lacfnr:82494, lapfnr:82494
03-27 20:23:20.543   942   942 W Layer   : Hide layer Input Consumer recents_animation_input_consumer#15340 because zOrderRelativeOf = ActivityRecord{3768a16 u0 com.google.android.gm/.ConversationListActivityGmail#27062 is hide.
03-27 20:23:20.543   942   942 W Layer   : Hide layer Input Consumer recents_animation_input_consumer#15340 because zOrderRelativeOf = ActivityRecord{3768a16 u0 com.google.android.gm/.ConversationListActivityGmail#27062 is hide.
03-27 20:23:20.544  1331  1855 D InputDispatcher: setInputWindows displayId=0 cf1652a NavigationBar0 5465496 StatusBar 69e7d3c Splash Screen com.smartfit.app.test bef9b47 ActivityRecordInputSink com.smartfit.app.test/androidx.test.core.app.InstrumentationActivityInvoker$EmptyActivity 78b663 com.smartfit.app/com.smartfit.app.MainActivity e54e76c ActivityRecordInputSink com.smartfit.app/.MainActivity 3cac54b ActivityRecordInputSink com.whatsapp/.Conversation cfc9a62 ActivityRecordInputSink com.whatsapp/.home.ui.HomeActivity 75522f8 ActivityRecordInputSink com.android.chrome/org.chromium.chrome.browser.ChromeTabbedActivity recents_animation_input_consumer 8e45331 ActivityRecordInputSink com.google.android.gm/.ui.MailActivityGmail Dim layer#11752 Dim layer#11751 b6305f1 ActivityRecordInputSink com.android.launcher3/com.android.searchlauncher.SearchLauncher animation-background#28410 Wallpaper BBQ wrapper#11766 40061be com.android.systemui.wallpapers.ImageWallpaper
03-27 20:23:20.546 24402 27969 D BLASTBufferQueue: [VRI[NavigationBar0]#1](f:0,a:3) PendingRelease=1, PendingBuffersToHold=0, SyncedFrameNumbers=0, lacfnr:39725, lapfnr:39725
03-27 20:23:20.547 24402 27969 D BLASTBufferQueue: [VRI[StatusBar]#3](f:0,a:3) PendingRelease=1, PendingBuffersToHold=0, SyncedFrameNumbers=0, lacfnr:82495, lapfnr:82495
03-27 20:23:20.554   942   942 W Layer   : Hide layer Input Consumer recents_animation_input_consumer#15340 because zOrderRelativeOf = ActivityRecord{3768a16 u0 com.google.android.gm/.ConversationListActivityGmail#27062 is hide.
03-27 20:23:20.554   942   942 W Layer   : Hide layer Input Consumer recents_animation_input_consumer#15340 because zOrderRelativeOf = ActivityRecord{3768a16 u0 com.google.android.gm/.ConversationListActivityGmail#27062 is hide.
03-27 20:23:20.554  1331  1855 D InputDispatcher: setInputWindows displayId=0 cf1652a NavigationBar0 5465496 StatusBar 69e7d3c Splash Screen com.smartfit.app.test bef9b47 ActivityRecordInputSink com.smartfit.app.test/androidx.test.core.app.InstrumentationActivityInvoker$EmptyActivity 78b663 com.smartfit.app/com.smartfit.app.MainActivity e54e76c ActivityRecordInputSink com.smartfit.app/.MainActivity 3cac54b ActivityRecordInputSink com.whatsapp/.Conversation cfc9a62 ActivityRecordInputSink com.whatsapp/.home.ui.HomeActivity 75522f8 ActivityRecordInputSink com.android.chrome/org.chromium.chrome.browser.ChromeTabbedActivity recents_animation_input_consumer 8e45331 ActivityRecordInputSink com.google.android.gm/.ui.MailActivityGmail Dim layer#11752 Dim layer#11751 b6305f1 ActivityRecordInputSink com.android.launcher3/com.android.searchlauncher.SearchLauncher animation-background#28410 Wallpaper BBQ wrapper#11766 40061be com.android.systemui.wallpapers.ImageWallpaper
03-27 20:23:20.557 24402 27969 D BLASTBufferQueue: [VRI[NavigationBar0]#1](f:0,a:3) PendingRelease=1, PendingBuffersToHold=0, SyncedFrameNumbers=0, lacfnr:39726, lapfnr:39726
03-27 20:23:20.557 24402 27969 D BLASTBufferQueue: [VRI[StatusBar]#3](f:0,a:3) PendingRelease=1, PendingBuffersToHold=0, SyncedFrameNumbers=0, lacfnr:82496, lapfnr:82496
03-27 20:23:20.558  1331  2036 D AlarmManagerService: set alarm to kernel: 449037.520000000, type=2
03-27 20:23:20.558  1331  2036 D AlarmManagerService: set alarm to kernel: 448977.624000000, type=3
03-27 20:23:20.558  1331  2036 D AlarmManagerService: set alarm to kernel: 449037.520000000, type=2
03-27 20:23:20.558  1331  2036 D AlarmManagerService: set alarm to kernel: 448977.624000000, type=3
03-27 20:23:20.565   942   942 W Layer   : Hide layer Input Consumer recents_animation_input_consumer#15340 because zOrderRelativeOf = ActivityRecord{3768a16 u0 com.google.android.gm/.ConversationListActivityGmail#27062 is hide.
