03-27 20:23:42.159   942   942 W Layer   : Hide layer Input Consumer recents_animation_input_consumer#15340 because zOrderRelativeOf = ActivityRecord{3768a16 u0 com.google.android.gm/.ConversationListActivityGmail#27062 is hide.
03-27 20:23:42.159   942   942 W Layer   : Hide layer Input Consumer recents_animation_input_consumer#15340 because zOrderRelativeOf = ActivityRecord{3768a16 u0 com.google.android.gm/.ConversationListActivityGmail#27062 is hide.
03-27 20:23:42.159  1331  3672 D InputDispatcher: setInputWindows displayId=0 913ef03 ScreenDecorOverlay [Gesture Monitor] pip-resize cf1652a NavigationBar0 5465496 StatusBar pip_input_consumer Embedded{PipMenuView} d8c563e com.whatsapp/com.whatsapp.calling.ui.VoipActivityV2 SurfaceView[com.whatsapp/com.whatsapp.calling.ui.VoipActivityV2](BLAST)#28541 Background for SurfaceView[com.whatsapp/com.whatsapp.calling.ui.VoipActivityV2]#28542 25b3f4 ActivityRecordInputSink com.whatsapp/.calling.ui.VoipActivityV2 9bf237c com.smartfit.app/com.smartfit.app.MainActivity b234f4c ActivityRecordInputSink com.smartfit.app/.MainActivity 3cac54b ActivityRecordInputSink com.whatsapp/.Conversation cfc9a62 ActivityRecordInputSink com.whatsapp/.home.ui.HomeActivity 75522f8 ActivityRecordInputSink com.android.chrome/org.chromium.chrome.browser.ChromeTabbedActivity recents_animation_input_consumer 8e45331 ActivityRecordInputSink com.google.android.gm/.ui.MailActivityGmail Dim layer#11752 Dim layer#11751 b6305f1 ActivityRecordInputSink com.android.launcher3/com.android.searchlaunc
03-27 20:23:42.166 24402 24413 D BLASTBufferQueue: [VRI[NavigationBar0]#1](f:0,a:4) PendingRelease=2, PendingBuffersToHold=1, SyncedFrameNumbers=0, lacfnr:39917, lapfnr:39917
03-27 20:23:42.166 24402 24413 D BLASTBufferQueue: [VRI[NavigationBar0]#1](f:0,a:3) PendingRelease=1, PendingBuffersToHold=1, SyncedFrameNumbers=0, lacfnr:39917, lapfnr:39917
03-27 20:23:42.175   942   942 W Layer   : Hide layer Input Consumer recents_animation_input_consumer#15340 because zOrderRelativeOf = ActivityRecord{3768a16 u0 com.google.android.gm/.ConversationListActivityGmail#27062 is hide.
03-27 20:23:42.175   942   942 W Layer   : Hide layer Input Consumer recents_animation_input_consumer#15340 because zOrderRelativeOf = ActivityRecord{3768a16 u0 com.google.android.gm/.ConversationListActivityGmail#27062 is hide.
03-27 20:23:42.175   905 12384 I cmr_sensor: 959, cmr_sns_thread_proc: evt 524548
03-27 20:23:42.176   905 12384 I cmr_sensor: 1379, cmr_sns_ioctl: cmd = 45, arg = 0xdbe58530.
03-27 20:23:42.176   905 12384 I gc08a3_sharkl2: 403, gc08a3_drv_access_val: sensor gc08a3: param_ptr->type=22
03-27 20:23:42.176   905 12441 W Cam3Channel: 934, getStream: channel has no valied stream(type is 7)
03-27 20:23:42.177   905 12450 I FDV3    : [find, 710]: src:640x480 detect:224 face_num=0 1.51 ms
03-27 20:23:42.178  1331  3672 D InputDispatcher: setInputWindows displayId=0 913ef03 ScreenDecorOverlay [Gesture Monitor] pip-resize cf1652a NavigationBar0 5465496 StatusBar pip_input_consumer Embedded{PipMenuView} d8c563e com.whatsapp/com.whatsapp.calling.ui.VoipActivityV2 SurfaceView[com.whatsapp/com.whatsapp.calling.ui.VoipActivityV2](BLAST)#28541 Background for SurfaceView[com.whatsapp/com.whatsapp.calling.ui.VoipActivityV2]#28542 25b3f4 ActivityRecordInputSink com.whatsapp/.calling.ui.VoipActivityV2 9bf237c com.smartfit.app/com.smartfit.app.MainActivity b234f4c ActivityRecordInputSink com.smartfit.app/.MainActivity 3cac54b ActivityRecordInputSink com.whatsapp/.Conversation cfc9a62 ActivityRecordInputSink com.whatsapp/.home.ui.HomeActivity 75522f8 ActivityRecordInputSink com.android.chrome/org.chromium.chrome.browser.ChromeTabbedActivity recents_animation_input_consumer 8e45331 ActivityRecordInputSink com.google.android.gm/.ui.MailActivityGmail Dim layer#11752 Dim layer#11751 b6305f1 ActivityRecordInputSink com.android.launcher3/com.android.searchlaunc
03-27 20:23:42.178   905 12441 I Cam3Setting: 6634, translateLocalToFwMetadata: calib_status_value:0
03-27 20:23:42.178   905 12441 E Cam3Channel: 1588, getMetadata: AE or AF callback error, give default metadata 0xe0400010
03-27 20:23:42.179   905 12384 I cmr_sensor: 959, cmr_sns_thread_proc: evt 524548
03-27 20:23:42.180   905 12384 I cmr_sensor: 1379, cmr_sns_ioctl: cmd = 45, arg = 0xdbe58530.
03-27 20:23:42.180   905 12384 I gc08a3_sharkl2: 403, gc08a3_drv_access_val: sensor gc08a3: param_ptr->type=22
03-27 20:23:42.182  1331  7530 D mali_gralloc: unregister: id=38e000117cc, handle=0xb400007e6c052430, base=0x0, importpid=1331, count:0
03-27 20:23:42.184   905 29043 E Cam3OEMIf: 12560, queueBuffer: mFtEnable 0
03-27 20:23:42.184 24402 24413 D BLASTBufferQueue: [VRI[NavigationBar0]#1](f:0,a:4) PendingRelease=2, PendingBuffersToHold=1, SyncedFrameNumbers=0, lacfnr:39918, lapfnr:39918
03-27 20:23:42.184 24402 24413 D BLASTBufferQueue: [VRI[NavigationBar0]#1](f:0,a:3) PendingRelease=1, PendingBuffersToHold=1, SyncedFrameNumbers=0, lacfnr:39918, lapfnr:39918
03-27 20:23:42.184  1331  7530 D mali_gralloc: unregister: id=38e000117dc, handle=0xb400007e6bf8aff0, base=0x0, importpid=1331, count:0
03-27 20:23:42.186  1331  7530 D mali_gralloc: unregister: id=38e000117e9, handle=0xb400007e6c04fbb0, base=0x0, importpid=1331, count:0
03-27 20:23:42.188  1331  7530 D mali_gralloc: unregister: id=38e000117fe, handle=0xb400007e6c0b7cb0, base=0x0, importpid=1331, count:0
03-27 20:23:42.190  1331  7530 D mali_gralloc: unregister: id=38e00011854, handle=0xb400007e6c044690, base=0x0, importpid=1331, count:0
03-27 20:23:42.192  1331  7530 D mali_gralloc: unregister: id=38e00011860, handle=0xb400007e6c02dc50, base=0x0, importpid=1331, count:0
03-27 20:23:42.192   942   942 W Layer   : Hide layer Input Consumer recents_animation_input_consumer#15340 because zOrderRelativeOf = ActivityRecord{3768a16 u0 com.google.android.gm/.ConversationListActivityGmail#27062 is hide.
03-27 20:23:42.192   942   942 W Layer   : Hide layer Input Consumer recents_animation_input_consumer#15340 because zOrderRelativeOf = ActivityRecord{3768a16 u0 com.google.android.gm/.ConversationListActivityGmail#27062 is hide.
03-27 20:23:42.192  1331  7530 D mali_gralloc: unregister: id=38e0001186e, handle=0xb400007e6c05e490, base=0x0, importpid=1331, count:0
03-27 20:23:42.193  1331  3672 D InputDispatcher: setInputWindows displayId=0 913ef03 ScreenDecorOverlay [Gesture Monitor] pip-resize cf1652a NavigationBar0 5465496 StatusBar pip_input_consumer Embedded{PipMenuView} d8c563e com.whatsapp/com.whatsapp.calling.ui.VoipActivityV2 SurfaceView[com.whatsapp/com.whatsapp.calling.ui.VoipActivityV2](BLAST)#28541 Background for SurfaceView[com.whatsapp/com.whatsapp.calling.ui.VoipActivityV2]#28542 25b3f4 ActivityRecordInputSink com.whatsapp/.calling.ui.VoipActivityV2 9bf237c com.smartfit.app/com.smartfit.app.MainActivity b234f4c ActivityRecordInputSink com.smartfit.app/.MainActivity 3cac54b ActivityRecordInputSink com.whatsapp/.Conversation cfc9a62 ActivityRecordInputSink com.whatsapp/.home.ui.HomeActivity 75522f8 ActivityRecordInputSink com.android.chrome/org.chromium.chrome.browser.ChromeTabbedActivity recents_animation_input_consumer 8e45331 ActivityRecordInputSink com.google.android.gm/.ui.MailActivityGmail Dim layer#11752 Dim layer#11751 b6305f1 ActivityRecordInputSink com.android.launcher3/com.android.searchlaunc
03-27 20:23:42.200 24402 24413 D BLASTBufferQueue: [VRI[NavigationBar0]#1](f:0,a:3) PendingRelease=2, PendingBuffersToHold=1, SyncedFrameNumbers=0, lacfnr:39918, lapfnr:39918
03-27 20:23:42.201 24402 24413 D BLASTBufferQueue: [VRI[NavigationBar0]#1](f:0,a:2) PendingRelease=1, PendingBuffersToHold=1, SyncedFrameNumbers=0, lacfnr:39918, lapfnr:39918
03-27 20:23:42.203   905 12437 E awb_adpt: 1469, awb_sprd_ctrl_calculation_v3_2: check handle success
03-27 20:23:42.204   905 12422 I isp_blk_cmc10: 268, _pm_cmc10_set_param: cmc_result: (2437 14875 95; 16086 1352 16353; 146 15156 2104).
03-27 20:23:42.204   905 12422 E isp_alg_fw: 3931, ispalg_gtm_process: hist_total is 0, gtm no process !!!
03-27 20:23:42.204   905 12421 I sprd_hdr_adapter: L 200, sprd_hdr_adpt_detect: detect current hdr type: 2, detect_in_param: 0xdb33cbe0, detect_out_param: 0xdb33cd40
03-27 20:23:42.206   905 12421 E Libae[FAE]: 1926, face_luma_calc: NO FACE
03-27 20:23:42.206   905 12421 W Libae[ABL]: 585,abl_bv_interpolation:tune param num should bigger than 1
03-27 20:23:42.206   905 12421 I cmr_oem : 10954, camera_get_af_support: af_support 0
03-27 20:23:42.224   942   942 W Layer   : Hide layer Input Consumer recents_animation_input_consumer#15340 because zOrderRelativeOf = ActivityRecord{3768a16 u0 com.google.android.gm/.ConversationListActivityGmail#27062 is hide.
03-27 20:23:42.225   942   942 W Layer   : Hide layer Input Consumer recents_animation_input_consumer#15340 because zOrderRelativeOf = ActivityRecord{3768a16 u0 com.google.android.gm/.ConversationListActivityGmail#27062 is hide.
03-27 20:23:42.226  1331  3672 D InputDispatcher: setInputWindows displayId=0 913ef03 ScreenDecorOverlay [Gesture Monitor] pip-resize cf1652a NavigationBar0 5465496 StatusBar pip_input_consumer Embedded{PipMenuView} d8c563e com.whatsapp/com.whatsapp.calling.ui.VoipActivityV2 SurfaceView[com.whatsapp/com.whatsapp.calling.ui.VoipActivityV2](BLAST)#28541 Background for SurfaceView[com.whatsapp/com.whatsapp.calling.ui.VoipActivityV2]#28542 25b3f4 ActivityRecordInputSink com.whatsapp/.calling.ui.VoipActivityV2 9bf237c com.smartfit.app/com.smartfit.app.MainActivity b234f4c ActivityRecordInputSink com.smartfit.app/.MainActivity 3cac54b ActivityRecordInputSink com.whatsapp/.Conversation cfc9a62 ActivityRecordInputSink com.whatsapp/.home.ui.HomeActivity 75522f8 ActivityRecordInputSink com.android.chrome/org.chromium.chrome.browser.ChromeTabbedActivity recents_animation_input_consumer 8e45331 ActivityRecordInputSink com.google.android.gm/.ui.MailActivityGmail Dim layer#11752 Dim layer#11751 b6305f1 ActivityRecordInputSink com.android.launcher3/com.android.searchlaunc
03-27 20:23:42.227   905 12384 I cmr_sensor: 959, cmr_sns_thread_proc: evt 524548
03-27 20:23:42.228   905 12384 I cmr_sensor: 1379, cmr_sns_ioctl: cmd = 45, arg = 0xdbe58530.
03-27 20:23:42.228   905 12384 I gc08a3_sharkl2: 403, gc08a3_drv_access_val: sensor gc08a3: param_ptr->type=22
03-27 20:23:42.228   905 12441 W Cam3Channel: 934, getStream: channel has no valied stream(type is 7)
03-27 20:23:42.228   905 12450 I FDV3    : [find, 710]: src:640x480 detect:224 face_num=0 1.23 ms
03-27 20:23:42.230   905 12441 I Cam3Setting: 6634, translateLocalToFwMetadata: calib_status_value:0
03-27 20:23:42.230   905 12441 E Cam3Channel: 1588, getMetadata: AE or AF callback error, give default metadata 0xe0400010
03-27 20:23:42.232   905 12384 I cmr_sensor: 959, cmr_sns_thread_proc: evt 524548
03-27 20:23:42.232   905 12384 I cmr_sensor: 1379, cmr_sns_ioctl: cmd = 45, arg = 0xdbe58530.
03-27 20:23:42.232   905 12384 I gc08a3_sharkl2: 403, gc08a3_drv_access_val: sensor gc08a3: param_ptr->type=22
03-27 20:23:42.236   905 29043 E Cam3OEMIf: 12560, queueBuffer: mFtEnable 0
03-27 20:23:42.236   942   942 D SurfaceFlinger: VRR attempt to change display mode to 1
03-27 20:23:42.236   942   942 I RefreshRateSelector: Display 4619827259835644672 policy changed
03-27 20:23:42.236   942   942 I RefreshRateSelector: Previous: {defaultModeId=0, allowGroupSwitching=false, primaryRanges={physical=[60.00 Hz, 120.00 Hz], render=[60.00 Hz, 60.00 Hz]}, appRequestRanges={physical=[60.00 Hz, 120.00 Hz], render=[60.00 Hz, 120.00 Hz]}}
03-27 20:23:42.236   942   942 I RefreshRateSelector: Current:  DisplayManagerPolicy{defaultModeId=1, allowGroupSwitching=false, primaryRanges={physical=[0.00 Hz, 120.00 Hz], render=[0.00 Hz, 90.00 Hz]}, appRequestRanges={physical=[0.00 Hz, 120.00 Hz], render=[0.00 Hz, 120.00 Hz]}}
03-27 20:23:42.236   942   942 I RefreshRateSelector: 1 mode changes were performed under the previous policy
03-27 20:23:42.243 30322 30478 D BLASTBufferQueue: [VRI[VoipActivityV2]#44](f:0,a:2) has set transaction callback, frameNumber = 162
03-27 20:23:42.247   911  1023 D SPRDHWComposer: HWCDisplay::get_display_attribute <601>: config = 1
03-27 20:23:42.247   911  1023 D SPRDHWComposer: SprdDrm:: getActiveConfig: 0
03-27 20:23:42.247   911  1023 D SPRDHWComposer: HWCDisplay::get_display_attribute <601>: config = 0
03-27 20:23:42.247  1331  1356 D SurfaceComposerClient: [com.whatsapp/com.whatsapp.calling.ui.VoipActivityV2#28488] frameNumber = 162 will apply
03-27 20:23:42.247   942   942 W Layer   : Hide layer Input Consumer recents_animation_input_consumer#15340 because zOrderRelativeOf = ActivityRecord{3768a16 u0 com.google.android.gm/.ConversationListActivityGmail#27062 is hide.
03-27 20:23:42.248   942   942 W Layer   : Hide layer Input Consumer recents_animation_input_consumer#15340 because zOrderRelativeOf = ActivityRecord{3768a16 u0 com.google.android.gm/.ConversationListActivityGmail#27062 is hide.
03-27 20:23:42.248  1331  1429 D InputDispatcher: setInputWindows displayId=0 913ef03 ScreenDecorOverlay [Gesture Monitor] pip-resize cf1652a NavigationBar0 5465496 StatusBar pip_input_consumer Embedded{PipMenuView} d8c563e com.whatsapp/com.whatsapp.calling.ui.VoipActivityV2 SurfaceView[com.whatsapp/com.whatsapp.calling.ui.VoipActivityV2](BLAST)#28541 Background for SurfaceView[com.whatsapp/com.whatsapp.calling.ui.VoipActivityV2]#28542 25b3f4 ActivityRecordInputSink com.whatsapp/.calling.ui.VoipActivityV2 9bf237c com.smartfit.app/com.smartfit.app.MainActivity b234f4c ActivityRecordInputSink com.smartfit.app/.MainActivity 3cac54b ActivityRecordInputSink com.whatsapp/.Conversation cfc9a62 ActivityRecordInputSink com.whatsapp/.home.ui.HomeActivity 75522f8 ActivityRecordInputSink com.android.chrome/org.chromium.chrome.browser.ChromeTabbedActivity recents_animation_input_consumer 8e45331 ActivityRecordInputSink com.google.android.gm/.ui.MailActivityGmail Dim layer#11752 Dim layer#11751 b6305f1 ActivityRecordInputSink com.android.launcher3/com.android.searchlaunc
03-27 20:23:42.249   911  1023 D SPRDHWComposer: SprdDrm:: getActiveConfig: 0
03-27 20:23:42.249   911  1023 D SPRDHWComposer: HWCDisplay::get_display_attribute <601>: config = 1
03-27 20:23:42.249   911  1023 I SPRDHWComposer: SprdDrm:: setActiveConfig: 1, DisplayType:0
03-27 20:23:42.249   911  1023 I SPRDHWComposer: Create blob_id: 95
03-27 20:23:42.250   942  1211 W HWComposer: Ignoring duplicate VSYNC event from HWC for display 4619827259835644672 (t=314324353727000)
03-27 20:23:42.254   905 12421 I sprd_hdr_adapter: L 200, sprd_hdr_adpt_detect: detect current hdr type: 2, detect_in_param: 0xdb33cbe0, detect_out_param: 0xdb33cd40
03-27 20:23:42.254   905 12422 I isp_blk_cmc10: 268, _pm_cmc10_set_param: cmc_result: (2437 14875 95; 16086 1352 16353; 146 15156 2104).
03-27 20:23:42.254   905 12437 E awb_adpt: 1469, awb_sprd_ctrl_calculation_v3_2: check handle success
03-27 20:23:42.254   905 12422 E isp_alg_fw: 3931, ispalg_gtm_process: hist_total is 0, gtm no process !!!
03-27 20:23:42.255   905 12421 E Libae[FAE]: 1926, face_luma_calc: NO FACE
03-27 20:23:42.255   905 12421 W Libae[ABL]: 585,abl_bv_interpolation:tune param num should bigger than 1
03-27 20:23:42.255   905 12421 I cmr_oem : 10954, camera_get_af_support: af_support 0
03-27 20:23:42.257   942   942 D SurfaceFlinger: VRR attempt to change display mode to 0
03-27 20:23:42.257   942   942 I RefreshRateSelector: Display 4619827259835644672 policy changed
03-27 20:23:42.257   942   942 I RefreshRateSelector: Previous: {defaultModeId=1, allowGroupSwitching=false, primaryRanges={physical=[0.00 Hz, 120.00 Hz], render=[0.00 Hz, 90.00 Hz]}, appRequestRanges={physical=[0.00 Hz, 120.00 Hz], render=[0.00 Hz, 120.00 Hz]}}
03-27 20:23:42.257   942   942 I RefreshRateSelector: Current:  DisplayManagerPolicy{defaultModeId=0, allowGroupSwitching=false, primaryRanges={physical=[60.00 Hz, 120.00 Hz], render=[60.00 Hz, 60.00 Hz]}, appRequestRanges={physical=[60.00 Hz, 120.00 Hz], render=[60.00 Hz, 120.00 Hz]}}
03-27 20:23:42.257   942   942 I RefreshRateSelector: 1 mode changes were performed under the previous policy
03-27 20:23:42.269   911  1023 D SPRDHWComposer: HWCDisplay::get_display_attribute <601>: config = 0
03-27 20:23:42.269   911  1023 D SPRDHWComposer: SprdDrm:: getActiveConfig: 1
03-27 20:23:42.269   911  1023 D SPRDHWComposer: HWCDisplay::get_display_attribute <601>: config = 1
03-27 20:23:42.270   942   942 W Layer   : Hide layer Input Consumer recents_animation_input_consumer#15340 because zOrderRelativeOf = ActivityRecord{3768a16 u0 com.google.android.gm/.ConversationListActivityGmail#27062 is hide.
03-27 20:23:42.270   942   942 W Layer   : Hide layer Input Consumer recents_animation_input_consumer#15340 because zOrderRelativeOf = ActivityRecord{3768a16 u0 com.google.android.gm/.ConversationListActivityGmail#27062 is hide.
03-27 20:23:42.271  1331  1429 D InputDispatcher: setInputWindows displayId=0 913ef03 ScreenDecorOverlay [Gesture Monitor] pip-resize cf1652a NavigationBar0 5465496 StatusBar pip_input_consumer Embedded{PipMenuView} d8c563e com.whatsapp/com.whatsapp.calling.ui.VoipActivityV2 SurfaceView[com.whatsapp/com.whatsapp.calling.ui.VoipActivityV2](BLAST)#28541 Background for SurfaceView[com.whatsapp/com.whatsapp.calling.ui.VoipActivityV2]#28542 25b3f4 ActivityRecordInputSink com.whatsapp/.calling.ui.VoipActivityV2 9bf237c com.smartfit.app/com.smartfit.app.MainActivity b234f4c ActivityRecordInputSink com.smartfit.app/.MainActivity 3cac54b ActivityRecordInputSink com.whatsapp/.Conversation cfc9a62 ActivityRecordInputSink com.whatsapp/.home.ui.HomeActivity 75522f8 ActivityRecordInputSink com.android.chrome/org.chromium.chrome.browser.ChromeTabbedActivity recents_animation_input_consumer 8e45331 ActivityRecordInputSink com.google.android.gm/.ui.MailActivityGmail Dim layer#11752 Dim layer#11751 b6305f1 ActivityRecordInputSink com.android.launcher3/com.android.searchlaunc
03-27 20:23:42.271   911  1023 D SPRDHWComposer: SprdDrm:: getActiveConfig: 1
03-27 20:23:42.271   911  1023 D SPRDHWComposer: HWCDisplay::get_display_attribute <601>: config = 0
03-27 20:23:42.271   911  1023 I SPRDHWComposer: SprdDrm:: setActiveConfig: 0, DisplayType:0
03-27 20:23:42.271   911  1023 I SPRDHWComposer: Create blob_id: 94
03-27 20:23:42.272   942  1211 W HWComposer: Ignoring duplicate VSYNC event from HWC for display 4619827259835644672 (t=314324381485000)
03-27 20:23:42.277   905 12384 I cmr_sensor: 959, cmr_sns_thread_proc: evt 524548
03-27 20:23:42.277   905 12384 I cmr_sensor: 1379, cmr_sns_ioctl: cmd = 45, arg = 0xdbe58530.
03-27 20:23:42.277   905 12384 I gc08a3_sharkl2: 403, gc08a3_drv_access_val: sensor gc08a3: param_ptr->type=22
03-27 20:23:42.277   905 12441 W Cam3Channel: 934, getStream: channel has no valied stream(type is 7)
03-27 20:23:42.277   905 12450 I FDV3    : [find, 710]: src:640x480 detect:224 face_num=0 1.14 ms
03-27 20:23:42.281   905 12441 I Cam3Setting: 6634, translateLocalToFwMetadata: calib_status_value:0
03-27 20:23:42.282   905 12441 E Cam3Channel: 1588, getMetadata: AE or AF callback error, give default metadata 0xe0400010
03-27 20:23:42.283   905 12384 I cmr_sensor: 959, cmr_sns_thread_proc: evt 524548
03-27 20:23:42.283   905 12384 I cmr_sensor: 1379, cmr_sns_ioctl: cmd = 45, arg = 0xdbe58530.
03-27 20:23:42.283   905 12384 I gc08a3_sharkl2: 403, gc08a3_drv_access_val: sensor gc08a3: param_ptr->type=22
03-27 20:23:42.287   905 29043 E Cam3OEMIf: 12560, queueBuffer: mFtEnable 0
03-27 20:23:42.304   905 12437 E awb_adpt: 1469, awb_sprd_ctrl_calculation_v3_2: check handle success
03-27 20:23:42.304   905 12421 I sprd_hdr_adapter: L 200, sprd_hdr_adpt_detect: detect current hdr type: 2, detect_in_param: 0xdb33cbe0, detect_out_param: 0xdb33cd40
03-27 20:23:42.304   905 12422 I isp_blk_cmc10: 268, _pm_cmc10_set_param: cmc_result: (2437 14875 95; 16086 1352 16353; 146 15156 2104).
03-27 20:23:42.304   905 12422 E isp_alg_fw: 3931, ispalg_gtm_process: hist_total is 0, gtm no process !!!
03-27 20:23:42.305   905 12421 E Libae[FAE]: 1926, face_luma_calc: NO FACE
03-27 20:23:42.305   905 12421 W Libae[ABL]: 585,abl_bv_interpolation:tune param num should bigger than 1
03-27 20:23:42.305   905 12421 I cmr_oem : 10954, camera_get_af_support: af_support 0
03-27 20:23:42.314   942   942 W Layer   : Hide layer Input Consumer recents_animation_input_consumer#15340 because zOrderRelativeOf = ActivityRecord{3768a16 u0 com.google.android.gm/.ConversationListActivityGmail#27062 is hide.
03-27 20:23:42.314   942   942 W Layer   : Hide layer Input Consumer recents_animation_input_consumer#15340 because zOrderRelativeOf = ActivityRecord{3768a16 u0 com.google.android.gm/.ConversationListActivityGmail#27062 is hide.
03-27 20:23:42.315  1331  3672 D InputDispatcher: setInputWindows displayId=0 913ef03 ScreenDecorOverlay [Gesture Monitor] pip-resize cf1652a NavigationBar0 5465496 StatusBar pip_input_consumer Embedded{PipMenuView} d8c563e com.whatsapp/com.whatsapp.calling.ui.VoipActivityV2 SurfaceView[com.whatsapp/com.whatsapp.calling.ui.VoipActivityV2](BLAST)#28541 Background for SurfaceView[com.whatsapp/com.whatsapp.calling.ui.VoipActivityV2]#28542 25b3f4 ActivityRecordInputSink com.whatsapp/.calling.ui.VoipActivityV2 9bf237c com.smartfit.app/com.smartfit.app.MainActivity b234f4c ActivityRecordInputSink com.smartfit.app/.MainActivity 3cac54b ActivityRecordInputSink com.whatsapp/.Conversation cfc9a62 ActivityRecordInputSink com.whatsapp/.home.ui.HomeActivity 75522f8 ActivityRecordInputSink com.android.chrome/org.chromium.chrome.browser.ChromeTabbedActivity recents_animation_input_consumer 8e45331 ActivityRecordInputSink com.google.android.gm/.ui.MailActivityGmail Dim layer#11752 Dim layer#11751 b6305f1 ActivityRecordInputSink com.android.launcher3/com.android.searchlaunc
03-27 20:23:42.325   942   942 W Layer   : Hide layer Input Consumer recents_animation_input_consumer#15340 because zOrderRelativeOf = ActivityRecord{3768a16 u0 com.google.android.gm/.ConversationListActivityGmail#27062 is hide.
03-27 20:23:42.325   942   942 W Layer   : Hide layer Input Consumer recents_animation_input_consumer#15340 because zOrderRelativeOf = ActivityRecord{3768a16 u0 com.google.android.gm/.ConversationListActivityGmail#27062 is hide.
03-27 20:23:42.326  1331  3670 D InputDispatcher: setInputWindows displayId=0 913ef03 ScreenDecorOverlay [Gesture Monitor] pip-resize cf1652a NavigationBar0 5465496 StatusBar pip_input_consumer Embedded{PipMenuView} d8c563e com.whatsapp/com.whatsapp.calling.ui.VoipActivityV2 SurfaceView[com.whatsapp/com.whatsapp.calling.ui.VoipActivityV2](BLAST)#28541 Background for SurfaceView[com.whatsapp/com.whatsapp.calling.ui.VoipActivityV2]#28542 25b3f4 ActivityRecordInputSink com.whatsapp/.calling.ui.VoipActivityV2 9bf237c com.smartfit.app/com.smartfit.app.MainActivity b234f4c ActivityRecordInputSink com.smartfit.app/.MainActivity 3cac54b ActivityRecordInputSink com.whatsapp/.Conversation cfc9a62 ActivityRecordInputSink com.whatsapp/.home.ui.HomeActivity 75522f8 ActivityRecordInputSink com.android.chrome/org.chromium.chrome.browser.ChromeTabbedActivity recents_animation_input_consumer 8e45331 ActivityRecordInputSink com.google.android.gm/.ui.MailActivityGmail Dim layer#11752 Dim layer#11751 b6305f1 ActivityRecordInputSink com.android.launcher3/com.android.searchlaunc
03-27 20:23:42.328   905 12384 I cmr_sensor: 959, cmr_sns_thread_proc: evt 524548
03-27 20:23:42.328   905 12384 I cmr_sensor: 1379, cmr_sns_ioctl: cmd = 45, arg = 0xdbe58530.
03-27 20:23:42.328   905 12384 I gc08a3_sharkl2: 403, gc08a3_drv_access_val: sensor gc08a3: param_ptr->type=22
03-27 20:23:42.328   905 12441 W Cam3Channel: 934, getStream: channel has no valied stream(type is 7)
03-27 20:23:42.328   905 12450 I FDV3    : [find, 710]: src:640x480 detect:224 face_num=0 0.63 ms
03-27 20:23:42.330   905 12441 I Cam3Setting: 6634, translateLocalToFwMetadata: calib_status_value:0
03-27 20:23:42.330   905 12441 E Cam3Channel: 1588, getMetadata: AE or AF callback error, give default metadata 0xe0400010
03-27 20:23:42.332   905 12384 I cmr_sensor: 959, cmr_sns_thread_proc: evt 524548
03-27 20:23:42.332   905 12384 I cmr_sensor: 1379, cmr_sns_ioctl: cmd = 45, arg = 0xdbe58530.
03-27 20:23:42.332   905 12384 I gc08a3_sharkl2: 403, gc08a3_drv_access_val: sensor gc08a3: param_ptr->type=22
03-27 20:23:42.335   905 29043 E Cam3OEMIf: 12560, queueBuffer: mFtEnable 0
03-27 20:23:42.354   905 12421 I sprd_hdr_adapter: L 200, sprd_hdr_adpt_detect: detect current hdr type: 2, detect_in_param: 0xdb33cbe0, detect_out_param: 0xdb33cd40
03-27 20:23:42.354   905 12422 I isp_blk_cmc10: 268, _pm_cmc10_set_param: cmc_result: (2437 14875 95; 16086 1352 16353; 146 15156 2104).
03-27 20:23:42.354   905 12437 E awb_adpt: 1469, awb_sprd_ctrl_calculation_v3_2: check handle success
03-27 20:23:42.355   905 12422 E isp_alg_fw: 3931, ispalg_gtm_process: hist_total is 0, gtm no process !!!
03-27 20:23:42.355   905 12421 E Libae[FAE]: 1926, face_luma_calc: NO FACE
03-27 20:23:42.355   905 12421 W Libae[ABL]: 585,abl_bv_interpolation:tune param num should bigger than 1
03-27 20:23:42.356   905 12421 I cmr_oem : 10954, camera_get_af_support: af_support 0
03-27 20:23:42.358   942   942 W Layer   : Hide layer Input Consumer recents_animation_input_consumer#15340 because zOrderRelativeOf = ActivityRecord{3768a16 u0 com.google.android.gm/.ConversationListActivityGmail#27062 is hide.
03-27 20:23:42.358   942   942 W Layer   : Hide layer Input Consumer recents_animation_input_consumer#15340 because zOrderRelativeOf = ActivityRecord{3768a16 u0 com.google.android.gm/.ConversationListActivityGmail#27062 is hide.
03-27 20:23:42.359  1331  4265 D InputDispatcher: setInputWindows displayId=0 913ef03 ScreenDecorOverlay [Gesture Monitor] pip-resize cf1652a NavigationBar0 5465496 StatusBar pip_input_consumer Embedded{PipMenuView} d8c563e com.whatsapp/com.whatsapp.calling.ui.VoipActivityV2 SurfaceView[com.whatsapp/com.whatsapp.calling.ui.VoipActivityV2](BLAST)#28541 Background for SurfaceView[com.whatsapp/com.whatsapp.calling.ui.VoipActivityV2]#28542 25b3f4 ActivityRecordInputSink com.whatsapp/.calling.ui.VoipActivityV2 9bf237c com.smartfit.app/com.smartfit.app.MainActivity b234f4c ActivityRecordInputSink com.smartfit.app/.MainActivity 3cac54b ActivityRecordInputSink com.whatsapp/.Conversation cfc9a62 ActivityRecordInputSink com.whatsapp/.home.ui.HomeActivity 75522f8 ActivityRecordInputSink com.android.chrome/org.chromium.chrome.browser.ChromeTabbedActivity recents_animation_input_consumer 8e45331 ActivityRecordInputSink com.google.android.gm/.ui.MailActivityGmail Dim layer#11752 Dim layer#11751 b6305f1 ActivityRecordInputSink com.android.launcher3/com.android.searchlaunc
03-27 20:23:42.376   905 12384 I cmr_sensor: 959, cmr_sns_thread_proc: evt 524548
03-27 20:23:42.376   905 12384 I cmr_sensor: 1379, cmr_sns_ioctl: cmd = 45, arg = 0xdbe58530.
03-27 20:23:42.376   905 12384 I gc08a3_sharkl2: 403, gc08a3_drv_access_val: sensor gc08a3: param_ptr->type=22
03-27 20:23:42.376   905 12441 W Cam3Channel: 934, getStream: channel has no valied stream(type is 7)
03-27 20:23:42.376   905 12450 I FDV3    : [find, 710]: src:640x480 detect:224 face_num=0 0.68 ms
03-27 20:23:42.378   905 12441 I Cam3Setting: 6634, translateLocalToFwMetadata: calib_status_value:0
03-27 20:23:42.378   905 12441 E Cam3Channel: 1588, getMetadata: AE or AF callback error, give default metadata 0xe0400010
03-27 20:23:42.380   905 12384 I cmr_sensor: 959, cmr_sns_thread_proc: evt 524548
03-27 20:23:42.380   905 12384 I cmr_sensor: 1379, cmr_sns_ioctl: cmd = 45, arg = 0xdbe58530.
03-27 20:23:42.380   905 12384 I gc08a3_sharkl2: 403, gc08a3_drv_access_val: sensor gc08a3: param_ptr->type=22
03-27 20:23:42.383   905 28962 E Cam3OEMIf: 12560, queueBuffer: mFtEnable 0
03-27 20:23:42.404   905 12421 I sprd_hdr_adapter: L 200, sprd_hdr_adpt_detect: detect current hdr type: 2, detect_in_param: 0xdb33cbe0, detect_out_param: 0xdb33cd40
03-27 20:23:42.405   905 12437 E awb_adpt: 1469, awb_sprd_ctrl_calculation_v3_2: check handle success
03-27 20:23:42.405   905 12422 I isp_blk_cmc10: 268, _pm_cmc10_set_param: cmc_result: (2437 14875 95; 16086 1352 16353; 146 15156 2104).
03-27 20:23:42.405   905 12422 E isp_alg_fw: 3931, ispalg_gtm_process: hist_total is 0, gtm no process !!!
03-27 20:23:42.406   905 12421 E Libae[FAE]: 1926, face_luma_calc: NO FACE
03-27 20:23:42.406   905 12421 W Libae[ABL]: 585,abl_bv_interpolation:tune param num should bigger than 1
03-27 20:23:42.406   905 12421 I cmr_oem : 10954, camera_get_af_support: af_support 0
03-27 20:23:42.426   905 12384 I cmr_sensor: 959, cmr_sns_thread_proc: evt 524548
03-27 20:23:42.426   905 12384 I cmr_sensor: 1379, cmr_sns_ioctl: cmd = 45, arg = 0xdbe58530.
03-27 20:23:42.426   905 12384 I gc08a3_sharkl2: 403, gc08a3_drv_access_val: sensor gc08a3: param_ptr->type=22
03-27 20:23:42.426   905 12441 W Cam3Channel: 934, getStream: channel has no valied stream(type is 7)
03-27 20:23:42.427   905 12450 I FDV3    : [find, 710]: src:640x480 detect:224 face_num=0 1.20 ms
03-27 20:23:42.428   905 12441 I Cam3Setting: 6634, translateLocalToFwMetadata: calib_status_value:0
03-27 20:23:42.428   905 12441 E Cam3Channel: 1588, getMetadata: AE or AF callback error, give default metadata 0xe0400010
03-27 20:23:42.429   905 12384 I cmr_sensor: 959, cmr_sns_thread_proc: evt 524548
03-27 20:23:42.429   905 12384 I cmr_sensor: 1379, cmr_sns_ioctl: cmd = 45, arg = 0xdbe58530.
03-27 20:23:42.429   905 12384 I gc08a3_sharkl2: 403, gc08a3_drv_access_val: sensor gc08a3: param_ptr->type=22
03-27 20:23:42.433   905 29043 E Cam3OEMIf: 12560, queueBuffer: mFtEnable 0
03-27 20:23:42.455   905 12421 I sprd_hdr_adapter: L 200, sprd_hdr_adpt_detect: detect current hdr type: 2, detect_in_param: 0xdb33cbe0, detect_out_param: 0xdb33cd40
03-27 20:23:42.455   905 12422 I isp_blk_cmc10: 268, _pm_cmc10_set_param: cmc_result: (2437 14875 95; 16086 1352 16353; 146 15156 2104).
03-27 20:23:42.455   905 12437 E awb_adpt: 1469, awb_sprd_ctrl_calculation_v3_2: check handle success
03-27 20:23:42.455   905 12422 E isp_alg_fw: 3931, ispalg_gtm_process: hist_total is 0, gtm no process !!!
03-27 20:23:42.456   905 12421 E Libae[FAE]: 1926, face_luma_calc: NO FACE
03-27 20:23:42.456   905 12421 W Libae[ABL]: 585,abl_bv_interpolation:tune param num should bigger than 1
03-27 20:23:42.456   905 12421 I cmr_oem : 10954, camera_get_af_support: af_support 0
03-27 20:23:42.468 11663 11663 I Choreographer: Skipped 32 frames!  The application may be doing too much work on its main thread.
03-27 20:23:42.475   942  1386 D mali_gralloc: register: id=38e0001189c, handle=0xb400007bafd240f0, importpid=11663, gRegisteredHandles=35
03-27 20:23:42.477   905 12384 I cmr_sensor: 959, cmr_sns_thread_proc: evt 524548
03-27 20:23:42.477   905 12384 I cmr_sensor: 1379, cmr_sns_ioctl: cmd = 45, arg = 0xdbe58530.
03-27 20:23:42.477   905 12384 I gc08a3_sharkl2: 403, gc08a3_drv_access_val: sensor gc08a3: param_ptr->type=22
03-27 20:23:42.477   905 12441 W Cam3Channel: 934, getStream: channel has no valied stream(type is 7)
03-27 20:23:42.478   905 12450 I FDV3    : [find, 710]: src:640x480 detect:224 face_num=0 1.14 ms
03-27 20:23:42.478   905 12441 I Cam3Setting: 6634, translateLocalToFwMetadata: calib_status_value:0
03-27 20:23:42.479   905 12441 E Cam3Channel: 1588, getMetadata: AE or AF callback error, give default metadata 0xe0400010
03-27 20:23:42.480   905 12384 I cmr_sensor: 959, cmr_sns_thread_proc: evt 524548
03-27 20:23:42.480   905 12384 I cmr_sensor: 1379, cmr_sns_ioctl: cmd = 45, arg = 0xdbe58530.
03-27 20:23:42.480   905 12384 I gc08a3_sharkl2: 403, gc08a3_drv_access_val: sensor gc08a3: param_ptr->type=22
03-27 20:23:42.483   905 29043 E Cam3OEMIf: 12560, queueBuffer: mFtEnable 0
03-27 20:23:42.490   911  1023 D mali_gralloc: register: id=38e0001189c, handle=0xb4000071bb4b4b30, importpid=942, gRegisteredHandles=33
03-27 20:23:42.505   905 12437 E awb_adpt: 1469, awb_sprd_ctrl_calculation_v3_2: check handle success
03-27 20:23:42.505   905 12421 I sprd_hdr_adapter: L 200, sprd_hdr_adpt_detect: detect current hdr type: 2, detect_in_param: 0xdb33cbe0, detect_out_param: 0xdb33cd40
03-27 20:23:42.505   905 12422 I isp_blk_cmc10: 268, _pm_cmc10_set_param: cmc_result: (2437 14875 95; 16086 1352 16353; 146 15156 2104).
03-27 20:23:42.505   905 12422 E isp_alg_fw: 3931, ispalg_gtm_process: hist_total is 0, gtm no process !!!
03-27 20:23:42.506   905 12421 E Libae[FAE]: 1926, face_luma_calc: NO FACE
03-27 20:23:42.506   905 12421 W Libae[ABL]: 585,abl_bv_interpolation:tune param num should bigger than 1
03-27 20:23:42.506   905 12421 I cmr_oem : 10954, camera_get_af_support: af_support 0
03-27 20:23:42.527   905 12384 I cmr_sensor: 959, cmr_sns_thread_proc: evt 524548
03-27 20:23:42.527   905 12384 I cmr_sensor: 1379, cmr_sns_ioctl: cmd = 45, arg = 0xdbe58530.
03-27 20:23:42.527   905 12384 I gc08a3_sharkl2: 403, gc08a3_drv_access_val: sensor gc08a3: param_ptr->type=22
03-27 20:23:42.527   905 12441 W Cam3Channel: 934, getStream: channel has no valied stream(type is 7)
03-27 20:23:42.528   905 12450 I FDV3    : [getDetectImage, 298]: isTransform.
03-27 20:23:42.529   905 12441 I Cam3Setting: 6634, translateLocalToFwMetadata: calib_status_value:0
03-27 20:23:42.529   905 12441 E Cam3Channel: 1588, getMetadata: AE or AF callback error, give default metadata 0xe0400010
03-27 20:23:42.530   905 12384 I cmr_sensor: 959, cmr_sns_thread_proc: evt 524548
03-27 20:23:42.530   905 12384 I cmr_sensor: 1379, cmr_sns_ioctl: cmd = 45, arg = 0xdbe58530.
03-27 20:23:42.531   905 12384 I gc08a3_sharkl2: 403, gc08a3_drv_access_val: sensor gc08a3: param_ptr->type=22
03-27 20:23:42.535   905 29043 E Cam3OEMIf: 12560, queueBuffer: mFtEnable 0
03-27 20:23:42.552   905 12450 I FDV3    : [find, 710]: src:640x480 detect:224 face_num=0 25.43 ms
03-27 20:23:42.555   905 12437 E awb_adpt: 1469, awb_sprd_ctrl_calculation_v3_2: check handle success
03-27 20:23:42.555   905 12422 I isp_blk_cmc10: 268, _pm_cmc10_set_param: cmc_result: (2437 14875 95; 16086 1352 16353; 146 15156 2104).
03-27 20:23:42.556   905 12421 I sprd_hdr_adapter: L 200, sprd_hdr_adpt_detect: detect current hdr type: 2, detect_in_param: 0xdb33cbe0, detect_out_param: 0xdb33cd40
03-27 20:23:42.556   905 12422 E isp_alg_fw: 3931, ispalg_gtm_process: hist_total is 0, gtm no process !!!
03-27 20:23:42.557   905 12421 E Libae[FAE]: 1926, face_luma_calc: NO FACE
03-27 20:23:42.557   905 12421 W Libae[ABL]: 585,abl_bv_interpolation:tune param num should bigger than 1
03-27 20:23:42.557   905 12421 I cmr_oem : 10954, camera_get_af_support: af_support 0
03-27 20:23:42.577   905 12450 I FDV3    : [find, 710]: src:640x480 detect:224 face_num=0 0.59 ms
03-27 20:23:42.577   905 12384 I cmr_sensor: 959, cmr_sns_thread_proc: evt 524548
03-27 20:23:42.577   905 12384 I cmr_sensor: 1379, cmr_sns_ioctl: cmd = 45, arg = 0xdbe58530.
03-27 20:23:42.577   905 12384 I gc08a3_sharkl2: 403, gc08a3_drv_access_val: sensor gc08a3: param_ptr->type=22
03-27 20:23:42.578   905 12441 W Cam3Channel: 934, getStream: channel has no valied stream(type is 7)
03-27 20:23:42.579   905 12441 I Cam3Setting: 6634, translateLocalToFwMetadata: calib_status_value:0
03-27 20:23:42.579   905 12441 E Cam3Channel: 1588, getMetadata: AE or AF callback error, give default metadata 0xe04014a0
03-27 20:23:42.581   905 12384 I cmr_sensor: 959, cmr_sns_thread_proc: evt 524548
03-27 20:23:42.581   905 12384 I cmr_sensor: 1379, cmr_sns_ioctl: cmd = 45, arg = 0xdbe58530.
03-27 20:23:42.581   905 12384 I gc08a3_sharkl2: 403, gc08a3_drv_access_val: sensor gc08a3: param_ptr->type=22
03-27 20:23:42.584   905 28962 E Cam3OEMIf: 12560, queueBuffer: mFtEnable 0
03-27 20:23:42.605   905 12437 E awb_adpt: 1469, awb_sprd_ctrl_calculation_v3_2: check handle success
03-27 20:23:42.605   905 12421 I sprd_hdr_adapter: L 200, sprd_hdr_adpt_detect: detect current hdr type: 2, detect_in_param: 0xdb33cbe0, detect_out_param: 0xdb33cd40
03-27 20:23:42.605   905 12422 I isp_blk_cmc10: 268, _pm_cmc10_set_param: cmc_result: (2437 14875 95; 16086 1352 16353; 146 15156 2104).
03-27 20:23:42.606   905 12422 E isp_alg_fw: 3931, ispalg_gtm_process: hist_total is 0, gtm no process !!!
03-27 20:23:42.606   905 12421 E Libae[FAE]: 1926, face_luma_calc: NO FACE
03-27 20:23:42.607   905 12421 W Libae[ABL]: 585,abl_bv_interpolation:tune param num should bigger than 1
03-27 20:23:42.607   905 12421 I cmr_oem : 10954, camera_get_af_support: af_support 0
03-27 20:23:42.627   905 12384 I cmr_sensor: 959, cmr_sns_thread_proc: evt 524548
03-27 20:23:42.627   905 12384 I cmr_sensor: 1379, cmr_sns_ioctl: cmd = 45, arg = 0xdbe58530.
03-27 20:23:42.627   905 12384 I gc08a3_sharkl2: 403, gc08a3_drv_access_val: sensor gc08a3: param_ptr->type=22
03-27 20:23:42.627   905 12441 W Cam3Channel: 934, getStream: channel has no valied stream(type is 7)
03-27 20:23:42.627   905 12450 I FDV3    : [find, 710]: src:640x480 detect:224 face_num=0 0.58 ms
03-27 20:23:42.629   905 12441 I Cam3Setting: 6634, translateLocalToFwMetadata: calib_status_value:0
03-27 20:23:42.629   905 12441 E Cam3Channel: 1588, getMetadata: AE or AF callback error, give default metadata 0xe04014a0
03-27 20:23:42.630   905 12384 I cmr_sensor: 959, cmr_sns_thread_proc: evt 524548
03-27 20:23:42.630   905 12384 I cmr_sensor: 1379, cmr_sns_ioctl: cmd = 45, arg = 0xdbe58530.
03-27 20:23:42.630   905 12384 I gc08a3_sharkl2: 403, gc08a3_drv_access_val: sensor gc08a3: param_ptr->type=22
03-27 20:23:42.633   905 28962 E Cam3OEMIf: 12560, queueBuffer: mFtEnable 0
03-27 20:23:42.656   905 12422 I isp_blk_cmc10: 268, _pm_cmc10_set_param: cmc_result: (2437 14875 95; 16086 1352 16353; 146 15156 2104).
03-27 20:23:42.656   905 12437 E awb_adpt: 1469, awb_sprd_ctrl_calculation_v3_2: check handle success
03-27 20:23:42.656   905 12421 I sprd_hdr_adapter: L 200, sprd_hdr_adpt_detect: detect current hdr type: 2, detect_in_param: 0xdb33cbe0, detect_out_param: 0xdb33cd40
03-27 20:23:42.656   905 12422 E isp_alg_fw: 3931, ispalg_gtm_process: hist_total is 0, gtm no process !!!
03-27 20:23:42.657   905 12421 E Libae[FAE]: 1926, face_luma_calc: NO FACE
03-27 20:23:42.657   905 12421 W Libae[ABL]: 585,abl_bv_interpolation:tune param num should bigger than 1
03-27 20:23:42.657   905 12421 I cmr_oem : 10954, camera_get_af_support: af_support 0
03-27 20:23:42.677   905 12384 I cmr_sensor: 959, cmr_sns_thread_proc: evt 524548
03-27 20:23:42.677   905 12384 I cmr_sensor: 1379, cmr_sns_ioctl: cmd = 45, arg = 0xdbe58530.
03-27 20:23:42.677   905 12384 I gc08a3_sharkl2: 403, gc08a3_drv_access_val: sensor gc08a3: param_ptr->type=22
03-27 20:23:42.677   905 12441 W Cam3Channel: 934, getStream: channel has no valied stream(type is 7)
03-27 20:23:42.678   905 12450 I FDV3    : [find, 710]: src:640x480 detect:224 face_num=0 0.63 ms
03-27 20:23:42.679   905 12441 I Cam3Setting: 6634, translateLocalToFwMetadata: calib_status_value:0
03-27 20:23:42.680   905 12441 E Cam3Channel: 1588, getMetadata: AE or AF callback error, give default metadata 0xe04014a0
03-27 20:23:42.681   905 12384 I cmr_sensor: 959, cmr_sns_thread_proc: evt 524548
03-27 20:23:42.681   905 12384 I cmr_sensor: 1379, cmr_sns_ioctl: cmd = 45, arg = 0xdbe58530.
03-27 20:23:42.681   905 12384 I gc08a3_sharkl2: 403, gc08a3_drv_access_val: sensor gc08a3: param_ptr->type=22
03-27 20:23:42.684   905 28962 E Cam3OEMIf: 12560, queueBuffer: mFtEnable 0
03-27 20:23:42.706   905 12421 I sprd_hdr_adapter: L 200, sprd_hdr_adpt_detect: detect current hdr type: 2, detect_in_param: 0xdb33cbe0, detect_out_param: 0xdb33cd40
03-27 20:23:42.706   905 12422 I isp_blk_cmc10: 268, _pm_cmc10_set_param: cmc_result: (2437 14875 95; 16086 1352 16353; 146 15156 2104).
03-27 20:23:42.707   905 12422 E isp_alg_fw: 3931, ispalg_gtm_process: hist_total is 0, gtm no process !!!
03-27 20:23:42.707   905 12437 E awb_adpt: 1469, awb_sprd_ctrl_calculation_v3_2: check handle success
03-27 20:23:42.707   905 12421 E Libae[FAE]: 1926, face_luma_calc: NO FACE
03-27 20:23:42.707   905 12421 W Libae[ABL]: 585,abl_bv_interpolation:tune param num should bigger than 1
03-27 20:23:42.707   905 12421 I cmr_oem : 10954, camera_get_af_support: af_support 0
03-27 20:23:42.727   905 12384 I cmr_sensor: 959, cmr_sns_thread_proc: evt 524548
03-27 20:23:42.727   905 12384 I cmr_sensor: 1379, cmr_sns_ioctl: cmd = 45, arg = 0xdbe58530.
03-27 20:23:42.727   905 12384 I gc08a3_sharkl2: 403, gc08a3_drv_access_val: sensor gc08a3: param_ptr->type=22
03-27 20:23:42.728   905 12441 W Cam3Channel: 934, getStream: channel has no valied stream(type is 7)
03-27 20:23:42.728   905 12450 I FDV3    : [find, 710]: src:640x480 detect:224 face_num=0 0.58 ms
03-27 20:23:42.729   905 12441 I Cam3Setting: 6634, translateLocalToFwMetadata: calib_status_value:0
03-27 20:23:42.730   905 12441 E Cam3Channel: 1588, getMetadata: AE or AF callback error, give default metadata 0xe04014a0
03-27 20:23:42.731   905 12384 I cmr_sensor: 959, cmr_sns_thread_proc: evt 524548
03-27 20:23:42.731   905 12384 I cmr_sensor: 1379, cmr_sns_ioctl: cmd = 45, arg = 0xdbe58530.
03-27 20:23:42.731   905 12384 I gc08a3_sharkl2: 403, gc08a3_drv_access_val: sensor gc08a3: param_ptr->type=22
03-27 20:23:42.734   905 28962 E Cam3OEMIf: 12560, queueBuffer: mFtEnable 0
03-27 20:23:42.756   905 12421 I sprd_hdr_adapter: L 200, sprd_hdr_adpt_detect: detect current hdr type: 2, detect_in_param: 0xdb33cbe0, detect_out_param: 0xdb33cd40
03-27 20:23:42.756   905 12422 I isp_blk_cmc10: 268, _pm_cmc10_set_param: cmc_result: (2437 14875 95; 16086 1352 16353; 146 15156 2104).
03-27 20:23:42.756   905 12422 E isp_alg_fw: 3931, ispalg_gtm_process: hist_total is 0, gtm no process !!!
03-27 20:23:42.757   905 12421 E Libae[FAE]: 1926, face_luma_calc: NO FACE
03-27 20:23:42.757   905 12421 W Libae[ABL]: 585,abl_bv_interpolation:tune param num should bigger than 1
03-27 20:23:42.757   905 12421 I cmr_oem : 10954, camera_get_af_support: af_support 0
03-27 20:23:42.758   905 12437 E awb_adpt: 1469, awb_sprd_ctrl_calculation_v3_2: check handle success
03-27 20:23:42.778   905 12384 I cmr_sensor: 959, cmr_sns_thread_proc: evt 524548
03-27 20:23:42.778   905 12384 I cmr_sensor: 1379, cmr_sns_ioctl: cmd = 45, arg = 0xdbe58530.
03-27 20:23:42.778   905 12384 I gc08a3_sharkl2: 403, gc08a3_drv_access_val: sensor gc08a3: param_ptr->type=22
03-27 20:23:42.778   905 12450 I FDV3    : [find, 710]: src:640x480 detect:224 face_num=0 0.64 ms
03-27 20:23:42.778   905 12441 W Cam3Channel: 934, getStream: channel has no valied stream(type is 7)
03-27 20:23:42.781   905 12441 I Cam3Setting: 6634, translateLocalToFwMetadata: calib_status_value:0
03-27 20:23:42.781   905 12441 E Cam3Channel: 1588, getMetadata: AE or AF callback error, give default metadata 0xe04014a0
03-27 20:23:42.782   905 12384 I cmr_sensor: 959, cmr_sns_thread_proc: evt 524548
03-27 20:23:42.783   905 12384 I cmr_sensor: 1379, cmr_sns_ioctl: cmd = 45, arg = 0xdbe58530.
03-27 20:23:42.783   905 12384 I gc08a3_sharkl2: 403, gc08a3_drv_access_val: sensor gc08a3: param_ptr->type=22
03-27 20:23:42.783 11691 11724 D CompatibilityChangeReporter: Compat change id reported: 160794467; UID 10142; state: ENABLED
03-27 20:23:42.787   905 28962 E Cam3OEMIf: 12560, queueBuffer: mFtEnable 0
03-27 20:23:42.806   905 12421 I sprd_hdr_adapter: L 200, sprd_hdr_adpt_detect: detect current hdr type: 2, detect_in_param: 0xdb33cbe0, detect_out_param: 0xdb33cd40
03-27 20:23:42.806   905 12422 I isp_blk_cmc10: 268, _pm_cmc10_set_param: cmc_result: (2437 14875 95; 16086 1352 16353; 146 15156 2104).
03-27 20:23:42.806   905 12437 E awb_adpt: 1469, awb_sprd_ctrl_calculation_v3_2: check handle success
03-27 20:23:42.807   905 12422 E isp_alg_fw: 3931, ispalg_gtm_process: hist_total is 0, gtm no process !!!
03-27 20:23:42.807   905 12421 E Libae[FAE]: 1926, face_luma_calc: NO FACE
03-27 20:23:42.807   905 12421 W Libae[ABL]: 585,abl_bv_interpolation:tune param num should bigger than 1
03-27 20:23:42.808   905 12421 I cmr_oem : 10954, camera_get_af_support: af_support 0
03-27 20:23:42.828   905 12384 I cmr_sensor: 959, cmr_sns_thread_proc: evt 524548
03-27 20:23:42.828   905 12384 I cmr_sensor: 1379, cmr_sns_ioctl: cmd = 45, arg = 0xdbe58530.
03-27 20:23:42.828   905 12384 I gc08a3_sharkl2: 403, gc08a3_drv_access_val: sensor gc08a3: param_ptr->type=22
03-27 20:23:42.829   905 12450 I FDV3    : [find, 710]: src:640x480 detect:224 face_num=0 0.61 ms
03-27 20:23:42.829   905 12441 W Cam3Channel: 934, getStream: channel has no valied stream(type is 7)
03-27 20:23:42.830   905 12441 I Cam3Setting: 6634, translateLocalToFwMetadata: calib_status_value:0
03-27 20:23:42.831   905 12441 E Cam3Channel: 1588, getMetadata: AE or AF callback error, give default metadata 0xe04014a0
03-27 20:23:42.832   905 12384 I cmr_sensor: 959, cmr_sns_thread_proc: evt 524548
03-27 20:23:42.832   905 12384 I cmr_sensor: 1379, cmr_sns_ioctl: cmd = 45, arg = 0xdbe58530.
03-27 20:23:42.832   905 12384 I gc08a3_sharkl2: 403, gc08a3_drv_access_val: sensor gc08a3: param_ptr->type=22
03-27 20:23:42.834   905 28962 E Cam3OEMIf: 12560, queueBuffer: mFtEnable 0
03-27 20:23:42.856   905 12437 E awb_adpt: 1469, awb_sprd_ctrl_calculation_v3_2: check handle success
03-27 20:23:42.856   905 12422 I isp_blk_cmc10: 268, _pm_cmc10_set_param: cmc_result: (2437 14875 95; 16086 1352 16353; 146 15156 2104).
03-27 20:23:42.856   905 12421 I sprd_hdr_adapter: L 200, sprd_hdr_adpt_detect: detect current hdr type: 2, detect_in_param: 0xdb33cbe0, detect_out_param: 0xdb33cd40
03-27 20:23:42.857   905 12422 E isp_alg_fw: 3931, ispalg_gtm_process: hist_total is 0, gtm no process !!!
03-27 20:23:42.858   905 12421 E Libae[FAE]: 1926, face_luma_calc: NO FACE
03-27 20:23:42.858   905 12421 W Libae[ABL]: 585,abl_bv_interpolation:tune param num should bigger than 1
03-27 20:23:42.858   905 12421 I cmr_oem : 10954, camera_get_af_support: af_support 0
03-27 20:23:42.878   905 12384 I cmr_sensor: 959, cmr_sns_thread_proc: evt 524548
03-27 20:23:42.878   905 12384 I cmr_sensor: 1379, cmr_sns_ioctl: cmd = 45, arg = 0xdbe58530.
03-27 20:23:42.878   905 12384 I gc08a3_sharkl2: 403, gc08a3_drv_access_val: sensor gc08a3: param_ptr->type=22
03-27 20:23:42.879   905 12441 W Cam3Channel: 934, getStream: channel has no valied stream(type is 7)
03-27 20:23:42.879   905 12450 I FDV3    : [find, 710]: src:640x480 detect:224 face_num=0 1.05 ms
03-27 20:23:42.880   905 12441 I Cam3Setting: 6634, translateLocalToFwMetadata: calib_status_value:0
03-27 20:23:42.880   905 12441 E Cam3Channel: 1588, getMetadata: AE or AF callback error, give default metadata 0xe04014a0
03-27 20:23:42.882   905 12384 I cmr_sensor: 959, cmr_sns_thread_proc: evt 524548
03-27 20:23:42.882   905 12384 I cmr_sensor: 1379, cmr_sns_ioctl: cmd = 45, arg = 0xdbe58530.
03-27 20:23:42.882   905 12384 I gc08a3_sharkl2: 403, gc08a3_drv_access_val: sensor gc08a3: param_ptr->type=22
03-27 20:23:42.885   905 28962 E Cam3OEMIf: 12560, queueBuffer: mFtEnable 0
03-27 20:23:42.907   905 12421 I sprd_hdr_adapter: L 200, sprd_hdr_adpt_detect: detect current hdr type: 2, detect_in_param: 0xdb33cbe0, detect_out_param: 0xdb33cd40
03-27 20:23:42.907   905 12422 I isp_blk_cmc10: 268, _pm_cmc10_set_param: cmc_result: (2437 14875 95; 16086 1352 16353; 146 15156 2104).
03-27 20:23:42.907   905 12422 E isp_alg_fw: 3931, ispalg_gtm_process: hist_total is 0, gtm no process !!!
03-27 20:23:42.907   905 12437 E awb_adpt: 1469, awb_sprd_ctrl_calculation_v3_2: check handle success
03-27 20:23:42.908   905 12421 E Libae[FAE]: 1926, face_luma_calc: NO FACE
03-27 20:23:42.908   905 12421 W Libae[ABL]: 585,abl_bv_interpolation:tune param num should bigger than 1
03-27 20:23:42.908   905 12421 I cmr_oem : 10954, camera_get_af_support: af_support 0
03-27 20:23:42.928   905 12384 I cmr_sensor: 959, cmr_sns_thread_proc: evt 524548
03-27 20:23:42.928   905 12384 I cmr_sensor: 1379, cmr_sns_ioctl: cmd = 45, arg = 0xdbe58530.
03-27 20:23:42.928   905 12384 I gc08a3_sharkl2: 403, gc08a3_drv_access_val: sensor gc08a3: param_ptr->type=22
03-27 20:23:42.928   905 12441 W Cam3Channel: 934, getStream: channel has no valied stream(type is 7)
03-27 20:23:42.929   905 12450 I FDV3    : [find, 710]: src:640x480 detect:224 face_num=0 1.07 ms
03-27 20:23:42.930   905 12441 I Cam3Setting: 6634, translateLocalToFwMetadata: calib_status_value:0
03-27 20:23:42.930   905 12441 E Cam3Channel: 1588, getMetadata: AE or AF callback error, give default metadata 0xe04014a0
03-27 20:23:42.931   905 12384 I cmr_sensor: 959, cmr_sns_thread_proc: evt 524548
03-27 20:23:42.931   905 12384 I cmr_sensor: 1379, cmr_sns_ioctl: cmd = 45, arg = 0xdbe58530.
03-27 20:23:42.931   905 12384 I gc08a3_sharkl2: 403, gc08a3_drv_access_val: sensor gc08a3: param_ptr->type=22
03-27 20:23:42.934   905 28962 E Cam3OEMIf: 12560, queueBuffer: mFtEnable 0
03-27 20:23:42.957   905 12421 I sprd_hdr_adapter: L 200, sprd_hdr_adpt_detect: detect current hdr type: 2, detect_in_param: 0xdb33cbe0, detect_out_param: 0xdb33cd40
03-27 20:23:42.957   905 12422 I isp_blk_cmc10: 268, _pm_cmc10_set_param: cmc_result: (2437 14875 95; 16086 1352 16353; 146 15156 2104).
03-27 20:23:42.957   905 12437 E awb_adpt: 1469, awb_sprd_ctrl_calculation_v3_2: check handle success
03-27 20:23:42.957   905 12422 E isp_alg_fw: 3931, ispalg_gtm_process: hist_total is 0, gtm no process !!!
03-27 20:23:42.958   905 12421 E Libae[FAE]: 1926, face_luma_calc: NO FACE
03-27 20:23:42.959   905 12421 W Libae[ABL]: 585,abl_bv_interpolation:tune param num should bigger than 1
03-27 20:23:42.959   905 12421 I cmr_oem : 10954, camera_get_af_support: af_support 0
03-27 20:23:42.978   905 12384 I cmr_sensor: 959, cmr_sns_thread_proc: evt 524548
03-27 20:23:42.978   905 12384 I cmr_sensor: 1379, cmr_sns_ioctl: cmd = 45, arg = 0xdbe58530.
03-27 20:23:42.978   905 12384 I gc08a3_sharkl2: 403, gc08a3_drv_access_val: sensor gc08a3: param_ptr->type=22
03-27 20:23:42.979   905 12441 W Cam3Channel: 934, getStream: channel has no valied stream(type is 7)
