03-27 20:23:30.033 24402 27709 D BLASTBufferQueue: [VRI[NotificationShade]#1102](f:0,a:4) PendingRelease=1, PendingBuffersToHold=0, SyncedFrameNumbers=0, lacfnr:381, lapfnr:381
03-27 20:23:30.044 24402 27709 D BLASTBufferQueue: [VRI[NotificationShade]#1102](f:0,a:4) PendingRelease=1, PendingBuffersToHold=0, SyncedFrameNumbers=0, lacfnr:382, lapfnr:382
03-27 20:23:30.048 12124 12124 W android.youtube: Failed to find entry 'classes.dex': Entry not found
03-27 20:23:30.052  1331  4258 D AlarmManagerService: set alarm to kernel: 449037.520000000, type=2
03-27 20:23:30.052  1331  4258 D AlarmManagerService: set alarm to kernel: 448977.624000000, type=3
03-27 20:23:30.052  1331  4258 D AlarmManagerService: set alarm to kernel: 449037.520000000, type=2
03-27 20:23:30.052  1331  4258 D AlarmManagerService: set alarm to kernel: 448977.624000000, type=3
03-27 20:23:30.055 24402 27709 D BLASTBufferQueue: [VRI[NotificationShade]#1102](f:0,a:4) PendingRelease=1, PendingBuffersToHold=0, SyncedFrameNumbers=0, lacfnr:383, lapfnr:383
03-27 20:23:30.056 12124 12124 W android.youtube: Failed to find entry 'classes.dex': Entry not found
03-27 20:23:30.057 12124 12124 D nativeloader: Configuring clns-5 for other apk /data/app/~~4kd-X0xehqaJUnOIseZ2UQ==/com.google.android.youtube-FEbwyZZM1vcJwrIJKPdNbA==/base.apk:/data/app/~~4kd-X0xehqaJUnOIseZ2UQ==/com.google.android.youtube-FEbwyZZM1vcJwrIJKPdNbA==/split_config.arm64_v8a.apk:/data/app/~~4kd-X0xehqaJUnOIseZ2UQ==/com.google.android.youtube-FEbwyZZM1vcJwrIJKPdNbA==/split_config.en.apk:/data/app/~~4kd-X0xehqaJUnOIseZ2UQ==/com.google.android.youtube-FEbwyZZM1vcJwrIJKPdNbA==/split_config.xhdpi.apk. target_sdk_version=36, uses_libraries=, library_path=/data/app/~~4kd-X0xehqaJUnOIseZ2UQ==/com.google.android.youtube-FEbwyZZM1vcJwrIJKPdNbA==/lib/arm64:/data/app/~~4kd-X0xehqaJUnOIseZ2UQ==/com.google.android.youtube-FEbwyZZM1vcJwrIJKPdNbA==/base.apk!/lib/arm64-v8a:/data/app/~~4kd-X0xehqaJUnOIseZ2UQ==/com.google.android.youtube-FEbwyZZM1vcJwrIJKPdNbA==/split_config.arm64_v8a.apk!/lib/arm64-v8a:/data/app/~~4kd-X0xehqaJUnOIseZ2UQ==/com.google.android.youtube-FEbwyZZM1vcJwrIJKPdNbA==/split_config.en.apk!/lib/arm64-v8a:/data/app/~~4kd-X0xehqaJUnOIseZ2UQ
03-27 20:23:30.059 12124 12124 W CheckTime: App running slow: Executing application classloader create took 695ms
03-27 20:23:30.066 24402 27709 D BLASTBufferQueue: [VRI[NotificationShade]#1102](f:0,a:4) PendingRelease=1, PendingBuffersToHold=0, SyncedFrameNumbers=0, lacfnr:384, lapfnr:384
03-27 20:23:30.068 30322 30322 D SensorManager: registerListenerImpl sensor = {Sensor name="acc_sc7a20", vendor="Silan", version=1, type=1, maxRange=39.2266, resolution=0.019154, power=0.17, minDelay=5000}, delayUs = 200000, latencyUs = 0, listener = android.view.OrientationEventListener$SensorEventListenerImpl@67ec794
03-27 20:23:30.077   915   915 D SensorHub: SPRD[780]batch::handle[1], flags[0], period_ns[200000000], timeout[0]
03-27 20:23:30.077 24402 27709 D BLASTBufferQueue: [VRI[NotificationShade]#1102](f:0,a:4) PendingRelease=1, PendingBuffersToHold=0, SyncedFrameNumbers=0, lacfnr:385, lapfnr:385
03-27 20:23:30.088 24402 28493 D BLASTBufferQueue: [VRI[NotificationShade]#1102](f:0,a:4) PendingRelease=1, PendingBuffersToHold=0, SyncedFrameNumbers=0, lacfnr:386, lapfnr:386
03-27 20:23:30.091   895   895 I Zygote  : Process 11079 exited due to signal 9 (Killed)
03-27 20:23:30.091  1331  1543 D ConnectivityService: releasing NetworkRequest [ REQUEST id=45820, [ Capabilities: INTERNET&NOT_RESTRICTED&TRUSTED&NOT_VCN_MANAGED Uid: 10148 RequestorUid: 10148 RequestorPkg: com.google.android.apps.docs UnderlyingNetworks: Null] ] (release request)
03-27 20:23:30.099 24402 24614 D BLASTBufferQueue: [VRI[NotificationShade]#1102](f:0,a:4) PendingRelease=1, PendingBuffersToHold=0, SyncedFrameNumbers=0, lacfnr:387, lapfnr:387
03-27 20:23:30.106 12124 12124 D nativeloader: Load libframework-connectivity-jni.so using APEX ns com_android_tethering for caller /apex/com.android.tethering/javalib/framework-connectivity.jar: ok
03-27 20:23:30.110 24402 24614 D BLASTBufferQueue: [VRI[NotificationShade]#1102](f:0,a:4) PendingRelease=1, PendingBuffersToHold=0, SyncedFrameNumbers=0, lacfnr:388, lapfnr:388
03-27 20:23:30.112 12124 12124 V GraphicsEnvironment: Currently set values for:
03-27 20:23:30.112 12124 12124 V GraphicsEnvironment:   angle_gl_driver_selection_pkgs=[]
03-27 20:23:30.112 12124 12124 V GraphicsEnvironment:   angle_gl_driver_selection_values=[]
03-27 20:23:30.113 30322 30322 I ContentCaptureHelper: Setting logging level to OFF
03-27 20:23:30.113 12124 12124 V GraphicsEnvironment: ANGLE GameManagerService for com.google.android.youtube: false
03-27 20:23:30.113 12124 12124 V GraphicsEnvironment: com.google.android.youtube is not listed in per-application setting
03-27 20:23:30.113 12124 12124 V GraphicsEnvironment: Neither updatable production driver nor prerelease driver is supported.
03-27 20:23:30.115 11663 11765 D mali_gralloc: unregister: id=38e000117e1, handle=0xb400007e6bf95d30, base=0x0, importpid=11663, count:0
03-27 20:23:30.116 11663 11765 D mali_gralloc: unregister: id=38e000117e4, handle=0xb400007e6bfa0050, base=0x0, importpid=11663, count:0
03-27 20:23:30.116   942  1001 D mali_gralloc: unregister: id=38e000117e1, handle=0xb400007bafd1cad0, base=0x0, importpid=942, count:0
03-27 20:23:30.117 11663 11765 D OpenGLRenderer: endAllActiveAnimators on 0xb400007eebfdbb20 (UnprojectedRipple) with handle 0xb400007ecbfb6ba0
03-27 20:23:30.118 30322 30322 I ImeTracker: com.whatsapp:9099e78d: onRequestHide at ORIGIN_CLIENT_HIDE_SOFT_INPUT reason HIDE_SOFT_INPUT
03-27 20:23:30.119 30322 30322 I ImeTracker: com.whatsapp:9099e78d: onFailed at PHASE_CLIENT_VIEW_SERVED
03-27 20:23:30.119   928   928 D PowerHAL: Enter getSceneIdByName: sceneName:com.whatsapp
03-27 20:23:30.119   928   928 D PowerHAL: Enter getSceneIdByName: sceneName:PACKAGE
03-27 20:23:30.121 24402 24614 D BLASTBufferQueue: [VRI[NotificationShade]#1102](f:0,a:4) PendingRelease=1, PendingBuffersToHold=0, SyncedFrameNumbers=0, lacfnr:389, lapfnr:389
03-27 20:23:30.122 11663 11672 D mali_gralloc: unregister: id=38e000117e3, handle=0xb400007e6bf9aad0, base=0x0, importpid=11663, count:0
03-27 20:23:30.122   942  1001 D mali_gralloc: unregister: id=38e000117e4, handle=0xb400007bafd19170, base=0x0, importpid=942, count:0
03-27 20:23:30.128 11663 11663 D mali_gralloc: unregister: id=38e000117e2, handle=0xb400007e6bf91bf0, base=0x0, importpid=11663, count:0
03-27 20:23:30.130   942   942 W Layer   : Hide layer Input Consumer recents_animation_input_consumer#15340 because zOrderRelativeOf = ActivityRecord{3768a16 u0 com.google.android.gm/.ConversationListActivityGmail#27062 is hide.
03-27 20:23:30.130   942   942 W Layer   : Hide layer Input Consumer recents_animation_input_consumer#15340 because zOrderRelativeOf = ActivityRecord{3768a16 u0 com.google.android.gm/.ConversationListActivityGmail#27062 is hide.
03-27 20:23:30.131  1331  3670 D InputDispatcher: setInputWindows displayId=0 cf1652a NavigationBar0 7da7d35 NotificationShade 5465496 StatusBar 8a310de Splash Screen com.whatsapp 25b3f4 ActivityRecordInputSink com.whatsapp/.calling.ui.VoipActivityV2 eeb822b com.smartfit.app/com.smartfit.app.MainActivity 991143b ActivityRecordInputSink com.smartfit.app/.MainActivity 3cac54b ActivityRecordInputSink com.whatsapp/.Conversation cfc9a62 ActivityRecordInputSink com.whatsapp/.home.ui.HomeActivity 75522f8 ActivityRecordInputSink com.android.chrome/org.chromium.chrome.browser.ChromeTabbedActivity recents_animation_input_consumer 8e45331 ActivityRecordInputSink com.google.android.gm/.ui.MailActivityGmail Dim layer#11752 Dim layer#11751 b6305f1 ActivityRecordInputSink com.android.launcher3/com.android.searchlauncher.SearchLauncher Wallpaper BBQ wrapper#11766 40061be com.android.systemui.wallpapers.ImageWallpaper
03-27 20:23:30.133   942  1001 D mali_gralloc: unregister: id=38e000117e3, handle=0xb400007bafd26cd0, base=0x0, importpid=942, count:0
03-27 20:23:30.134 24402 24614 D BLASTBufferQueue: [VRI[NotificationShade]#1102](f:0,a:4) PendingRelease=1, PendingBuffersToHold=0, SyncedFrameNumbers=0, lacfnr:390, lapfnr:390
03-27 20:23:30.141   942   942 W Layer   : Hide layer Input Consumer recents_animation_input_consumer#15340 because zOrderRelativeOf = ActivityRecord{3768a16 u0 com.google.android.gm/.ConversationListActivityGmail#27062 is hide.
03-27 20:23:30.141   942   942 W Layer   : Hide layer Input Consumer recents_animation_input_consumer#15340 because zOrderRelativeOf = ActivityRecord{3768a16 u0 com.google.android.gm/.ConversationListActivityGmail#27062 is hide.
03-27 20:23:30.142  1331  3670 D InputDispatcher: setInputWindows displayId=0 cf1652a NavigationBar0 7da7d35 NotificationShade 5465496 StatusBar 8a310de Splash Screen com.whatsapp 25b3f4 ActivityRecordInputSink com.whatsapp/.calling.ui.VoipActivityV2 eeb822b com.smartfit.app/com.smartfit.app.MainActivity 991143b ActivityRecordInputSink com.smartfit.app/.MainActivity 3cac54b ActivityRecordInputSink com.whatsapp/.Conversation cfc9a62 ActivityRecordInputSink com.whatsapp/.home.ui.HomeActivity 75522f8 ActivityRecordInputSink com.android.chrome/org.chromium.chrome.browser.ChromeTabbedActivity recents_animation_input_consumer 8e45331 ActivityRecordInputSink com.google.android.gm/.ui.MailActivityGmail Dim layer#11752 Dim layer#11751 b6305f1 ActivityRecordInputSink com.android.launcher3/com.android.searchlauncher.SearchLauncher Wallpaper BBQ wrapper#11766 40061be com.android.systemui.wallpapers.ImageWallpaper
03-27 20:23:30.144 24402 27969 D BLASTBufferQueue: [VRI[NotificationShade]#1102](f:0,a:4) PendingRelease=1, PendingBuffersToHold=0, SyncedFrameNumbers=0, lacfnr:391, lapfnr:391
03-27 20:23:30.154 24402 27969 D BLASTBufferQueue: [VRI[NotificationShade]#1102](f:0,a:4) PendingRelease=1, PendingBuffersToHold=0, SyncedFrameNumbers=0, lacfnr:392, lapfnr:392
03-27 20:23:30.159 30322 30322 D InputEventReceiver: android_view_InputEventReceiver debug log is enabled
03-27 20:23:30.159 30322 30322 D InputEventReceiver: channel 'd8c563e com.whatsapp/com.whatsapp.calling.ui.VoipActivityV2 (client)' ~ Initializing input event receiver.
03-27 20:23:30.163   942   942 W Layer   : Hide layer Input Consumer recents_animation_input_consumer#15340 because zOrderRelativeOf = ActivityRecord{3768a16 u0 com.google.android.gm/.ConversationListActivityGmail#27062 is hide.
03-27 20:23:30.163   942   942 W Layer   : Hide layer Input Consumer recents_animation_input_consumer#15340 because zOrderRelativeOf = ActivityRecord{3768a16 u0 com.google.android.gm/.ConversationListActivityGmail#27062 is hide.
03-27 20:23:30.164  1331  3670 D InputDispatcher: setInputWindows displayId=0 cf1652a NavigationBar0 7da7d35 NotificationShade 5465496 StatusBar 8a310de Splash Screen com.whatsapp 25b3f4 ActivityRecordInputSink com.whatsapp/.calling.ui.VoipActivityV2 eeb822b com.smartfit.app/com.smartfit.app.MainActivity 991143b ActivityRecordInputSink com.smartfit.app/.MainActivity 3cac54b ActivityRecordInputSink com.whatsapp/.Conversation cfc9a62 ActivityRecordInputSink com.whatsapp/.home.ui.HomeActivity 75522f8 ActivityRecordInputSink com.android.chrome/org.chromium.chrome.browser.ChromeTabbedActivity recents_animation_input_consumer 8e45331 ActivityRecordInputSink com.google.android.gm/.ui.MailActivityGmail Dim layer#11752 Dim layer#11751 b6305f1 ActivityRecordInputSink com.android.launcher3/com.android.searchlauncher.SearchLauncher Wallpaper BBQ wrapper#11766 40061be com.android.systemui.wallpapers.ImageWallpaper
03-27 20:23:30.167 24402 27969 D BLASTBufferQueue: [VRI[NotificationShade]#1102](f:0,a:4) PendingRelease=1, PendingBuffersToHold=0, SyncedFrameNumbers=0, lacfnr:393, lapfnr:393
03-27 20:23:30.174   942   942 W Layer   : Hide layer Input Consumer recents_animation_input_consumer#15340 because zOrderRelativeOf = ActivityRecord{3768a16 u0 com.google.android.gm/.ConversationListActivityGmail#27062 is hide.
03-27 20:23:30.174   942   942 W Layer   : Hide layer Input Consumer recents_animation_input_consumer#15340 because zOrderRelativeOf = ActivityRecord{3768a16 u0 com.google.android.gm/.ConversationListActivityGmail#27062 is hide.
03-27 20:23:30.176  1331  3670 D InputDispatcher: setInputWindows displayId=0 cf1652a NavigationBar0 7da7d35 NotificationShade 5465496 StatusBar 8a310de Splash Screen com.whatsapp 25b3f4 ActivityRecordInputSink com.whatsapp/.calling.ui.VoipActivityV2 eeb822b com.smartfit.app/com.smartfit.app.MainActivity 991143b ActivityRecordInputSink com.smartfit.app/.MainActivity 3cac54b ActivityRecordInputSink com.whatsapp/.Conversation cfc9a62 ActivityRecordInputSink com.whatsapp/.home.ui.HomeActivity 75522f8 ActivityRecordInputSink com.android.chrome/org.chromium.chrome.browser.ChromeTabbedActivity recents_animation_input_consumer 8e45331 ActivityRecordInputSink com.google.android.gm/.ui.MailActivityGmail Dim layer#11752 Dim layer#11751 b6305f1 ActivityRecordInputSink com.android.launcher3/com.android.searchlauncher.SearchLauncher Wallpaper BBQ wrapper#11766 40061be com.android.systemui.wallpapers.ImageWallpaper
03-27 20:23:30.179 24402 27969 D BLASTBufferQueue: [VRI[NotificationShade]#1102](f:0,a:4) PendingRelease=1, PendingBuffersToHold=0, SyncedFrameNumbers=0, lacfnr:394, lapfnr:394
03-27 20:23:30.189 24402 28493 D BLASTBufferQueue: [VRI[NotificationShade]#1102](f:0,a:4) PendingRelease=1, PendingBuffersToHold=0, SyncedFrameNumbers=0, lacfnr:395, lapfnr:395
03-27 20:23:30.200 24402 28320 D BLASTBufferQueue: [VRI[NotificationShade]#1102](f:0,a:4) PendingRelease=1, PendingBuffersToHold=0, SyncedFrameNumbers=0, lacfnr:396, lapfnr:396
03-27 20:23:30.205  1331  1429 V AS.AudioDeviceBroker: setSpeakerphoneOn, on: false pid: 30322
03-27 20:23:30.206 12124 12141 D nativeloader: Load /data/app/~~4kd-X0xehqaJUnOIseZ2UQ==/com.google.android.youtube-FEbwyZZM1vcJwrIJKPdNbA==/split_config.arm64_v8a.apk!/lib/arm64-v8a/libnative_crash_handler_jni.so using class loader ns clns-5 (caller=/data/app/~~4kd-X0xehqaJUnOIseZ2UQ==/com.google.android.youtube-FEbwyZZM1vcJwrIJKPdNbA==/base.apk!classes2.dex): ok
03-27 20:23:30.207  1097  1164 E SLOGCP  : data_rate_stat: agdsp rate: total size(MB)=0.000000; per second(bytes)=0.000000, drop_cnt_=0, drop_data_size_=0, pollin event times=0.
03-27 20:23:30.207  1331  1553 V AS.AudioDeviceBroker: onSetCommunicationDeviceForClient: CommunicationDeviceInfo mCb=android.os.BinderProxy@9cb70e9 mPid=30322 mDevice=[AudioDeviceAttributes: role:output type:speaker addr: name: profiles:[] descriptors:[]] mOn=false mScoAudioMode=-1 mEventSource=setSpeakerphoneOn(false) from u/pid:10214/30322 mWaitForStatus=false mStatus=false
03-27 20:23:30.207  1331  1553 V AS.AudioDeviceBroker: setCommunicationRouteForClient: device: null
03-27 20:23:30.210  1331  1553 I AS.AudioDeviceBroker: setCommunicationRouteForClient for pid: 30322 device: null from API: setSpeakerphoneOn(false) from u/pid:10214/30322
03-27 20:23:30.210  1331  1553 V AS.AudioDeviceBroker: requestedCommunicationDevice: AudioDeviceAttributes: role:output type:speaker addr: name: profiles:[] descriptors:[] mAudioModeOwner: AudioModeInfo: mMode=MODE_RINGTONE, mPid=30322, mUid=10214
03-27 20:23:30.212  1331  3676 V AS.AudioService: setMode(mode=3, pid=30322, uid=10214, caller=com.whatsapp)
03-27 20:23:30.212  1331  1553 V AS.AudioDeviceBroker: requestedCommunicationDevice: null mAudioModeOwner: AudioModeInfo: mMode=MODE_RINGTONE, mPid=30322, mUid=10214
03-27 20:23:30.212  1331  1553 V AS.AudioDeviceBroker: requestedCommunicationDevice: null mAudioModeOwner: AudioModeInfo: mMode=MODE_RINGTONE, mPid=30322, mUid=10214
03-27 20:23:30.212  1331  1553 V AS.AudioDeviceBroker: requestedCommunicationDevice: null mAudioModeOwner: AudioModeInfo: mMode=MODE_RINGTONE, mPid=30322, mUid=10214
03-27 20:23:30.212  1331  1553 V AS.AudioDeviceBroker: requestedCommunicationDevice: null mAudioModeOwner: AudioModeInfo: mMode=MODE_RINGTONE, mPid=30322, mUid=10214
03-27 20:23:30.212  1331  1553 V AS.AudioDeviceBroker: updateCommunicationRoute, preferredCommunicationDevice: null eventSource: setSpeakerphoneOn(false) from u/pid:10214/30322
03-27 20:23:30.211 24402 28493 D BLASTBufferQueue: [VRI[NotificationShade]#1102](f:0,a:4) PendingRelease=1, PendingBuffersToHold=0, SyncedFrameNumbers=0, lacfnr:397, lapfnr:397
03-27 20:23:30.215   936   936 D vendor.sprd.hardware.vibrator-service: vibra_off
03-27 20:23:30.221 31983 11938 I APM_AudioPolicyManager: getNewOutputDevices selected devices AUDIO_DEVICE_NONE
03-27 20:23:30.221 24402 28493 D BLASTBufferQueue: [VRI[NotificationShade]#1102](f:0,a:4) PendingRelease=1, PendingBuffersToHold=0, SyncedFrameNumbers=0, lacfnr:398, lapfnr:398
03-27 20:23:30.221 31983 11938 I APM_AudioPolicyManager: setOutputDevices device AUDIO_DEVICE_NONE delayMs 100
03-27 20:23:30.224 31983 11938 I APM_AudioPolicyManager: getNewOutputDevices selected devices AUDIO_DEVICE_NONE
03-27 20:23:30.224 31983 11938 I APM_AudioPolicyManager: setOutputDevices device AUDIO_DEVICE_NONE delayMs 0
03-27 20:23:30.226 31983 11938 I APM_AudioPolicyManager: setOutputDevices changing device to AUDIO_DEVICE_NONE
03-27 20:23:30.228 31983 11938 I APM_AudioPolicyManager: getNewOutputDevices selected devices AUDIO_DEVICE_NONE
03-27 20:23:30.228 31983 11938 I APM_AudioPolicyManager: setOutputDevices device AUDIO_DEVICE_NONE delayMs 0
03-27 20:23:30.230 31983 11938 I APM_AudioPolicyManager: getNewOutputDevices selected devices AUDIO_DEVICE_NONE
03-27 20:23:30.230 31983 11938 I APM_AudioPolicyManager: setOutputDevices device AUDIO_DEVICE_NONE delayMs 0
03-27 20:23:30.232 24402 28493 D BLASTBufferQueue: [VRI[NotificationShade]#1102](f:0,a:4) PendingRelease=1, PendingBuffersToHold=0, SyncedFrameNumbers=0, lacfnr:399, lapfnr:399
03-27 20:23:30.239 31983 21795 I APM_AudioPolicyManager: getNewOutputDevices selected devices AUDIO_DEVICE_NONE
03-27 20:23:30.239 31983 21795 I APM_AudioPolicyManager: setOutputDevices device AUDIO_DEVICE_NONE delayMs 0
03-27 20:23:30.241 31983 21795 I APM_AudioPolicyManager: getNewOutputDevices selected devices AUDIO_DEVICE_NONE
03-27 20:23:30.241 31983 21795 I APM_AudioPolicyManager: setOutputDevices device AUDIO_DEVICE_NONE delayMs 0
03-27 20:23:30.242 31983 21795 I APM_AudioPolicyManager: setOutputDevices changing device to AUDIO_DEVICE_NONE
03-27 20:23:30.243 31983 21795 I APM_AudioPolicyManager: getNewOutputDevices selected devices AUDIO_DEVICE_NONE
03-27 20:23:30.243 31983 21795 I APM_AudioPolicyManager: setOutputDevices device AUDIO_DEVICE_NONE delayMs 0
03-27 20:23:30.244 24402 28493 D BLASTBufferQueue: [VRI[NotificationShade]#1102](f:0,a:4) PendingRelease=1, PendingBuffersToHold=0, SyncedFrameNumbers=0, lacfnr:400, lapfnr:400
03-27 20:23:30.244 31983 21795 I APM_AudioPolicyManager: getNewOutputDevices selected devices AUDIO_DEVICE_NONE
03-27 20:23:30.244 31983 21795 I APM_AudioPolicyManager: setOutputDevices device AUDIO_DEVICE_NONE delayMs 0
03-27 20:23:30.247  1331  1553 V AS.AudioDeviceBroker: requestedCommunicationDevice: null mAudioModeOwner: AudioModeInfo: mMode=MODE_RINGTONE, mPid=30322, mUid=10214
03-27 20:23:30.255  1331  1553 V AS.AudioDeviceBroker: requestedCommunicationDevice: null mAudioModeOwner: AudioModeInfo: mMode=MODE_RINGTONE, mPid=30322, mUid=10214
03-27 20:23:30.255 31983 11938 D APM_AudioPolicyManager: setForceUse() usage 7, config 0, mPhoneState 1
03-27 20:23:30.255 24402 28493 D BLASTBufferQueue: [VRI[NotificationShade]#1102](f:0,a:4) PendingRelease=1, PendingBuffersToHold=0, SyncedFrameNumbers=0, lacfnr:401, lapfnr:401
03-27 20:23:30.259  1331  3676 V AS.AudioService: setMode(3) updating hldr for pid: 30322
03-27 20:23:30.262  1331  1331 V AS.AudioDeviceBroker: requestedCommunicationDevice: null mAudioModeOwner: AudioModeInfo: mMode=MODE_RINGTONE, mPid=30322, mUid=10214
03-27 20:23:30.262  1331  1556 V AS.AudioService: onUpdateAudioMode() new mode: 3, current mode: 1 requested mode: 3
03-27 20:23:30.265 31984 31984 D audio_hw_primary: adev_set_mode: mode(3) last_mode(1)
03-27 20:23:30.266 24402 28493 D BLASTBufferQueue: [VRI[NotificationShade]#1102](f:0,a:4) PendingRelease=1, PendingBuffersToHold=0, SyncedFrameNumbers=0, lacfnr:402, lapfnr:402
03-27 20:23:30.267 31983 11938 I APM_AudioPolicyManager: setPhoneState() state 3
03-27 20:23:30.269  1331  1346 V AS.AudioDeviceBroker: requestedCommunicationDevice: null mAudioModeOwner: AudioModeInfo: mMode=MODE_RINGTONE, mPid=30322, mUid=10214
03-27 20:23:30.270  1331  1346 V AS.AudioDeviceBroker: requestedCommunicationDevice: null mAudioModeOwner: AudioModeInfo: mMode=MODE_RINGTONE, mPid=30322, mUid=10214
03-27 20:23:30.271  1331  1346 V AS.AudioDeviceBroker: requestedCommunicationDevice: null mAudioModeOwner: AudioModeInfo: mMode=MODE_RINGTONE, mPid=30322, mUid=10214
03-27 20:23:30.272  1331  1346 V AS.AudioDeviceBroker: requestedCommunicationDevice: null mAudioModeOwner: AudioModeInfo: mMode=MODE_RINGTONE, mPid=30322, mUid=10214
03-27 20:23:30.275   942   942 W Layer   : Hide layer Input Consumer recents_animation_input_consumer#15340 because zOrderRelativeOf = ActivityRecord{3768a16 u0 com.google.android.gm/.ConversationListActivityGmail#27062 is hide.
03-27 20:23:30.275   942   942 W Layer   : Hide layer Input Consumer recents_animation_input_consumer#15340 because zOrderRelativeOf = ActivityRecord{3768a16 u0 com.google.android.gm/.ConversationListActivityGmail#27062 is hide.
03-27 20:23:30.275   928   928 D PowerHAL: enter power::setMode
03-27 20:23:30.275   928   928 D PowerHAL: PowerSessionManager::updateHintMode: mode: LAUNCH, enabled: 1
03-27 20:23:30.275   928   928 D PowerHAL: PowerSessionManager::updateHintMode resValue = 0
03-27 20:23:30.276  1331  3676 D InputDispatcher: setInputWindows displayId=0 cf1652a NavigationBar0 7da7d35 NotificationShade 5465496 StatusBar 8a310de Splash Screen com.whatsapp 25b3f4 ActivityRecordInputSink com.whatsapp/.calling.ui.VoipActivityV2 eeb822b com.smartfit.app/com.smartfit.app.MainActivity 991143b ActivityRecordInputSink com.smartfit.app/.MainActivity 3cac54b ActivityRecordInputSink com.whatsapp/.Conversation cfc9a62 ActivityRecordInputSink com.whatsapp/.home.ui.HomeActivity 75522f8 ActivityRecordInputSink com.android.chrome/org.chromium.chrome.browser.ChromeTabbedActivity recents_animation_input_consumer 8e45331 ActivityRecordInputSink com.google.android.gm/.ui.MailActivityGmail Dim layer#11752 Dim layer#11751 b6305f1 ActivityRecordInputSink com.android.launcher3/com.android.searchlauncher.SearchLauncher Wallpaper BBQ wrapper#11766 40061be com.android.systemui.wallpapers.ImageWallpaper
03-27 20:23:30.278 24402 28493 D BLASTBufferQueue: [VRI[NotificationShade]#1102](f:0,a:4) PendingRelease=1, PendingBuffersToHold=0, SyncedFrameNumbers=0, lacfnr:403, lapfnr:403
03-27 20:23:30.288 24402 28493 D BLASTBufferQueue: [VRI[NotificationShade]#1102](f:0,a:4) PendingRelease=1, PendingBuffersToHold=0, SyncedFrameNumbers=0, lacfnr:404, lapfnr:404
03-27 20:23:30.288 31983 32264 I AudioFlinger: acquireWakeLock_l() AudioOut_D status 0
03-27 20:23:30.294 31983 32269 I AudioFlinger: acquireWakeLock_l() AudioOut_15 status 0
03-27 20:23:30.294 31983 32269 D AudioFlinger: ro.audio.silent is ignored since no output device is set
03-27 20:23:30.296   942   942 I BpBinder: onLastStrongRef automatically unlinking death recipients:
03-27 20:23:30.297   942   942 W Layer   : Hide layer Input Consumer recents_animation_input_consumer#15340 because zOrderRelativeOf = ActivityRecord{3768a16 u0 com.google.android.gm/.ConversationListActivityGmail#27062 is hide.
03-27 20:23:30.297   942   942 W Layer   : Hide layer Input Consumer recents_animation_input_consumer#15340 because zOrderRelativeOf = ActivityRecord{3768a16 u0 com.google.android.gm/.ConversationListActivityGmail#27062 is hide.
03-27 20:23:30.297 31983 32277 I AudioFlinger: acquireWakeLock_l() AudioOut_25 status 0
03-27 20:23:30.298  1331  2926 D InputDispatcher: setInputWindows displayId=0 cf1652a NavigationBar0 7da7d35 NotificationShade 5465496 StatusBar 8a310de Splash Screen com.whatsapp 25b3f4 ActivityRecordInputSink com.whatsapp/.calling.ui.VoipActivityV2 eeb822b com.smartfit.app/com.smartfit.app.MainActivity 991143b ActivityRecordInputSink com.smartfit.app/.MainActivity 3cac54b ActivityRecordInputSink com.whatsapp/.Conversation cfc9a62 ActivityRecordInputSink com.whatsapp/.home.ui.HomeActivity 75522f8 ActivityRecordInputSink com.android.chrome/org.chromium.chrome.browser.ChromeTabbedActivity recents_animation_input_consumer 8e45331 ActivityRecordInputSink com.google.android.gm/.ui.MailActivityGmail Dim layer#11752 Dim layer#11751 b6305f1 ActivityRecordInputSink com.android.launcher3/com.android.searchlauncher.SearchLauncher Wallpaper BBQ wrapper#11766 40061be com.android.systemui.wallpapers.ImageWallpaper
03-27 20:23:30.300 24402 27709 D BLASTBufferQueue: [VRI[NotificationShade]#1102](f:0,a:4) PendingRelease=1, PendingBuffersToHold=0, SyncedFrameNumbers=0, lacfnr:405, lapfnr:405
03-27 20:23:30.301 31983 11938 I APM_AudioPolicyManager: getNewOutputDevices selected devices {AUDIO_DEVICE_OUT_EARPIECE, @:}
03-27 20:23:30.301 31983 11938 I APM_AudioPolicyManager: setOutputDevices device {AUDIO_DEVICE_OUT_EARPIECE, @:} delayMs 0
03-27 20:23:30.303 31983 11938 I APM_AudioPolicyManager: setOutputDevices changing device to {AUDIO_DEVICE_OUT_EARPIECE, @:}
03-27 20:23:30.303 24402 24402 D NotificationShadeWindowController: isKeyguardShowingAndNotOccluded= false keyguardFadingAway=false keygaurdTransparent=false
03-27 20:23:30.308   942   942 W Layer   : Hide layer Input Consumer recents_animation_input_consumer#15340 because zOrderRelativeOf = ActivityRecord{3768a16 u0 com.google.android.gm/.ConversationListActivityGmail#27062 is hide.
03-27 20:23:30.308   942   942 W Layer   : Hide layer Input Consumer recents_animation_input_consumer#15340 because zOrderRelativeOf = ActivityRecord{3768a16 u0 com.google.android.gm/.ConversationListActivityGmail#27062 is hide.
03-27 20:23:30.309  1331  2926 D InputDispatcher: setInputWindows displayId=0 cf1652a NavigationBar0 7da7d35 NotificationShade 5465496 StatusBar 8a310de Splash Screen com.whatsapp 25b3f4 ActivityRecordInputSink com.whatsapp/.calling.ui.VoipActivityV2 eeb822b com.smartfit.app/com.smartfit.app.MainActivity 991143b ActivityRecordInputSink com.smartfit.app/.MainActivity 3cac54b ActivityRecordInputSink com.whatsapp/.Conversation cfc9a62 ActivityRecordInputSink com.whatsapp/.home.ui.HomeActivity 75522f8 ActivityRecordInputSink com.android.chrome/org.chromium.chrome.browser.ChromeTabbedActivity recents_animation_input_consumer 8e45331 ActivityRecordInputSink com.google.android.gm/.ui.MailActivityGmail Dim layer#11752 Dim layer#11751 b6305f1 ActivityRecordInputSink com.android.launcher3/com.android.searchlauncher.SearchLauncher Wallpaper BBQ wrapper#11766 40061be com.android.systemui.wallpapers.ImageWallpaper
03-27 20:23:30.311 24402 27709 D BLASTBufferQueue: [VRI[NotificationShade]#1102](f:0,a:4) PendingRelease=1, PendingBuffersToHold=0, SyncedFrameNumbers=0, lacfnr:406, lapfnr:406
03-27 20:23:30.311   910   910 I mali_gralloc: allocate: id=38e000117ea, hal_format=RGBA8888, mali_format=RGBA8888, afbc=SPLIT, usage=GPU_RW|HWC, size=720x1600(4680704), stride=720, name=VRI[VoipActivityV2]#42(BLAST Consumer)42
03-27 20:23:30.312 30322 12178 D mali_gralloc: register: id=38e000117ea, handle=0xb400007e6c0506f0, importpid=-1, gRegisteredHandles=0
03-27 20:23:30.316   910   910 I mali_gralloc: allocate: id=38e000117eb, hal_format=RGBA8888, mali_format=RGBA8888, afbc=SPLIT, usage=GPU_RW|HWC, size=720x1600(4680704), stride=720, name=VRI[VoipActivityV2]#42(BLAST Consumer)42
03-27 20:23:30.318 30322 12178 D mali_gralloc: register: id=38e000117eb, handle=0xb400007e6c04ae10, importpid=-1, gRegisteredHandles=1
03-27 20:23:30.319   942   942 W Layer   : Hide layer Input Consumer recents_animation_input_consumer#15340 because zOrderRelativeOf = ActivityRecord{3768a16 u0 com.google.android.gm/.ConversationListActivityGmail#27062 is hide.
03-27 20:23:30.319   942   942 W Layer   : Hide layer Input Consumer recents_animation_input_consumer#15340 because zOrderRelativeOf = ActivityRecord{3768a16 u0 com.google.android.gm/.ConversationListActivityGmail#27062 is hide.
03-27 20:23:30.320  1331  1878 D InputDispatcher: setInputWindows displayId=0 cf1652a NavigationBar0 7da7d35 NotificationShade 5465496 StatusBar 8a310de Splash Screen com.whatsapp d8c563e com.whatsapp/com.whatsapp.calling.ui.VoipActivityV2 25b3f4 ActivityRecordInputSink com.whatsapp/.calling.ui.VoipActivityV2 eeb822b com.smartfit.app/com.smartfit.app.MainActivity 991143b ActivityRecordInputSink com.smartfit.app/.MainActivity 3cac54b ActivityRecordInputSink com.whatsapp/.Conversation cfc9a62 ActivityRecordInputSink com.whatsapp/.home.ui.HomeActivity 75522f8 ActivityRecordInputSink com.android.chrome/org.chromium.chrome.browser.ChromeTabbedActivity recents_animation_input_consumer 8e45331 ActivityRecordInputSink com.google.android.gm/.ui.MailActivityGmail Dim layer#11752 Dim layer#11751 b6305f1 ActivityRecordInputSink com.android.launcher3/com.android.searchlauncher.SearchLauncher Wallpaper BBQ wrapper#11766 40061be com.android.systemui.wallpapers.ImageWallpaper
03-27 20:23:30.321   910   910 I mali_gralloc: allocate: id=38e000117ec, hal_format=RGBA8888, mali_format=RGBA8888, afbc=SPLIT, usage=GPU_RW|HWC, size=720x1600(4680704), stride=720, name=VRI[VoipActivityV2]#42(BLAST Consumer)42
03-27 20:23:30.322 30322 12178 D mali_gralloc: register: id=38e000117ec, handle=0xb400007e6c02fab0, importpid=-1, gRegisteredHandles=2
03-27 20:23:30.323 24402 27709 D BLASTBufferQueue: [VRI[NotificationShade]#1102](f:0,a:4) PendingRelease=1, PendingBuffersToHold=0, SyncedFrameNumbers=0, lacfnr:407, lapfnr:407
03-27 20:23:30.324   910   910 I mali_gralloc: allocate: id=38e000117ed, hal_format=RGBA8888, mali_format=RGBA8888, afbc=SPLIT, usage=GPU_RW|HWC, size=720x1600(4680704), stride=720, name=VRI[VoipActivityV2]#42(BLAST Consumer)42
03-27 20:23:30.324 30322 12178 D mali_gralloc: register: id=38e000117ed, handle=0xb400007e6bf7c710, importpid=-1, gRegisteredHandles=3
03-27 20:23:30.333 24402 24487 D InputEventReceiver: android_view_InputEventReceiver debug log is enabled
03-27 20:23:30.333 24402 24487 D InputEventReceiver: channel 'f8adb38 Splash Screen com.smartfit.app.test (client)' ~ Initializing input event receiver.
03-27 20:23:30.334 24402 27709 D BLASTBufferQueue: [VRI[NotificationShade]#1102](f:0,a:4) PendingRelease=1, PendingBuffersToHold=0, SyncedFrameNumbers=0, lacfnr:408, lapfnr:408
03-27 20:23:30.335  1331  2926 V AS.AudioDeviceBroker: requestedCommunicationDevice: null mAudioModeOwner: AudioModeInfo: mMode=MODE_RINGTONE, mPid=30322, mUid=10214
03-27 20:23:30.335  1331  2926 V AS.AudioDeviceBroker: requestedCommunicationDevice: null mAudioModeOwner: AudioModeInfo: mMode=MODE_RINGTONE, mPid=30322, mUid=10214
03-27 20:23:30.335  1331  2926 V AS.AudioDeviceBroker: requestedCommunicationDevice: null mAudioModeOwner: AudioModeInfo: mMode=MODE_RINGTONE, mPid=30322, mUid=10214
03-27 20:23:30.336  1331  1878 V AS.AudioDeviceBroker: requestedCommunicationDevice: null mAudioModeOwner: AudioModeInfo: mMode=MODE_RINGTONE, mPid=30322, mUid=10214
03-27 20:23:30.337 30322 12186 I WhatsAppJni: EnsureThreadAttached: attached current thread to JVM
03-27 20:23:30.341   942   942 W Layer   : Hide layer Input Consumer recents_animation_input_consumer#15340 because zOrderRelativeOf = ActivityRecord{3768a16 u0 com.google.android.gm/.ConversationListActivityGmail#27062 is hide.
03-27 20:23:30.341   942   942 W Layer   : Hide layer Input Consumer recents_animation_input_consumer#15340 because zOrderRelativeOf = ActivityRecord{3768a16 u0 com.google.android.gm/.ConversationListActivityGmail#27062 is hide.
03-27 20:23:30.342  1331  1346 D InputDispatcher: setInputWindows displayId=0 cf1652a NavigationBar0 7da7d35 NotificationShade 5465496 StatusBar 8a310de Splash Screen com.whatsapp d8c563e com.whatsapp/com.whatsapp.calling.ui.VoipActivityV2 25b3f4 ActivityRecordInputSink com.whatsapp/.calling.ui.VoipActivityV2 eeb822b com.smartfit.app/com.smartfit.app.MainActivity 991143b ActivityRecordInputSink com.smartfit.app/.MainActivity 3cac54b ActivityRecordInputSink com.whatsapp/.Conversation cfc9a62 ActivityRecordInputSink com.whatsapp/.home.ui.HomeActivity 75522f8 ActivityRecordInputSink com.android.chrome/org.chromium.chrome.browser.ChromeTabbedActivity recents_animation_input_consumer 8e45331 ActivityRecordInputSink com.google.android.gm/.ui.MailActivityGmail Dim layer#11752 Dim layer#11751 b6305f1 ActivityRecordInputSink com.android.launcher3/com.android.searchlauncher.SearchLauncher Wallpaper BBQ wrapper#11766 40061be com.android.systemui.wallpapers.ImageWallpaper
03-27 20:23:30.344  1331  4257 V AS.AudioDeviceBroker: setSpeakerphoneOn, on: true pid: 30322
03-27 20:23:30.344 24402 27709 D BLASTBufferQueue: [VRI[NotificationShade]#1102](f:0,a:4) PendingRelease=1, PendingBuffersToHold=0, SyncedFrameNumbers=0, lacfnr:409, lapfnr:409
03-27 20:23:30.347  1331  4257 V AS.AudioDeviceBroker: requestedCommunicationDevice: null mAudioModeOwner: AudioModeInfo: mMode=MODE_RINGTONE, mPid=30322, mUid=10214
03-27 20:23:30.348  1331  4257 V AS.AudioDeviceBroker: requestedCommunicationDevice: null mAudioModeOwner: AudioModeInfo: mMode=MODE_RINGTONE, mPid=30322, mUid=10214
03-27 20:23:30.349  1331  3676 D ConnectivityService: requestNetwork for uid/pid:10165/12124 activeRequest: null callbackRequest: 45835 [NetworkRequest [ REQUEST id=45836, [ Capabilities: INTERNET&NOT_RESTRICTED&TRUSTED&NOT_VCN_MANAGED Uid: 10165 RequestorUid: 10165 RequestorPkg: com.google.android.youtube UnderlyingNetworks: Null] ]] callback flags: 0 order: 2147483647 isUidTracked: false declaredMethods: AVAIL|NC|BLK
03-27 20:23:30.349  1331  1429 V AS.AudioDeviceBroker: requestedCommunicationDevice: null mAudioModeOwner: AudioModeInfo: mMode=MODE_RINGTONE, mPid=30322, mUid=10214
03-27 20:23:30.350 17156 17156 D BoundBrokerSvc: onRebind: Intent { act=com.google.android.gms.common.telemetry.service.START dat=chimera-action:/... cmp=com.google.android.gms/.chimera.PersistentApiService }
03-27 20:23:30.352  1331  1429 V AS.AudioDeviceBroker: requestedCommunicationDevice: null mAudioModeOwner: AudioModeInfo: mMode=MODE_RINGTONE, mPid=30322, mUid=10214
03-27 20:23:30.353   942   942 W Layer   : Hide layer Input Consumer recents_animation_input_consumer#15340 because zOrderRelativeOf = ActivityRecord{3768a16 u0 com.google.android.gm/.ConversationListActivityGmail#27062 is hide.
03-27 20:23:30.353   942   942 W Layer   : Hide layer Input Consumer recents_animation_input_consumer#15340 because zOrderRelativeOf = ActivityRecord{3768a16 u0 com.google.android.gm/.ConversationListActivityGmail#27062 is hide.
03-27 20:23:30.354   910   910 I mali_gralloc: allocate: id=38e000117ee, hal_format=RGBA8888, mali_format=RGBA8888, afbc=SPLIT, usage=GPU_RW|HWC, size=720x1600(4680704), stride=720, name=VRI[test]#1106(BLAST Consumer)1106
03-27 20:23:30.354  1331  4257 D ConnectivityService: requestNetwork for uid/pid:10165/12124 activeRequest: null callbackRequest: 45837 [NetworkRequest [ REQUEST id=45838, [ Capabilities: INTERNET&NOT_RESTRICTED&TRUSTED&NOT_VCN_MANAGED Uid: 10165 RequestorUid: 10165 RequestorPkg: com.google.android.youtube UnderlyingNetworks: Null] ]] callback flags: 0 order: 2147483647 isUidTracked: false declaredMethods: AVAIL|LOST|NC
03-27 20:23:30.354 24402 12187 D mali_gralloc: register: id=38e000117ee, handle=0xb400007e6c0d5530, importpid=-1, gRegisteredHandles=55
03-27 20:23:30.354  1331  3676 D InputDispatcher: setInputWindows displayId=0 cf1652a NavigationBar0 7da7d35 NotificationShade 5465496 StatusBar 8a310de Splash Screen com.whatsapp d8c563e com.whatsapp/com.whatsapp.calling.ui.VoipActivityV2 25b3f4 ActivityRecordInputSink com.whatsapp/.calling.ui.VoipActivityV2 eeb822b com.smartfit.app/com.smartfit.app.MainActivity 991143b ActivityRecordInputSink com.smartfit.app/.MainActivity 3cac54b ActivityRecordInputSink com.whatsapp/.Conversation cfc9a62 ActivityRecordInputSink com.whatsapp/.home.ui.HomeActivity 75522f8 ActivityRecordInputSink com.android.chrome/org.chromium.chrome.browser.ChromeTabbedActivity recents_animation_input_consumer 8e45331 ActivityRecordInputSink com.google.android.gm/.ui.MailActivityGmail Dim layer#11752 Dim layer#11751 b6305f1 ActivityRecordInputSink com.android.launcher3/com.android.searchlauncher.SearchLauncher Wallpaper BBQ wrapper#11766 40061be com.android.systemui.wallpapers.ImageWallpaper
03-27 20:23:30.356 24402 27709 D BLASTBufferQueue: [VRI[NotificationShade]#1102](f:0,a:4) PendingRelease=1, PendingBuffersToHold=0, SyncedFrameNumbers=0, lacfnr:410, lapfnr:410
03-27 20:23:30.357   910   910 I mali_gralloc: allocate: id=38e000117ef, hal_format=RGBA8888, mali_format=RGBA8888, afbc=SPLIT, usage=GPU_RW|HWC, size=720x1600(4680704), stride=720, name=VRI[test]#1106(BLAST Consumer)1106
03-27 20:23:30.357 24402 12187 D mali_gralloc: register: id=38e000117ef, handle=0xb400007e6c075d70, importpid=-1, gRegisteredHandles=56
03-27 20:23:30.357  1331  1543 D ConnectivityService: NetReassign [45836 : null → 196] [c 0] [a 1] [i 7]
03-27 20:23:30.358  1331  1534 D WifiNetworkFactory: got request NetworkRequest [ REQUEST id=45836, [ Capabilities: INTERNET&NOT_RESTRICTED&TRUSTED&NOT_VCN_MANAGED Uid: 10165 RequestorUid: 10165 RequestorPkg: com.google.android.youtube UnderlyingNetworks: Null] ]
03-27 20:23:30.358  1331  1534 D UntrustedWifiNetworkFactory: got request NetworkRequest [ REQUEST id=45836, [ Capabilities: INTERNET&NOT_RESTRICTED&TRUSTED&NOT_VCN_MANAGED Uid: 10165 RequestorUid: 10165 RequestorPkg: com.google.android.youtube UnderlyingNetworks: Null] ]
03-27 20:23:30.358  1331  1534 D OemPaidWifiNetworkFactory: got request NetworkRequest [ REQUEST id=45836, [ Capabilities: INTERNET&NOT_RESTRICTED&TRUSTED&NOT_VCN_MANAGED Uid: 10165 RequestorUid: 10165 RequestorPkg: com.google.android.youtube UnderlyingNetworks: Null] ]
03-27 20:23:30.358  1331  1534 D MultiInternetWifiNetworkFactory: got request NetworkRequest [ REQUEST id=45836, [ Capabilities: INTERNET&NOT_RESTRICTED&TRUSTED&NOT_VCN_MANAGED Uid: 10165 RequestorUid: 10165 RequestorPkg: com.google.android.youtube UnderlyingNetworks: Null] ]
03-27 20:23:30.359  1331  1543 D ConnectivityService: NetReassign [45838 : null → 196] [c 0] [a 1] [i 1]
03-27 20:23:30.359   910   910 I mali_gralloc: allocate: id=38e000117f0, hal_format=RGBA8888, mali_format=RGBA8888, afbc=SPLIT, usage=GPU_RW|HWC, size=720x1600(4680704), stride=720, name=VRI[test]#1106(BLAST Consumer)1106
03-27 20:23:30.360 24402 12187 D mali_gralloc: register: id=38e000117f0, handle=0xb400007e6c0e4170, importpid=-1, gRegisteredHandles=57
03-27 20:23:30.360   942   995 D mali_gralloc: register: id=38e000117ee, handle=0xb400007bafd355b0, importpid=24402, gRegisteredHandles=23
03-27 20:23:30.362   910   910 I mali_gralloc: allocate: id=38e000117f1, hal_format=RGBA8888, mali_format=RGBA8888, afbc=SPLIT, usage=GPU_RW|HWC, size=720x1600(4680704), stride=720, name=VRI[test]#1106(BLAST Consumer)1106
03-27 20:23:30.363   942   942 W Layer   : Hide layer Input Consumer recents_animation_input_consumer#15340 because zOrderRelativeOf = ActivityRecord{3768a16 u0 com.google.android.gm/.ConversationListActivityGmail#27062 is hide.
03-27 20:23:30.364   942   942 W Layer   : Hide layer Input Consumer recents_animation_input_consumer#15340 because zOrderRelativeOf = ActivityRecord{3768a16 u0 com.google.android.gm/.ConversationListActivityGmail#27062 is hide.
03-27 20:23:30.364  1331  1534 D WifiNetworkFactory: got request NetworkRequest [ REQUEST id=45838, [ Capabilities: INTERNET&NOT_RESTRICTED&TRUSTED&NOT_VCN_MANAGED Uid: 10165 RequestorUid: 10165 RequestorPkg: com.google.android.youtube UnderlyingNetworks: Null] ]
03-27 20:23:30.364  1331  1534 D UntrustedWifiNetworkFactory: got request NetworkRequest [ REQUEST id=45838, [ Capabilities: INTERNET&NOT_RESTRICTED&TRUSTED&NOT_VCN_MANAGED Uid: 10165 RequestorUid: 10165 RequestorPkg: com.google.android.youtube UnderlyingNetworks: Null] ]
03-27 20:23:30.364  1331  1534 D OemPaidWifiNetworkFactory: got request NetworkRequest [ REQUEST id=45838, [ Capabilities: INTERNET&NOT_RESTRICTED&TRUSTED&NOT_VCN_MANAGED Uid: 10165 RequestorUid: 10165 RequestorPkg: com.google.android.youtube UnderlyingNetworks: Null] ]
03-27 20:23:30.364  1331  1534 D MultiInternetWifiNetworkFactory: got request NetworkRequest [ REQUEST id=45838, [ Capabilities: INTERNET&NOT_RESTRICTED&TRUSTED&NOT_VCN_MANAGED Uid: 10165 RequestorUid: 10165 RequestorPkg: com.google.android.youtube UnderlyingNetworks: Null] ]
03-27 20:23:30.364 31984 32265 D audio_hw_primary: adev_create_audio_patch: enter: num sources(1) num_sinks(1) patch handle(30)
03-27 20:23:30.364 31984 32265 D audio_hw_primary: adev_create_audio_patch: Playback patch from mix handle(13) to device(0x1)
03-27 20:23:30.366 24402 12187 D mali_gralloc: register: id=38e000117f1, handle=0xb400007e6c0785f0, importpid=-1, gRegisteredHandles=58
03-27 20:23:30.367 24402 27709 D BLASTBufferQueue: [VRI[NotificationShade]#1102](f:0,a:3) PendingRelease=1, PendingBuffersToHold=0, SyncedFrameNumbers=0, lacfnr:410, lapfnr:410
03-27 20:23:30.368  1331  2926 D InputDispatcher: setInputWindows displayId=0 cf1652a NavigationBar0 7da7d35 NotificationShade 5465496 StatusBar f8adb38 Splash Screen com.smartfit.app.test 8a310de Splash Screen com.whatsapp d8c563e com.whatsapp/com.whatsapp.calling.ui.VoipActivityV2 25b3f4 ActivityRecordInputSink com.whatsapp/.calling.ui.VoipActivityV2 eeb822b com.smartfit.app/com.smartfit.app.MainActivity 991143b ActivityRecordInputSink com.smartfit.app/.MainActivity 3cac54b ActivityRecordInputSink com.whatsapp/.Conversation cfc9a62 ActivityRecordInputSink com.whatsapp/.home.ui.HomeActivity 75522f8 ActivityRecordInputSink com.android.chrome/org.chromium.chrome.browser.ChromeTabbedActivity recents_animation_input_consumer 8e45331 ActivityRecordInputSink com.google.android.gm/.ui.MailActivityGmail Dim layer#11752 Dim layer#11751 b6305f1 ActivityRecordInputSink com.android.launcher3/com.android.searchlauncher.SearchLauncher Wallpaper BBQ wrapper#11766 40061be com.android.systemui.wallpapers.ImageWallpaper
03-27 20:23:30.377 24402 27709 D BLASTBufferQueue: [VRI[NotificationShade]#1102](f:0,a:4) PendingRelease=1, PendingBuffersToHold=0, SyncedFrameNumbers=0, lacfnr:412, lapfnr:412
03-27 20:23:30.377  1331  1346 D ConnectivityService: requestNetwork for uid/pid:10165/12124 activeRequest: null callbackRequest: 45839 [NetworkRequest [ REQUEST id=45840, [ Capabilities: INTERNET&NOT_RESTRICTED&TRUSTED&NOT_VCN_MANAGED Uid: 10165 RequestorUid: 10165 RequestorPkg: com.google.android.youtube UnderlyingNetworks: Null] ]] callback flags: 0 order: 2147483647 isUidTracked: false declaredMethods: AVAIL|LOST|NC|LP
03-27 20:23:30.379 30322  8146 I OboeAudio: openStreamInternal() OUTPUT -------- OboeVersion1.10.0 --------
03-27 20:23:30.380  1331  1543 D ConnectivityService: NetReassign [45840 : null → 196] [c 0] [a 0] [i 2]
03-27 20:23:30.380  1331  1534 D WifiNetworkFactory: got request NetworkRequest [ REQUEST id=45840, [ Capabilities: INTERNET&NOT_RESTRICTED&TRUSTED&NOT_VCN_MANAGED Uid: 10165 RequestorUid: 10165 RequestorPkg: com.google.android.youtube UnderlyingNetworks: Null] ]
03-27 20:23:30.380  1331  1534 D UntrustedWifiNetworkFactory: got request NetworkRequest [ REQUEST id=45840, [ Capabilities: INTERNET&NOT_RESTRICTED&TRUSTED&NOT_VCN_MANAGED Uid: 10165 RequestorUid: 10165 RequestorPkg: com.google.android.youtube UnderlyingNetworks: Null] ]
03-27 20:23:30.380  1331  1534 D OemPaidWifiNetworkFactory: got request NetworkRequest [ REQUEST id=45840, [ Capabilities: INTERNET&NOT_RESTRICTED&TRUSTED&NOT_VCN_MANAGED Uid: 10165 RequestorUid: 10165 RequestorPkg: com.google.android.youtube UnderlyingNetworks: Null] ]
03-27 20:23:30.381  1331  1534 D MultiInternetWifiNetworkFactory: got request NetworkRequest [ REQUEST id=45840, [ Capabilities: INTERNET&NOT_RESTRICTED&TRUSTED&NOT_VCN_MANAGED Uid: 10165 RequestorUid: 10165 RequestorPkg: com.google.android.youtube UnderlyingNetworks: Null] ]
03-27 20:23:30.382 31983 11938 I APM_AudioPolicyManager: getNewOutputDevices selected devices {AUDIO_DEVICE_OUT_EARPIECE, @:}
03-27 20:23:30.382 31983 11938 I APM_AudioPolicyManager: setOutputDevices device {AUDIO_DEVICE_OUT_EARPIECE, @:} delayMs 0
03-27 20:23:30.382 31983 11938 I APM_AudioPolicyManager: setOutputDevices changing device to {AUDIO_DEVICE_OUT_EARPIECE, @:}
03-27 20:23:30.388 24402 27709 D BLASTBufferQueue: [VRI[NotificationShade]#1102](f:0,a:4) PendingRelease=1, PendingBuffersToHold=0, SyncedFrameNumbers=0, lacfnr:413, lapfnr:413
03-27 20:23:30.389 30322  8146 W OboeAudio: ContentType [AudioStreamBuilder::setContentType()] is not supported on OpenSLES streams.
03-27 20:23:30.389 30322  8146 I OboeAudio: AudioStreamOpenSLES::open() chans=1, rate=16000
03-27 20:23:30.400  1668  1668 D UniDataUtilsImpl: checkVendorDataAllowed phoneId: 0
03-27 20:23:30.400 24402 27709 D BLASTBufferQueue: [VRI[NotificationShade]#1102](f:0,a:4) PendingRelease=1, PendingBuffersToHold=0, SyncedFrameNumbers=0, lacfnr:414, lapfnr:414
03-27 20:23:30.400  1331  1543 D ConnectivityService: NetReassign [no changes] [c 0] [a 1] [i 2]
03-27 20:23:30.401  1668  1668 D UniTeleImsManagerImpl:  isVowifiConnected()
03-27 20:23:30.408  1668  1668 D UniTeleImsManagerImpl:  isVowifiConnected()
03-27 20:23:30.411 24402 27709 D BLASTBufferQueue: [VRI[NotificationShade]#1102](f:0,a:4) PendingRelease=1, PendingBuffersToHold=0, SyncedFrameNumbers=0, lacfnr:415, lapfnr:415
03-27 20:23:30.413 30322  8146 D com.whatsapp: PlayerBase::PlayerBase()
03-27 20:23:30.414 30322  8146 D com.whatsapp: TrackPlayerBase::TrackPlayerBase()
03-27 20:23:30.414 30322  8146 I libOpenSLES: Emulating old channel mask behavior (ignoring positional mask 0x4, using default mask 0x1 based on channel count of 1)
03-27 20:23:30.414 30322  8146 I AudioTrack: set(): streamType -1, sampleRate 16000, format 0x1, channelMask 0x1, frameCount 0, flags 0, notificationFrames 0, sessionId 1522505, transferType 0, uid -1, pid -1
03-27 20:23:30.417  1668  1668 D UniDataUtilsImpl: checkVendorDataAllowed phoneId: 0
03-27 20:23:30.417  1668  1668 D UniTeleImsManagerImpl:  isVowifiConnected()
03-27 20:23:30.418  1668  1668 D UniTeleImsManagerImpl:  isVowifiConnected()
03-27 20:23:30.420 30322 30322 W View    : requestLayout() improperly called by android.widget.FrameLayout{997e6db V.E...... ......ID 0,0-720,1516} during layout: running second layout pass
03-27 20:23:30.420 30322 30322 W View    : requestLayout() improperly called by androidx.constraintlayout.widget.ConstraintLayout{6663578 V.E...... ......ID 0,0-720,1516 #7f0b3043 app:id/video_container} during layout: running second layout pass
03-27 20:23:30.420 30322 30322 W View    : requestLayout() improperly called by com.whatsapp.ui.coreui.base.WaImageView{9f8451 V.ED..... ......ID 21,1439-77,1495 #7f0b073e app:id/call_participant_reaction} during layout: running second layout pass
03-27 20:23:30.422 24402 27709 D BLASTBufferQueue: [VRI[NotificationShade]#1102](f:0,a:4) PendingRelease=1, PendingBuffersToHold=0, SyncedFrameNumbers=0, lacfnr:416, lapfnr:416
03-27 20:23:30.425 11732 11736 W ocess.gservices: userfaultfd: MOVE ioctl seems unsupported: Connection timed out
03-27 20:23:30.425 31984 32265 D audio_hw_primary: adev_create_audio_patch: enter: num sources(1) num_sinks(1) patch handle(30)
03-27 20:23:30.426 31984 32265 D audio_hw_primary: adev_create_audio_patch: Playback patch from mix handle(13) to device(0x1)
03-27 20:23:30.426  1668  1668 D UniDataUtilsImpl: checkVendorDataAllowed phoneId: 0
03-27 20:23:30.426  1668  1668 D UniTeleImsManagerImpl:  isVowifiConnected()
03-27 20:23:30.427  1668  1668 D UniTeleImsManagerImpl:  isVowifiConnected()
03-27 20:23:30.431 31983 11938 I APM_AudioPolicyManager: getNewOutputDevices selected devices AUDIO_DEVICE_NONE
03-27 20:23:30.431 31983 11938 I APM_AudioPolicyManager: setOutputDevices device AUDIO_DEVICE_NONE delayMs 0
03-27 20:23:30.432 31983 11938 I APM_AudioPolicyManager: setOutputDevices changing device to AUDIO_DEVICE_NONE
03-27 20:23:30.433 31983 11938 I APM_AudioPolicyManager: getNewOutputDevices selected devices AUDIO_DEVICE_NONE
03-27 20:23:30.433 31983 11938 I APM_AudioPolicyManager: setOutputDevices device AUDIO_DEVICE_NONE delayMs 0
03-27 20:23:30.434 24402 28493 D BLASTBufferQueue: [VRI[NotificationShade]#1102](f:0,a:4) PendingRelease=1, PendingBuffersToHold=0, SyncedFrameNumbers=0, lacfnr:417, lapfnr:417
03-27 20:23:30.434 31983 11938 I APM_AudioPolicyManager: getNewOutputDevices selected devices AUDIO_DEVICE_NONE
03-27 20:23:30.434 31983 11938 I APM_AudioPolicyManager: setOutputDevices device AUDIO_DEVICE_NONE delayMs 0
03-27 20:23:30.437  1331  1556 V AS.AudioService: onUpdateAudioMode: mode successfully set to 3
03-27 20:23:30.444 24402 27709 D BLASTBufferQueue: [VRI[NotificationShade]#1102](f:0,a:4) PendingRelease=1, PendingBuffersToHold=0, SyncedFrameNumbers=0, lacfnr:418, lapfnr:418
03-27 20:23:30.455 24402 27709 D BLASTBufferQueue: [VRI[NotificationShade]#1102](f:0,a:4) PendingRelease=1, PendingBuffersToHold=0, SyncedFrameNumbers=0, lacfnr:419, lapfnr:419
03-27 20:23:30.454 30322  8146 I AudioTrack: set(): Building AudioTrack with attributes: usage=2 content=0 flags=0x0 tags=[]
03-27 20:23:30.461 31983  5583 W AidlConversionCppNdk: legacy2aidl_audio_channel_mask_t_AudioChannelLayout: no AudioChannelLayout found for legacy output audio_channel_mask_t value 0x10
03-27 20:23:30.461 31983 32065 D AudioFlinger: checkAttributionSourcePackage: Call getPackagesForUid begin
03-27 20:23:30.463 11691 11931 W AidlConversionCppNdk: aidl2legacy_AudioChannelLayout_audio_channel_mask_t: no legacy output audio_channel_mask_t found for AudioChannelLayout{layoutMask: 16}
03-27 20:23:30.463 31983 32065 D AudioFlinger: checkAttributionSourcePackage: Call getPackagesForUid end
03-27 20:23:30.467  1331  1556 V AS.AudioService: onUpdateAudioMode: streamType=0, streamAlias=0
