03-27 20:23:13.128  1331  1697 D InputDispatcher: setInputWindows displayId=0 cf1652a NavigationBar0 5465496 StatusBar 530697a Splash Screen com.smartfit.app 3cac54b ActivityRecordInputSink com.whatsapp/.Conversation cfc9a62 ActivityRecordInputSink com.whatsapp/.home.ui.HomeActivity 75522f8 ActivityRecordInputSink com.android.chrome/org.chromium.chrome.browser.ChromeTabbedActivity recents_animation_input_consumer 8e45331 ActivityRecordInputSink com.google.android.gm/.ui.MailActivityGmail Dim layer#11752 Dim layer#11751 19faf04 com.android.launcher3/com.android.searchlauncher.SearchLauncher b6305f1 ActivityRecordInputSink com.android.launcher3/com.android.searchlauncher.SearchLauncher Wallpaper BBQ wrapper#11766 40061be com.android.systemui.wallpapers.ImageWallpaper
03-27 20:23:13.131  1331  1556 D AS.AudioService: updateVolumeGroupIndex for stream 10, muted=false, device=67108864, index=57, group accessibility Muted=false, Index=6, forceMuteState=false
03-27 20:23:13.132  1331  1556 D AS.AudioService: updateVolumeGroupIndex for stream 10, muted=false, device=536870912, index=57, group accessibility Muted=false, Index=6, forceMuteState=false
03-27 20:23:13.132  1331  1556 D AS.AudioService: updateVolumeGroupIndex for stream 10, muted=false, device=536870914, index=57, group accessibility Muted=false, Index=6, forceMuteState=false
03-27 20:23:13.132  1331  1556 D AS.AudioService: updateVolumeGroupIndex for stream 8, muted=true, device=2, index=21, group dtmf Muted=false, Index=2, forceMuteState=true
03-27 20:23:13.134   910  1004 I mali_gralloc: allocate: id=38e0001179f, hal_format=RGBA8888, mali_format=RGBA8888, afbc=SPLIT, usage=GPU_RW|HWC, size=720x1600(4680704), stride=720, name=VRI[app]#1099(BLAST Consumer)1099
03-27 20:23:13.134  1331  1556 W AS.AudioService: setLeAudioVolumeOnModeUpdate ignoring invalid device=2, mode=0, index=120 maxIndex=150 streamType=3
03-27 20:23:13.135 24402 25260 D SarManager: isVoiceCallStreamActive is:0
03-27 20:23:13.135 24402 25260 D SarManager: checkAudioDevice+voiceStreamActive is:false
03-27 20:23:13.136  1331  1553 V AS.AudioDeviceBroker: requestedCommunicationDevice: null mAudioModeOwner: AudioModeInfo: mMode=MODE_NORMAL, mPid=0, mUid=0
03-27 20:23:13.136  1331  1553 V AS.AudioDeviceBroker: updateCommunicationRoute, preferredCommunicationDevice: null eventSource: setNewModeOwner
03-27 20:23:13.136 24402 11779 D mali_gralloc: register: id=38e0001179f, handle=0xb400007e6c008ed0, importpid=-1, gRegisteredHandles=45
03-27 20:23:13.136  1331  1553 V AS.AudioDeviceBroker: requestedCommunicationDevice: null mAudioModeOwner: AudioModeInfo: mMode=MODE_NORMAL, mPid=0, mUid=0
03-27 20:23:13.139   910  1004 I mali_gralloc: allocate: id=38e000117a0, hal_format=RGBA8888, mali_format=RGBA8888, afbc=SPLIT, usage=GPU_RW|HWC, size=720x1600(4680704), stride=720, name=VRI[app]#1099(BLAST Consumer)1099
03-27 20:23:13.139 24402 11779 D mali_gralloc: register: id=38e000117a0, handle=0xb400007e6c007730, importpid=-1, gRegisteredHandles=46
03-27 20:23:13.142   910   910 I mali_gralloc: allocate: id=38e000117a1, hal_format=RGBA8888, mali_format=RGBA8888, afbc=SPLIT, usage=GPU_RW|HWC, size=720x1600(4680704), stride=720, name=VRI[app]#1099(BLAST Consumer)1099
03-27 20:23:13.142 31983 21795 I APM_AudioPolicyManager: setStreamVolumeIndex: stream AUDIO_STREAM_MUSIC attributes={ Content type: AUDIO_CONTENT_TYPE_UNKNOWN Usage: AUDIO_USAGE_MEDIA Source: AUDIO_SOURCE_INVALID Flags: 0x0 Tags:  }
03-27 20:23:13.142  1331  1553 V AS.AudioDeviceBroker: requestedCommunicationDevice: null mAudioModeOwner: AudioModeInfo: mMode=MODE_NORMAL, mPid=0, mUid=0
03-27 20:23:13.142  1331  1553 V AS.AudioDeviceBroker: onUpdateCommunicationRouteClient, crc: null eventSource: setNewModeOwner
03-27 20:23:13.143 24402 11779 D mali_gralloc: register: id=38e000117a1, handle=0xb400007e6c08d0b0, importpid=-1, gRegisteredHandles=47
03-27 20:23:13.146 11732 11732 I GservicesProvider: Gservices pushing to system: true; secure/global: true
03-27 20:23:13.147   942   995 D mali_gralloc: register: id=38e0001179e, handle=0xb400007bafd25bf0, importpid=24402, gRegisteredHandles=21
03-27 20:23:13.149 31983 32064 I APM_AudioPolicyManager: setStreamVolumeIndex: stream AUDIO_STREAM_ASSISTANT attributes={ Content type: AUDIO_CONTENT_TYPE_SPEECH Usage: AUDIO_USAGE_ASSISTANT Source: AUDIO_SOURCE_INVALID Flags: 0x0 Tags:  }
03-27 20:23:13.149   942   942 W Layer   : Hide layer Input Consumer recents_animation_input_consumer#15340 because zOrderRelativeOf = ActivityRecord{3768a16 u0 com.google.android.gm/.ConversationListActivityGmail#27062 is hide.
03-27 20:23:13.149   942   942 W Layer   : Hide layer Input Consumer recents_animation_input_consumer#15340 because zOrderRelativeOf = ActivityRecord{3768a16 u0 com.google.android.gm/.ConversationListActivityGmail#27062 is hide.
03-27 20:23:13.154  1331  1697 D InputDispatcher: setInputWindows displayId=0 cf1652a NavigationBar0 5465496 StatusBar 530697a Splash Screen com.smartfit.app 3cac54b ActivityRecordInputSink com.whatsapp/.Conversation cfc9a62 ActivityRecordInputSink com.whatsapp/.home.ui.HomeActivity 75522f8 ActivityRecordInputSink com.android.chrome/org.chromium.chrome.browser.ChromeTabbedActivity recents_animation_input_consumer 8e45331 ActivityRecordInputSink com.google.android.gm/.ui.MailActivityGmail Dim layer#11752 Dim layer#11751 19faf04 com.android.launcher3/com.android.searchlauncher.SearchLauncher b6305f1 ActivityRecordInputSink com.android.launcher3/com.android.searchlauncher.SearchLauncher Wallpaper BBQ wrapper#11766 40061be com.android.systemui.wallpapers.ImageWallpaper
03-27 20:23:13.157 31983 21795 I APM_AudioPolicyManager: setStreamVolumeIndex: stream AUDIO_STREAM_TTS attributes={ Content type: AUDIO_CONTENT_TYPE_UNKNOWN Usage: AUDIO_USAGE_UNKNOWN Source: AUDIO_SOURCE_INVALID Flags: 0x8 Tags:  }
03-27 20:23:13.158 11663 11663 D LifecycleMonitor: Lifecycle status change: com.smartfit.app.MainActivity@cc196bc in: PRE_ON_CREATE
03-27 20:23:13.158 11663 11663 V ActivityScenario: Activity lifecycle changed event received but ignored because the reported transition was not ON_CREATE while the last known transition was PRE_ON_CREATE
03-27 20:23:13.160 24402 27969 D FaceUnlock: onTaskStackChangedBackground
03-27 20:23:13.160   942   942 W Layer   : Hide layer Input Consumer recents_animation_input_consumer#15340 because zOrderRelativeOf = ActivityRecord{3768a16 u0 com.google.android.gm/.ConversationListActivityGmail#27062 is hide.
03-27 20:23:13.160   942   942 W Layer   : Hide layer Input Consumer recents_animation_input_consumer#15340 because zOrderRelativeOf = ActivityRecord{3768a16 u0 com.google.android.gm/.ConversationListActivityGmail#27062 is hide.
03-27 20:23:13.162  1331  3449 D InputDispatcher: setInputWindows displayId=0 cf1652a NavigationBar0 5465496 StatusBar 530697a Splash Screen com.smartfit.app 3cac54b ActivityRecordInputSink com.whatsapp/.Conversation cfc9a62 ActivityRecordInputSink com.whatsapp/.home.ui.HomeActivity 75522f8 ActivityRecordInputSink com.android.chrome/org.chromium.chrome.browser.ChromeTabbedActivity recents_animation_input_consumer 8e45331 ActivityRecordInputSink com.google.android.gm/.ui.MailActivityGmail Dim layer#11752 Dim layer#11751 19faf04 com.android.launcher3/com.android.searchlauncher.SearchLauncher b6305f1 ActivityRecordInputSink com.android.launcher3/com.android.searchlauncher.SearchLauncher Wallpaper BBQ wrapper#11766 40061be com.android.systemui.wallpapers.ImageWallpaper
03-27 20:23:13.162 11663 11663 D MainActivity: MainActivity created
03-27 20:23:13.171   942   942 W Layer   : Hide layer Input Consumer recents_animation_input_consumer#15340 because zOrderRelativeOf = ActivityRecord{3768a16 u0 com.google.android.gm/.ConversationListActivityGmail#27062 is hide.
03-27 20:23:13.172   942   942 W Layer   : Hide layer Input Consumer recents_animation_input_consumer#15340 because zOrderRelativeOf = ActivityRecord{3768a16 u0 com.google.android.gm/.ConversationListActivityGmail#27062 is hide.
03-27 20:23:13.173  1331  4256 D InputDispatcher: setInputWindows displayId=0 cf1652a NavigationBar0 5465496 StatusBar 530697a Splash Screen com.smartfit.app e54e76c ActivityRecordInputSink com.smartfit.app/.MainActivity 3cac54b ActivityRecordInputSink com.whatsapp/.Conversation cfc9a62 ActivityRecordInputSink com.whatsapp/.home.ui.HomeActivity 75522f8 ActivityRecordInputSink com.android.chrome/org.chromium.chrome.browser.ChromeTabbedActivity recents_animation_input_consumer 8e45331 ActivityRecordInputSink com.google.android.gm/.ui.MailActivityGmail Dim layer#11752 Dim layer#11751 19faf04 com.android.launcher3/com.android.searchlauncher.SearchLauncher b6305f1 ActivityRecordInputSink com.android.launcher3/com.android.searchlauncher.SearchLauncher Wallpaper BBQ wrapper#11766 40061be com.android.systemui.wallpapers.ImageWallpaper
03-27 20:23:13.174  1331  2926 D AlarmManagerService: set alarm to kernel: 449037.520000000, type=2
03-27 20:23:13.174  1331  2926 D AlarmManagerService: set alarm to kernel: 448948.692000000, type=3
03-27 20:23:13.175 31983 21795 D APM_AudioPolicyManager: setForceUse() usage 7, config 0, mPhoneState 0
03-27 20:23:13.176 24402 27969 D FaceUnlock: PackageName =com.smartfit.app
03-27 20:23:13.179 31983 21795 I APM_AudioPolicyManager: setStreamVolumeIndex: stream AUDIO_STREAM_DTMF attributes={ Content type: AUDIO_CONTENT_TYPE_UNKNOWN Usage: AUDIO_USAGE_VOICE_COMMUNICATION_SIGNALLING Source: AUDIO_SOURCE_INVALID Flags: 0x0 Tags:  }
03-27 20:23:13.181 31983 21795 I APM_AudioPolicyManager: setStreamVolumeIndex: stream AUDIO_STREAM_DTMF attributes={ Content type: AUDIO_CONTENT_TYPE_UNKNOWN Usage: AUDIO_USAGE_VOICE_COMMUNICATION_SIGNALLING Source: AUDIO_SOURCE_INVALID Flags: 0x0 Tags:  }
03-27 20:23:13.184 31983 21795 I APM_AudioPolicyManager: setStreamVolumeIndex: stream AUDIO_STREAM_DTMF attributes={ Content type: AUDIO_CONTENT_TYPE_UNKNOWN Usage: AUDIO_USAGE_VOICE_COMMUNICATION_SIGNALLING Source: AUDIO_SOURCE_INVALID Flags: 0x0 Tags:  }
03-27 20:23:13.185 18489 18499 I ogle.android.as: Background young concurrent mark compact GC freed 5204KB AllocSpace bytes, 0(0B) LOS objects, 53% free, 4760KB/10200KB, paused 571us,6.002ms total 111.183ms
03-27 20:23:13.186 11732 11780 E GmsClient: unable to connect to service: com.google.android.gms.gservices.START on com.google.android.gms
03-27 20:23:13.187 31983 21795 I APM_AudioPolicyManager: setStreamVolumeIndex: stream AUDIO_STREAM_DTMF attributes={ Content type: AUDIO_CONTENT_TYPE_UNKNOWN Usage: AUDIO_USAGE_VOICE_COMMUNICATION_SIGNALLING Source: AUDIO_SOURCE_INVALID Flags: 0x0 Tags:  }
03-27 20:23:13.190 31983 21795 I APM_AudioPolicyManager: setStreamVolumeIndex: stream AUDIO_STREAM_DTMF attributes={ Content type: AUDIO_CONTENT_TYPE_UNKNOWN Usage: AUDIO_USAGE_VOICE_COMMUNICATION_SIGNALLING Source: AUDIO_SOURCE_INVALID Flags: 0x0 Tags:  }
03-27 20:23:13.192 31983 21795 I APM_AudioPolicyManager: setStreamVolumeIndex: stream AUDIO_STREAM_DTMF attributes={ Content type: AUDIO_CONTENT_TYPE_UNKNOWN Usage: AUDIO_USAGE_VOICE_COMMUNICATION_SIGNALLING Source: AUDIO_SOURCE_INVALID Flags: 0x0 Tags:  }
03-27 20:23:13.194 31983 21795 I APM_AudioPolicyManager: setStreamVolumeIndex: stream AUDIO_STREAM_DTMF attributes={ Content type: AUDIO_CONTENT_TYPE_UNKNOWN Usage: AUDIO_USAGE_VOICE_COMMUNICATION_SIGNALLING Source: AUDIO_SOURCE_INVALID Flags: 0x0 Tags:  }
03-27 20:23:13.195 31983 21795 I APM_AudioPolicyManager: setStreamVolumeIndex: stream AUDIO_STREAM_DTMF attributes={ Content type: AUDIO_CONTENT_TYPE_UNKNOWN Usage: AUDIO_USAGE_VOICE_COMMUNICATION_SIGNALLING Source: AUDIO_SOURCE_INVALID Flags: 0x0 Tags:  }
03-27 20:23:13.197 31983 21795 I APM_AudioPolicyManager: setStreamVolumeIndex: stream AUDIO_STREAM_DTMF attributes={ Content type: AUDIO_CONTENT_TYPE_UNKNOWN Usage: AUDIO_USAGE_VOICE_COMMUNICATION_SIGNALLING Source: AUDIO_SOURCE_INVALID Flags: 0x0 Tags:  }
03-27 20:23:13.198 31983 21795 I APM_AudioPolicyManager: setStreamVolumeIndex: stream AUDIO_STREAM_DTMF attributes={ Content type: AUDIO_CONTENT_TYPE_UNKNOWN Usage: AUDIO_USAGE_VOICE_COMMUNICATION_SIGNALLING Source: AUDIO_SOURCE_INVALID Flags: 0x0 Tags:  }
03-27 20:23:13.200 31983 21795 I APM_AudioPolicyManager: setStreamVolumeIndex: stream AUDIO_STREAM_DTMF attributes={ Content type: AUDIO_CONTENT_TYPE_UNKNOWN Usage: AUDIO_USAGE_VOICE_COMMUNICATION_SIGNALLING Source: AUDIO_SOURCE_INVALID Flags: 0x0 Tags:  }
03-27 20:23:13.201 31983 21795 I APM_AudioPolicyManager: setStreamVolumeIndex: stream AUDIO_STREAM_DTMF attributes={ Content type: AUDIO_CONTENT_TYPE_UNKNOWN Usage: AUDIO_USAGE_VOICE_COMMUNICATION_SIGNALLING Source: AUDIO_SOURCE_INVALID Flags: 0x0 Tags:  }
03-27 20:23:13.204 31983 21795 I APM_AudioPolicyManager: setStreamVolumeIndex: stream AUDIO_STREAM_DTMF attributes={ Content type: AUDIO_CONTENT_TYPE_UNKNOWN Usage: AUDIO_USAGE_VOICE_COMMUNICATION_SIGNALLING Source: AUDIO_SOURCE_INVALID Flags: 0x0 Tags:  }
03-27 20:23:13.205   942   942 I Layer   : fillInputInfo layer:e54e76c ActivityRecordInputSink com.smartfit.app/.MainActivity#28371, visible=1 (hasInputInfo:1, isHidden:0, alpha:0.000000, parent:ActivityRecord{231a135 u0 com.smartfit.app/.MainActivity#28367,parenthidden:0, parentalpha:0.000000, mBuffer:0, mSidebandStream:0,hasSomethingToDraw:0, hasEffect:0, fillsColor:0, drawShadows:0, hasBlur:0)
03-27 20:23:13.205   942   942 W Layer   : Hide layer Input Consumer recents_animation_input_consumer#15340 because zOrderRelativeOf = ActivityRecord{3768a16 u0 com.google.android.gm/.ConversationListActivityGmail#27062 is hide.
03-27 20:23:13.205   942   942 W Layer   : Hide layer Input Consumer recents_animation_input_consumer#15340 because zOrderRelativeOf = ActivityRecord{3768a16 u0 com.google.android.gm/.ConversationListActivityGmail#27062 is hide.
03-27 20:23:13.207 31983 21795 I APM_AudioPolicyManager: setStreamVolumeIndex: stream AUDIO_STREAM_DTMF attributes={ Content type: AUDIO_CONTENT_TYPE_UNKNOWN Usage: AUDIO_USAGE_VOICE_COMMUNICATION_SIGNALLING Source: AUDIO_SOURCE_INVALID Flags: 0x0 Tags:  }
03-27 20:23:13.208  1331  1855 D InputDispatcher: setInputWindows displayId=0 cf1652a NavigationBar0 5465496 StatusBar 530697a Splash Screen com.smartfit.app e54e76c ActivityRecordInputSink com.smartfit.app/.MainActivity 19faf04 com.android.launcher3/com.android.searchlauncher.SearchLauncher b6305f1 ActivityRecordInputSink com.android.launcher3/com.android.searchlauncher.SearchLauncher 3cac54b ActivityRecordInputSink com.whatsapp/.Conversation cfc9a62 ActivityRecordInputSink com.whatsapp/.home.ui.HomeActivity 75522f8 ActivityRecordInputSink com.android.chrome/org.chromium.chrome.browser.ChromeTabbedActivity recents_animation_input_consumer 8e45331 ActivityRecordInputSink com.google.android.gm/.ui.MailActivityGmail Dim layer#11752 Dim layer#11751 Wallpaper BBQ wrapper#11766 40061be com.android.systemui.wallpapers.ImageWallpaper
03-27 20:23:13.210 31983 21795 I APM_AudioPolicyManager: setStreamVolumeIndex: stream AUDIO_STREAM_DTMF attributes={ Content type: AUDIO_CONTENT_TYPE_UNKNOWN Usage: AUDIO_USAGE_VOICE_COMMUNICATION_SIGNALLING Source: AUDIO_SOURCE_INVALID Flags: 0x0 Tags:  }
03-27 20:23:13.212 31983 21795 I APM_AudioPolicyManager: setStreamVolumeIndex: stream AUDIO_STREAM_DTMF attributes={ Content type: AUDIO_CONTENT_TYPE_UNKNOWN Usage: AUDIO_USAGE_VOICE_COMMUNICATION_SIGNALLING Source: AUDIO_SOURCE_INVALID Flags: 0x0 Tags:  }
03-27 20:23:13.213 32238 31857 D mali_gralloc: register: id=38e00011793, handle=0xb400007e6bfc31b0, importpid=1331, gRegisteredHandles=64
03-27 20:23:13.214 31983 21795 I APM_AudioPolicyManager: setStreamVolumeIndex: stream AUDIO_STREAM_ACCESSIBILITY attributes={ Content type: AUDIO_CONTENT_TYPE_UNKNOWN Usage: AUDIO_USAGE_ASSISTANCE_ACCESSIBILITY Source: AUDIO_SOURCE_INVALID Flags: 0x0 Tags:  }
03-27 20:23:13.216 31983 21795 I APM_AudioPolicyManager: setStreamVolumeIndex: stream AUDIO_STREAM_ACCESSIBILITY attributes={ Content type: AUDIO_CONTENT_TYPE_UNKNOWN Usage: AUDIO_USAGE_ASSISTANCE_ACCESSIBILITY Source: AUDIO_SOURCE_INVALID Flags: 0x0 Tags:  }
03-27 20:23:13.218 31983 21795 I APM_AudioPolicyManager: setStreamVolumeIndex: stream AUDIO_STREAM_ACCESSIBILITY attributes={ Content type: AUDIO_CONTENT_TYPE_UNKNOWN Usage: AUDIO_USAGE_ASSISTANCE_ACCESSIBILITY Source: AUDIO_SOURCE_INVALID Flags: 0x0 Tags:  }
03-27 20:23:13.220 31983 21795 I APM_AudioPolicyManager: setStreamVolumeIndex: stream AUDIO_STREAM_ACCESSIBILITY attributes={ Content type: AUDIO_CONTENT_TYPE_UNKNOWN Usage: AUDIO_USAGE_ASSISTANCE_ACCESSIBILITY Source: AUDIO_SOURCE_INVALID Flags: 0x0 Tags:  }
03-27 20:23:13.222 31983 21795 I APM_AudioPolicyManager: setStreamVolumeIndex: stream AUDIO_STREAM_ACCESSIBILITY attributes={ Content type: AUDIO_CONTENT_TYPE_UNKNOWN Usage: AUDIO_USAGE_ASSISTANCE_ACCESSIBILITY Source: AUDIO_SOURCE_INVALID Flags: 0x0 Tags:  }
03-27 20:23:13.224 31983 21795 I APM_AudioPolicyManager: setStreamVolumeIndex: stream AUDIO_STREAM_ACCESSIBILITY attributes={ Content type: AUDIO_CONTENT_TYPE_UNKNOWN Usage: AUDIO_USAGE_ASSISTANCE_ACCESSIBILITY Source: AUDIO_SOURCE_INVALID Flags: 0x0 Tags:  }
03-27 20:23:13.226 31983 21795 I APM_AudioPolicyManager: setStreamVolumeIndex: stream AUDIO_STREAM_ACCESSIBILITY attributes={ Content type: AUDIO_CONTENT_TYPE_UNKNOWN Usage: AUDIO_USAGE_ASSISTANCE_ACCESSIBILITY Source: AUDIO_SOURCE_INVALID Flags: 0x0 Tags:  }
03-27 20:23:13.228 31983 21795 I APM_AudioPolicyManager: setStreamVolumeIndex: stream AUDIO_STREAM_ACCESSIBILITY attributes={ Content type: AUDIO_CONTENT_TYPE_UNKNOWN Usage: AUDIO_USAGE_ASSISTANCE_ACCESSIBILITY Source: AUDIO_SOURCE_INVALID Flags: 0x0 Tags:  }
03-27 20:23:13.229 31983 21795 I APM_AudioPolicyManager: setStreamVolumeIndex: stream AUDIO_STREAM_ACCESSIBILITY attributes={ Content type: AUDIO_CONTENT_TYPE_UNKNOWN Usage: AUDIO_USAGE_ASSISTANCE_ACCESSIBILITY Source: AUDIO_SOURCE_INVALID Flags: 0x0 Tags:  }
03-27 20:23:13.231 31983 21795 I APM_AudioPolicyManager: setStreamVolumeIndex: stream AUDIO_STREAM_ACCESSIBILITY attributes={ Content type: AUDIO_CONTENT_TYPE_UNKNOWN Usage: AUDIO_USAGE_ASSISTANCE_ACCESSIBILITY Source: AUDIO_SOURCE_INVALID Flags: 0x0 Tags:  }
03-27 20:23:13.232 31983 21795 I APM_AudioPolicyManager: setStreamVolumeIndex: stream AUDIO_STREAM_ACCESSIBILITY attributes={ Content type: AUDIO_CONTENT_TYPE_UNKNOWN Usage: AUDIO_USAGE_ASSISTANCE_ACCESSIBILITY Source: AUDIO_SOURCE_INVALID Flags: 0x0 Tags:  }
03-27 20:23:13.235 31983 21795 D APM_AudioPolicyManager: setForceUse() usage 7, config 0, mPhoneState 0
03-27 20:23:13.238   942   942 I Layer   : fillInputInfo layer:Splash Screen com.smartfit.app#28369, visible=1 (hasInputInfo:1, isHidden:0, alpha:0.082703, parent:530697a Splash Screen com.smartfit.app#28368,parenthidden:0, parentalpha:0.082703, mBuffer:1, mSidebandStream:0,hasSomethingToDraw:1, hasEffect:0, fillsColor:0, drawShadows:0, hasBlur:0)
03-27 20:23:13.238   942   942 W Layer   : Hide layer Input Consumer recents_animation_input_consumer#15340 because zOrderRelativeOf = ActivityRecord{3768a16 u0 com.google.android.gm/.ConversationListActivityGmail#27062 is hide.
03-27 20:23:13.238   942   942 W Layer   : Hide layer Input Consumer recents_animation_input_consumer#15340 because zOrderRelativeOf = ActivityRecord{3768a16 u0 com.google.android.gm/.ConversationListActivityGmail#27062 is hide.
03-27 20:23:13.239   911  1023 D SPRDHWComposer: HWC Range:1, HWC_Transfer:4
03-27 20:23:13.239  1331  1855 D InputDispatcher: setInputWindows displayId=0 cf1652a NavigationBar0 5465496 StatusBar 530697a Splash Screen com.smartfit.app e54e76c ActivityRecordInputSink com.smartfit.app/.MainActivity 19faf04 com.android.launcher3/com.android.searchlauncher.SearchLauncher b6305f1 ActivityRecordInputSink com.android.launcher3/com.android.searchlauncher.SearchLauncher 3cac54b ActivityRecordInputSink com.whatsapp/.Conversation cfc9a62 ActivityRecordInputSink com.whatsapp/.home.ui.HomeActivity 75522f8 ActivityRecordInputSink com.android.chrome/org.chromium.chrome.browser.ChromeTabbedActivity recents_animation_input_consumer 8e45331 ActivityRecordInputSink com.google.android.gm/.ui.MailActivityGmail Dim layer#11752 Dim layer#11751 Wallpaper BBQ wrapper#11766 40061be com.android.systemui.wallpapers.ImageWallpaper
03-27 20:23:13.239   911  1023 D mali_gralloc: register: id=38e0001179e, handle=0xb4000071bb4b7dd0, importpid=942, gRegisteredHandles=20
03-27 20:23:13.249   942   942 W Layer   : Hide layer Input Consumer recents_animation_input_consumer#15340 because zOrderRelativeOf = ActivityRecord{3768a16 u0 com.google.android.gm/.ConversationListActivityGmail#27062 is hide.
03-27 20:23:13.249   942   942 W Layer   : Hide layer Input Consumer recents_animation_input_consumer#15340 because zOrderRelativeOf = ActivityRecord{3768a16 u0 com.google.android.gm/.ConversationListActivityGmail#27062 is hide.
03-27 20:23:13.250  1331  1855 D InputDispatcher: setInputWindows displayId=0 cf1652a NavigationBar0 5465496 StatusBar 530697a Splash Screen com.smartfit.app e54e76c ActivityRecordInputSink com.smartfit.app/.MainActivity 19faf04 com.android.launcher3/com.android.searchlauncher.SearchLauncher b6305f1 ActivityRecordInputSink com.android.launcher3/com.android.searchlauncher.SearchLauncher 3cac54b ActivityRecordInputSink com.whatsapp/.Conversation cfc9a62 ActivityRecordInputSink com.whatsapp/.home.ui.HomeActivity 75522f8 ActivityRecordInputSink com.android.chrome/org.chromium.chrome.browser.ChromeTabbedActivity recents_animation_input_consumer 8e45331 ActivityRecordInputSink com.google.android.gm/.ui.MailActivityGmail Dim layer#11752 Dim layer#11751 Wallpaper BBQ wrapper#11766 40061be com.android.systemui.wallpapers.ImageWallpaper
03-27 20:23:13.260   942   942 W Layer   : Hide layer Input Consumer recents_animation_input_consumer#15340 because zOrderRelativeOf = ActivityRecord{3768a16 u0 com.google.android.gm/.ConversationListActivityGmail#27062 is hide.
03-27 20:23:13.260   942   942 W Layer   : Hide layer Input Consumer recents_animation_input_consumer#15340 because zOrderRelativeOf = ActivityRecord{3768a16 u0 com.google.android.gm/.ConversationListActivityGmail#27062 is hide.
03-27 20:23:13.261  1331  3454 D InputDispatcher: setInputWindows displayId=0 cf1652a NavigationBar0 5465496 StatusBar 530697a Splash Screen com.smartfit.app e54e76c ActivityRecordInputSink com.smartfit.app/.MainActivity 19faf04 com.android.launcher3/com.android.searchlauncher.SearchLauncher b6305f1 ActivityRecordInputSink com.android.launcher3/com.android.searchlauncher.SearchLauncher 3cac54b ActivityRecordInputSink com.whatsapp/.Conversation cfc9a62 ActivityRecordInputSink com.whatsapp/.home.ui.HomeActivity 75522f8 ActivityRecordInputSink com.android.chrome/org.chromium.chrome.browser.ChromeTabbedActivity recents_animation_input_consumer 8e45331 ActivityRecordInputSink com.google.android.gm/.ui.MailActivityGmail Dim layer#11752 Dim layer#11751 Wallpaper BBQ wrapper#11766 40061be com.android.systemui.wallpapers.ImageWallpaper
03-27 20:23:13.266 11691 11691 D InputEventReceiver: android_view_InputEventReceiver debug log is enabled
03-27 20:23:13.266 11691 11691 D InputEventReceiver: channel '28bb50b com.android.launcher3/com.android.searchlauncher.SearchLauncher (client)' ~ Initializing input event receiver.
03-27 20:23:13.271   942   942 W Layer   : Hide layer Input Consumer recents_animation_input_consumer#15340 because zOrderRelativeOf = ActivityRecord{3768a16 u0 com.google.android.gm/.ConversationListActivityGmail#27062 is hide.
03-27 20:23:13.271   942   942 W Layer   : Hide layer Input Consumer recents_animation_input_consumer#15340 because zOrderRelativeOf = ActivityRecord{3768a16 u0 com.google.android.gm/.ConversationListActivityGmail#27062 is hide.
03-27 20:23:13.273  1331  1855 D InputDispatcher: setInputWindows displayId=0 cf1652a NavigationBar0 5465496 StatusBar 530697a Splash Screen com.smartfit.app e54e76c ActivityRecordInputSink com.smartfit.app/.MainActivity 19faf04 com.android.launcher3/com.android.searchlauncher.SearchLauncher b6305f1 ActivityRecordInputSink com.android.launcher3/com.android.searchlauncher.SearchLauncher 3cac54b ActivityRecordInputSink com.whatsapp/.Conversation cfc9a62 ActivityRecordInputSink com.whatsapp/.home.ui.HomeActivity 75522f8 ActivityRecordInputSink com.android.chrome/org.chromium.chrome.browser.ChromeTabbedActivity recents_animation_input_consumer 8e45331 ActivityRecordInputSink com.google.android.gm/.ui.MailActivityGmail Dim layer#11752 Dim layer#11751 Wallpaper BBQ wrapper#11766 40061be com.android.systemui.wallpapers.ImageWallpaper
03-27 20:23:13.282 11691 11724 I cvgn    : (REDACTED) Device Compliance Fetch time taken = %sms
03-27 20:23:13.282 11691 11724 I cvgn    : Device is compliant!
03-27 20:23:13.283   942   942 W Layer   : Hide layer Input Consumer recents_animation_input_consumer#15340 because zOrderRelativeOf = ActivityRecord{3768a16 u0 com.google.android.gm/.ConversationListActivityGmail#27062 is hide.
03-27 20:23:13.283   942   942 W Layer   : Hide layer Input Consumer recents_animation_input_consumer#15340 because zOrderRelativeOf = ActivityRecord{3768a16 u0 com.google.android.gm/.ConversationListActivityGmail#27062 is hide.
03-27 20:23:13.283  1331  1855 D InputDispatcher: setInputWindows displayId=0 cf1652a NavigationBar0 5465496 StatusBar 530697a Splash Screen com.smartfit.app e54e76c ActivityRecordInputSink com.smartfit.app/.MainActivity 19faf04 com.android.launcher3/com.android.searchlauncher.SearchLauncher b6305f1 ActivityRecordInputSink com.android.launcher3/com.android.searchlauncher.SearchLauncher 3cac54b ActivityRecordInputSink com.whatsapp/.Conversation cfc9a62 ActivityRecordInputSink com.whatsapp/.home.ui.HomeActivity 75522f8 ActivityRecordInputSink com.android.chrome/org.chromium.chrome.browser.ChromeTabbedActivity recents_animation_input_consumer 8e45331 ActivityRecordInputSink com.google.android.gm/.ui.MailActivityGmail Dim layer#11752 Dim layer#11751 Wallpaper BBQ wrapper#11766 40061be com.android.systemui.wallpapers.ImageWallpaper
03-27 20:23:13.285 11691 11724 I cvgn    : Invoking "compliant" action...
03-27 20:23:13.294   942   942 W Layer   : Hide layer Input Consumer recents_animation_input_consumer#15340 because zOrderRelativeOf = ActivityRecord{3768a16 u0 com.google.android.gm/.ConversationListActivityGmail#27062 is hide.
03-27 20:23:13.294   942   942 W Layer   : Hide layer Input Consumer recents_animation_input_consumer#15340 because zOrderRelativeOf = ActivityRecord{3768a16 u0 com.google.android.gm/.ConversationListActivityGmail#27062 is hide.
03-27 20:23:13.294  1331  1855 D AlarmManagerService: set alarm to kernel: 449037.520000000, type=2
03-27 20:23:13.295  1331  1855 D AlarmManagerService: set alarm to kernel: 448948.692000000, type=3
03-27 20:23:13.296  1331  3454 D InputDispatcher: setInputWindows displayId=0 cf1652a NavigationBar0 5465496 StatusBar 530697a Splash Screen com.smartfit.app e54e76c ActivityRecordInputSink com.smartfit.app/.MainActivity 19faf04 com.android.launcher3/com.android.searchlauncher.SearchLauncher b6305f1 ActivityRecordInputSink com.android.launcher3/com.android.searchlauncher.SearchLauncher 3cac54b ActivityRecordInputSink com.whatsapp/.Conversation cfc9a62 ActivityRecordInputSink com.whatsapp/.home.ui.HomeActivity 75522f8 ActivityRecordInputSink com.android.chrome/org.chromium.chrome.browser.ChromeTabbedActivity recents_animation_input_consumer 8e45331 ActivityRecordInputSink com.google.android.gm/.ui.MailActivityGmail Dim layer#11752 Dim layer#11751 Wallpaper BBQ wrapper#11766 40061be com.android.systemui.wallpapers.ImageWallpaper
03-27 20:23:13.305   942   942 W Layer   : Hide layer Input Consumer recents_animation_input_consumer#15340 because zOrderRelativeOf = ActivityRecord{3768a16 u0 com.google.android.gm/.ConversationListActivityGmail#27062 is hide.
03-27 20:23:13.305   942   942 W Layer   : Hide layer Input Consumer recents_animation_input_consumer#15340 because zOrderRelativeOf = ActivityRecord{3768a16 u0 com.google.android.gm/.ConversationListActivityGmail#27062 is hide.
03-27 20:23:13.305 11691 11727 D nativeloader: Load /data/app/~~Uiurvm4iagpO4qB0A6OPVg==/com.google.android.googlequicksearchbox-Ow3owK8AKGCv83uc-b3blQ==/base.apk!/lib/arm64-v8a/libmappedcountercacheversionjni.so using class loader ns clns-5 (caller=/data/app/~~Uiurvm4iagpO4qB0A6OPVg==/com.google.android.googlequicksearchbox-Ow3owK8AKGCv83uc-b3blQ==/base.apk!classes2.dex): ok
03-27 20:23:13.307  1331  3454 D InputDispatcher: setInputWindows displayId=0 cf1652a NavigationBar0 5465496 StatusBar 530697a Splash Screen com.smartfit.app e54e76c ActivityRecordInputSink com.smartfit.app/.MainActivity 19faf04 com.android.launcher3/com.android.searchlauncher.SearchLauncher b6305f1 ActivityRecordInputSink com.android.launcher3/com.android.searchlauncher.SearchLauncher 3cac54b ActivityRecordInputSink com.whatsapp/.Conversation cfc9a62 ActivityRecordInputSink com.whatsapp/.home.ui.HomeActivity 75522f8 ActivityRecordInputSink com.android.chrome/org.chromium.chrome.browser.ChromeTabbedActivity recents_animation_input_consumer 8e45331 ActivityRecordInputSink com.google.android.gm/.ui.MailActivityGmail Dim layer#11752 Dim layer#11751 Wallpaper BBQ wrapper#11766 40061be com.android.systemui.wallpapers.ImageWallpaper
03-27 20:23:13.316   942   942 W Layer   : Hide layer Input Consumer recents_animation_input_consumer#15340 because zOrderRelativeOf = ActivityRecord{3768a16 u0 com.google.android.gm/.ConversationListActivityGmail#27062 is hide.
03-27 20:23:13.316   942   942 W Layer   : Hide layer Input Consumer recents_animation_input_consumer#15340 because zOrderRelativeOf = ActivityRecord{3768a16 u0 com.google.android.gm/.ConversationListActivityGmail#27062 is hide.
03-27 20:23:13.317  1331  3454 D InputDispatcher: setInputWindows displayId=0 cf1652a NavigationBar0 5465496 StatusBar 530697a Splash Screen com.smartfit.app e54e76c ActivityRecordInputSink com.smartfit.app/.MainActivity 19faf04 com.android.launcher3/com.android.searchlauncher.SearchLauncher b6305f1 ActivityRecordInputSink com.android.launcher3/com.android.searchlauncher.SearchLauncher 3cac54b ActivityRecordInputSink com.whatsapp/.Conversation cfc9a62 ActivityRecordInputSink com.whatsapp/.home.ui.HomeActivity 75522f8 ActivityRecordInputSink com.android.chrome/org.chromium.chrome.browser.ChromeTabbedActivity recents_animation_input_consumer 8e45331 ActivityRecordInputSink com.google.android.gm/.ui.MailActivityGmail Dim layer#11752 Dim layer#11751 Wallpaper BBQ wrapper#11766 40061be com.android.systemui.wallpapers.ImageWallpaper
03-27 20:23:13.320 11691 11691 I btyz    : (REDACTED) windowAttached completed window=%s fragmentHost=%s
03-27 20:23:13.322 11691 11691 I btyz    : onStart
03-27 20:23:13.327   942   942 W Layer   : Hide layer Input Consumer recents_animation_input_consumer#15340 because zOrderRelativeOf = ActivityRecord{3768a16 u0 com.google.android.gm/.ConversationListActivityGmail#27062 is hide.
03-27 20:23:13.327   942   942 W Layer   : Hide layer Input Consumer recents_animation_input_consumer#15340 because zOrderRelativeOf = ActivityRecord{3768a16 u0 com.google.android.gm/.ConversationListActivityGmail#27062 is hide.
03-27 20:23:13.328  1331  1855 D InputDispatcher: setInputWindows displayId=0 cf1652a NavigationBar0 5465496 StatusBar 530697a Splash Screen com.smartfit.app e54e76c ActivityRecordInputSink com.smartfit.app/.MainActivity 19faf04 com.android.launcher3/com.android.searchlauncher.SearchLauncher b6305f1 ActivityRecordInputSink com.android.launcher3/com.android.searchlauncher.SearchLauncher 3cac54b ActivityRecordInputSink com.whatsapp/.Conversation cfc9a62 ActivityRecordInputSink com.whatsapp/.home.ui.HomeActivity 75522f8 ActivityRecordInputSink com.android.chrome/org.chromium.chrome.browser.ChromeTabbedActivity recents_animation_input_consumer 8e45331 ActivityRecordInputSink com.google.android.gm/.ui.MailActivityGmail Dim layer#11752 Dim layer#11751 Wallpaper BBQ wrapper#11766 40061be com.android.systemui.wallpapers.ImageWallpaper
03-27 20:23:13.338 11691 11691 I btyz    : onResume
03-27 20:23:13.338   942   942 W Layer   : Hide layer Input Consumer recents_animation_input_consumer#15340 because zOrderRelativeOf = ActivityRecord{3768a16 u0 com.google.android.gm/.ConversationListActivityGmail#27062 is hide.
03-27 20:23:13.338   942   942 W Layer   : Hide layer Input Consumer recents_animation_input_consumer#15340 because zOrderRelativeOf = ActivityRecord{3768a16 u0 com.google.android.gm/.ConversationListActivityGmail#27062 is hide.
03-27 20:23:13.339  1331  1855 D InputDispatcher: setInputWindows displayId=0 cf1652a NavigationBar0 5465496 StatusBar 530697a Splash Screen com.smartfit.app e54e76c ActivityRecordInputSink com.smartfit.app/.MainActivity 19faf04 com.android.launcher3/com.android.searchlauncher.SearchLauncher b6305f1 ActivityRecordInputSink com.android.launcher3/com.android.searchlauncher.SearchLauncher 3cac54b ActivityRecordInputSink com.whatsapp/.Conversation cfc9a62 ActivityRecordInputSink com.whatsapp/.home.ui.HomeActivity 75522f8 ActivityRecordInputSink com.android.chrome/org.chromium.chrome.browser.ChromeTabbedActivity recents_animation_input_consumer 8e45331 ActivityRecordInputSink com.google.android.gm/.ui.MailActivityGmail Dim layer#11752 Dim layer#11751 Wallpaper BBQ wrapper#11766 40061be com.android.systemui.wallpapers.ImageWallpaper
03-27 20:23:13.346 11663 11663 D LifecycleMonitor: Lifecycle status change: com.smartfit.app.MainActivity@cc196bc in: CREATED
03-27 20:23:13.346 11663 11663 V ActivityScenario: Update currentActivityStage to CREATED, currentActivity=com.smartfit.app.MainActivity@cc196bc
03-27 20:23:13.348 11663 11663 D LifecycleMonitor: Lifecycle status change: com.smartfit.app.MainActivity@cc196bc in: STARTED
03-27 20:23:13.348 11663 11663 V ActivityScenario: Update currentActivityStage to STARTED, currentActivity=com.smartfit.app.MainActivity@cc196bc
03-27 20:23:13.350   942   942 W Layer   : Hide layer Input Consumer recents_animation_input_consumer#15340 because zOrderRelativeOf = ActivityRecord{3768a16 u0 com.google.android.gm/.ConversationListActivityGmail#27062 is hide.
03-27 20:23:13.350   942   942 W Layer   : Hide layer Input Consumer recents_animation_input_consumer#15340 because zOrderRelativeOf = ActivityRecord{3768a16 u0 com.google.android.gm/.ConversationListActivityGmail#27062 is hide.
03-27 20:23:13.352  1331  3465 D InputDispatcher: setInputWindows displayId=0 cf1652a NavigationBar0 5465496 StatusBar 530697a Splash Screen com.smartfit.app e54e76c ActivityRecordInputSink com.smartfit.app/.MainActivity 19faf04 com.android.launcher3/com.android.searchlauncher.SearchLauncher b6305f1 ActivityRecordInputSink com.android.launcher3/com.android.searchlauncher.SearchLauncher 3cac54b ActivityRecordInputSink com.whatsapp/.Conversation cfc9a62 ActivityRecordInputSink com.whatsapp/.home.ui.HomeActivity 75522f8 ActivityRecordInputSink com.android.chrome/org.chromium.chrome.browser.ChromeTabbedActivity recents_animation_input_consumer 8e45331 ActivityRecordInputSink com.google.android.gm/.ui.MailActivityGmail Dim layer#11752 Dim layer#11751 Wallpaper BBQ wrapper#11766 40061be com.android.systemui.wallpapers.ImageWallpaper
03-27 20:23:13.361   942   942 W Layer   : Hide layer Input Consumer recents_animation_input_consumer#15340 because zOrderRelativeOf = ActivityRecord{3768a16 u0 com.google.android.gm/.ConversationListActivityGmail#27062 is hide.
03-27 20:23:13.361   942   942 W Layer   : Hide layer Input Consumer recents_animation_input_consumer#15340 because zOrderRelativeOf = ActivityRecord{3768a16 u0 com.google.android.gm/.ConversationListActivityGmail#27062 is hide.
03-27 20:23:13.362  1331  3465 D InputDispatcher: setInputWindows displayId=0 cf1652a NavigationBar0 5465496 StatusBar 530697a Splash Screen com.smartfit.app e54e76c ActivityRecordInputSink com.smartfit.app/.MainActivity 19faf04 com.android.launcher3/com.android.searchlauncher.SearchLauncher b6305f1 ActivityRecordInputSink com.android.launcher3/com.android.searchlauncher.SearchLauncher 3cac54b ActivityRecordInputSink com.whatsapp/.Conversation cfc9a62 ActivityRecordInputSink com.whatsapp/.home.ui.HomeActivity 75522f8 ActivityRecordInputSink com.android.chrome/org.chromium.chrome.browser.ChromeTabbedActivity recents_animation_input_consumer 8e45331 ActivityRecordInputSink com.google.android.gm/.ui.MailActivityGmail Dim layer#11752 Dim layer#11751 Wallpaper BBQ wrapper#11766 40061be com.android.systemui.wallpapers.ImageWallpaper
03-27 20:23:13.368 11663 11663 D LifecycleMonitor: Lifecycle status change: com.smartfit.app.MainActivity@cc196bc in: RESUMED
03-27 20:23:13.368 11663 11663 V ActivityScenario: Update currentActivityStage to RESUMED, currentActivity=com.smartfit.app.MainActivity@cc196bc
03-27 20:23:13.372   942   942 W Layer   : Hide layer Input Consumer recents_animation_input_consumer#15340 because zOrderRelativeOf = ActivityRecord{3768a16 u0 com.google.android.gm/.ConversationListActivityGmail#27062 is hide.
03-27 20:23:13.372   942   942 W Layer   : Hide layer Input Consumer recents_animation_input_consumer#15340 because zOrderRelativeOf = ActivityRecord{3768a16 u0 com.google.android.gm/.ConversationListActivityGmail#27062 is hide.
03-27 20:23:13.373  1331  3465 D InputDispatcher: setInputWindows displayId=0 cf1652a NavigationBar0 5465496 StatusBar 530697a Splash Screen com.smartfit.app e54e76c ActivityRecordInputSink com.smartfit.app/.MainActivity 28bb50b com.android.launcher3/com.android.searchlauncher.SearchLauncher 19faf04 com.android.launcher3/com.android.searchlauncher.SearchLauncher b6305f1 ActivityRecordInputSink com.android.launcher3/com.android.searchlauncher.SearchLauncher 3cac54b ActivityRecordInputSink com.whatsapp/.Conversation cfc9a62 ActivityRecordInputSink com.whatsapp/.home.ui.HomeActivity 75522f8 ActivityRecordInputSink com.android.chrome/org.chromium.chrome.browser.ChromeTabbedActivity recents_animation_input_consumer 8e45331 ActivityRecordInputSink com.google.android.gm/.ui.MailActivityGmail Dim layer#11752 Dim layer#11751 Wallpaper BBQ wrapper#11766 40061be com.android.systemui.wallpapers.ImageWallpaper
03-27 20:23:13.373   928   928 D PowerHAL: Enter getSceneIdByName: sceneName:com.smartfit.app
03-27 20:23:13.374   928   928 D PowerHAL: Enter getSceneIdByName: sceneName:PACKAGE
03-27 20:23:13.381 11663 11663 D CompatibilityChangeReporter: Compat change id reported: 237531167; UID 10328; state: DISABLED
03-27 20:23:13.383   942   942 W Layer   : Hide layer Input Consumer recents_animation_input_consumer#15340 because zOrderRelativeOf = ActivityRecord{3768a16 u0 com.google.android.gm/.ConversationListActivityGmail#27062 is hide.
03-27 20:23:13.383   942   942 W Layer   : Hide layer Input Consumer recents_animation_input_consumer#15340 because zOrderRelativeOf = ActivityRecord{3768a16 u0 com.google.android.gm/.ConversationListActivityGmail#27062 is hide.
03-27 20:23:13.384  1331  3465 D InputDispatcher: setInputWindows displayId=0 cf1652a NavigationBar0 5465496 StatusBar 530697a Splash Screen com.smartfit.app e54e76c ActivityRecordInputSink com.smartfit.app/.MainActivity 28bb50b com.android.launcher3/com.android.searchlauncher.SearchLauncher 19faf04 com.android.launcher3/com.android.searchlauncher.SearchLauncher b6305f1 ActivityRecordInputSink com.android.launcher3/com.android.searchlauncher.SearchLauncher 3cac54b ActivityRecordInputSink com.whatsapp/.Conversation cfc9a62 ActivityRecordInputSink com.whatsapp/.home.ui.HomeActivity 75522f8 ActivityRecordInputSink com.android.chrome/org.chromium.chrome.browser.ChromeTabbedActivity recents_animation_input_consumer 8e45331 ActivityRecordInputSink com.google.android.gm/.ui.MailActivityGmail Dim layer#11752 Dim layer#11751 Wallpaper BBQ wrapper#11766 40061be com.android.systemui.wallpapers.ImageWallpaper
03-27 20:23:13.387 11663 11663 W OpenGLRenderer: Unknown dataspace 0
03-27 20:23:13.394   942   942 W Layer   : Hide layer Input Consumer recents_animation_input_consumer#15340 because zOrderRelativeOf = ActivityRecord{3768a16 u0 com.google.android.gm/.ConversationListActivityGmail#27062 is hide.
03-27 20:23:13.394   942   942 W Layer   : Hide layer Input Consumer recents_animation_input_consumer#15340 because zOrderRelativeOf = ActivityRecord{3768a16 u0 com.google.android.gm/.ConversationListActivityGmail#27062 is hide.
03-27 20:23:13.395  1331  1855 D InputDispatcher: setInputWindows displayId=0 cf1652a NavigationBar0 5465496 StatusBar 530697a Splash Screen com.smartfit.app e54e76c ActivityRecordInputSink com.smartfit.app/.MainActivity 28bb50b com.android.launcher3/com.android.searchlauncher.SearchLauncher 19faf04 com.android.launcher3/com.android.searchlauncher.SearchLauncher b6305f1 ActivityRecordInputSink com.android.launcher3/com.android.searchlauncher.SearchLauncher 3cac54b ActivityRecordInputSink com.whatsapp/.Conversation cfc9a62 ActivityRecordInputSink com.whatsapp/.home.ui.HomeActivity 75522f8 ActivityRecordInputSink com.android.chrome/org.chromium.chrome.browser.ChromeTabbedActivity recents_animation_input_consumer 8e45331 ActivityRecordInputSink com.google.android.gm/.ui.MailActivityGmail Dim layer#11752 Dim layer#11751 Wallpaper BBQ wrapper#11766 40061be com.android.systemui.wallpapers.ImageWallpaper
03-27 20:23:13.404 11663 11663 D InputEventReceiver: android_view_InputEventReceiver debug log is enabled
03-27 20:23:13.404 11663 11663 D InputEventReceiver: channel '78b663 com.smartfit.app/com.smartfit.app.MainActivity (client)' ~ Initializing input event receiver.
03-27 20:23:13.405   942   942 W Layer   : Hide layer Input Consumer recents_animation_input_consumer#15340 because zOrderRelativeOf = ActivityRecord{3768a16 u0 com.google.android.gm/.ConversationListActivityGmail#27062 is hide.
03-27 20:23:13.406   942   942 W Layer   : Hide layer Input Consumer recents_animation_input_consumer#15340 because zOrderRelativeOf = ActivityRecord{3768a16 u0 com.google.android.gm/.ConversationListActivityGmail#27062 is hide.
03-27 20:23:13.407  1331  1855 D InputDispatcher: setInputWindows displayId=0 cf1652a NavigationBar0 5465496 StatusBar 530697a Splash Screen com.smartfit.app e54e76c ActivityRecordInputSink com.smartfit.app/.MainActivity 28bb50b com.android.launcher3/com.android.searchlauncher.SearchLauncher 19faf04 com.android.launcher3/com.android.searchlauncher.SearchLauncher b6305f1 ActivityRecordInputSink com.android.launcher3/com.android.searchlauncher.SearchLauncher 3cac54b ActivityRecordInputSink com.whatsapp/.Conversation cfc9a62 ActivityRecordInputSink com.whatsapp/.home.ui.HomeActivity 75522f8 ActivityRecordInputSink com.android.chrome/org.chromium.chrome.browser.ChromeTabbedActivity recents_animation_input_consumer 8e45331 ActivityRecordInputSink com.google.android.gm/.ui.MailActivityGmail Dim layer#11752 Dim layer#11751 Wallpaper BBQ wrapper#11766 40061be com.android.systemui.wallpapers.ImageWallpaper
03-27 20:23:13.416   942   942 W Layer   : Hide layer Input Consumer recents_animation_input_consumer#15340 because zOrderRelativeOf = ActivityRecord{3768a16 u0 com.google.android.gm/.ConversationListActivityGmail#27062 is hide.
03-27 20:23:13.417   942   942 W Layer   : Hide layer Input Consumer recents_animation_input_consumer#15340 because zOrderRelativeOf = ActivityRecord{3768a16 u0 com.google.android.gm/.ConversationListActivityGmail#27062 is hide.
03-27 20:23:13.417  1331  3465 D InputDispatcher: setInputWindows displayId=0 cf1652a NavigationBar0 5465496 StatusBar 530697a Splash Screen com.smartfit.app e54e76c ActivityRecordInputSink com.smartfit.app/.MainActivity 28bb50b com.android.launcher3/com.android.searchlauncher.SearchLauncher 19faf04 com.android.launcher3/com.android.searchlauncher.SearchLauncher b6305f1 ActivityRecordInputSink com.android.launcher3/com.android.searchlauncher.SearchLauncher 3cac54b ActivityRecordInputSink com.whatsapp/.Conversation cfc9a62 ActivityRecordInputSink com.whatsapp/.home.ui.HomeActivity 75522f8 ActivityRecordInputSink com.android.chrome/org.chromium.chrome.browser.ChromeTabbedActivity recents_animation_input_consumer 8e45331 ActivityRecordInputSink com.google.android.gm/.ui.MailActivityGmail Dim layer#11752 Dim layer#11751 Wallpaper BBQ wrapper#11766 40061be com.android.systemui.wallpapers.ImageWallpaper
03-27 20:23:13.428   942   942 W Layer   : Hide layer Input Consumer recents_animation_input_consumer#15340 because zOrderRelativeOf = ActivityRecord{3768a16 u0 com.google.android.gm/.ConversationListActivityGmail#27062 is hide.
03-27 20:23:13.428   942   942 W Layer   : Hide layer Input Consumer recents_animation_input_consumer#15340 because zOrderRelativeOf = ActivityRecord{3768a16 u0 com.google.android.gm/.ConversationListActivityGmail#27062 is hide.
03-27 20:23:13.429  1331  3465 D InputDispatcher: setInputWindows displayId=0 cf1652a NavigationBar0 5465496 StatusBar 530697a Splash Screen com.smartfit.app e54e76c ActivityRecordInputSink com.smartfit.app/.MainActivity 28bb50b com.android.launcher3/com.android.searchlauncher.SearchLauncher 19faf04 com.android.launcher3/com.android.searchlauncher.SearchLauncher b6305f1 ActivityRecordInputSink com.android.launcher3/com.android.searchlauncher.SearchLauncher 3cac54b ActivityRecordInputSink com.whatsapp/.Conversation cfc9a62 ActivityRecordInputSink com.whatsapp/.home.ui.HomeActivity 75522f8 ActivityRecordInputSink com.android.chrome/org.chromium.chrome.browser.ChromeTabbedActivity recents_animation_input_consumer 8e45331 ActivityRecordInputSink com.google.android.gm/.ui.MailActivityGmail Dim layer#11752 Dim layer#11751 Wallpaper BBQ wrapper#11766 40061be com.android.systemui.wallpapers.ImageWallpaper
03-27 20:23:13.435 17156  7959 I NearbySharing: Network state changed: NetworkState(isRestricted=false, isOnline=true, isCongested=false, isMetered=false, isWifiConnected=true)
03-27 20:23:13.438   942   942 W Layer   : Hide layer Input Consumer recents_animation_input_consumer#15340 because zOrderRelativeOf = ActivityRecord{3768a16 u0 com.google.android.gm/.ConversationListActivityGmail#27062 is hide.
03-27 20:23:13.439   942   942 W Layer   : Hide layer Input Consumer recents_animation_input_consumer#15340 because zOrderRelativeOf = ActivityRecord{3768a16 u0 com.google.android.gm/.ConversationListActivityGmail#27062 is hide.
03-27 20:23:13.440  1331  3465 D InputDispatcher: setInputWindows displayId=0 cf1652a NavigationBar0 5465496 StatusBar 530697a Splash Screen com.smartfit.app e54e76c ActivityRecordInputSink com.smartfit.app/.MainActivity 28bb50b com.android.launcher3/com.android.searchlauncher.SearchLauncher 19faf04 com.android.launcher3/com.android.searchlauncher.SearchLauncher b6305f1 ActivityRecordInputSink com.android.launcher3/com.android.searchlauncher.SearchLauncher 3cac54b ActivityRecordInputSink com.whatsapp/.Conversation cfc9a62 ActivityRecordInputSink com.whatsapp/.home.ui.HomeActivity 75522f8 ActivityRecordInputSink com.android.chrome/org.chromium.chrome.browser.ChromeTabbedActivity recents_animation_input_consumer 8e45331 ActivityRecordInputSink com.google.android.gm/.ui.MailActivityGmail Dim layer#11752 Dim layer#11751 Wallpaper BBQ wrapper#11766 40061be com.android.systemui.wallpapers.ImageWallpaper
03-27 20:23:13.446   910   910 I mali_gralloc: allocate: id=38e000117a2, hal_format=RGBA8888, mali_format=RGBA8888, afbc=SPLIT, usage=GPU_RW|HWC, size=720x1600(4680704), stride=720, name=VRI[SearchLauncher]#0(BLAST Consumer)0
03-27 20:23:13.447 11691 11786 D mali_gralloc: register: id=38e000117a2, handle=0xb400007e6bf90b10, importpid=-1, gRegisteredHandles=0
03-27 20:23:13.449   942   942 W Layer   : Hide layer Input Consumer recents_animation_input_consumer#15340 because zOrderRelativeOf = ActivityRecord{3768a16 u0 com.google.android.gm/.ConversationListActivityGmail#27062 is hide.
03-27 20:23:13.450   942   942 W Layer   : Hide layer Input Consumer recents_animation_input_consumer#15340 because zOrderRelativeOf = ActivityRecord{3768a16 u0 com.google.android.gm/.ConversationListActivityGmail#27062 is hide.
03-27 20:23:13.450  1331  3465 D InputDispatcher: setInputWindows displayId=0 cf1652a NavigationBar0 5465496 StatusBar 530697a Splash Screen com.smartfit.app e54e76c ActivityRecordInputSink com.smartfit.app/.MainActivity 28bb50b com.android.launcher3/com.android.searchlauncher.SearchLauncher 19faf04 com.android.launcher3/com.android.searchlauncher.SearchLauncher b6305f1 ActivityRecordInputSink com.android.launcher3/com.android.searchlauncher.SearchLauncher 3cac54b ActivityRecordInputSink com.whatsapp/.Conversation cfc9a62 ActivityRecordInputSink com.whatsapp/.home.ui.HomeActivity 75522f8 ActivityRecordInputSink com.android.chrome/org.chromium.chrome.browser.ChromeTabbedActivity recents_animation_input_consumer 8e45331 ActivityRecordInputSink com.google.android.gm/.ui.MailActivityGmail Dim layer#11752 Dim layer#11751 Wallpaper BBQ wrapper#11766 40061be com.android.systemui.wallpapers.ImageWallpaper
03-27 20:23:13.456   910   910 I mali_gralloc: allocate: id=38e000117a3, hal_format=RGBA8888, mali_format=RGBA8888, afbc=SPLIT, usage=GPU_RW|HWC, size=720x1600(4680704), stride=720, name=VRI[SearchLauncher]#0(BLAST Consumer)0
03-27 20:23:13.457 11691 11786 D mali_gralloc: register: id=38e000117a3, handle=0xb400007e6bf8ffd0, importpid=-1, gRegisteredHandles=1
03-27 20:23:13.460   910   910 I mali_gralloc: allocate: id=38e000117a4, hal_format=RGBA8888, mali_format=RGBA8888, afbc=SPLIT, usage=GPU_RW|HWC, size=720x1600(4680704), stride=720, name=VRI[SearchLauncher]#0(BLAST Consumer)0
03-27 20:23:13.461   942   942 W Layer   : Hide layer Input Consumer recents_animation_input_consumer#15340 because zOrderRelativeOf = ActivityRecord{3768a16 u0 com.google.android.gm/.ConversationListActivityGmail#27062 is hide.
03-27 20:23:13.461   942   942 W Layer   : Hide layer Input Consumer recents_animation_input_consumer#15340 because zOrderRelativeOf = ActivityRecord{3768a16 u0 com.google.android.gm/.ConversationListActivityGmail#27062 is hide.
