03-27 20:23:31.188   942   942 I Layer   : fillInputInfo layer:25b3f4 ActivityRecordInputSink com.whatsapp/.calling.ui.VoipActivityV2#28482, visible=0 (hasInputInfo:1, isHidden:1, alpha:1.000000, parent:ActivityRecord{f9a271d u0 com.whatsapp/.calling.ui.VoipActivityV2#28477,parenthidden:1, parentalpha:1.000000, mBuffer:0, mSidebandStream:0,hasSomethingToDraw:0, hasEffect:0, fillsColor:0, drawShadows:0, hasBlur:0)
03-27 20:23:31.188   942   942 W Layer   : Hide layer Input Consumer recents_animation_input_consumer#15340 because zOrderRelativeOf = ActivityRecord{3768a16 u0 com.google.android.gm/.ConversationListActivityGmail#27062 is hide.
03-27 20:23:31.188   942   942 W Layer   : Hide layer Input Consumer recents_animation_input_consumer#15340 because zOrderRelativeOf = ActivityRecord{3768a16 u0 com.google.android.gm/.ConversationListActivityGmail#27062 is hide.
03-27 20:23:31.189  1331  4256 D InputDispatcher: setInputWindows displayId=0 cf1652a NavigationBar0 5465496 StatusBar f8adb38 Splash Screen com.smartfit.app.test 824206e com.smartfit.app.test/androidx.test.core.app.InstrumentationActivityInvoker$EmptyActivity a367e1c ActivityRecordInputSink com.smartfit.app.test/androidx.test.core.app.InstrumentationActivityInvoker$EmptyActivity Background for SurfaceView[com.whatsapp/com.whatsapp.calling.ui.VoipActivityV2]#28507 d8c563e com.whatsapp/com.whatsapp.calling.ui.VoipActivityV2 25b3f4 ActivityRecordInputSink com.whatsapp/.calling.ui.VoipActivityV2 3cac54b ActivityRecordInputSink com.whatsapp/.Conversation cfc9a62 ActivityRecordInputSink com.whatsapp/.home.ui.HomeActivity 75522f8 ActivityRecordInputSink com.android.chrome/org.chromium.chrome.browser.ChromeTabbedActivity recents_animation_input_consumer 8e45331 ActivityRecordInputSink com.google.android.gm/.ui.MailActivityGmail Dim layer#11752 Dim layer#11751 a64c3d7 Splash Screen com.smartfit.app b6305f1 ActivityRecordInputSink com.android.launcher3/com.android.s
03-27 20:23:31.189  1331  4256 D InputDispatcher: Window went away: animation-background#28497
03-27 20:23:31.190  1331  1465 D InputDispatcher: dispatchEventToCurrentInputTargets
03-27 20:23:31.190  1331  1465 D InputDispatcher: channel 'd8c563e com.whatsapp/com.whatsapp.calling.ui.VoipActivityV2 (server)' ~ prepareDispatchCycle - flags=DISPATCH_AS_IS, globalScaleFactor=1.000000, pointerIds=00000000000000000000000000000000
03-27 20:23:31.190  1331  1465 D InputDispatcher:         default (ROT_0) (IDENTITY)
03-27 20:23:31.190  1331  1465 D InputDispatcher: channel 'd8c563e com.whatsapp/com.whatsapp.calling.ui.VoipActivityV2 (server)' ~ startDispatchCycle
03-27 20:23:31.198   942   942 W Layer   : Hide layer Input Consumer recents_animation_input_consumer#15340 because zOrderRelativeOf = ActivityRecord{3768a16 u0 com.google.android.gm/.ConversationListActivityGmail#27062 is hide.
03-27 20:23:31.199   942   942 W Layer   : Hide layer Input Consumer recents_animation_input_consumer#15340 because zOrderRelativeOf = ActivityRecord{3768a16 u0 com.google.android.gm/.ConversationListActivityGmail#27062 is hide.
03-27 20:23:31.200  1331  4256 D InputDispatcher: setInputWindows displayId=0 cf1652a NavigationBar0 5465496 StatusBar f8adb38 Splash Screen com.smartfit.app.test 824206e com.smartfit.app.test/androidx.test.core.app.InstrumentationActivityInvoker$EmptyActivity a367e1c ActivityRecordInputSink com.smartfit.app.test/androidx.test.core.app.InstrumentationActivityInvoker$EmptyActivity Background for SurfaceView[com.whatsapp/com.whatsapp.calling.ui.VoipActivityV2]#28507 d8c563e com.whatsapp/com.whatsapp.calling.ui.VoipActivityV2 25b3f4 ActivityRecordInputSink com.whatsapp/.calling.ui.VoipActivityV2 3cac54b ActivityRecordInputSink com.whatsapp/.Conversation cfc9a62 ActivityRecordInputSink com.whatsapp/.home.ui.HomeActivity 75522f8 ActivityRecordInputSink com.android.chrome/org.chromium.chrome.browser.ChromeTabbedActivity recents_animation_input_consumer 8e45331 ActivityRecordInputSink com.google.android.gm/.ui.MailActivityGmail Dim layer#11752 Dim layer#11751 a64c3d7 Splash Screen com.smartfit.app b6305f1 ActivityRecordInputSink com.android.launcher3/com.android.s
03-27 20:23:31.223 31984 32265 D audio_hw_primary: adev_create_audio_patch: enter: num sources(1) num_sinks(1) patch handle(30)
03-27 20:23:31.223 31984 32265 D audio_hw_primary: adev_create_audio_patch: Playback patch from mix handle(13) to device(0x2)
03-27 20:23:31.223 12124 12148 D nativeloader: Load /data/app/~~4kd-X0xehqaJUnOIseZ2UQ==/com.google.android.youtube-FEbwyZZM1vcJwrIJKPdNbA==/split_config.arm64_v8a.apk!/lib/arm64-v8a/libelements.so using class loader ns clns-5 (caller=/data/app/~~4kd-X0xehqaJUnOIseZ2UQ==/com.google.android.youtube-FEbwyZZM1vcJwrIJKPdNbA==/base.apk!classes3.dex): ok
03-27 20:23:31.226 31983 16140 I APM_AudioPolicyManager: getNewOutputDevices selected devices AUDIO_DEVICE_NONE
03-27 20:23:31.226 31983 16140 I APM_AudioPolicyManager: setOutputDevices device AUDIO_DEVICE_NONE delayMs 0
03-27 20:23:31.227 31983 16140 I APM_AudioPolicyManager: setOutputDevices changing device to AUDIO_DEVICE_NONE
03-27 20:23:31.228 31983 16140 I APM_AudioPolicyManager: getNewOutputDevices selected devices AUDIO_DEVICE_NONE
03-27 20:23:31.228 31983 16140 I APM_AudioPolicyManager: setOutputDevices device AUDIO_DEVICE_NONE delayMs 0
03-27 20:23:31.229 31983 16140 I APM_AudioPolicyManager: getNewOutputDevices selected devices AUDIO_DEVICE_NONE
03-27 20:23:31.229 31983 16140 I APM_AudioPolicyManager: setOutputDevices device AUDIO_DEVICE_NONE delayMs 0
03-27 20:23:31.231  1331  1553 V AS.AudioDeviceBroker: requestedCommunicationDevice: AudioDeviceAttributes: role:output type:speaker addr: name: profiles:[] descriptors:[] mAudioModeOwner: AudioModeInfo: mMode=MODE_RINGTONE, mPid=30322, mUid=10214
03-27 20:23:31.235 31983 11938 W AidlConversionCppNdk: legacy2aidl_audio_channel_mask_t_AudioChannelLayout: no AudioChannelLayout found for legacy output audio_channel_mask_t value 0x10
03-27 20:23:31.236 12124 12200 W AidlConversionCppNdk: aidl2legacy_AudioChannelLayout_audio_channel_mask_t: no legacy output audio_channel_mask_t found for AudioChannelLayout{layoutMask: 16}
03-27 20:23:31.239 31983 32632 W AidlConversionCppNdk: legacy2aidl_audio_channel_mask_t_AudioChannelLayout: no AudioChannelLayout found for legacy output audio_channel_mask_t value 0x10
03-27 20:23:31.241 11691 11931 W AidlConversionCppNdk: aidl2legacy_AudioChannelLayout_audio_channel_mask_t: no legacy output audio_channel_mask_t found for AudioChannelLayout{layoutMask: 16}
03-27 20:23:31.245 24402 24415 D BLASTBufferQueue: [VRI[StatusBar]#3](f:0,a:4) PendingRelease=1, PendingBuffersToHold=0, SyncedFrameNumbers=0, lacfnr:82569, lapfnr:82569
03-27 20:23:31.249 31983 11803 I APM_AudioPolicyManager: setStreamVolumeIndex: stream AUDIO_STREAM_MUSIC attributes={ Content type: AUDIO_CONTENT_TYPE_UNKNOWN Usage: AUDIO_USAGE_MEDIA Source: AUDIO_SOURCE_INVALID Flags: 0x0 Tags:  }
03-27 20:23:31.257 24402 24415 D BLASTBufferQueue: [VRI[StatusBar]#3](f:0,a:4) PendingRelease=1, PendingBuffersToHold=0, SyncedFrameNumbers=0, lacfnr:82570, lapfnr:82570
03-27 20:23:31.264 31983 32065 W AidlConversionCppNdk: legacy2aidl_audio_channel_mask_t_AudioChannelLayout: no AudioChannelLayout found for legacy output audio_channel_mask_t value 0x10
03-27 20:23:31.268 24402 24415 D BLASTBufferQueue: [VRI[StatusBar]#3](f:0,a:4) PendingRelease=1, PendingBuffersToHold=0, SyncedFrameNumbers=0, lacfnr:82571, lapfnr:82571
03-27 20:23:31.268 12124 12200 W AidlConversionCppNdk: aidl2legacy_AudioChannelLayout_audio_channel_mask_t: no legacy output audio_channel_mask_t found for AudioChannelLayout{layoutMask: 16}
03-27 20:23:31.271 31983 16140 I APM_AudioPolicyManager: setStreamVolumeIndex: stream AUDIO_STREAM_MUSIC attributes={ Content type: AUDIO_CONTENT_TYPE_UNKNOWN Usage: AUDIO_USAGE_MEDIA Source: AUDIO_SOURCE_INVALID Flags: 0x0 Tags:  }
03-27 20:23:31.279 31983 21795 I APM_AudioPolicyManager: startInput portId 1467
03-27 20:23:31.279 31983 21795 I APM_AudioPolicyManager: startInput input:262, session:1522513)
03-27 20:23:31.279 24402 24415 D BLASTBufferQueue: [VRI[StatusBar]#3](f:0,a:3) PendingRelease=1, PendingBuffersToHold=0, SyncedFrameNumbers=0, lacfnr:82571, lapfnr:82571
03-27 20:23:31.282 31983 12222 I AudioFlinger: acquireWakeLock_l() AudioIn_106 status 0
03-27 20:23:31.284  1331  2038 D SceneRecognizer: notifySceneStatusChanged: notify 1 receivers
03-27 20:23:31.285 31984 32265 D audio_hw_primary: adev_create_audio_patch: enter: num sources(1) num_sinks(1) patch handle(0)
03-27 20:23:31.285 31984 32265 D audio_hw_primary: adev_create_audio_patch: Capture patch from device(0x80000004) to mix handle(262)
03-27 20:23:31.285 31984 32265 D audio_hw_primary: adev_create_audio_patch: new patch handle(38)
03-27 20:23:31.286 31983 12222 D audioserver: FGS Logger Transaction failed
03-27 20:23:31.286 31983 12222 D audioserver: -129
03-27 20:23:31.286 31983 12222 D audioserver: FGS Logger Transaction failed
03-27 20:23:31.286 31983 12222 D audioserver: -129
03-27 20:23:31.290  1331  2036 D AlarmManagerService: set alarm to kernel: 449037.520000000, type=2
03-27 20:23:31.291  1331  2036 D AlarmManagerService: set alarm to kernel: 448993.966000000, type=3
03-27 20:23:31.291  1331  2036 D AlarmManagerService: set alarm to kernel: 449037.520000000, type=2
03-27 20:23:31.291  1331  2036 D AlarmManagerService: set alarm to kernel: 448993.966000000, type=3
03-27 20:23:31.292 31983 21795 D audioserver: FGS Logger Transaction failed
03-27 20:23:31.292 31983 21795 D audioserver: -129
03-27 20:23:31.292 24402 24415 D BLASTBufferQueue: [VRI[StatusBar]#3](f:0,a:2) PendingRelease=1, PendingBuffersToHold=0, SyncedFrameNumbers=0, lacfnr:82571, lapfnr:82571
03-27 20:23:31.297 31984 32265 D audio_hw_primary: in_add_audio_effect: app_scene(19: voip-record) enable_aec(true) intn_aec_on(true)
03-27 20:23:31.304 30322  8146 I AudioTrack: start(1465): prior state:STATE_STOPPED
03-27 20:23:31.304 12124 12145 D nativeloader: Load /data/app/~~4kd-X0xehqaJUnOIseZ2UQ==/com.google.android.youtube-FEbwyZZM1vcJwrIJKPdNbA==/split_config.arm64_v8a.apk!/lib/arm64-v8a/libcronet.146.0.7680.144.so using class loader ns clns-5 (caller=/data/app/~~4kd-X0xehqaJUnOIseZ2UQ==/com.google.android.youtube-FEbwyZZM1vcJwrIJKPdNbA==/base.apk): ok
03-27 20:23:31.307 24402 24415 D BLASTBufferQueue: [VRI[StatusBar]#3](f:0,a:3) PendingRelease=1, PendingBuffersToHold=0, SyncedFrameNumbers=0, lacfnr:82573, lapfnr:82573
03-27 20:23:31.310 31984 12226 D audio_hw_primary: start_input_stream: enter: app_scene(19: voip-record) devices(0x80000004)
03-27 20:23:31.313 24402 24415 D BLASTBufferQueue: [VRI[StatusBar]#3](f:0,a:3) PendingRelease=1, PendingBuffersToHold=0, SyncedFrameNumbers=0, lacfnr:82574, lapfnr:82574
03-27 20:23:31.313 31984 12226 D audio_hw_agdsp: agdsp_access_enable: access_ref_cnt(1)
03-27 20:23:31.313 31984 12226 D audio_hw_agdsp: agdsp_send_msg: cmd(0x34) param(0x204 0x13 0x1 0)
03-27 20:23:31.313 31984 12226 D audio_hw_primary: select_devices: app_scene(19: voip-record)
03-27 20:23:31.315 31984 12226 D audio_hw_primary: select_devices: out_hal_device(0: none) in_hal_device(73: voice-speaker-mic-aec)
03-27 20:23:31.316 31984 12226 D audio_hw_primary: enable_audio_device: audio-device: 'single-mic'
03-27 20:23:31.316 31984 12226 D audio_device_route: device_route_apply_path: apply path (0: audio-device: single-mic)
03-27 20:23:31.317 31984 12226 D audio_hw_primary: enable_audio_route: vbc-iis: 'voip'
03-27 20:23:31.317 31984 12226 D audio_device_route: device_route_apply_path: apply path (3: vbc-iis: voip)
03-27 20:23:31.322 31983 16140 I APM_AudioPolicyManager: setStreamVolumeIndex: stream AUDIO_STREAM_MUSIC attributes={ Content type: AUDIO_CONTENT_TYPE_UNKNOWN Usage: AUDIO_USAGE_MEDIA Source: AUDIO_SOURCE_INVALID Flags: 0x0 Tags:  }
03-27 20:23:31.324 24402 24415 D BLASTBufferQueue: [VRI[StatusBar]#3](f:0,a:3) PendingRelease=1, PendingBuffersToHold=0, SyncedFrameNumbers=0, lacfnr:82575, lapfnr:82575
03-27 20:23:31.326 31984 12226 D audio_hw_primary: enable_audio_route: vbc-iis-mux: 'only_codec_c'
03-27 20:23:31.326 31984 12226 D audio_device_route: device_route_apply_path: apply path (1: vbc-iis-mux: only_codec_c)
03-27 20:23:31.328 31984 12226 D audio_hw_primary: enable_audio_route: be-switch: 'codec_c'
03-27 20:23:31.328 31984 12226 D audio_device_route: device_route_apply_path: apply path (2: be-switch: codec_c)
03-27 20:23:31.329 31984 12226 D audio_hw_primary: start_input_stream: open pcm device card_id(0) dev_id(6)
03-27 20:23:31.338 31983 11938 W AidlConversionCppNdk: legacy2aidl_audio_channel_mask_t_AudioChannelLayout: no AudioChannelLayout found for legacy output audio_channel_mask_t value 0x10
03-27 20:23:31.339 24402 24415 D BLASTBufferQueue: [VRI[StatusBar]#3](f:0,a:3) PendingRelease=1, PendingBuffersToHold=0, SyncedFrameNumbers=0, lacfnr:82576, lapfnr:82576
03-27 20:23:31.342  1331  1554 W AidlConversionCppNdk: aidl2legacy_AudioChannelLayout_audio_channel_mask_t: no legacy output audio_channel_mask_t found for AudioChannelLayout{layoutMask: 16}
03-27 20:23:31.345 24402 24614 D BLASTBufferQueue: [VRI[StatusBar]#3](f:0,a:3) PendingRelease=1, PendingBuffersToHold=0, SyncedFrameNumbers=0, lacfnr:82577, lapfnr:82577
03-27 20:23:31.345 31984 12226 D audio_hw_primary: start_input_stream: bytes_muted(0)
03-27 20:23:31.346 31984 12226 D audio_hw_platform: platform_set_audio_param: app_scene(19: voip-record) state(0)
03-27 20:23:31.346 31984 12226 D audio_param: param_set_cal_data: enter: app_type(7) dai_id(6) volume(7) set(true) app_type_status(0)
03-27 20:23:31.346 31984 12226 D audio_param: param_set_cal_data: scene_id(15: Audio\Handsfree\VOIP1_AEC)
03-27 20:23:31.346 31984 12226 D audio_param: param_set_dsp_config: enter: app_type(7) scene_id(15: Audio\Handsfree\VOIP1_AEC) dai_id(6) volume(7)
03-27 20:23:31.346 31984 12226 D audio_param: param_set_dsp_config: change scene_id_struct from (-1: none) to (15: Audio\Handsfree\VOIP1_AEC)
03-27 20:23:31.346 31983 32632 W AidlConversionCppNdk: legacy2aidl_audio_channel_mask_t_AudioChannelLayout: no AudioChannelLayout found for legacy output audio_channel_mask_t value 0x10
03-27 20:23:31.347 31984 12226 D audio_param: param_apply_firmware_data: mixer_ctl[Audio Structure Profile Select] = [0xe0f0006]
03-27 20:23:31.347 31984 12226 D audio_param: param_set_dsp_config: change scene_id_cvs from (-1: none) to (15: Audio\Handsfree\VOIP1_AEC)
03-27 20:23:31.347 11691 11931 W AidlConversionCppNdk: aidl2legacy_AudioChannelLayout_audio_channel_mask_t: no legacy output audio_channel_mask_t found for AudioChannelLayout{layoutMask: 16}
03-27 20:23:31.347 31983 32361 I APM_AudioPolicyManager: startOutput portId 1465
03-27 20:23:31.347 31983 32361 I APM_AudioPolicyManager: startOutput() output 37, stream 0, session 1522505
03-27 20:23:31.349 31983 32361 I AudioPolicyManagerCustomBase: startOutputSetInt portId=1465 mOutputs.size=4
03-27 20:23:31.349 31983 32361 I AudioPolicyManagerCustomBase: startOutputSetInt out portId 1465
03-27 20:23:31.349 31983 32361 I APM_AudioPolicyManager: getNewOutputDevices selected devices {AUDIO_DEVICE_OUT_SPEAKER, @:}
03-27 20:23:31.349 31983 32361 I APM_AudioPolicyManager: setOutputDevices device {AUDIO_DEVICE_OUT_SPEAKER, @:} delayMs 0
03-27 20:23:31.351 31984 12226 D audio_param: param_apply_firmware_data: mixer_ctl[NXP Profile Select] = [0xe0f0006]
03-27 20:23:31.351 31984 12226 D audio_param: param_set_dsp_config: change dsp volume from (0) to (7)
03-27 20:23:31.351 31983 32361 I APM_AudioPolicyManager: setOutputDevices changing device to {AUDIO_DEVICE_OUT_SPEAKER, @:}
03-27 20:23:31.352 31984 12226 D audio_param: param_set_dsp_config: exit
03-27 20:23:31.352 31984 12226 D audio_param: param_set_vbc_config: enter: app_type(7) scene_id(15: Audio\Handsfree\VOIP1_AEC) dai_id(6)
03-27 20:23:31.352 31984 12226 D audio_param: param_set_vbc_config: change scene_id_vbc from (-1: none) to (15: Audio\Handsfree\VOIP1_AEC)
03-27 20:23:31.352 31984 32216 D audio_hw_agdsp: agdsp_msg_process: cmd(0x37) param(0x1 0x90 0xa0 0)
03-27 20:23:31.352 31984 12226 D audio_param: param_apply_firmware_data: mixer_ctl[DSP VBC Profile Select] = [0xe0f0006]
03-27 20:23:31.352 31984 12226 D audio_param: param_set_vbc_config: exit
03-27 20:23:31.352 31984 12226 D audio_param: param_set_digital_gain: enter: app_type(7) scene_id(15: Audio\Handsfree\VOIP1_AEC) volume(7)
03-27 20:23:31.352 31984 12226 D audio_param: param_set_digital_gain: change scene_id_dg_voice from (-1: none, volume 0) to (15: Audio\Handsfree\VOIP1_AEC, volume 7)
03-27 20:23:31.353 31984 32216 D audio_diagnose_dsp: diagnose_dsp_audio_info_dump: event_id(0x1b59) length(0x9c) max_volume(0x7) min_volume(0x7)
03-27 20:23:31.353 31984 32216 D audio_diagnose_dsp: diagnose_dsp_audio_info_dump: turn_up_volume_cnt(0x0) turn_up_volume_cnt(0x0) uplink_mute_cnt(0x0)uplink_unmute_cnt(0x0) downlink_mute_cnt(0x0) downlink_unmute_cnt(0x0)
03-27 20:23:31.353 31984 32216 D audio_diagnose_dsp: diagnose_dsp_audio_info_dump: up_average_in(0x0) up_average_out(0x0) down_average_in(0x0)down_average_out(0x0) silent_tx_times_in(0x0) silent_tx_times_out(0x0)
03-27 20:23:31.353 31984 32216 D audio_diagnose_dsp: diagnose_dsp_audio_info_dump: silent_rx_times_in(0x0) silent_rx_times_out(0x0) oneway_mute_tx_in(0x0)oneway_mute_tx_out(0x0) oneway_mute_rx_in(0x0) oneway_mute_rx_out(0x0)
03-27 20:23:31.353 31984 32216 D audio_diagnose_dsp: diagnose_dsp_audio_info_dump: up_schedule_cnt(0x0) down_schedule_cnt(0x0) block_mic_cnt(0x0)switch_mic_cnt(0x0) rvsd[0](0x0)
03-27 20:23:31.353 31984 32216 D audio_diagnose_dsp: diagnose_dsp_audio_info_dump: tx_vad_index[0](0xffff) tx_vad_index[1](0xffff) tx_vad_index[2](0xffff)tx_vad_index[3](0xffff) tx_vad_index[4](0xffff) tx_vad_index[5](0xffff)
03-27 20:23:31.353 31984 32216 D audio_diagnose_dsp: diagnose_dsp_audio_info_dump: rx_vad_index[0](0xffff) rx_vad_index[1](0xffff) rx_vad_index[2](0xffff)rx_vad_index[3](0xffff) rx_vad_index[4](0xffff) rx_vad_index[5](0xffff)
03-27 20:23:31.353 31984 32216 D audio_diagnose_dsp: diagnose_dsp_audio_info_dump: reset event: cause(0x2) src_mode(0x0) dst_mode(0x0) pre_samplerate(0x0)cur_samplerate(0x0) up_schedule_cnt(0x0) down_schedule_cnt(0x0)
03-27 20:23:31.353 31984 32216 D audio_diagnose_dsp: diagnose_dsp_audio_info_dump: error info: type(0x0) cause(0x0) start_time(0x0) fault_duration(0x0)
03-27 20:23:31.353 31984 12226 D audio_param: param_set_digital_gain_ctl_value: mixer_ctl[VBC ADC2 DG Set] = [24 24]
03-27 20:23:31.353 31984 12226 D audio_param: param_set_digital_gain_ctl_value: mixer_ctl[VBC DAC1 DG Set] = [24 24]
03-27 20:23:31.354 31984 12226 D audio_param: param_set_digital_gain_ctl_value: mixer_ctl[VBC ST DG Set] = [24 24]
03-27 20:23:31.354 31984 12226 D audio_param: param_set_digital_gain: exit
03-27 20:23:31.354 31984 12226 D audio_param: param_set_codec_config: enter: app_type(7) scene_id(15: Audio\Handsfree\VOIP1_AEC) volume(7)
03-27 20:23:31.354 31984 12226 D audio_param: param_set_codec_config: exit
03-27 20:23:31.354 31984 12226 D audio_param: param_set_cal_data: exit: app_type_status(0x80)
03-27 20:23:31.354 31984 12226 D audio_hw_primary: start_input_stream: exit: in_app_scene_ref_cnt(1)
03-27 20:23:31.357 12124 12196 D nativeloader: Load /data/app/~~4kd-X0xehqaJUnOIseZ2UQ==/com.google.android.youtube-FEbwyZZM1vcJwrIJKPdNbA==/split_config.arm64_v8a.apk!/lib/arm64-v8a/libmemorymappedbufferjni.so using class loader ns clns-5 (caller=/data/app/~~4kd-X0xehqaJUnOIseZ2UQ==/com.google.android.youtube-FEbwyZZM1vcJwrIJKPdNbA==/base.apk!classes2.dex): ok
03-27 20:23:31.358 24402 24614 D BLASTBufferQueue: [VRI[StatusBar]#3](f:0,a:3) PendingRelease=1, PendingBuffersToHold=0, SyncedFrameNumbers=0, lacfnr:82578, lapfnr:82578
03-27 20:23:31.359 12124 12164 D nativeloader: Configuring clns-6 for other apk . target_sdk_version=36, uses_libraries=ALL, library_path=, permitted_path=/data:/mnt/expand
03-27 20:23:31.369 24402 24614 D BLASTBufferQueue: [VRI[StatusBar]#3](f:0,a:3) PendingRelease=1, PendingBuffersToHold=0, SyncedFrameNumbers=0, lacfnr:82579, lapfnr:82579
03-27 20:23:31.370  7026  7026 D BoundBrokerSvc: onUnbind: Intent { act=com.google.android.gms.safetynet.service.START pkg=com.google.android.gms }
03-27 20:23:31.377 12124 12164 D nativeloader: Load /data/user/0/com.google.android.youtube/app_pccache2/5/32C64336DAAB52DE09299639A297EE1CAEE76804/pcam.jar!/libd491B0D9E24BB.so using isolated ns clns-6 (caller=/data/user/0/com.google.android.youtube/app_pccache2/5/32C64336DAAB52DE09299639A297EE1CAEE76804/pcam.jar): ok
03-27 20:23:31.368 12124 12124 W pool-3-thread-2: type=1400 audit(0.0:148263): avc:  granted  { execute } for  path="/data/data/com.google.android.youtube/app_pccache2/5/32C64336DAAB52DE09299639A297EE1CAEE76804/pcam.jar" dev="dm-52" ino=337515 scontext=u:r:untrusted_app:s0:c165,c256,c512,c768 tcontext=u:object_r:app_data_file:s0:c165,c256,c512,c768 tclass=file app=com.google.android.youtube
03-27 20:23:31.379 24402 24614 D BLASTBufferQueue: [VRI[StatusBar]#3](f:0,a:2) PendingRelease=1, PendingBuffersToHold=0, SyncedFrameNumbers=0, lacfnr:82579, lapfnr:82579
03-27 20:23:31.388 24402 24408 I ndroid.systemui: Background young concurrent mark compact GC freed 16MB AllocSpace bytes, 6(120KB) LOS objects, 45% free, 18MB/33MB, paused 3.837ms,4.917ms total 188.128ms
03-27 20:23:31.397  7026  7026 D BoundBrokerSvc: onUnbind: Intent { act=com.google.android.gms.safebrowsing.SafeBrowsingService.START dat=chimera-action:/... cmp=com.google.android.gms/.chimera.GmsBoundBrokerService }
03-27 20:23:31.399 24402 24409 D mali_gralloc: unregister: id=38e000117c6, handle=0xb400007e6c110e10, base=0x0, importpid=24402, count:0
03-27 20:23:31.400   942   942 W Layer   : Hide layer Input Consumer recents_animation_input_consumer#15340 because zOrderRelativeOf = ActivityRecord{3768a16 u0 com.google.android.gm/.ConversationListActivityGmail#27062 is hide.
03-27 20:23:31.400   942   942 W Layer   : Hide layer Input Consumer recents_animation_input_consumer#15340 because zOrderRelativeOf = ActivityRecord{3768a16 u0 com.google.android.gm/.ConversationListActivityGmail#27062 is hide.
03-27 20:23:31.401 24402 24409 D mali_gralloc: unregister: id=38e000117c4, handle=0xb400007e6c12a9d0, base=0x0, importpid=24402, count:0
03-27 20:23:31.401  1331  3672 D InputDispatcher: setInputWindows displayId=0 cf1652a NavigationBar0 5465496 StatusBar f8adb38 Splash Screen com.smartfit.app.test 824206e com.smartfit.app.test/androidx.test.core.app.InstrumentationActivityInvoker$EmptyActivity a367e1c ActivityRecordInputSink com.smartfit.app.test/androidx.test.core.app.InstrumentationActivityInvoker$EmptyActivity Background for SurfaceView[com.whatsapp/com.whatsapp.calling.ui.VoipActivityV2]#28507 d8c563e com.whatsapp/com.whatsapp.calling.ui.VoipActivityV2 25b3f4 ActivityRecordInputSink com.whatsapp/.calling.ui.VoipActivityV2 3cac54b ActivityRecordInputSink com.whatsapp/.Conversation cfc9a62 ActivityRecordInputSink com.whatsapp/.home.ui.HomeActivity 75522f8 ActivityRecordInputSink com.android.chrome/org.chromium.chrome.browser.ChromeTabbedActivity recents_animation_input_consumer 8e45331 ActivityRecordInputSink com.google.android.gm/.ui.MailActivityGmail Dim layer#11752 Dim layer#11751 a64c3d7 Splash Screen com.smartfit.app b6305f1 ActivityRecordInputSink com.android.launcher3/com.android.s
03-27 20:23:31.402 24402 24561 D mali_gralloc: unregister: id=38e000117c5, handle=0xb400007e6c05d5f0, base=0x0, importpid=24402, count:0
03-27 20:23:31.403   942  1001 D mali_gralloc: unregister: id=38e000117c9, handle=0xb400007bafd1d2b0, base=0x0, importpid=942, count:0
03-27 20:23:31.404 24402 24614 D BLASTBufferQueue: [VRI[StatusBar]#3](f:0,a:3) PendingRelease=1, PendingBuffersToHold=0, SyncedFrameNumbers=0, lacfnr:82581, lapfnr:82581
03-27 20:23:31.410   942   942 W Layer   : Hide layer Input Consumer recents_animation_input_consumer#15340 because zOrderRelativeOf = ActivityRecord{3768a16 u0 com.google.android.gm/.ConversationListActivityGmail#27062 is hide.
03-27 20:23:31.411   942   942 W Layer   : Hide layer Input Consumer recents_animation_input_consumer#15340 because zOrderRelativeOf = ActivityRecord{3768a16 u0 com.google.android.gm/.ConversationListActivityGmail#27062 is hide.
03-27 20:23:31.412  1331  3676 D InputDispatcher: setInputWindows displayId=0 cf1652a NavigationBar0 5465496 StatusBar f8adb38 Splash Screen com.smartfit.app.test 824206e com.smartfit.app.test/androidx.test.core.app.InstrumentationActivityInvoker$EmptyActivity a367e1c ActivityRecordInputSink com.smartfit.app.test/androidx.test.core.app.InstrumentationActivityInvoker$EmptyActivity Background for SurfaceView[com.whatsapp/com.whatsapp.calling.ui.VoipActivityV2]#28507 d8c563e com.whatsapp/com.whatsapp.calling.ui.VoipActivityV2 25b3f4 ActivityRecordInputSink com.whatsapp/.calling.ui.VoipActivityV2 3cac54b ActivityRecordInputSink com.whatsapp/.Conversation cfc9a62 ActivityRecordInputSink com.whatsapp/.home.ui.HomeActivity 75522f8 ActivityRecordInputSink com.android.chrome/org.chromium.chrome.browser.ChromeTabbedActivity recents_animation_input_consumer 8e45331 ActivityRecordInputSink com.google.android.gm/.ui.MailActivityGmail Dim layer#11752 Dim layer#11751 a64c3d7 Splash Screen com.smartfit.app b6305f1 ActivityRecordInputSink com.android.launcher3/com.android.s
03-27 20:23:31.414 24402 24614 D BLASTBufferQueue: [VRI[StatusBar]#3](f:0,a:3) PendingRelease=1, PendingBuffersToHold=0, SyncedFrameNumbers=0, lacfnr:82582, lapfnr:82582
03-27 20:23:31.417 31984 32265 D audio_hw_primary: adev_create_audio_patch: enter: num sources(1) num_sinks(1) patch handle(3)
03-27 20:23:31.418 31984 32265 D audio_hw_primary: adev_create_audio_patch: Playback patch from mix handle(37) to device(0x2)
03-27 20:23:31.425 24402 24410 W System  : A resource failed to call release.
03-27 20:23:31.425 24402 24410 W System  : A resource failed to call release.
03-27 20:23:31.425 24402 24410 W System  : A resource failed to call release.
03-27 20:23:31.425 24402 24410 W System  : A resource failed to call release.
03-27 20:23:31.426 24402 24614 D BLASTBufferQueue: [VRI[StatusBar]#3](f:0,a:3) PendingRelease=1, PendingBuffersToHold=0, SyncedFrameNumbers=0, lacfnr:82583, lapfnr:82583
03-27 20:23:31.427 24402 24410 W System  : A resource failed to call release.
03-27 20:23:31.427 24402 24410 W System  : A resource failed to call release.
03-27 20:23:31.427 24402 24410 W System  : A resource failed to call release.
03-27 20:23:31.427 24402 24410 W System  : A resource failed to call release.
03-27 20:23:31.428 24402 24410 W System  : A resource failed to call release.
03-27 20:23:31.428 24402 24410 W System  : A resource failed to call release.
03-27 20:23:31.428 24402 24410 W System  : A resource failed to call release.
03-27 20:23:31.428 24402 24410 W System  : A resource failed to call release.
03-27 20:23:31.428 24402 24410 W System  : A resource failed to call release.
03-27 20:23:31.428 24402 24410 W System  : A resource failed to call release.
03-27 20:23:31.428 24402 24410 W System  : A resource failed to call release.
03-27 20:23:31.429 24402 24410 W System  : A resource failed to call release.
03-27 20:23:31.431 24402 24410 W System  : A resource failed to call release.
03-27 20:23:31.431 24402 24410 W System  : A resource failed to call release.
03-27 20:23:31.431 24402 24410 W System  : A resource failed to call release.
03-27 20:23:31.431 31983 32361 I AudioPolicyManagerCustomBase: startOutputSetEnd portId=1465 status=0
03-27 20:23:31.431 31983 32361 D AudioPolicyManagerCustomBase: startOutput() outputDesc->mRefCount[AUDIO_STREAM_VOICE_CALL] 1
03-27 20:23:31.433   942   942 W Layer   : Hide layer Input Consumer recents_animation_input_consumer#15340 because zOrderRelativeOf = ActivityRecord{3768a16 u0 com.google.android.gm/.ConversationListActivityGmail#27062 is hide.
03-27 20:23:31.433   942   942 W Layer   : Hide layer Input Consumer recents_animation_input_consumer#15340 because zOrderRelativeOf = ActivityRecord{3768a16 u0 com.google.android.gm/.ConversationListActivityGmail#27062 is hide.
03-27 20:23:31.436  1331  1878 D InputDispatcher: setInputWindows displayId=0 cf1652a NavigationBar0 5465496 StatusBar f8adb38 Splash Screen com.smartfit.app.test 824206e com.smartfit.app.test/androidx.test.core.app.InstrumentationActivityInvoker$EmptyActivity a367e1c ActivityRecordInputSink com.smartfit.app.test/androidx.test.core.app.InstrumentationActivityInvoker$EmptyActivity Background for SurfaceView[com.whatsapp/com.whatsapp.calling.ui.VoipActivityV2]#28507 d8c563e com.whatsapp/com.whatsapp.calling.ui.VoipActivityV2 25b3f4 ActivityRecordInputSink com.whatsapp/.calling.ui.VoipActivityV2 3cac54b ActivityRecordInputSink com.whatsapp/.Conversation cfc9a62 ActivityRecordInputSink com.whatsapp/.home.ui.HomeActivity 75522f8 ActivityRecordInputSink com.android.chrome/org.chromium.chrome.browser.ChromeTabbedActivity recents_animation_input_consumer 8e45331 ActivityRecordInputSink com.google.android.gm/.ui.MailActivityGmail Dim layer#11752 Dim layer#11751 a64c3d7 Splash Screen com.smartfit.app b6305f1 ActivityRecordInputSink com.android.launcher3/com.android.s
03-27 20:23:31.437 24402 24614 D BLASTBufferQueue: [VRI[StatusBar]#3](f:0,a:3) PendingRelease=1, PendingBuffersToHold=0, SyncedFrameNumbers=0, lacfnr:82584, lapfnr:82584
03-27 20:23:31.446 24402 24614 D BLASTBufferQueue: [VRI[StatusBar]#3](f:0,a:3) PendingRelease=1, PendingBuffersToHold=0, SyncedFrameNumbers=0, lacfnr:82585, lapfnr:82585
03-27 20:23:31.447 31984 31984 D audio_hw_primary: adev_set_parameters: enter: kvpairs - sprd_voip_start=true
03-27 20:23:31.456 24402 24614 D BLASTBufferQueue: [VRI[StatusBar]#3](f:0,a:3) PendingRelease=1, PendingBuffersToHold=0, SyncedFrameNumbers=0, lacfnr:82586, lapfnr:82586
03-27 20:23:31.467 24402 24614 D BLASTBufferQueue: [VRI[StatusBar]#3](f:0,a:3) PendingRelease=1, PendingBuffersToHold=0, SyncedFrameNumbers=0, lacfnr:82587, lapfnr:82587
03-27 20:23:31.475 31983 32361 I AudioPolicyManagerCustomBase: startOutputSetEnd out portId 1465
03-27 20:23:31.475 31983 32361 D audioserver: FGS Logger Transaction failed
03-27 20:23:31.475 31983 32361 D audioserver: -129
03-27 20:23:31.477 31984 21524 D audio_hw_primary: start_output_stream: enter: app_scene(5: voip-playback) devices(0x2)
03-27 20:23:31.477 31984 21524 D audio_hw_agdsp: agdsp_access_enable: agdsp access is already active
03-27 20:23:31.477 31984 21524 D audio_hw_agdsp: agdsp_access_enable: access_ref_cnt(2)
03-27 20:23:31.477 31984 21524 D audio_hw_agdsp: agdsp_send_msg: cmd(0x34) param(0x205 0x5 0x1 0)
03-27 20:23:31.477 31984 21524 D audio_hw_primary: select_devices: app_scene(5: voip-playback)
03-27 20:23:31.478 31984 21524 D audio_hw_primary: select_devices: app_scene(19: voip-record)
03-27 20:23:31.478 31984 21524 D audio_hw_primary: select_devices: out_hal_device(19: voice-speaker) in_hal_device(0: none)
03-27 20:23:31.478 31984 21524 D audio_hw_primary: enable_audio_device: audio-device: 'speaker'
03-27 20:23:31.478 31984 21524 D audio_device_route: device_route_apply_path: apply path (0: audio-device: speaker)
03-27 20:23:31.479 24402 24614 D BLASTBufferQueue: [VRI[StatusBar]#3](f:0,a:3) PendingRelease=1, PendingBuffersToHold=0, SyncedFrameNumbers=0, lacfnr:82588, lapfnr:82588
03-27 20:23:31.480 31984 21524 D audio_hw_primary: enable_audio_route: vbc-iis: 'voip'
03-27 20:23:31.480 31984 21524 D audio_device_route: device_route_apply_path: apply path (3: vbc-iis: voip)
03-27 20:23:31.480 31984 21524 D audio_hw_primary: enable_audio_route: usecase-device: 'voip-f'
03-27 20:23:31.480 31984 21524 D audio_device_route: device_route_apply_path: apply path (4: usecase-device: voip-f)
03-27 20:23:31.481 31983 32065 W AidlConversionCppNdk: legacy2aidl_audio_channel_mask_t_AudioChannelLayout: no AudioChannelLayout found for legacy output audio_channel_mask_t value 0x10
03-27 20:23:31.481 31984 21524 D audio_hw_primary: enable_audio_route: vbc-iis-mux: 'only_codec_p'
03-27 20:23:31.481 31984 21524 D audio_device_route: device_route_apply_path: apply path (1: vbc-iis-mux: only_codec_p)
03-27 20:23:31.482 31984 21524 D audio_hw_primary: enable_audio_route: be-switch: 'codec_p'
03-27 20:23:31.482 31984 21524 D audio_device_route: device_route_apply_path: apply path (2: be-switch: codec_p)
03-27 20:23:31.483 31983 16140 I APM_AudioPolicyManager: setStreamVolumeIndex: stream AUDIO_STREAM_MUSIC attributes={ Content type: AUDIO_CONTENT_TYPE_UNKNOWN Usage: AUDIO_USAGE_MEDIA Source: AUDIO_SOURCE_INVALID Flags: 0x0 Tags:  }
03-27 20:23:31.485 31984 21524 D audio_hw_primary: start_output_stream: open pcm device card_id(0) dev_id(6)
03-27 20:23:31.487 18492 18771 W AidlConversionCppNdk: aidl2legacy_AudioChannelLayout_audio_channel_mask_t: no legacy output audio_channel_mask_t found for AudioChannelLayout{layoutMask: 16}
03-27 20:23:31.490 24402 24614 D BLASTBufferQueue: [VRI[StatusBar]#3](f:0,a:3) PendingRelease=1, PendingBuffersToHold=0, SyncedFrameNumbers=0, lacfnr:82589, lapfnr:82589
03-27 20:23:31.491 31984 21524 D audio_hw_primary: start_output_stream: hal_ip_rate(48000) hal_op_rate(16000), create resampler success
03-27 20:23:31.491 31984 21524 D audio_hw_platform: platform_set_audio_param: app_scene(5: voip-playback) state(0)
03-27 20:23:31.491 31984 21524 D audio_param: param_set_cal_data: enter: app_type(3) dai_id(6) volume(7) set(true) app_type_status(0x80)
03-27 20:23:31.491 31984 21524 D audio_param: param_set_cal_data: scene_id(15: Audio\Handsfree\VOIP1_AEC)
03-27 20:23:31.491 31984 21524 D audio_param: param_set_dsp_config: enter: app_type(3) scene_id(15: Audio\Handsfree\VOIP1_AEC) dai_id(6) volume(7)
03-27 20:23:31.491 31984 21524 D audio_param: param_set_dsp_config: exit
03-27 20:23:31.491 31984 21524 D audio_param: param_set_vbc_config: enter: app_type(3) scene_id(15: Audio\Handsfree\VOIP1_AEC) dai_id(6)
03-27 20:23:31.491 31984 21524 D audio_param: param_set_vbc_config: exit
03-27 20:23:31.491 31984 21524 D audio_param: param_set_digital_gain: enter: app_type(3) scene_id(15: Audio\Handsfree\VOIP1_AEC) volume(7)
03-27 20:23:31.491 31984 21524 D audio_param: param_set_digital_gain: exit
03-27 20:23:31.491 31984 21524 D audio_param: param_set_codec_config: enter: app_type(3) scene_id(15: Audio\Handsfree\VOIP1_AEC) volume(7)
03-27 20:23:31.491 31984 21524 D audio_param: param_set_codec_config: change scene_id_codec_out from (-1: none, volume 0) to (15: Audio\Handsfree\VOIP1_AEC, volume 7)
03-27 20:23:31.491 31984 21524 D audio_param: param_set_codec_config: output device(0x8)
03-27 20:23:31.492 31984 21524 D audio_param: param_set_codec_config: exit
03-27 20:23:31.492 31984 21524 D audio_param: param_set_cal_data: exit: app_type_status(0x88)
03-27 20:23:31.493 31984 21524 D audio_hw_primary: start_output_stream: exit: out_app_scene_ref_cnt(1)
03-27 20:23:31.493  1331  1355 D InputDispatcher: setFocusedApplication displayId=0 ActivityRecord{561b7df u0 com.smartfit.app/.MainActivity t2419 d0}
03-27 20:23:31.494  1331  1355 D InputDispatcher: Resetting ANR timeouts.
03-27 20:23:31.499   942   942 W Layer   : Hide layer Input Consumer recents_animation_input_consumer#15340 because zOrderRelativeOf = ActivityRecord{3768a16 u0 com.google.android.gm/.ConversationListActivityGmail#27062 is hide.
03-27 20:23:31.499   942   942 W Layer   : Hide layer Input Consumer recents_animation_input_consumer#15340 because zOrderRelativeOf = ActivityRecord{3768a16 u0 com.google.android.gm/.ConversationListActivityGmail#27062 is hide.
03-27 20:23:31.501  1331  3676 D InputDispatcher: setInputWindows displayId=0 cf1652a NavigationBar0 5465496 StatusBar f8adb38 Splash Screen com.smartfit.app.test 824206e com.smartfit.app.test/androidx.test.core.app.InstrumentationActivityInvoker$EmptyActivity a367e1c ActivityRecordInputSink com.smartfit.app.test/androidx.test.core.app.InstrumentationActivityInvoker$EmptyActivity a64c3d7 Splash Screen com.smartfit.app Background for SurfaceView[com.whatsapp/com.whatsapp.calling.ui.VoipActivityV2]#28507 d8c563e com.whatsapp/com.whatsapp.calling.ui.VoipActivityV2 25b3f4 ActivityRecordInputSink com.whatsapp/.calling.ui.VoipActivityV2 3cac54b ActivityRecordInputSink com.whatsapp/.Conversation cfc9a62 ActivityRecordInputSink com.whatsapp/.home.ui.HomeActivity 75522f8 ActivityRecordInputSink com.android.chrome/org.chromium.chrome.browser.ChromeTabbedActivity recents_animation_input_consumer 8e45331 ActivityRecordInputSink com.google.android.gm/.ui.MailActivityGmail Dim layer#11752 Dim layer#11751 b6305f1 ActivityRecordInputSink com.android.launcher3/com.android.s
03-27 20:23:31.502 31983 32360 W AidlConversionCppNdk: legacy2aidl_audio_channel_mask_t_AudioChannelLayout: no AudioChannelLayout found for legacy output audio_channel_mask_t value 0x10
03-27 20:23:31.503 24402 24614 D BLASTBufferQueue: [VRI[StatusBar]#3](f:0,a:3) PendingRelease=1, PendingBuffersToHold=0, SyncedFrameNumbers=0, lacfnr:82590, lapfnr:82590
03-27 20:23:31.503  1331  1554 W AidlConversionCppNdk: aidl2legacy_AudioChannelLayout_audio_channel_mask_t: no legacy output audio_channel_mask_t found for AudioChannelLayout{layoutMask: 16}
03-27 20:23:31.505   910   910 I mali_gralloc: allocate: id=38e000117fd, hal_format=RGBA8888, mali_format=RGBA8888, afbc=false, usage=CPU_RW|GPU_RW|HWC, size=576x1280(2949120), stride=576, name=screenshot
03-27 20:23:31.507   942  1387 D mali_gralloc: register: id=38e000117fd, handle=0xb400007bafd22950, importpid=-1, gRegisteredHandles=21
03-27 20:23:31.510   942   942 W Layer   : Hide layer Input Consumer recents_animation_input_consumer#15340 because zOrderRelativeOf = ActivityRecord{3768a16 u0 com.google.android.gm/.ConversationListActivityGmail#27062 is hide.
03-27 20:23:31.510   942   942 W Layer   : Hide layer Input Consumer recents_animation_input_consumer#15340 because zOrderRelativeOf = ActivityRecord{3768a16 u0 com.google.android.gm/.ConversationListActivityGmail#27062 is hide.
03-27 20:23:31.512  1331  1429 D InputDispatcher: setInputWindows displayId=0 cf1652a NavigationBar0 5465496 StatusBar f8adb38 Splash Screen com.smartfit.app.test 824206e com.smartfit.app.test/androidx.test.core.app.InstrumentationActivityInvoker$EmptyActivity a367e1c ActivityRecordInputSink com.smartfit.app.test/androidx.test.core.app.InstrumentationActivityInvoker$EmptyActivity a64c3d7 Splash Screen com.smartfit.app Background for SurfaceView[com.whatsapp/com.whatsapp.calling.ui.VoipActivityV2]#28507 d8c563e com.whatsapp/com.whatsapp.calling.ui.VoipActivityV2 25b3f4 ActivityRecordInputSink com.whatsapp/.calling.ui.VoipActivityV2 3cac54b ActivityRecordInputSink com.whatsapp/.Conversation cfc9a62 ActivityRecordInputSink com.whatsapp/.home.ui.HomeActivity 75522f8 ActivityRecordInputSink com.android.chrome/org.chromium.chrome.browser.ChromeTabbedActivity recents_animation_input_consumer 8e45331 ActivityRecordInputSink com.google.android.gm/.ui.MailActivityGmail Dim layer#11752 Dim layer#11751 b6305f1 ActivityRecordInputSink com.android.launcher3/com.android.s
03-27 20:23:31.514 31983 16140 I APM_AudioPolicyManager: setStreamVolumeIndex: stream AUDIO_STREAM_MUSIC attributes={ Content type: AUDIO_CONTENT_TYPE_UNKNOWN Usage: AUDIO_USAGE_MEDIA Source: AUDIO_SOURCE_INVALID Flags: 0x0 Tags:  }
03-27 20:23:31.514 24402 24614 D BLASTBufferQueue: [VRI[StatusBar]#3](f:0,a:3) PendingRelease=1, PendingBuffersToHold=0, SyncedFrameNumbers=0, lacfnr:82591, lapfnr:82591
03-27 20:23:31.517  1331  1429 D mali_gralloc: register: id=38e000117fd, handle=0xb400007e6bfe3970, importpid=942, gRegisteredHandles=7
03-27 20:23:31.519  1331  3676 D AlarmManagerService: set alarm to kernel: 449037.520000000, type=2
03-27 20:23:31.519  1331  3676 D AlarmManagerService: set alarm to kernel: 448993.966000000, type=3
03-27 20:23:31.520  1331  3676 D AlarmManagerService: set alarm to kernel: 449037.520000000, type=2
03-27 20:23:31.520  1331  3676 D AlarmManagerService: set alarm to kernel: 448993.966000000, type=3
03-27 20:23:31.522   910   910 I mali_gralloc: allocate: id=38e000117fe, hal_format=RGBA8888, mali_format=RGBA8888, afbc=false, usage=CPU_RW|GPU_RW|HWC, size=576x1280(2949120), stride=576, name=screenshot
03-27 20:23:31.522   942  1387 D mali_gralloc: register: id=38e000117fe, handle=0xb400007bafd27390, importpid=-1, gRegisteredHandles=22
03-27 20:23:31.525 24402 24614 D BLASTBufferQueue: [VRI[StatusBar]#3](f:0,a:3) PendingRelease=1, PendingBuffersToHold=0, SyncedFrameNumbers=0, lacfnr:82592, lapfnr:82592
03-27 20:23:31.526   942  1001 D mali_gralloc: unregister: id=38e000117fd, handle=0xb400007bafd22950, base=0x0, importpid=942, count:0
03-27 20:23:31.533  1331  3676 D mali_gralloc: register: id=38e000117fe, handle=0xb400007e6c0b7cb0, importpid=942, gRegisteredHandles=8
03-27 20:23:31.535 24402 24614 D BLASTBufferQueue: [VRI[StatusBar]#3](f:0,a:3) PendingRelease=1, PendingBuffersToHold=0, SyncedFrameNumbers=0, lacfnr:82593, lapfnr:82593
03-27 20:23:31.538 24402 27709 D mali_gralloc: register: id=38e000117fd, handle=0xb400007e6bfa5db0, importpid=1331, gRegisteredHandles=54
03-27 20:23:31.538 24402 28493 D mali_gralloc: register: id=38e000117fd, handle=0xb400007e6bfad190, importpid=1331, gRegisteredHandles=55
03-27 20:23:31.538 24402 27709 D mali_gralloc: register: id=38e000117fe, handle=0xb400007e6c0601d0, importpid=1331, gRegisteredHandles=55
03-27 20:23:31.539 24402 27969 D mali_gralloc: register: id=38e000117fd, handle=0xb400007e6c13c550, importpid=1331, gRegisteredHandles=56
03-27 20:23:31.539 24402 27969 D mali_gralloc: unregister: id=38e000117fd, handle=0xb400007e6c13c550, base=0x0, importpid=24402, count:2
03-27 20:23:31.539 24402 27969 D mali_gralloc: register: id=38e000117fe, handle=0xb400007e6c004910, importpid=1331, gRegisteredHandles=56
03-27 20:23:31.539 24402 24435 D TaskStackListenerImpl: onTaskSnapshotChanged close hardwarebuffer, snapshot = TaskSnapshot{ mId=1774622311504 mCaptureTime=448965505354435 mTopActivityComponent=com.whatsapp/.calling.ui.VoipActivityV2 mSnapshot=android.hardware.HardwareBuffer@7213667 (576x1280) mColorSpace=sRGB IEC61966-2.1 (id=0, model=RGB) mOrientation=1 mRotation=0 mTaskSize=Point(720, 1600) mContentInsets=[0,52][0,84] mLetterboxInsets=[0,0][0,0] mIsLowResolution=false mIsRealSnapshot=true mWindowingMode=1 mAppearance=0 mIsTranslucent=true mHasImeSurface=false
03-27 20:23:31.539 24402 24435 D mali_gralloc: unregister: id=38e000117fd, handle=0xb400007e6bfad190, base=0x0, importpid=24402, count:1
03-27 20:23:31.539 24402 27969 D mali_gralloc: unregister: id=38e000117fe, handle=0xb400007e6c004910, base=0x0, importpid=24402, count:1
03-27 20:23:31.539 24402 24412 D mali_gralloc: register: id=38e000117fe, handle=0xb400007e6c115df0, importpid=1331, gRegisteredHandles=56
03-27 20:23:31.541 24402 24435 D TaskStackListenerImpl: onTaskSnapshotChanged close hardwarebuffer, snapshot = TaskSnapshot{ mId=1774622311518 mCaptureTime=448965505820166 mTopActivityComponent=com.smartfit.app.test/androidx.test.core.app.InstrumentationActivityInvoker$EmptyActivity mSnapshot=android.hardware.HardwareBuffer@6e07b9 (576x1280) mColorSpace=sRGB IEC61966-2.1 (id=0, model=RGB) mOrientation=1 mRotation=0 mTaskSize=Point(720, 1600) mContentInsets=[0,52][0,84] mLetterboxInsets=[0,0][0,0] mIsLowResolution=false mIsRealSnapshot=true mWindowingMode=1 mAppearance=24 mIsTranslucent=true mHasImeSurface=false
03-27 20:23:31.541 24402 24435 D mali_gralloc: unregister: id=38e000117fe, handle=0xb400007e6c115df0, base=0x0, importpid=24402, count:1
03-27 20:23:31.544   942   942 W Layer   : Hide layer Input Consumer recents_animation_input_consumer#15340 because zOrderRelativeOf = ActivityRecord{3768a16 u0 com.google.android.gm/.ConversationListActivityGmail#27062 is hide.
03-27 20:23:31.544   942   942 W Layer   : Hide layer Input Consumer recents_animation_input_consumer#15340 because zOrderRelativeOf = ActivityRecord{3768a16 u0 com.google.android.gm/.ConversationListActivityGmail#27062 is hide.
03-27 20:23:31.545 32238 11958 D mali_gralloc: register: id=38e000117fd, handle=0xb400007e6bfe57d0, importpid=1331, gRegisteredHandles=66
03-27 20:23:31.546 31983 16140 I APM_AudioPolicyManager: setStreamVolumeIndex: stream AUDIO_STREAM_MUSIC attributes={ Content type: AUDIO_CONTENT_TYPE_UNKNOWN Usage: AUDIO_USAGE_MEDIA Source: AUDIO_SOURCE_INVALID Flags: 0x0 Tags:  }
03-27 20:23:31.547 24402 24614 D BLASTBufferQueue: [VRI[StatusBar]#3](f:0,a:3) PendingRelease=1, PendingBuffersToHold=0, SyncedFrameNumbers=0, lacfnr:82594, lapfnr:82594
03-27 20:23:31.548 11691 12240 E FilePhenotypeFlags: Config package com.google.android.gms.clearcut_client#com.google.android.googlequicksearchbox cannot use FILE backing without declarative registration. See go/phenotype-android-integration#phenotype for more information. This will lead to stale flags.
03-27 20:23:31.548 32238 11958 D mali_gralloc: register: id=38e000117fe, handle=0xb400007e6bfa39b0, importpid=1331, gRegisteredHandles=67
03-27 20:23:31.548 24402 24402 D mali_gralloc: unregister: id=38e000117fd, handle=0xb400007e6bfa5db0, base=0x0, importpid=24402, count:0
03-27 20:23:31.549 24402 24402 D mali_gralloc: unregister: id=38e000117fe, handle=0xb400007e6c0601d0, base=0x0, importpid=24402, count:0
03-27 20:23:31.551  1331  3676 D InputDispatcher: setInputWindows displayId=0 cf1652a NavigationBar0 5465496 StatusBar f8adb38 Splash Screen com.smartfit.app.test 824206e com.smartfit.app.test/androidx.test.core.app.InstrumentationActivityInvoker$EmptyActivity a367e1c ActivityRecordInputSink com.smartfit.app.test/androidx.test.core.app.InstrumentationActivityInvoker$EmptyActivity a64c3d7 Splash Screen com.smartfit.app 1f5e67e ActivityRecordInputSink com.smartfit.app/.MainActivity Background for SurfaceView[com.whatsapp/com.whatsapp.calling.ui.VoipActivityV2]#28507 d8c563e com.whatsapp/com.whatsapp.calling.ui.VoipActivityV2 25b3f4 ActivityRecordInputSink com.whatsapp/.calling.ui.VoipActivityV2 3cac54b ActivityRecordInputSink com.whatsapp/.Conversation cfc9a62 ActivityRecordInputSink com.whatsapp/.home.ui.HomeActivity 75522f8 ActivityRecordInputSink com.android.chrome/org.chromium.chrome.browser.ChromeTabbedActivity recents_animation_input_consumer 8e45331 ActivityRecordInputSink com.google.android.gm/.ui.MailActivityGmail Dim layer#11752 Dim layer#11751 b630
03-27 20:23:31.552  1331  3676 D InputDispatcher: Window went away: a64c3d7 Splash Screen com.smartfit.app
03-27 20:23:31.552  1331  3676 D InputDispatcher: Window went away: d8c563e com.whatsapp/com.whatsapp.calling.ui.VoipActivityV2
03-27 20:23:31.553 11663 11663 D LifecycleMonitor: Lifecycle status change: com.smartfit.app.MainActivity@1b57510 in: PRE_ON_CREATE
03-27 20:23:31.553 11663 11663 V ActivityScenario: Activity lifecycle changed event received but ignored because the reported transition was not ON_CREATE while the last known transition was PRE_ON_CREATE
03-27 20:23:31.555 11663 11663 D MainActivity: MainActivity created
03-27 20:23:31.555   942   942 W Layer   : Hide layer Input Consumer recents_animation_input_consumer#15340 because zOrderRelativeOf = ActivityRecord{3768a16 u0 com.google.android.gm/.ConversationListActivityGmail#27062 is hide.
03-27 20:23:31.555   942   942 W Layer   : Hide layer Input Consumer recents_animation_input_consumer#15340 because zOrderRelativeOf = ActivityRecord{3768a16 u0 com.google.android.gm/.ConversationListActivityGmail#27062 is hide.
03-27 20:23:31.556  1331  3672 D InputDispatcher: setInputWindows displayId=0 cf1652a NavigationBar0 5465496 StatusBar f8adb38 Splash Screen com.smartfit.app.test 824206e com.smartfit.app.test/androidx.test.core.app.InstrumentationActivityInvoker$EmptyActivity a367e1c ActivityRecordInputSink com.smartfit.app.test/androidx.test.core.app.InstrumentationActivityInvoker$EmptyActivity a64c3d7 Splash Screen com.smartfit.app 1f5e67e ActivityRecordInputSink com.smartfit.app/.MainActivity Background for SurfaceView[com.whatsapp/com.whatsapp.calling.ui.VoipActivityV2]#28507 d8c563e com.whatsapp/com.whatsapp.calling.ui.VoipActivityV2 25b3f4 ActivityRecordInputSink com.whatsapp/.calling.ui.VoipActivityV2 3cac54b ActivityRecordInputSink com.whatsapp/.Conversation cfc9a62 ActivityRecordInputSink com.whatsapp/.home.ui.HomeActivity 75522f8 ActivityRecordInputSink com.android.chrome/org.chromium.chrome.browser.ChromeTabbedActivity recents_animation_input_consumer 8e45331 ActivityRecordInputSink com.google.android.gm/.ui.MailActivityGmail Dim layer#11752 Dim layer#11751 anim
03-27 20:23:31.558   942  1001 D mali_gralloc: unregister: id=38e000117fe, handle=0xb400007bafd27390, base=0x0, importpid=942, count:0
03-27 20:23:31.558 24402 24415 D BLASTBufferQueue: [VRI[StatusBar]#3](f:0,a:3) PendingRelease=1, PendingBuffersToHold=0, SyncedFrameNumbers=0, lacfnr:82595, lapfnr:82595
03-27 20:23:31.560 31983 32065 W AidlConversionCppNdk: legacy2aidl_audio_channel_mask_t_AudioChannelLayout: no AudioChannelLayout found for legacy output audio_channel_mask_t value 0x10
03-27 20:23:31.562 18492 18771 W AidlConversionCppNdk: aidl2legacy_AudioChannelLayout_audio_channel_mask_t: no legacy output audio_channel_mask_t found for AudioChannelLayout{layoutMask: 16}
03-27 20:23:31.566   942   942 I Layer   : fillInputInfo layer:Splash Screen com.smartfit.app#28513, visible=1 (hasInputInfo:1, isHidden:0, alpha:1.000000, parent:a64c3d7 Splash Screen com.smartfit.app#28512,parenthidden:0, parentalpha:1.000000, mBuffer:1, mSidebandStream:0,hasSomethingToDraw:1, hasEffect:0, fillsColor:0, drawShadows:0, hasBlur:0)
03-27 20:23:31.566   942   942 I Layer   : fillInputInfo layer:1f5e67e ActivityRecordInputSink com.smartfit.app/.MainActivity#28519, visible=1 (hasInputInfo:1, isHidden:0, alpha:1.000000, parent:ActivityRecord{561b7df u0 com.smartfit.app/.MainActivity#28511,parenthidden:0, parentalpha:1.000000, mBuffer:0, mSidebandStream:0,hasSomethingToDraw:0, hasEffect:0, fillsColor:0, drawShadows:0, hasBlur:0)
